 umodsysc

 Timestamp is 5267edd7 (Wed Oct 23 18:40:07 2013)

 Preferred load address is 0000000140000000

 Start         Length     Name                   Class
 0001:00000000 0000ddccH .text                   CODE
 0001:0000ddd0 0000005eH .text$00                CODE
 0001:0000de30 00000a69H .text$x                 CODE
 0001:0000e89c 00000950H .text$yc                CODE
 0001:0000f1ec 00000394H .text$yd                CODE
 0002:00000000 00000258H .idata$5                DATA
 0002:00000258 00000008H .CRT$XCA                DATA
 0002:00000260 00000008H .CRT$XCAA               DATA
 0002:00000268 000003d0H .CRT$XCU                DATA
 0002:00000638 00000008H .CRT$XCZ                DATA
 0002:00000640 00000008H .CRT$XIA                DATA
 0002:00000648 00000008H .CRT$XIAA               DATA
 0002:00000650 00000008H .CRT$XIY                DATA
 0002:00000658 00000008H .CRT$XIZ                DATA
 0002:00000660 000029e0H .rdata                  DATA
 0002:00003040 00001d04H .rdata$r                DATA
 0002:00004d48 00000008H .rtc$IAA                DATA
 0002:00004d50 00000008H .rtc$IZZ                DATA
 0002:00004d58 00000008H .rtc$TAA                DATA
 0002:00004d60 00000008H .rtc$TZZ                DATA
 0002:00004d68 000017f8H .xdata                  DATA
 0002:00006560 000000e4H .xdata$x                DATA
 0002:00006644 00000028H .idata$2                DATA
 0002:0000666c 00000014H .idata$3                DATA
 0002:00006680 00000258H .idata$4                DATA
 0002:000068d8 00000478H .idata$6                DATA
 0002:00006d50 00000055H .edata                  DATA
 0003:00000000 000010e4H .data                   DATA
 0003:000010f0 00002988H .bss                    DATA
 0004:00000000 000013bcH .pdata                  DATA

  Address         Publics by Value              Rva+Base               Lib:Object

 0000:00000000       ___safe_se_handler_count   0000000000000000     <absolute>
 0000:00000000       ___safe_se_handler_table   0000000000000000     <absolute>
 0000:00000000       __ImageBase                0000000140000000     <linker-defined>
 0001:00000000       main                       0000000140001000 f   umodsys.c_main.obj
 0001:0000032c       ??0?$TString@U?$TSCoreConst@D@su@tl@UModSys@@U?$TComparerBinaryHash@D@234@@tl@UModSys@@QEAA@PEBD@Z 000000014000132c f i umodsys.c_main.obj
 0001:00000398       ??1SMemShared@core@UModSys@@QEAA@XZ 0000000140001398 f i umodsys_lib_libmedia:umodsys.mod.media.std.obj
 0001:00000398       ??1SInfo@IBinObjFilter@libmedia@UModSys@@QEAA@XZ 0000000140001398 f i umodsys_lib_libmedia:umodsys.mod.media.std.obj
 0001:00000398       ??1SCMemShared@core@UModSys@@QEAA@XZ 0000000140001398 f i umodsys_lib_libmedia:umodsys.mod.media.std.obj
 0001:000003bc       ??6SUniquePtrList@core@UModSys@@QEAAAEAU012@PEBUSUniquePointerInfo@12@@Z 00000001400013bc f i umodsys_lib_libmedia:umodsys.mod.media.std.obj
 0001:00000474       ??3IRoot@core@UModSys@@SAXPEAXAEBUSIMemAlloc@12@@Z 0000000140001474 f i umodsys_lib_libmedia:umodsys.mod.media.std.obj
 0001:000004a0       ?get_flag@RResolverChain@SFlagsChain@libmedia@UModSys@@UEBA?AW4eStates@?$TFlags4State@USMediaFlagUid@libmedia@UModSys@@I@tl@4@H@Z 00000001400014a0 f i umodsys_lib_libmedia:umodsys.mod.media.std.obj
 0001:000004e0       ??1SPoint@ILibraryBinTree@libmedia@UModSys@@QEAA@XZ 00000001400014e0 f i umodsys_lib_libmedia:umodsys.mod.media.std.obj
 0001:000004e0       ??1SLayer@ILibraryLayered@libmedia@UModSys@@QEAA@XZ 00000001400014e0 f i umodsys_lib_libmedia:umodsys.mod.media.std.obj
 0001:00000504       ?get_interface_info@RLibraryBinCache@std@media@modules@UModSys@@UEBAAEBUSUniquePointerInfo@core@5@XZ 0000000140001504 f i umodsys_lib_libmedia:umodsys.mod.media.std.obj
 0001:0000050c       ?get_interface_type@RLibraryBinCache@std@media@modules@UModSys@@UEBAPEBUSUniquePointerInfo@core@5@XZ 000000014000150c f i umodsys_lib_libmedia:umodsys.mod.media.std.obj
 0001:00000514       ?get_other_interface@RLibraryBinCache@std@media@modules@UModSys@@UEBAPEBUIRoot@core@5@PEBUSUniquePointerInfo@75@@Z 0000000140001514 f i umodsys_lib_libmedia:umodsys.mod.media.std.obj
 0001:00000514       ?get_other_interface@RLibraryBinCache@std@media@modules@UModSys@@UEAAPEAUIRoot@core@5@PEBUSUniquePointerInfo@75@@Z 0000000140001514 f i umodsys_lib_libmedia:umodsys.mod.media.std.obj
 0001:0000054c       ?is_interface_supported@RLibraryBinCache@std@media@modules@UModSys@@UEBA_NPEBUSUniquePointerInfo@core@5@@Z 000000014000154c f i umodsys_lib_libmedia:umodsys.mod.media.std.obj
 0001:00000584       ?suicide@RLibraryBinTree@std@media@modules@UModSys@@UEAAXXZ 0000000140001584 f i umodsys_lib_libmedia:umodsys.mod.media.std.obj
 0001:00000584       ?suicide@RLibraryBinCache@std@media@modules@UModSys@@UEAAXXZ 0000000140001584 f i umodsys_lib_libmedia:umodsys.mod.media.std.obj
 0001:00000584       ?suicide@RLibraryLayered@std@media@modules@UModSys@@UEAAXXZ 0000000140001584 f i umodsys_lib_libmedia:umodsys.mod.media.std.obj
 0001:00000584       ?suicide@RDataArchiver_OsDir@stdio@media@modules@UModSys@@UEAAXXZ 0000000140001584 f i umodsys_lib_libmedia:umodsys.mod.media.stdio.obj
 0001:00000584       ?suicide@RLibraryObjCache@std@media@modules@UModSys@@UEAAXXZ 0000000140001584 f i umodsys_lib_libmedia:umodsys.mod.media.std.obj
 0001:00000584       ?suicide@RLibraryObjFilter@std@media@modules@UModSys@@UEAAXXZ 0000000140001584 f i umodsys_lib_libmedia:umodsys.mod.media.std.obj
 0001:000005d0       ?get_flags_auto@RLibraryBinCache@std@media@modules@UModSys@@UEBA?AU?$TFlags4State@USMediaFlagUid@libmedia@UModSys@@I@tl@5@XZ 00000001400015d0 f i umodsys_lib_libmedia:umodsys.mod.media.std.obj
 0001:000005dc       ?bin_load@RLibraryBinCache@std@media@modules@UModSys@@UEAA_NAEBU?$TString@U?$TSCoreConst@D@su@tl@UModSys@@U?$TComparerBinaryHash@D@234@@tl@5@AEAUSCMemShared@core@5@AEBUSFlags@libmedia@5@@Z 00000001400015dc f i umodsys_lib_libmedia:umodsys.mod.media.std.obj
 0001:00000700       ?bin_put@RLibraryBinCache@std@media@modules@UModSys@@UEAA_NAEBU?$TString@U?$TSCoreConst@D@su@tl@UModSys@@U?$TComparerBinaryHash@D@234@@tl@5@PEBUSCMemShared@core@5@@Z 0000000140001700 f i umodsys_lib_libmedia:umodsys.mod.media.std.obj
 0001:00000720       ?bincache_get@RLibraryBinCache@std@media@modules@UModSys@@UEBA_NAEBU?$TString@U?$TSCoreConst@D@su@tl@UModSys@@U?$TComparerBinaryHash@D@234@@tl@5@PEAUSCMemShared@core@5@PEA_N@Z 0000000140001720 f i umodsys_lib_libmedia:umodsys.mod.media.std.obj
 0001:000007d8       ?bincache_add@RLibraryBinCache@std@media@modules@UModSys@@UEAA_NAEBU?$TString@U?$TSCoreConst@D@su@tl@UModSys@@U?$TComparerBinaryHash@D@234@@tl@5@@Z 00000001400017d8 f i umodsys_lib_libmedia:umodsys.mod.media.std.obj
 0001:00000800       ?bincache_add@RLibraryBinCache@std@media@modules@UModSys@@UEAA_NAEBU?$TString@U?$TSCoreConst@D@su@tl@UModSys@@U?$TComparerBinaryHash@D@234@@tl@5@AEBUSCMemShared@core@5@@Z 0000000140001800 f i umodsys_lib_libmedia:umodsys.mod.media.std.obj
 0001:00000808       ?bincache_remove@RLibraryBinCache@std@media@modules@UModSys@@UEAA_NAEBU?$TString@U?$TSCoreConst@D@su@tl@UModSys@@U?$TComparerBinaryHash@D@234@@tl@5@@Z 0000000140001808 f i umodsys_lib_libmedia:umodsys.mod.media.std.obj
 0001:00000834       ?bincache_clear@RLibraryBinCache@std@media@modules@UModSys@@UEAA_NXZ 0000000140001834 f i umodsys_lib_libmedia:umodsys.mod.media.std.obj
 0001:000008a8       ?bincache_add@RLibraryBinCache@std@media@modules@UModSys@@QEAA_NAEBU?$TString@U?$TSCoreConst@D@su@tl@UModSys@@U?$TComparerBinaryHash@D@234@@tl@5@AEBUSCMemShared@core@5@_N@Z 00000001400018a8 f i umodsys_lib_libmedia:umodsys.mod.media.std.obj
 0001:00000a44       ??_ERLibraryBinCache@std@media@modules@UModSys@@UEAAPEAXI@Z 0000000140001a44 f i  CIL library: CIL module
 0001:00000a44       ??_GRLibraryBinCache@std@media@modules@UModSys@@UEAAPEAXI@Z 0000000140001a44 f i umodsys_lib_libmedia:umodsys.mod.media.std.obj
 0001:00000af4       ?get_interface_info@RLibraryBinTree@std@media@modules@UModSys@@UEBAAEBUSUniquePointerInfo@core@5@XZ 0000000140001af4 f i umodsys_lib_libmedia:umodsys.mod.media.std.obj
 0001:00000afc       ?get_interface_type@RLibraryBinTree@std@media@modules@UModSys@@UEBAPEBUSUniquePointerInfo@core@5@XZ 0000000140001afc f i umodsys_lib_libmedia:umodsys.mod.media.std.obj
 0001:00000b04       ?get_other_interface@RLibraryBinTree@std@media@modules@UModSys@@UEBAPEBUIRoot@core@5@PEBUSUniquePointerInfo@75@@Z 0000000140001b04 f i umodsys_lib_libmedia:umodsys.mod.media.std.obj
 0001:00000b04       ?get_other_interface@RLibraryBinTree@std@media@modules@UModSys@@UEAAPEAUIRoot@core@5@PEBUSUniquePointerInfo@75@@Z 0000000140001b04 f i umodsys_lib_libmedia:umodsys.mod.media.std.obj
 0001:00000b3c       ?is_interface_supported@RLibraryBinTree@std@media@modules@UModSys@@UEBA_NPEBUSUniquePointerInfo@core@5@@Z 0000000140001b3c f i umodsys_lib_libmedia:umodsys.mod.media.std.obj
 0001:00000b74       ?ref_weak@RLibraryBinCache@std@media@modules@UModSys@@UEBA_NAEAUWeakPointer@IRefObject@core@5@@Z 0000000140001b74 f i umodsys_lib_libmedia:umodsys.mod.media.std.obj
 0001:00000b74       ?ref_weak@RLibraryObjFilter@std@media@modules@UModSys@@UEBA_NAEAUWeakPointer@IRefObject@core@5@@Z 0000000140001b74 f i umodsys_lib_libmedia:umodsys.mod.media.std.obj
 0001:00000b74       ?ref_weak@RLibraryBinTree@std@media@modules@UModSys@@UEBA_NAEAUWeakPointer@IRefObject@core@5@@Z 0000000140001b74 f i umodsys_lib_libmedia:umodsys.mod.media.std.obj
 0001:00000b74       ?ref_weak@RLibraryObjCache@std@media@modules@UModSys@@UEBA_NAEAUWeakPointer@IRefObject@core@5@@Z 0000000140001b74 f i umodsys_lib_libmedia:umodsys.mod.media.std.obj
 0001:00000b74       ?ref_weak@RLibraryLayered@std@media@modules@UModSys@@UEBA_NAEAUWeakPointer@IRefObject@core@5@@Z 0000000140001b74 f i umodsys_lib_libmedia:umodsys.mod.media.std.obj
 0001:00000b74       ?ref_weak@RDataArchiver_OsDir@stdio@media@modules@UModSys@@UEBA_NAEAUWeakPointer@IRefObject@core@5@@Z 0000000140001b74 f i umodsys_lib_libmedia:umodsys.mod.media.stdio.obj
 0001:00000b94       ?get_flag@RLibraryObjCache@std@media@modules@UModSys@@UEBA?AW4eStates@?$TFlags4State@USMediaFlagUid@libmedia@UModSys@@I@tl@5@H@Z 0000000140001b94 f i umodsys_lib_libmedia:umodsys.mod.media.std.obj
 0001:00000b94       ?get_flag@RLibraryBinCache@std@media@modules@UModSys@@UEBA?AW4eStates@?$TFlags4State@USMediaFlagUid@libmedia@UModSys@@I@tl@5@H@Z 0000000140001b94 f i umodsys_lib_libmedia:umodsys.mod.media.std.obj
 0001:00000b94       ?get_flag@RLibraryObjFilter@std@media@modules@UModSys@@UEBA?AW4eStates@?$TFlags4State@USMediaFlagUid@libmedia@UModSys@@I@tl@5@H@Z 0000000140001b94 f i umodsys_lib_libmedia:umodsys.mod.media.std.obj
 0001:00000b94       ?get_flag@RLibraryBinTree@std@media@modules@UModSys@@UEBA?AW4eStates@?$TFlags4State@USMediaFlagUid@libmedia@UModSys@@I@tl@5@H@Z 0000000140001b94 f i umodsys_lib_libmedia:umodsys.mod.media.std.obj
 0001:00000ba0       ?get_flags_auto@RLibraryBinTree@std@media@modules@UModSys@@UEBA?AU?$TFlags4State@USMediaFlagUid@libmedia@UModSys@@I@tl@5@XZ 0000000140001ba0 f i umodsys_lib_libmedia:umodsys.mod.media.std.obj
 0001:00000bac       ?bin_reader@RLibraryBinTree@std@media@modules@UModSys@@UEAA?AU?$TRefObject@UIStreamReader@libmedia@UModSys@@U?$TRefObjectFunc@UIStreamReader@libmedia@UModSys@@@tl@3@@tl@5@AEBU?$TString@U?$TSCoreConst@D@su@tl@UModSys@@U?$TComparerBinaryHash@D@234@@75@AEBUSFlags@libmedia@5@@Z 0000000140001bac f i umodsys_lib_libmedia:umodsys.mod.media.std.obj
 0001:00000d0c       ?bin_writer@RLibraryBinTree@std@media@modules@UModSys@@UEAA?AU?$TRefObject@UIStreamWriter@libmedia@UModSys@@U?$TRefObjectFunc@UIStreamWriter@libmedia@UModSys@@@tl@3@@tl@5@AEBU?$TString@U?$TSCoreConst@D@su@tl@UModSys@@U?$TComparerBinaryHash@D@234@@75@AEBUSFlags@libmedia@5@@Z 0000000140001d0c f i umodsys_lib_libmedia:umodsys.mod.media.std.obj
 0001:00000e6c       ?bin_load@RLibraryBinTree@std@media@modules@UModSys@@UEAA_NAEBU?$TString@U?$TSCoreConst@D@su@tl@UModSys@@U?$TComparerBinaryHash@D@234@@tl@5@AEAUSCMemShared@core@5@AEBUSFlags@libmedia@5@@Z 0000000140001e6c f i umodsys_lib_libmedia:umodsys.mod.media.std.obj
 0001:00000f98       ?bin_save@RLibraryBinTree@std@media@modules@UModSys@@UEAA_NAEBU?$TString@U?$TSCoreConst@D@su@tl@UModSys@@U?$TComparerBinaryHash@D@234@@tl@5@AEBUSCMem@core@5@AEBUSFlags@libmedia@5@@Z 0000000140001f98 f i umodsys_lib_libmedia:umodsys.mod.media.std.obj
 0001:000010a0       ?obj_load@RLibraryObjFilter@std@media@modules@UModSys@@UEAA_NAEBU?$TString@U?$TSCoreConst@D@su@tl@UModSys@@U?$TComparerBinaryHash@D@234@@tl@5@PEAUIRefObject@core@5@AEBUSObjOptions@ILibrary@libmedia@5@@Z 00000001400020a0 f i umodsys_lib_libmedia:umodsys.mod.media.std.obj
 0001:000010a0       ?bin_save@RLibraryObjCache@std@media@modules@UModSys@@UEAA_NAEBU?$TString@U?$TSCoreConst@D@su@tl@UModSys@@U?$TComparerBinaryHash@D@234@@tl@5@AEBUSCMem@core@5@AEBUSFlags@libmedia@5@@Z 00000001400020a0 f i umodsys_lib_libmedia:umodsys.mod.media.std.obj
 0001:000010a0       ?obj_fload@RLibraryObjCache@std@media@modules@UModSys@@UEAA_NAEBUSInfo@IBinObjFilter@libmedia@5@PEAUIRefObject@core@5@@Z 00000001400020a0 f i umodsys_lib_libmedia:umodsys.mod.media.std.obj
 0001:000010a0       ?obj_get@RLibraryObjFilter@std@media@modules@UModSys@@UEAA_NAEBU?$TString@U?$TSCoreConst@D@su@tl@UModSys@@U?$TComparerBinaryHash@D@234@@tl@5@AEAU?$TRefObject@UIRefObject@core@UModSys@@U?$TRefObjectFunc@UIRefObject@core@UModSys@@@tl@3@@75@AEBUSObjOptions@ILibrary@libmedia@5@@Z 00000001400020a0 f i umodsys_lib_libmedia:umodsys.mod.media.std.obj
 0001:000010a0       ?bin_load@RLibraryObjFilter@std@media@modules@UModSys@@UEAA_NAEBU?$TString@U?$TSCoreConst@D@su@tl@UModSys@@U?$TComparerBinaryHash@D@234@@tl@5@AEAUSCMemShared@core@5@AEBUSFlags@libmedia@5@@Z 00000001400020a0 f i umodsys_lib_libmedia:umodsys.mod.media.std.obj
 0001:000010a0       ?obj_fload@RLibraryBinTree@std@media@modules@UModSys@@UEAA_NAEBUSInfo@IBinObjFilter@libmedia@5@PEAUIRefObject@core@5@@Z 00000001400020a0 f i umodsys_lib_libmedia:umodsys.mod.media.std.obj
 0001:000010a0       ?bin_info@RLibraryBinCache@std@media@modules@UModSys@@UEAA_NAEBU?$TString@U?$TSCoreConst@D@su@tl@UModSys@@U?$TComparerBinaryHash@D@234@@tl@5@AEAU?$TIStackSocket@USFileInfo@libmedia@UModSys@@@75@AEBUSFlags@libmedia@5@@Z 00000001400020a0 f i umodsys_lib_libmedia:umodsys.mod.media.std.obj
 0001:000010a0       ?obj_save@RLibraryBinTree@std@media@modules@UModSys@@UEAA_NAEBU?$TString@U?$TSCoreConst@D@su@tl@UModSys@@U?$TComparerBinaryHash@D@234@@tl@5@PEBUIRefObject@core@5@AEBUSObjOptions@ILibrary@libmedia@5@@Z 00000001400020a0 f i umodsys_lib_libmedia:umodsys.mod.media.std.obj
 0001:000010a0       ?obj_cput@RLibraryBinCache@std@media@modules@UModSys@@UEAA_NAEBU?$TString@U?$TSCoreConst@D@su@tl@UModSys@@U?$TComparerBinaryHash@D@234@@tl@5@PEAUIRefObject@core@5@@Z 00000001400020a0 f i umodsys_lib_libmedia:umodsys.mod.media.std.obj
 0001:000010a0       ?obj_save@RLibraryBinCache@std@media@modules@UModSys@@UEAA_NAEBU?$TString@U?$TSCoreConst@D@su@tl@UModSys@@U?$TComparerBinaryHash@D@234@@tl@5@PEBUIRefObject@core@5@AEBUSObjOptions@ILibrary@libmedia@5@@Z 00000001400020a0 f i umodsys_lib_libmedia:umodsys.mod.media.std.obj
 0001:000010a0       ?obj_save@RLibraryObjFilter@std@media@modules@UModSys@@UEAA_NAEBU?$TString@U?$TSCoreConst@D@su@tl@UModSys@@U?$TComparerBinaryHash@D@234@@tl@5@PEBUIRefObject@core@5@AEBUSObjOptions@ILibrary@libmedia@5@@Z 00000001400020a0 f i umodsys_lib_libmedia:umodsys.mod.media.std.obj
 0001:000010a0       ?obj_load@RLibraryObjCache@std@media@modules@UModSys@@UEAA_NAEBU?$TString@U?$TSCoreConst@D@su@tl@UModSys@@U?$TComparerBinaryHash@D@234@@tl@5@PEAUIRefObject@core@5@AEBUSObjOptions@ILibrary@libmedia@5@@Z 00000001400020a0 f i umodsys_lib_libmedia:umodsys.mod.media.std.obj
 0001:000010a0       ?bin_put@RLibraryBinTree@std@media@modules@UModSys@@UEAA_NAEBU?$TString@U?$TSCoreConst@D@su@tl@UModSys@@U?$TComparerBinaryHash@D@234@@tl@5@PEBUSCMemShared@core@5@@Z 00000001400020a0 f i umodsys_lib_libmedia:umodsys.mod.media.std.obj
 0001:000010a0       ?bin_info@RLibraryBinTree@std@media@modules@UModSys@@UEAA_NAEBU?$TString@U?$TSCoreConst@D@su@tl@UModSys@@U?$TComparerBinaryHash@D@234@@tl@5@AEAUSFileInfo@libmedia@5@AEBUSFlags@95@@Z 00000001400020a0 f i umodsys_lib_libmedia:umodsys.mod.media.std.obj
 0001:000010a0       ?bin_get@RLibraryObjFilter@std@media@modules@UModSys@@UEAA_NAEBU?$TString@U?$TSCoreConst@D@su@tl@UModSys@@U?$TComparerBinaryHash@D@234@@tl@5@AEAUSCMemShared@core@5@_N@Z 00000001400020a0 f i umodsys_lib_libmedia:umodsys.mod.media.std.obj
 0001:000010a0       ?obj_load@RLibraryBinTree@std@media@modules@UModSys@@UEAA_NAEBU?$TString@U?$TSCoreConst@D@su@tl@UModSys@@U?$TComparerBinaryHash@D@234@@tl@5@PEAUIRefObject@core@5@AEBUSObjOptions@ILibrary@libmedia@5@@Z 00000001400020a0 f i umodsys_lib_libmedia:umodsys.mod.media.std.obj
 0001:000010a0       ?bin_info@RLibraryBinCache@std@media@modules@UModSys@@UEAA_NAEBU?$TString@U?$TSCoreConst@D@su@tl@UModSys@@U?$TComparerBinaryHash@D@234@@tl@5@AEAUSFileInfo@libmedia@5@AEBUSFlags@95@@Z 00000001400020a0 f i umodsys_lib_libmedia:umodsys.mod.media.std.obj
 0001:000010a0       ?obj_fsave@RLibraryObjCache@std@media@modules@UModSys@@UEAA_NAEAUSInfo@IBinObjFilter@libmedia@5@PEBUIRefObject@core@5@@Z 00000001400020a0 f i umodsys_lib_libmedia:umodsys.mod.media.std.obj
 0001:000010a0       ?bin_get@RLibraryObjCache@std@media@modules@UModSys@@UEAA_NAEBU?$TString@U?$TSCoreConst@D@su@tl@UModSys@@U?$TComparerBinaryHash@D@234@@tl@5@AEAUSCMemShared@core@5@_N@Z 00000001400020a0 f i umodsys_lib_libmedia:umodsys.mod.media.std.obj
 0001:000010a0       ?bin_get@RLibraryBinTree@std@media@modules@UModSys@@UEAA_NAEBU?$TString@U?$TSCoreConst@D@su@tl@UModSys@@U?$TComparerBinaryHash@D@234@@tl@5@AEAUSCMemShared@core@5@_N@Z 00000001400020a0 f i umodsys_lib_libmedia:umodsys.mod.media.std.obj
 0001:000010a0       ?obj_get@RLibraryBinCache@std@media@modules@UModSys@@UEAA_NAEBU?$TString@U?$TSCoreConst@D@su@tl@UModSys@@U?$TComparerBinaryHash@D@234@@tl@5@AEAU?$TRefObject@UIRefObject@core@UModSys@@U?$TRefObjectFunc@UIRefObject@core@UModSys@@@tl@3@@75@AEBUSObjOptions@ILibrary@libmedia@5@@Z 00000001400020a0 f i umodsys_lib_libmedia:umodsys.mod.media.std.obj
 0001:000010a0       ?vget_c@RConsole_std@rsystem@base@UModSys@@UEAA_NPEAHPEBDPEAD@Z 00000001400020a0 f i umodsys_lib_basesys:umodsys.basesys.rconsole_std.obj
 0001:000010a0       ?moduledb_load@RModuleLoader@rsystem@base@UModSys@@UEAA_NAEBU?$TString@U?$TSCoreConst@D@su@tl@UModSys@@U?$TComparerBinaryHash@D@234@@tl@4@@Z 00000001400020a0 f i umodsys_lib_basesys:umodsys.basesys.rmoduleloader.obj
 0001:000010a0       ?obj_cget@RLibraryObjFilter@std@media@modules@UModSys@@UEAA_NAEBU?$TString@U?$TSCoreConst@D@su@tl@UModSys@@U?$TComparerBinaryHash@D@234@@tl@5@AEAU?$TRefObject@UIRefObject@core@UModSys@@U?$TRefObjectFunc@UIRefObject@core@UModSys@@@tl@3@@75@_N@Z 00000001400020a0 f i umodsys_lib_libmedia:umodsys.mod.media.std.obj
 0001:000010a0       ?obj_fget@RLibraryBinTree@std@media@modules@UModSys@@UEAA_NAEBUSInfo@IBinObjFilter@libmedia@5@AEAU?$TRefObject@UIRefObject@core@UModSys@@U?$TRefObjectFunc@UIRefObject@core@UModSys@@@tl@3@@tl@5@@Z 00000001400020a0 f i umodsys_lib_libmedia:umodsys.mod.media.std.obj
 0001:000010a0       ?vget_s@RConsole_std@rsystem@base@UModSys@@UEAA_NPEAD_KPEBD0@Z 00000001400020a0 f i umodsys_lib_basesys:umodsys.basesys.rconsole_std.obj
 0001:000010a0       ?obj_fget@RLibraryBinCache@std@media@modules@UModSys@@UEAA_NAEBUSInfo@IBinObjFilter@libmedia@5@AEAU?$TRefObject@UIRefObject@core@UModSys@@U?$TRefObjectFunc@UIRefObject@core@UModSys@@@tl@3@@tl@5@@Z 00000001400020a0 f i umodsys_lib_libmedia:umodsys.mod.media.std.obj
 0001:000010a0       ?bin_info@RLibraryObjCache@std@media@modules@UModSys@@UEAA_NAEBU?$TString@U?$TSCoreConst@D@su@tl@UModSys@@U?$TComparerBinaryHash@D@234@@tl@5@AEAUSFileInfo@libmedia@5@AEBUSFlags@95@@Z 00000001400020a0 f i umodsys_lib_libmedia:umodsys.mod.media.std.obj
 0001:000010a0       ?obj_fsave@RLibraryBinCache@std@media@modules@UModSys@@UEAA_NAEAUSInfo@IBinObjFilter@libmedia@5@PEBUIRefObject@core@5@@Z 00000001400020a0 f i umodsys_lib_libmedia:umodsys.mod.media.std.obj
 0001:000010a0       ?moduledb_lib_drop@RModuleLoader@rsystem@base@UModSys@@UEAA_NPEAUIModuleLibrary@34@@Z 00000001400020a0 f i umodsys_lib_basesys:umodsys.basesys.rmoduleloader.obj
 0001:000010a0       ?obj_load@RLibraryBinCache@std@media@modules@UModSys@@UEAA_NAEBU?$TString@U?$TSCoreConst@D@su@tl@UModSys@@U?$TComparerBinaryHash@D@234@@tl@5@PEAUIRefObject@core@5@AEBUSObjOptions@ILibrary@libmedia@5@@Z 00000001400020a0 f i umodsys_lib_libmedia:umodsys.mod.media.std.obj
 0001:000010a0       ?bin_save@RLibraryBinCache@std@media@modules@UModSys@@UEAA_NAEBU?$TString@U?$TSCoreConst@D@su@tl@UModSys@@U?$TComparerBinaryHash@D@234@@tl@5@AEBUSCMem@core@5@AEBUSFlags@libmedia@5@@Z 00000001400020a0 f i umodsys_lib_libmedia:umodsys.mod.media.std.obj
 0001:000010a0       ?obj_cget@RLibraryBinCache@std@media@modules@UModSys@@UEAA_NAEBU?$TString@U?$TSCoreConst@D@su@tl@UModSys@@U?$TComparerBinaryHash@D@234@@tl@5@AEAU?$TRefObject@UIRefObject@core@UModSys@@U?$TRefObjectFunc@UIRefObject@core@UModSys@@@tl@3@@75@_N@Z 00000001400020a0 f i umodsys_lib_libmedia:umodsys.mod.media.std.obj
 0001:000010a0       ?bin_info@RLibraryObjFilter@std@media@modules@UModSys@@UEAA_NAEBU?$TString@U?$TSCoreConst@D@su@tl@UModSys@@U?$TComparerBinaryHash@D@234@@tl@5@AEAU?$TIStackSocket@USFileInfo@libmedia@UModSys@@@75@AEBUSFlags@libmedia@5@@Z 00000001400020a0 f i umodsys_lib_libmedia:umodsys.mod.media.std.obj
 0001:000010a0       ?bin_info@RLibraryObjCache@std@media@modules@UModSys@@UEAA_NAEBU?$TString@U?$TSCoreConst@D@su@tl@UModSys@@U?$TComparerBinaryHash@D@234@@tl@5@AEAU?$TIStackSocket@USFileInfo@libmedia@UModSys@@@75@AEBUSFlags@libmedia@5@@Z 00000001400020a0 f i umodsys_lib_libmedia:umodsys.mod.media.std.obj
 0001:000010a0       ?bin_info@RLibraryBinTree@std@media@modules@UModSys@@UEAA_NAEBU?$TString@U?$TSCoreConst@D@su@tl@UModSys@@U?$TComparerBinaryHash@D@234@@tl@5@AEAU?$TIStackSocket@USFileInfo@libmedia@UModSys@@@75@AEBUSFlags@libmedia@5@@Z 00000001400020a0 f i umodsys_lib_libmedia:umodsys.mod.media.std.obj
 0001:000010a0       ?get_s@RConsole_std@rsystem@base@UModSys@@UEAA_NPEAD_KPEBDZZ 00000001400020a0 f i umodsys_lib_basesys:umodsys.basesys.rconsole_std.obj
 0001:000010a0       ?obj_fget@RLibraryObjCache@std@media@modules@UModSys@@UEAA_NAEBUSInfo@IBinObjFilter@libmedia@5@AEAU?$TRefObject@UIRefObject@core@UModSys@@U?$TRefObjectFunc@UIRefObject@core@UModSys@@@tl@3@@tl@5@@Z 00000001400020a0 f i umodsys_lib_libmedia:umodsys.mod.media.std.obj
 0001:000010a0       ?ref_weak@RConsole_std@rsystem@base@UModSys@@UEBA_NAEAUWeakPointer@IRefObject@core@4@@Z 00000001400020a0 f i umodsys_lib_basesys:umodsys.basesys.rconsole_std.obj
 0001:000010a0       ?obj_get@RLibraryBinTree@std@media@modules@UModSys@@UEAA_NAEBU?$TString@U?$TSCoreConst@D@su@tl@UModSys@@U?$TComparerBinaryHash@D@234@@tl@5@AEAU?$TRefObject@UIRefObject@core@UModSys@@U?$TRefObjectFunc@UIRefObject@core@UModSys@@@tl@3@@75@AEBUSObjOptions@ILibrary@libmedia@5@@Z 00000001400020a0 f i umodsys_lib_libmedia:umodsys.mod.media.std.obj
 0001:000010a0       ?obj_fload@RLibraryBinCache@std@media@modules@UModSys@@UEAA_NAEBUSInfo@IBinObjFilter@libmedia@5@PEAUIRefObject@core@5@@Z 00000001400020a0 f i umodsys_lib_libmedia:umodsys.mod.media.std.obj
 0001:000010a0       ?obj_fsave@RLibraryBinTree@std@media@modules@UModSys@@UEAA_NAEAUSInfo@IBinObjFilter@libmedia@5@PEBUIRefObject@core@5@@Z 00000001400020a0 f i umodsys_lib_libmedia:umodsys.mod.media.std.obj
 0001:000010a0       ?bin_put@RLibraryObjCache@std@media@modules@UModSys@@UEAA_NAEBU?$TString@U?$TSCoreConst@D@su@tl@UModSys@@U?$TComparerBinaryHash@D@234@@tl@5@PEBUSCMemShared@core@5@@Z 00000001400020a0 f i umodsys_lib_libmedia:umodsys.mod.media.std.obj
 0001:000010a0       ?bin_load@RLibraryObjCache@std@media@modules@UModSys@@UEAA_NAEBU?$TString@U?$TSCoreConst@D@su@tl@UModSys@@U?$TComparerBinaryHash@D@234@@tl@5@AEAUSCMemShared@core@5@AEBUSFlags@libmedia@5@@Z 00000001400020a0 f i umodsys_lib_libmedia:umodsys.mod.media.std.obj
 0001:000010a0       ?obj_cput@RLibraryObjFilter@std@media@modules@UModSys@@UEAA_NAEBU?$TString@U?$TSCoreConst@D@su@tl@UModSys@@U?$TComparerBinaryHash@D@234@@tl@5@PEAUIRefObject@core@5@@Z 00000001400020a0 f i umodsys_lib_libmedia:umodsys.mod.media.std.obj
 0001:000010a0       ?bin_info@RLibraryObjFilter@std@media@modules@UModSys@@UEAA_NAEBU?$TString@U?$TSCoreConst@D@su@tl@UModSys@@U?$TComparerBinaryHash@D@234@@tl@5@AEAUSFileInfo@libmedia@5@AEBUSFlags@95@@Z 00000001400020a0 f i umodsys_lib_libmedia:umodsys.mod.media.std.obj
 0001:000010a0       ?obj_cget@RLibraryBinTree@std@media@modules@UModSys@@UEAA_NAEBU?$TString@U?$TSCoreConst@D@su@tl@UModSys@@U?$TComparerBinaryHash@D@234@@tl@5@AEAU?$TRefObject@UIRefObject@core@UModSys@@U?$TRefObjectFunc@UIRefObject@core@UModSys@@@tl@3@@75@_N@Z 00000001400020a0 f i umodsys_lib_libmedia:umodsys.mod.media.std.obj
 0001:000010a0       ?obj_save@RLibraryObjCache@std@media@modules@UModSys@@UEAA_NAEBU?$TString@U?$TSCoreConst@D@su@tl@UModSys@@U?$TComparerBinaryHash@D@234@@tl@5@PEBUIRefObject@core@5@AEBUSObjOptions@ILibrary@libmedia@5@@Z 00000001400020a0 f i umodsys_lib_libmedia:umodsys.mod.media.std.obj
 0001:000010a0       ?bin_put@RLibraryObjFilter@std@media@modules@UModSys@@UEAA_NAEBU?$TString@U?$TSCoreConst@D@su@tl@UModSys@@U?$TComparerBinaryHash@D@234@@tl@5@PEBUSCMemShared@core@5@@Z 00000001400020a0 f i umodsys_lib_libmedia:umodsys.mod.media.std.obj
 0001:000010a0       ?obj_cput@RLibraryBinTree@std@media@modules@UModSys@@UEAA_NAEBU?$TString@U?$TSCoreConst@D@su@tl@UModSys@@U?$TComparerBinaryHash@D@234@@tl@5@PEAUIRefObject@core@5@@Z 00000001400020a0 f i umodsys_lib_libmedia:umodsys.mod.media.std.obj
 0001:000010a0       ?bin_save@RLibraryObjFilter@std@media@modules@UModSys@@UEAA_NAEBU?$TString@U?$TSCoreConst@D@su@tl@UModSys@@U?$TComparerBinaryHash@D@234@@tl@5@AEBUSCMem@core@5@AEBUSFlags@libmedia@5@@Z 00000001400020a0 f i umodsys_lib_libmedia:umodsys.mod.media.std.obj
 0001:000010a4       ?mount_get@RLibraryBinTree@std@media@modules@UModSys@@UEBA?AUSPoint@ILibraryBinTree@libmedia@5@AEBUSId@785@@Z 00000001400020a4 f i umodsys_lib_libmedia:umodsys.mod.media.std.obj
 0001:00001108       ?mount_add@RLibraryBinTree@std@media@modules@UModSys@@UEAA_NAEBUSId@ILibraryBinTree@libmedia@5@AEBUSPoint@785@@Z 0000000140002108 f i umodsys_lib_libmedia:umodsys.mod.media.std.obj
 0001:000012c0       ?mount_remove@RLibraryBinTree@std@media@modules@UModSys@@UEAA_NAEBUSId@ILibraryBinTree@libmedia@5@@Z 00000001400022c0 f i umodsys_lib_libmedia:umodsys.mod.media.std.obj
 0001:000012ec       ?mount_clear@RLibraryBinTree@std@media@modules@UModSys@@UEAA_NXZ 00000001400022ec f i umodsys_lib_libmedia:umodsys.mod.media.std.obj
 0001:0000135c       ??_GRLibraryBinTree@std@media@modules@UModSys@@UEAAPEAXI@Z 000000014000235c f i umodsys_lib_libmedia:umodsys.mod.media.std.obj
 0001:0000135c       ??_ERLibraryBinTree@std@media@modules@UModSys@@UEAAPEAXI@Z 000000014000235c f i  CIL library: CIL module
 0001:00001408       ?get_interface_info@RLibraryLayered@std@media@modules@UModSys@@UEBAAEBUSUniquePointerInfo@core@5@XZ 0000000140002408 f i umodsys_lib_libmedia:umodsys.mod.media.std.obj
 0001:00001410       ?get_interface_type@RLibraryLayered@std@media@modules@UModSys@@UEBAPEBUSUniquePointerInfo@core@5@XZ 0000000140002410 f i umodsys_lib_libmedia:umodsys.mod.media.std.obj
 0001:00001418       ?get_other_interface@RLibraryLayered@std@media@modules@UModSys@@UEAAPEAUIRoot@core@5@PEBUSUniquePointerInfo@75@@Z 0000000140002418 f i umodsys_lib_libmedia:umodsys.mod.media.std.obj
 0001:00001418       ?get_other_interface@RLibraryLayered@std@media@modules@UModSys@@UEBAPEBUIRoot@core@5@PEBUSUniquePointerInfo@75@@Z 0000000140002418 f i umodsys_lib_libmedia:umodsys.mod.media.std.obj
 0001:00001450       ?is_interface_supported@RLibraryLayered@std@media@modules@UModSys@@UEBA_NPEBUSUniquePointerInfo@core@5@@Z 0000000140002450 f i umodsys_lib_libmedia:umodsys.mod.media.std.obj
 0001:00001488       ?ref_links@RDataArchiver_OsDir@stdio@media@modules@UModSys@@UEBAHXZ 0000000140002488 f i umodsys_lib_libmedia:umodsys.mod.media.stdio.obj
 0001:00001488       ?ref_links@RLibraryBinTree@std@media@modules@UModSys@@UEBAHXZ 0000000140002488 f i umodsys_lib_libmedia:umodsys.mod.media.std.obj
 0001:00001488       ?ref_links@RLibraryLayered@std@media@modules@UModSys@@UEBAHXZ 0000000140002488 f i umodsys_lib_libmedia:umodsys.mod.media.std.obj
 0001:00001488       ?ref_links@RLibraryObjFilter@std@media@modules@UModSys@@UEBAHXZ 0000000140002488 f i umodsys_lib_libmedia:umodsys.mod.media.std.obj
 0001:00001488       ?ref_links@RLibraryBinCache@std@media@modules@UModSys@@UEBAHXZ 0000000140002488 f i umodsys_lib_libmedia:umodsys.mod.media.std.obj
 0001:00001488       ?ref_links@RLibraryObjCache@std@media@modules@UModSys@@UEBAHXZ 0000000140002488 f i umodsys_lib_libmedia:umodsys.mod.media.std.obj
 0001:0000148c       ??4SLayerX@RLibraryLayered@std@media@modules@UModSys@@QEAAXAEBUSLayer@ILibraryLayered@libmedia@5@@Z 000000014000248c f i umodsys_lib_libmedia:umodsys.mod.media.std.obj
 0001:0000157c       ?get_flag@RLibraryLayered@std@media@modules@UModSys@@UEBA?AW4eStates@?$TFlags4State@USMediaFlagUid@libmedia@UModSys@@I@tl@5@H@Z 000000014000257c f i umodsys_lib_libmedia:umodsys.mod.media.std.obj
 0001:00001588       ?get_flags_auto@RLibraryLayered@std@media@modules@UModSys@@UEBA?AU?$TFlags4State@USMediaFlagUid@libmedia@UModSys@@I@tl@5@XZ 0000000140002588 f i umodsys_lib_libmedia:umodsys.mod.media.std.obj
 0001:00001594       ?set_flag@RLibraryLayered@std@media@modules@UModSys@@UEAA?AW4eStates@?$TFlags4State@USMediaFlagUid@libmedia@UModSys@@I@tl@5@HW46785@@Z 0000000140002594 f i umodsys_lib_libmedia:umodsys.mod.media.std.obj
 0001:000015bc       ?bin_reader@RLibraryLayered@std@media@modules@UModSys@@UEAA?AU?$TRefObject@UIStreamReader@libmedia@UModSys@@U?$TRefObjectFunc@UIStreamReader@libmedia@UModSys@@@tl@3@@tl@5@AEBU?$TString@U?$TSCoreConst@D@su@tl@UModSys@@U?$TComparerBinaryHash@D@234@@75@AEBUSFlags@libmedia@5@@Z 00000001400025bc f i umodsys_lib_libmedia:umodsys.mod.media.std.obj
 0001:000016a4       ?bin_writer@RLibraryLayered@std@media@modules@UModSys@@UEAA?AU?$TRefObject@UIStreamWriter@libmedia@UModSys@@U?$TRefObjectFunc@UIStreamWriter@libmedia@UModSys@@@tl@3@@tl@5@AEBU?$TString@U?$TSCoreConst@D@su@tl@UModSys@@U?$TComparerBinaryHash@D@234@@75@AEBUSFlags@libmedia@5@@Z 00000001400026a4 f i umodsys_lib_libmedia:umodsys.mod.media.std.obj
 0001:0000178c       ?bin_load@RLibraryLayered@std@media@modules@UModSys@@UEAA_NAEBU?$TString@U?$TSCoreConst@D@su@tl@UModSys@@U?$TComparerBinaryHash@D@234@@tl@5@AEAUSCMemShared@core@5@AEBUSFlags@libmedia@5@@Z 000000014000278c f i umodsys_lib_libmedia:umodsys.mod.media.std.obj
 0001:00001a34       ?bin_save@RLibraryLayered@std@media@modules@UModSys@@UEAA_NAEBU?$TString@U?$TSCoreConst@D@su@tl@UModSys@@U?$TComparerBinaryHash@D@234@@tl@5@AEBUSCMem@core@5@AEBUSFlags@libmedia@5@@Z 0000000140002a34 f i umodsys_lib_libmedia:umodsys.mod.media.std.obj
 0001:00001c80       ?bin_info@RLibraryLayered@std@media@modules@UModSys@@UEAA_NAEBU?$TString@U?$TSCoreConst@D@su@tl@UModSys@@U?$TComparerBinaryHash@D@234@@tl@5@AEAUSFileInfo@libmedia@5@AEBUSFlags@95@@Z 0000000140002c80 f i umodsys_lib_libmedia:umodsys.mod.media.std.obj
 0001:00001d30       ?bin_info@RLibraryLayered@std@media@modules@UModSys@@UEAA_NAEBU?$TString@U?$TSCoreConst@D@su@tl@UModSys@@U?$TComparerBinaryHash@D@234@@tl@5@AEAU?$TIStackSocket@USFileInfo@libmedia@UModSys@@@75@AEBUSFlags@libmedia@5@@Z 0000000140002d30 f i umodsys_lib_libmedia:umodsys.mod.media.std.obj
 0001:00001df4       ?bin_get@RLibraryLayered@std@media@modules@UModSys@@UEAA_NAEBU?$TString@U?$TSCoreConst@D@su@tl@UModSys@@U?$TComparerBinaryHash@D@234@@tl@5@AEAUSCMemShared@core@5@_N@Z 0000000140002df4 f i umodsys_lib_libmedia:umodsys.mod.media.std.obj
 0001:00001e78       ?bin_put@RLibraryLayered@std@media@modules@UModSys@@UEAA_NAEBU?$TString@U?$TSCoreConst@D@su@tl@UModSys@@U?$TComparerBinaryHash@D@234@@tl@5@PEBUSCMemShared@core@5@@Z 0000000140002e78 f i umodsys_lib_libmedia:umodsys.mod.media.std.obj
 0001:00001ee8       ?obj_fget@RLibraryLayered@std@media@modules@UModSys@@UEAA_NAEBUSInfo@IBinObjFilter@libmedia@5@AEAU?$TRefObject@UIRefObject@core@UModSys@@U?$TRefObjectFunc@UIRefObject@core@UModSys@@@tl@3@@tl@5@@Z 0000000140002ee8 f i umodsys_lib_libmedia:umodsys.mod.media.std.obj
 0001:00001f58       ?obj_fload@RLibraryLayered@std@media@modules@UModSys@@UEAA_NAEBUSInfo@IBinObjFilter@libmedia@5@PEAUIRefObject@core@5@@Z 0000000140002f58 f i umodsys_lib_libmedia:umodsys.mod.media.std.obj
 0001:00001fc8       ?obj_fsave@RLibraryLayered@std@media@modules@UModSys@@UEAA_NAEAUSInfo@IBinObjFilter@libmedia@5@PEBUIRefObject@core@5@@Z 0000000140002fc8 f i umodsys_lib_libmedia:umodsys.mod.media.std.obj
 0001:00002038       ?obj_cget@RLibraryLayered@std@media@modules@UModSys@@UEAA_NAEBU?$TString@U?$TSCoreConst@D@su@tl@UModSys@@U?$TComparerBinaryHash@D@234@@tl@5@AEAU?$TRefObject@UIRefObject@core@UModSys@@U?$TRefObjectFunc@UIRefObject@core@UModSys@@@tl@3@@75@_N@Z 0000000140003038 f i umodsys_lib_libmedia:umodsys.mod.media.std.obj
 0001:000020bc       ?obj_cput@RLibraryLayered@std@media@modules@UModSys@@UEAA_NAEBU?$TString@U?$TSCoreConst@D@su@tl@UModSys@@U?$TComparerBinaryHash@D@234@@tl@5@PEAUIRefObject@core@5@@Z 00000001400030bc f i umodsys_lib_libmedia:umodsys.mod.media.std.obj
 0001:0000212c       ?obj_get@RLibraryLayered@std@media@modules@UModSys@@UEAA_NAEBU?$TString@U?$TSCoreConst@D@su@tl@UModSys@@U?$TComparerBinaryHash@D@234@@tl@5@AEAU?$TRefObject@UIRefObject@core@UModSys@@U?$TRefObjectFunc@UIRefObject@core@UModSys@@@tl@3@@75@AEBUSObjOptions@ILibrary@libmedia@5@@Z 000000014000312c f i umodsys_lib_libmedia:umodsys.mod.media.std.obj
 0001:0000257c       ?obj_load@RLibraryLayered@std@media@modules@UModSys@@UEAA_NAEBU?$TString@U?$TSCoreConst@D@su@tl@UModSys@@U?$TComparerBinaryHash@D@234@@tl@5@PEAUIRefObject@core@5@AEBUSObjOptions@ILibrary@libmedia@5@@Z 000000014000357c f i umodsys_lib_libmedia:umodsys.mod.media.std.obj
 0001:00002750       ?obj_save@RLibraryLayered@std@media@modules@UModSys@@UEAA_NAEBU?$TString@U?$TSCoreConst@D@su@tl@UModSys@@U?$TComparerBinaryHash@D@234@@tl@5@PEBUIRefObject@core@5@AEBUSObjOptions@ILibrary@libmedia@5@@Z 0000000140003750 f i umodsys_lib_libmedia:umodsys.mod.media.std.obj
 0001:00002998       ?layer_count@RLibraryLayered@std@media@modules@UModSys@@UEBA_KAEBUSLayer@ILibraryLayered@libmedia@5@@Z 0000000140003998 f i umodsys_lib_libmedia:umodsys.mod.media.std.obj
 0001:000029a0       ?layer_get@RLibraryLayered@std@media@modules@UModSys@@UEBA?AUSLayer@ILibraryLayered@libmedia@5@_K@Z 00000001400039a0 f i umodsys_lib_libmedia:umodsys.mod.media.std.obj
 0001:00002a08       ?layer_find@RLibraryLayered@std@media@modules@UModSys@@UEBA_KAEBU?$TString@U?$TSCoreConst@D@su@tl@UModSys@@U?$TComparerBinaryHash@D@234@@tl@5@_K@Z 0000000140003a08 f i umodsys_lib_libmedia:umodsys.mod.media.std.obj
 0001:00002aa4       ?layer_insert@RLibraryLayered@std@media@modules@UModSys@@UEAA_NAEBUSLayer@ILibraryLayered@libmedia@5@_K@Z 0000000140003aa4 f i umodsys_lib_libmedia:umodsys.mod.media.std.obj
 0001:00002c60       ?layer_remove@RLibraryLayered@std@media@modules@UModSys@@UEAA_N_K@Z 0000000140003c60 f i umodsys_lib_libmedia:umodsys.mod.media.std.obj
 0001:00002d6c       ?layer_clear@RLibraryLayered@std@media@modules@UModSys@@UEAA_NXZ 0000000140003d6c f i umodsys_lib_libmedia:umodsys.mod.media.std.obj
 0001:00002d78       ??_ERLibraryLayered@std@media@modules@UModSys@@UEAAPEAXI@Z 0000000140003d78 f i  CIL library: CIL module
 0001:00002d78       ??_GRLibraryLayered@std@media@modules@UModSys@@UEAAPEAXI@Z 0000000140003d78 f i umodsys_lib_libmedia:umodsys.mod.media.std.obj
 0001:00002e24       ?get_interface_info@RLibraryObjCache@std@media@modules@UModSys@@UEBAAEBUSUniquePointerInfo@core@5@XZ 0000000140003e24 f i umodsys_lib_libmedia:umodsys.mod.media.std.obj
 0001:00002e2c       ?get_interface_type@RLibraryObjCache@std@media@modules@UModSys@@UEBAPEBUSUniquePointerInfo@core@5@XZ 0000000140003e2c f i umodsys_lib_libmedia:umodsys.mod.media.std.obj
 0001:00002e34       ?get_other_interface@RLibraryObjCache@std@media@modules@UModSys@@UEAAPEAUIRoot@core@5@PEBUSUniquePointerInfo@75@@Z 0000000140003e34 f i umodsys_lib_libmedia:umodsys.mod.media.std.obj
 0001:00002e34       ?get_other_interface@RLibraryObjCache@std@media@modules@UModSys@@UEBAPEBUIRoot@core@5@PEBUSUniquePointerInfo@75@@Z 0000000140003e34 f i umodsys_lib_libmedia:umodsys.mod.media.std.obj
 0001:00002e6c       ?is_interface_supported@RLibraryObjCache@std@media@modules@UModSys@@UEBA_NPEBUSUniquePointerInfo@core@5@@Z 0000000140003e6c f i umodsys_lib_libmedia:umodsys.mod.media.std.obj
 0001:00002ea4       ?ref_remove@RLibraryBinCache@std@media@modules@UModSys@@UEBAXXZ 0000000140003ea4 f i umodsys_lib_libmedia:umodsys.mod.media.std.obj
 0001:00002ea4       ?ref_remove@RLibraryLayered@std@media@modules@UModSys@@UEBAXXZ 0000000140003ea4 f i umodsys_lib_libmedia:umodsys.mod.media.std.obj
 0001:00002ea4       ?ref_remove@RLibraryObjCache@std@media@modules@UModSys@@UEBAXXZ 0000000140003ea4 f i umodsys_lib_libmedia:umodsys.mod.media.std.obj
 0001:00002ea4       ?ref_remove@RLibraryBinTree@std@media@modules@UModSys@@UEBAXXZ 0000000140003ea4 f i umodsys_lib_libmedia:umodsys.mod.media.std.obj
 0001:00002ea4       ?ref_remove@RLibraryObjFilter@std@media@modules@UModSys@@UEBAXXZ 0000000140003ea4 f i umodsys_lib_libmedia:umodsys.mod.media.std.obj
 0001:00002ea4       ?ref_remove@RDataArchiver_OsDir@stdio@media@modules@UModSys@@UEBAXXZ 0000000140003ea4 f i umodsys_lib_libmedia:umodsys.mod.media.stdio.obj
 0001:00002ebc       ?get_flags_auto@RLibraryObjCache@std@media@modules@UModSys@@UEBA?AU?$TFlags4State@USMediaFlagUid@libmedia@UModSys@@I@tl@5@XZ 0000000140003ebc f i umodsys_lib_libmedia:umodsys.mod.media.std.obj
 0001:00002ec8       ?set_flag@RLibraryObjCache@std@media@modules@UModSys@@UEAA?AW4eStates@?$TFlags4State@USMediaFlagUid@libmedia@UModSys@@I@tl@5@HW46785@@Z 0000000140003ec8 f i umodsys_lib_libmedia:umodsys.mod.media.std.obj
 0001:00002ec8       ?set_flag@RLibraryObjFilter@std@media@modules@UModSys@@UEAA?AW4eStates@?$TFlags4State@USMediaFlagUid@libmedia@UModSys@@I@tl@5@HW46785@@Z 0000000140003ec8 f i umodsys_lib_libmedia:umodsys.mod.media.std.obj
 0001:00002ec8       ?set_flag@RLibraryBinCache@std@media@modules@UModSys@@UEAA?AW4eStates@?$TFlags4State@USMediaFlagUid@libmedia@UModSys@@I@tl@5@HW46785@@Z 0000000140003ec8 f i umodsys_lib_libmedia:umodsys.mod.media.std.obj
 0001:00002ec8       ?set_flag@RLibraryBinTree@std@media@modules@UModSys@@UEAA?AW4eStates@?$TFlags4State@USMediaFlagUid@libmedia@UModSys@@I@tl@5@HW46785@@Z 0000000140003ec8 f i umodsys_lib_libmedia:umodsys.mod.media.std.obj
 0001:00002ef0       ?bin_writer@RLibraryObjFilter@std@media@modules@UModSys@@UEAA?AU?$TRefObject@UIStreamWriter@libmedia@UModSys@@U?$TRefObjectFunc@UIStreamWriter@libmedia@UModSys@@@tl@3@@tl@5@AEBU?$TString@U?$TSCoreConst@D@su@tl@UModSys@@U?$TComparerBinaryHash@D@234@@75@AEBUSFlags@libmedia@5@@Z 0000000140003ef0 f i umodsys_lib_libmedia:umodsys.mod.media.std.obj
 0001:00002ef0       ?bin_reader@RLibraryObjFilter@std@media@modules@UModSys@@UEAA?AU?$TRefObject@UIStreamReader@libmedia@UModSys@@U?$TRefObjectFunc@UIStreamReader@libmedia@UModSys@@@tl@3@@tl@5@AEBU?$TString@U?$TSCoreConst@D@su@tl@UModSys@@U?$TComparerBinaryHash@D@234@@75@AEBUSFlags@libmedia@5@@Z 0000000140003ef0 f i umodsys_lib_libmedia:umodsys.mod.media.std.obj
 0001:00002ef0       ?bin_writer@RLibraryBinCache@std@media@modules@UModSys@@UEAA?AU?$TRefObject@UIStreamWriter@libmedia@UModSys@@U?$TRefObjectFunc@UIStreamWriter@libmedia@UModSys@@@tl@3@@tl@5@AEBU?$TString@U?$TSCoreConst@D@su@tl@UModSys@@U?$TComparerBinaryHash@D@234@@75@AEBUSFlags@libmedia@5@@Z 0000000140003ef0 f i umodsys_lib_libmedia:umodsys.mod.media.std.obj
 0001:00002ef0       ?bin_writer@RLibraryObjCache@std@media@modules@UModSys@@UEAA?AU?$TRefObject@UIStreamWriter@libmedia@UModSys@@U?$TRefObjectFunc@UIStreamWriter@libmedia@UModSys@@@tl@3@@tl@5@AEBU?$TString@U?$TSCoreConst@D@su@tl@UModSys@@U?$TComparerBinaryHash@D@234@@75@AEBUSFlags@libmedia@5@@Z 0000000140003ef0 f i umodsys_lib_libmedia:umodsys.mod.media.std.obj
 0001:00002ef0       ?bin_reader@RLibraryObjCache@std@media@modules@UModSys@@UEAA?AU?$TRefObject@UIStreamReader@libmedia@UModSys@@U?$TRefObjectFunc@UIStreamReader@libmedia@UModSys@@@tl@3@@tl@5@AEBU?$TString@U?$TSCoreConst@D@su@tl@UModSys@@U?$TComparerBinaryHash@D@234@@75@AEBUSFlags@libmedia@5@@Z 0000000140003ef0 f i umodsys_lib_libmedia:umodsys.mod.media.std.obj
 0001:00002ef0       ?bin_reader@RLibraryBinCache@std@media@modules@UModSys@@UEAA?AU?$TRefObject@UIStreamReader@libmedia@UModSys@@U?$TRefObjectFunc@UIStreamReader@libmedia@UModSys@@@tl@3@@tl@5@AEBU?$TString@U?$TSCoreConst@D@su@tl@UModSys@@U?$TComparerBinaryHash@D@234@@75@AEBUSFlags@libmedia@5@@Z 0000000140003ef0 f i umodsys_lib_libmedia:umodsys.mod.media.std.obj
 0001:00002f00       ?obj_cget@RLibraryObjCache@std@media@modules@UModSys@@UEAA_NAEBU?$TString@U?$TSCoreConst@D@su@tl@UModSys@@U?$TComparerBinaryHash@D@234@@tl@5@AEAU?$TRefObject@UIRefObject@core@UModSys@@U?$TRefObjectFunc@UIRefObject@core@UModSys@@@tl@3@@75@_N@Z 0000000140003f00 f i umodsys_lib_libmedia:umodsys.mod.media.std.obj
 0001:00002f00       ?bin_get@RLibraryBinCache@std@media@modules@UModSys@@UEAA_NAEBU?$TString@U?$TSCoreConst@D@su@tl@UModSys@@U?$TComparerBinaryHash@D@234@@tl@5@AEAUSCMemShared@core@5@_N@Z 0000000140003f00 f i umodsys_lib_libmedia:umodsys.mod.media.std.obj
 0001:00002f34       ?obj_cput@RLibraryObjCache@std@media@modules@UModSys@@UEAA_NAEBU?$TString@U?$TSCoreConst@D@su@tl@UModSys@@U?$TComparerBinaryHash@D@234@@tl@5@PEAUIRefObject@core@5@@Z 0000000140003f34 f i umodsys_lib_libmedia:umodsys.mod.media.std.obj
 0001:00002f40       ?obj_get@RLibraryObjCache@std@media@modules@UModSys@@UEAA_NAEBU?$TString@U?$TSCoreConst@D@su@tl@UModSys@@U?$TComparerBinaryHash@D@234@@tl@5@AEAU?$TRefObject@UIRefObject@core@UModSys@@U?$TRefObjectFunc@UIRefObject@core@UModSys@@@tl@3@@75@AEBUSObjOptions@ILibrary@libmedia@5@@Z 0000000140003f40 f i umodsys_lib_libmedia:umodsys.mod.media.std.obj
 0001:000030ac       ?objcache_get@RLibraryObjCache@std@media@modules@UModSys@@UEBA_NAEBU?$TString@U?$TSCoreConst@D@su@tl@UModSys@@U?$TComparerBinaryHash@D@234@@tl@5@PEAU?$TRefObject@UIRefObject@core@UModSys@@U?$TRefObjectFunc@UIRefObject@core@UModSys@@@tl@3@@75@PEA_N@Z 00000001400040ac f i umodsys_lib_libmedia:umodsys.mod.media.std.obj
 0001:0000314c       ?objcache_add@RLibraryObjCache@std@media@modules@UModSys@@UEAA_NAEBU?$TString@U?$TSCoreConst@D@su@tl@UModSys@@U?$TComparerBinaryHash@D@234@@tl@5@PEAUIRefObject@core@5@@Z 000000014000414c f i umodsys_lib_libmedia:umodsys.mod.media.std.obj
 0001:000032dc       ?objcache_remove@RLibraryObjCache@std@media@modules@UModSys@@UEAA_NAEBU?$TString@U?$TSCoreConst@D@su@tl@UModSys@@U?$TComparerBinaryHash@D@234@@tl@5@@Z 00000001400042dc f i umodsys_lib_libmedia:umodsys.mod.media.std.obj
 0001:00003308       ?objcache_clear@RLibraryObjCache@std@media@modules@UModSys@@UEAA_NXZ 0000000140004308 f i umodsys_lib_libmedia:umodsys.mod.media.std.obj
 0001:00003378       ??_ERLibraryObjCache@std@media@modules@UModSys@@UEAAPEAXI@Z 0000000140004378 f i  CIL library: CIL module
 0001:00003378       ??_GRLibraryObjCache@std@media@modules@UModSys@@UEAAPEAXI@Z 0000000140004378 f i umodsys_lib_libmedia:umodsys.mod.media.std.obj
 0001:00003424       ?get_interface_info@RLibraryObjFilter@std@media@modules@UModSys@@UEBAAEBUSUniquePointerInfo@core@5@XZ 0000000140004424 f i umodsys_lib_libmedia:umodsys.mod.media.std.obj
 0001:0000342c       ?get_interface_type@RLibraryObjFilter@std@media@modules@UModSys@@UEBAPEBUSUniquePointerInfo@core@5@XZ 000000014000442c f i umodsys_lib_libmedia:umodsys.mod.media.std.obj
 0001:00003434       ?get_other_interface@RLibraryObjFilter@std@media@modules@UModSys@@UEAAPEAUIRoot@core@5@PEBUSUniquePointerInfo@75@@Z 0000000140004434 f i umodsys_lib_libmedia:umodsys.mod.media.std.obj
 0001:00003434       ?get_other_interface@RLibraryObjFilter@std@media@modules@UModSys@@UEBAPEBUIRoot@core@5@PEBUSUniquePointerInfo@75@@Z 0000000140004434 f i umodsys_lib_libmedia:umodsys.mod.media.std.obj
 0001:0000346c       ?is_interface_supported@RLibraryObjFilter@std@media@modules@UModSys@@UEBA_NPEBUSUniquePointerInfo@core@5@@Z 000000014000446c f i umodsys_lib_libmedia:umodsys.mod.media.std.obj
 0001:000034a4       ?get_flags_auto@RLibraryObjFilter@std@media@modules@UModSys@@UEBA?AU?$TFlags4State@USMediaFlagUid@libmedia@UModSys@@I@tl@5@XZ 00000001400044a4 f i umodsys_lib_libmedia:umodsys.mod.media.std.obj
 0001:000034b0       ?obj_fget@RLibraryObjFilter@std@media@modules@UModSys@@UEAA_NAEBUSInfo@IBinObjFilter@libmedia@5@AEAU?$TRefObject@UIRefObject@core@UModSys@@U?$TRefObjectFunc@UIRefObject@core@UModSys@@@tl@3@@tl@5@@Z 00000001400044b0 f i umodsys_lib_libmedia:umodsys.mod.media.std.obj
 0001:000034bc       ?obj_fload@RLibraryObjFilter@std@media@modules@UModSys@@UEAA_NAEBUSInfo@IBinObjFilter@libmedia@5@PEAUIRefObject@core@5@@Z 00000001400044bc f i umodsys_lib_libmedia:umodsys.mod.media.std.obj
 0001:000034c8       ?obj_fsave@RLibraryObjFilter@std@media@modules@UModSys@@UEAA_NAEAUSInfo@IBinObjFilter@libmedia@5@PEBUIRefObject@core@5@@Z 00000001400044c8 f i umodsys_lib_libmedia:umodsys.mod.media.std.obj
 0001:000034d4       ?filters_add@RLibraryObjFilter@std@media@modules@UModSys@@UEAA_NU?$TRefObject@UIBinObjFilter@libmedia@UModSys@@U?$TRefObjectFunc@UIBinObjFilter@libmedia@UModSys@@@tl@3@@tl@5@PEBUSParameters@core@5@H@Z 00000001400044d4 f i umodsys_lib_libmedia:umodsys.mod.media.std.obj
 0001:000035d0       ?filters_remove@RLibraryObjFilter@std@media@modules@UModSys@@UEAA_NPEAUIBinObjFilter@libmedia@5@H@Z 00000001400045d0 f i umodsys_lib_libmedia:umodsys.mod.media.std.obj
 0001:00003644       ?filters_clear@RLibraryObjFilter@std@media@modules@UModSys@@UEAA_NXZ 0000000140004644 f i umodsys_lib_libmedia:umodsys.mod.media.std.obj
 0001:000036c4       ?filters_load@RLibraryObjFilter@std@media@modules@UModSys@@UEAA_NAEBUSInfo@IBinObjFilter@libmedia@5@AEAU?$TRefObject@UIRefObject@core@UModSys@@U?$TRefObjectFunc@UIRefObject@core@UModSys@@@tl@3@@tl@5@@Z 00000001400046c4 f i umodsys_lib_libmedia:umodsys.mod.media.std.obj
 0001:0000375c       ?filters_load@RLibraryObjFilter@std@media@modules@UModSys@@UEAA_NAEBUSInfo@IBinObjFilter@libmedia@5@PEAUIRefObject@core@5@@Z 000000014000475c f i umodsys_lib_libmedia:umodsys.mod.media.std.obj
 0001:000037f4       ?filters_save@RLibraryObjFilter@std@media@modules@UModSys@@UEAA_NAEAUSInfo@IBinObjFilter@libmedia@5@PEBUIRefObject@core@5@@Z 00000001400047f4 f i umodsys_lib_libmedia:umodsys.mod.media.std.obj
 0001:0000388c       ??_GRLibraryObjFilter@std@media@modules@UModSys@@UEAAPEAXI@Z 000000014000488c f i umodsys_lib_libmedia:umodsys.mod.media.std.obj
 0001:0000388c       ??_ERLibraryObjFilter@std@media@modules@UModSys@@UEAAPEAXI@Z 000000014000488c f i  CIL library: CIL module
 0001:00003948       ?get_generated_names@RGenerator@std@media@modules@UModSys@@UEBAHAEAUSUniquePtrList@core@5@@Z 0000000140004948 f i umodsys_lib_libmedia:umodsys.mod.media.std.obj
 0001:000039a8       ?get_generated_types@RGenerator@std@media@modules@UModSys@@UEBAHAEAUSUniquePtrList@core@5@PEBUSUniquePointerInfo@75@@Z 00000001400049a8 f i umodsys_lib_libmedia:umodsys.mod.media.std.obj
 0001:00003a84       ?generate@RGenerator@std@media@modules@UModSys@@UEAA_NAEAU?$TRefObject@UIRefObject@core@UModSys@@U?$TRefObjectFunc@UIRefObject@core@UModSys@@@tl@3@@tl@5@PEBUSUniquePointerInfo@core@5@AEBUSParameters@95@@Z 0000000140004a84 f i umodsys_lib_libmedia:umodsys.mod.media.std.obj
 0001:00003c28       ?get_interface_info@RGenerator@std@media@modules@UModSys@@UEBAAEBUSUniquePointerInfo@core@5@XZ 0000000140004c28 f i umodsys_lib_libmedia:umodsys.mod.media.std.obj
 0001:00003c30       ?get_interface_type@RGenerator@std@media@modules@UModSys@@UEBAPEBUSUniquePointerInfo@core@5@XZ 0000000140004c30 f i umodsys_lib_libmedia:umodsys.mod.media.std.obj
 0001:00003c38       ?get_other_interface@RGenerator@std@media@modules@UModSys@@UEAAPEAUIRoot@core@5@PEBUSUniquePointerInfo@75@@Z 0000000140004c38 f i umodsys_lib_libmedia:umodsys.mod.media.std.obj
 0001:00003c38       ?get_other_interface@RGenerator@std@media@modules@UModSys@@UEBAPEBUIRoot@core@5@PEBUSUniquePointerInfo@75@@Z 0000000140004c38 f i umodsys_lib_libmedia:umodsys.mod.media.std.obj
 0001:00003c70       ?is_interface_supported@RGenerator@std@media@modules@UModSys@@UEBA_NPEBUSUniquePointerInfo@core@5@@Z 0000000140004c70 f i umodsys_lib_libmedia:umodsys.mod.media.std.obj
 0001:00003ca8       ?ref_add@RStreamWriter_FILE@stdio@media@modules@UModSys@@UEBAXXZ 0000000140004ca8 f i umodsys_lib_libmedia:umodsys.mod.media.stdio.obj
 0001:00003ca8       ?ref_add@RStreamReader_FILE@stdio@media@modules@UModSys@@UEBAXXZ 0000000140004ca8 f i umodsys_lib_libmedia:umodsys.mod.media.stdio.obj
 0001:00003ca8       ?ref_add@RGenerator@std@media@modules@UModSys@@UEBAXXZ 0000000140004ca8 f i umodsys_lib_libmedia:umodsys.mod.media.std.obj
 0001:00003ca8       ?ref_add@RGenerator@stdio@media@modules@UModSys@@UEBAXXZ 0000000140004ca8 f i umodsys_lib_libmedia:umodsys.mod.media.stdio.obj
 0001:00003cac       ?ref_add@RConsole_std@rsystem@base@UModSys@@UEBAXXZ 0000000140004cac f i umodsys_lib_basesys:umodsys.basesys.rconsole_std.obj
 0001:00003cac       ?ref_remove@RConsole_std@rsystem@base@UModSys@@UEBAXXZ 0000000140004cac f i umodsys_lib_basesys:umodsys.basesys.rconsole_std.obj
 0001:00003cac       ??3@YAXPEAX0@Z             0000000140004cac f i umodsys_lib_libmedia:umodsys.mod.media.std.obj
 0001:00003cac       ?suicide@RGenerator@stdio@media@modules@UModSys@@UEAAXXZ 0000000140004cac f i umodsys_lib_libmedia:umodsys.mod.media.stdio.obj
 0001:00003cac       ?suicide@RGenerator@std@media@modules@UModSys@@UEAAXXZ 0000000140004cac f i umodsys_lib_libmedia:umodsys.mod.media.std.obj
 0001:00003cb0       ?get_uid@RGenerator@std@media@modules@UModSys@@UEBAPEBUSUniquePointerInfo@core@5@XZ 0000000140004cb0 f i umodsys_lib_libmedia:umodsys.mod.media.std.obj
 0001:00003cb8       ?do_open@RModuleReg@std@media@modules@UModSys@@UEAA_NXZ 0000000140004cb8 f i umodsys_lib_libmedia:umodsys.mod.media.std.obj
 0001:00003d24       ?do_close@RModuleReg@std@media@modules@UModSys@@UEAA_NXZ 0000000140004d24 f i umodsys_lib_libmedia:umodsys.mod.media.std.obj
 0001:00003d74       ?get_module@RGenerator@std@media@modules@UModSys@@UEBAPEAUIModule@base@5@XZ 0000000140004d74 f   umodsys_lib_libmedia:umodsys.mod.media.std.obj
 0001:00003d7c       ?mod_inc@RGenerator@std@media@modules@UModSys@@UEBA_NXZ 0000000140004d7c f   umodsys_lib_libmedia:umodsys.mod.media.std.obj
 0001:00003d8c       ?mod_dec@RGenerator@std@media@modules@UModSys@@UEBA_NXZ 0000000140004d8c f   umodsys_lib_libmedia:umodsys.mod.media.std.obj
 0001:00003da0       ?s_holder@RGenerator@std@media@modules@UModSys@@SAAEAU?$TTypeStaticHolder@URGenerator@std@media@modules@UModSys@@@tl@5@XZ 0000000140004da0 f   umodsys_lib_libmedia:umodsys.mod.media.std.obj
 0001:00003de4       ??1?$TSCoreShared@USIMemAlloc@core@UModSys@@D@su@tl@UModSys@@QEAA@XZ 0000000140004de4 f i umodsys_lib_libmedia:umodsys.mod.media.std.obj
 0001:00003de4       ??1?$TString@U?$TSCoreShared@USIMemAlloc@core@UModSys@@D@su@tl@UModSys@@U?$TComparerBinaryHash@D@234@@tl@UModSys@@QEAA@XZ 0000000140004de4 f i umodsys_lib_libmedia:umodsys.mod.media.std.obj
 0001:00003e34       ??R?$TScatterArray@USCacheElem@RLibraryBinCache@std@media@modules@UModSys@@U?$TString@U?$TSCoreConst@D@su@tl@UModSys@@U?$TComparerBinaryHash@D@234@@tl@6@U?$TObjectCompare@U?$TString@U?$TSCoreConst@D@su@tl@UModSys@@U?$TComparerBinaryHash@D@234@@tl@UModSys@@@core@6@U?$TNodeDeleter0@U?$TScatterArrayNode@USCacheElem@RLibraryBinCache@std@media@modules@UModSys@@U?$TString@U?$TSCoreConst@D@su@tl@UModSys@@U?$TComparerBinaryHash@D@234@@tl@6@@tl@UModSys@@@86@@tl@UModSys@@QEAAPEAUSCacheElem@RLibraryBinCache@std@media@modules@2@AEBU?$TString@U?$TSCoreConst@D@su@tl@UModSys@@U?$TComparerBinaryHash@D@234@@12@PEAUVoid@core@2@@Z 0000000140004e34 f i umodsys_lib_libmedia:umodsys.mod.media.std.obj
 0001:00003fac       ??R?$TScatterArray@USMountInfo@RLibraryBinTree@std@media@modules@UModSys@@USId@ILibraryBinTree@libmedia@6@U7896@U?$TNodeDeleter0@U?$TScatterArrayNode@USMountInfo@RLibraryBinTree@std@media@modules@UModSys@@USId@ILibraryBinTree@libmedia@6@@tl@UModSys@@@tl@6@@tl@UModSys@@QEAAPEAUSMountInfo@RLibraryBinTree@std@media@modules@2@AEBUSId@ILibraryBinTree@libmedia@2@PEAUVoid@core@2@@Z 0000000140004fac f i umodsys_lib_libmedia:umodsys.mod.media.std.obj
 0001:000040a8       ??R?$TScatterArray@USCacheElem@RLibraryObjCache@std@media@modules@UModSys@@U?$TString@U?$TSCoreConst@D@su@tl@UModSys@@U?$TComparerBinaryHash@D@234@@tl@6@U?$TObjectCompare@U?$TString@U?$TSCoreConst@D@su@tl@UModSys@@U?$TComparerBinaryHash@D@234@@tl@UModSys@@@core@6@U?$TNodeDeleter0@U?$TScatterArrayNode@USCacheElem@RLibraryObjCache@std@media@modules@UModSys@@U?$TString@U?$TSCoreConst@D@su@tl@UModSys@@U?$TComparerBinaryHash@D@234@@tl@6@@tl@UModSys@@@86@@tl@UModSys@@QEAAPEAUSCacheElem@RLibraryObjCache@std@media@modules@2@AEBU?$TString@U?$TSCoreConst@D@su@tl@UModSys@@U?$TComparerBinaryHash@D@234@@12@PEAUVoid@core@2@@Z 00000001400050a8 f i umodsys_lib_libmedia:umodsys.mod.media.std.obj
 0001:000041a4       ??R?$TScatterArray@USFilter@RLibraryObjFilter@std@media@modules@UModSys@@USId@23456@U723456@U?$TNodeDeleter0@U?$TScatterArrayNode@USFilter@RLibraryObjFilter@std@media@modules@UModSys@@USId@23456@@tl@UModSys@@@tl@6@@tl@UModSys@@QEAAPEAUSFilter@RLibraryObjFilter@std@media@modules@2@AEBUSId@45672@PEAUVoid@core@2@@Z 00000001400051a4 f i umodsys_lib_libmedia:umodsys.mod.media.std.obj
 0001:00004294       ?delete_node@?$TTreeHoldRBD@U?$TScatterArrayNode@USCacheElem@RLibraryBinCache@std@media@modules@UModSys@@U?$TString@U?$TSCoreConst@D@su@tl@UModSys@@U?$TComparerBinaryHash@D@234@@tl@6@@tl@UModSys@@U?$TNodeDeleter0@U?$TScatterArrayNode@USCacheElem@RLibraryBinCache@std@media@modules@UModSys@@U?$TString@U?$TSCoreConst@D@su@tl@UModSys@@U?$TComparerBinaryHash@D@234@@tl@6@@tl@UModSys@@@23@@tl@UModSys@@QEAAXPEAU?$TScatterArrayNode@USCacheElem@RLibraryBinCache@std@media@modules@UModSys@@U?$TString@U?$TSCoreConst@D@su@tl@UModSys@@U?$TComparerBinaryHash@D@234@@tl@6@@23@@Z 0000000140005294 f i umodsys_lib_libmedia:umodsys.mod.media.std.obj
 0001:000043b4       ?delete_node@?$TTreeHoldRBD@U?$TScatterArrayNode@USMountInfo@RLibraryBinTree@std@media@modules@UModSys@@USId@ILibraryBinTree@libmedia@6@@tl@UModSys@@U?$TNodeDeleter0@U?$TScatterArrayNode@USMountInfo@RLibraryBinTree@std@media@modules@UModSys@@USId@ILibraryBinTree@libmedia@6@@tl@UModSys@@@23@@tl@UModSys@@QEAAXPEAU?$TScatterArrayNode@USMountInfo@RLibraryBinTree@std@media@modules@UModSys@@USId@ILibraryBinTree@libmedia@6@@23@@Z 00000001400053b4 f i umodsys_lib_libmedia:umodsys.mod.media.std.obj
 0001:000044d8       ?Resize@?$TDynarray@U?$TDynarrayHolderDynamic@USLayerX@RLibraryLayered@std@media@modules@UModSys@@U?$TAllocator@USIMemAlloc@core@UModSys@@USCountCalcPower2@23@@tl@6@@tl@UModSys@@@tl@UModSys@@QEAA_N_K@Z 00000001400054d8 f i umodsys_lib_libmedia:umodsys.mod.media.std.obj
 0001:000045fc       ?delete_node@?$TTreeHoldRBD@U?$TScatterArrayNode@USCacheElem@RLibraryObjCache@std@media@modules@UModSys@@U?$TString@U?$TSCoreConst@D@su@tl@UModSys@@U?$TComparerBinaryHash@D@234@@tl@6@@tl@UModSys@@U?$TNodeDeleter0@U?$TScatterArrayNode@USCacheElem@RLibraryObjCache@std@media@modules@UModSys@@U?$TString@U?$TSCoreConst@D@su@tl@UModSys@@U?$TComparerBinaryHash@D@234@@tl@6@@tl@UModSys@@@23@@tl@UModSys@@QEAAXPEAU?$TScatterArrayNode@USCacheElem@RLibraryObjCache@std@media@modules@UModSys@@U?$TString@U?$TSCoreConst@D@su@tl@UModSys@@U?$TComparerBinaryHash@D@234@@tl@6@@23@@Z 00000001400055fc f i umodsys_lib_libmedia:umodsys.mod.media.std.obj
 0001:00004720       ?delete_node@?$TTreeHoldRBD@U?$TScatterArrayNode@USFilter@RLibraryObjFilter@std@media@modules@UModSys@@USId@23456@@tl@UModSys@@U?$TNodeDeleter0@U?$TScatterArrayNode@USFilter@RLibraryObjFilter@std@media@modules@UModSys@@USId@23456@@tl@UModSys@@@23@@tl@UModSys@@QEAAXPEAU?$TScatterArrayNode@USFilter@RLibraryObjFilter@std@media@modules@UModSys@@USId@23456@@23@@Z 0000000140005720 f i umodsys_lib_libmedia:umodsys.mod.media.std.obj
 0001:0000484c       ??R?$TNodeDeleter0@U?$TScatterArrayNode@USMountInfo@RLibraryBinTree@std@media@modules@UModSys@@USId@ILibraryBinTree@libmedia@6@@tl@UModSys@@@tl@UModSys@@QEBAHPEAU?$TScatterArrayNode@USMountInfo@RLibraryBinTree@std@media@modules@UModSys@@USId@ILibraryBinTree@libmedia@6@@12@@Z 000000014000584c f i umodsys_lib_libmedia:umodsys.mod.media.std.obj
 0001:000048e0       ??R?$TNodeDeleter0@U?$TScatterArrayNode@USCacheElem@RLibraryObjCache@std@media@modules@UModSys@@U?$TString@U?$TSCoreConst@D@su@tl@UModSys@@U?$TComparerBinaryHash@D@234@@tl@6@@tl@UModSys@@@tl@UModSys@@QEBAHPEAU?$TScatterArrayNode@USCacheElem@RLibraryObjCache@std@media@modules@UModSys@@U?$TString@U?$TSCoreConst@D@su@tl@UModSys@@U?$TComparerBinaryHash@D@234@@tl@6@@12@@Z 00000001400058e0 f i umodsys_lib_libmedia:umodsys.mod.media.std.obj
 0001:00004970       ?set@?$TSCoreShared@USIMemAlloc@core@UModSys@@D@su@tl@UModSys@@QEAAXPEBD_K@Z 0000000140005970 f i umodsys_lib_libmedia:umodsys.mod.media.std.obj
 0001:00004a30       ??1?$TPair@U?$TString@U?$TSCoreConst@D@su@tl@UModSys@@U?$TComparerBinaryHash@D@234@@tl@UModSys@@USCacheElem@RLibraryBinCache@std@media@modules@3@@tl@UModSys@@QEAA@XZ 0000000140005a30 f i umodsys_lib_libmedia:umodsys.mod.media.std.obj
 0001:00004a3c       ??1?$TPair@USId@ILibraryBinTree@libmedia@UModSys@@USMountInfo@RLibraryBinTree@std@media@modules@4@@tl@UModSys@@QEAA@XZ 0000000140005a3c f i umodsys_lib_libmedia:umodsys.mod.media.std.obj
 0001:00004ab0       ??1?$TPair@U?$TString@U?$TSCoreConst@D@su@tl@UModSys@@U?$TComparerBinaryHash@D@234@@tl@UModSys@@USCacheElem@RLibraryObjCache@std@media@modules@3@@tl@UModSys@@QEAA@XZ 0000000140005ab0 f i umodsys_lib_libmedia:umodsys.mod.media.std.obj
 0001:00004b24       ??1?$TPair@USId@RLibraryObjFilter@std@media@modules@UModSys@@USFilter@23456@@tl@UModSys@@QEAA@XZ 0000000140005b24 f i umodsys_lib_libmedia:umodsys.mod.media.std.obj
 0001:00004b48       ??1SCacheElem@RLibraryBinCache@std@media@modules@UModSys@@QEAA@XZ 0000000140005b48 f i umodsys_lib_libmedia:umodsys.mod.media.std.obj
 0001:00004bc0       ??1SMountInfo@RLibraryBinTree@std@media@modules@UModSys@@QEAA@XZ 0000000140005bc0 f i umodsys_lib_libmedia:umodsys.mod.media.std.obj
 0001:00004c30       ??1SCacheElem@RLibraryObjCache@std@media@modules@UModSys@@QEAA@XZ 0000000140005c30 f i umodsys_lib_libmedia:umodsys.mod.media.std.obj
 0001:00004ca0       ?remove_color@?$TTreeHoldRB@U?$TScatterArrayNode@USMountInfo@RLibraryBinTree@std@media@modules@UModSys@@USId@ILibraryBinTree@libmedia@6@@tl@UModSys@@@tl@UModSys@@IEAAXPEAU?$TScatterArrayNode@USMountInfo@RLibraryBinTree@std@media@modules@UModSys@@USId@ILibraryBinTree@libmedia@6@@23@0@Z 0000000140005ca0 f i umodsys_lib_libmedia:umodsys.mod.media.std.obj
 0001:00004ca0       ?remove_color@?$TTreeHoldRB@U?$TScatterArrayNode@USCacheElem@RLibraryObjCache@std@media@modules@UModSys@@U?$TString@U?$TSCoreConst@D@su@tl@UModSys@@U?$TComparerBinaryHash@D@234@@tl@6@@tl@UModSys@@@tl@UModSys@@IEAAXPEAU?$TScatterArrayNode@USCacheElem@RLibraryObjCache@std@media@modules@UModSys@@U?$TString@U?$TSCoreConst@D@su@tl@UModSys@@U?$TComparerBinaryHash@D@234@@tl@6@@23@0@Z 0000000140005ca0 f i umodsys_lib_libmedia:umodsys.mod.media.std.obj
 0001:00004ca0       ?remove_color@?$TTreeHoldRB@U?$TScatterArrayNode@USFilter@RLibraryObjFilter@std@media@modules@UModSys@@USId@23456@@tl@UModSys@@@tl@UModSys@@IEAAXPEAU?$TScatterArrayNode@USFilter@RLibraryObjFilter@std@media@modules@UModSys@@USId@23456@@23@0@Z 0000000140005ca0 f i umodsys_lib_libmedia:umodsys.mod.media.std.obj
 0001:00004ca0       ?remove_color@?$TTreeHoldRB@U?$TScatterArrayNode@USCacheElem@RLibraryBinCache@std@media@modules@UModSys@@U?$TString@U?$TSCoreConst@D@su@tl@UModSys@@U?$TComparerBinaryHash@D@234@@tl@6@@tl@UModSys@@@tl@UModSys@@IEAAXPEAU?$TScatterArrayNode@USCacheElem@RLibraryBinCache@std@media@modules@UModSys@@U?$TString@U?$TSCoreConst@D@su@tl@UModSys@@U?$TComparerBinaryHash@D@234@@tl@6@@23@0@Z 0000000140005ca0 f i umodsys_lib_libmedia:umodsys.mod.media.std.obj
 0001:00004f40       ??$t_gen_param@URLibraryBinTree@std@media@modules@UModSys@@URGenerator@2345@@IGenerator@base@UModSys@@IEAA_NPEAURGenerator@std@media@modules@2@AEAU?$TRefObject@UIRefObject@core@UModSys@@U?$TRefObjectFunc@UIRefObject@core@UModSys@@@tl@3@@tl@2@PEBUSUniquePointerInfo@core@2@AEBUSParameters@core@2@@Z 0000000140005f40 f i umodsys_lib_libmedia:umodsys.mod.media.std.obj
 0001:00005060       ??$t_gen_param@URLibraryLayered@std@media@modules@UModSys@@URGenerator@2345@@IGenerator@base@UModSys@@IEAA_NPEAURGenerator@std@media@modules@2@AEAU?$TRefObject@UIRefObject@core@UModSys@@U?$TRefObjectFunc@UIRefObject@core@UModSys@@@tl@3@@tl@2@PEBUSUniquePointerInfo@core@2@AEBUSParameters@core@2@@Z 0000000140006060 f i umodsys_lib_libmedia:umodsys.mod.media.std.obj
 0001:00005198       ??$t_gen_param@URLibraryObjFilter@std@media@modules@UModSys@@URGenerator@2345@@IGenerator@base@UModSys@@IEAA_NPEAURGenerator@std@media@modules@2@AEAU?$TRefObject@UIRefObject@core@UModSys@@U?$TRefObjectFunc@UIRefObject@core@UModSys@@@tl@3@@tl@2@PEBUSUniquePointerInfo@core@2@AEBUSParameters@core@2@@Z 0000000140006198 f i umodsys_lib_libmedia:umodsys.mod.media.std.obj
 0001:000052b8       ??$t_gen_param@URLibraryObjCache@std@media@modules@UModSys@@URGenerator@2345@@IGenerator@base@UModSys@@IEAA_NPEAURGenerator@std@media@modules@2@AEAU?$TRefObject@UIRefObject@core@UModSys@@U?$TRefObjectFunc@UIRefObject@core@UModSys@@@tl@3@@tl@2@PEBUSUniquePointerInfo@core@2@AEBUSParameters@core@2@@Z 00000001400062b8 f i umodsys_lib_libmedia:umodsys.mod.media.std.obj
 0001:000053d8       ??$find_node_u@UCmp@?$TScatterArray@USCacheElem@RLibraryBinCache@std@media@modules@UModSys@@U?$TString@U?$TSCoreConst@D@su@tl@UModSys@@U?$TComparerBinaryHash@D@234@@tl@6@U?$TObjectCompare@U?$TString@U?$TSCoreConst@D@su@tl@UModSys@@U?$TComparerBinaryHash@D@234@@tl@UModSys@@@core@6@U?$TNodeDeleter0@U?$TScatterArrayNode@USCacheElem@RLibraryBinCache@std@media@modules@UModSys@@U?$TString@U?$TSCoreConst@D@su@tl@UModSys@@U?$TComparerBinaryHash@D@234@@tl@6@@tl@UModSys@@@86@@tl@UModSys@@@?$TTreeHoldRB@U?$TScatterArrayNode@USCacheElem@RLibraryBinCache@std@media@modules@UModSys@@U?$TString@U?$TSCoreConst@D@su@tl@UModSys@@U?$TComparerBinaryHash@D@234@@tl@6@@tl@UModSys@@@tl@UModSys@@QEBAPEAU?$TScatterArrayNode@USCacheElem@RLibraryBinCache@std@media@modules@UModSys@@U?$TString@U?$TSCoreConst@D@su@tl@UModSys@@U?$TComparerBinaryHash@D@234@@tl@6@@12@UCmp@?$TScatterArray@USCacheElem@RLibraryBinCache@std@media@modules@UModSys@@U?$TString@U?$TSCoreConst@D@su@tl@UModSys@@U?$TComparerBinaryHash@D@234@@tl@6@U?$TObjectCompare@U?$TString@U?$TSCoreConst@D@su@tl@UModSys@@U?$TComparerBinaryHash@D@234@@tl@UModSys@@@core@6@U?$TNodeDeleter0@U?$TScatterArrayNode@USCacheElem@RLibraryBinCache@std@media@modules@UModSys@@U?$TString@U?$TSCoreConst@D@su@tl@UModSys@@U?$TComparerBinaryHash@D@234@@tl@6@@tl@UModSys@@@86@@12@@Z 00000001400063d8 f i umodsys_lib_libmedia:umodsys.mod.media.std.obj
 0001:000053d8       ??$find_node_u@UCmp@?$TScatterArray@USCacheElem@RLibraryObjCache@std@media@modules@UModSys@@U?$TString@U?$TSCoreConst@D@su@tl@UModSys@@U?$TComparerBinaryHash@D@234@@tl@6@U?$TObjectCompare@U?$TString@U?$TSCoreConst@D@su@tl@UModSys@@U?$TComparerBinaryHash@D@234@@tl@UModSys@@@core@6@U?$TNodeDeleter0@U?$TScatterArrayNode@USCacheElem@RLibraryObjCache@std@media@modules@UModSys@@U?$TString@U?$TSCoreConst@D@su@tl@UModSys@@U?$TComparerBinaryHash@D@234@@tl@6@@tl@UModSys@@@86@@tl@UModSys@@@?$TTreeHoldRB@U?$TScatterArrayNode@USCacheElem@RLibraryObjCache@std@media@modules@UModSys@@U?$TString@U?$TSCoreConst@D@su@tl@UModSys@@U?$TComparerBinaryHash@D@234@@tl@6@@tl@UModSys@@@tl@UModSys@@QEBAPEAU?$TScatterArrayNode@USCacheElem@RLibraryObjCache@std@media@modules@UModSys@@U?$TString@U?$TSCoreConst@D@su@tl@UModSys@@U?$TComparerBinaryHash@D@234@@tl@6@@12@UCmp@?$TScatterArray@USCacheElem@RLibraryObjCache@std@media@modules@UModSys@@U?$TString@U?$TSCoreConst@D@su@tl@UModSys@@U?$TComparerBinaryHash@D@234@@tl@6@U?$TObjectCompare@U?$TString@U?$TSCoreConst@D@su@tl@UModSys@@U?$TComparerBinaryHash@D@234@@tl@UModSys@@@core@6@U?$TNodeDeleter0@U?$TScatterArrayNode@USCacheElem@RLibraryObjCache@std@media@modules@UModSys@@U?$TString@U?$TSCoreConst@D@su@tl@UModSys@@U?$TComparerBinaryHash@D@234@@tl@6@@tl@UModSys@@@86@@12@@Z 00000001400063d8 f i umodsys_lib_libmedia:umodsys.mod.media.std.obj
 0001:00005478       ??$find_node_u@UCmp@?$TScatterArray@USMountInfo@RLibraryBinTree@std@media@modules@UModSys@@USId@ILibraryBinTree@libmedia@6@U7896@U?$TNodeDeleter0@U?$TScatterArrayNode@USMountInfo@RLibraryBinTree@std@media@modules@UModSys@@USId@ILibraryBinTree@libmedia@6@@tl@UModSys@@@tl@6@@tl@UModSys@@@?$TTreeHoldRB@U?$TScatterArrayNode@USMountInfo@RLibraryBinTree@std@media@modules@UModSys@@USId@ILibraryBinTree@libmedia@6@@tl@UModSys@@@tl@UModSys@@QEBAPEAU?$TScatterArrayNode@USMountInfo@RLibraryBinTree@std@media@modules@UModSys@@USId@ILibraryBinTree@libmedia@6@@12@UCmp@?$TScatterArray@USMountInfo@RLibraryBinTree@std@media@modules@UModSys@@USId@ILibraryBinTree@libmedia@6@U7896@U?$TNodeDeleter0@U?$TScatterArrayNode@USMountInfo@RLibraryBinTree@std@media@modules@UModSys@@USId@ILibraryBinTree@libmedia@6@@tl@UModSys@@@tl@6@@12@@Z 0000000140006478 f i umodsys_lib_libmedia:umodsys.mod.media.std.obj
 0001:00005538       ?sub_insert_node@?$TTreeHoldRB@U?$TScatterArrayNode@USFilter@RLibraryObjFilter@std@media@modules@UModSys@@USId@23456@@tl@UModSys@@@tl@UModSys@@QEAAXPEAU?$TScatterArrayNode@USFilter@RLibraryObjFilter@std@media@modules@UModSys@@USId@23456@@23@0H@Z 0000000140006538 f i umodsys_lib_libmedia:umodsys.mod.media.std.obj
 0001:00005538       ?sub_insert_node@?$TTreeHoldRB@U?$TScatterArrayNode@USCacheElem@RLibraryBinCache@std@media@modules@UModSys@@U?$TString@U?$TSCoreConst@D@su@tl@UModSys@@U?$TComparerBinaryHash@D@234@@tl@6@@tl@UModSys@@@tl@UModSys@@QEAAXPEAU?$TScatterArrayNode@USCacheElem@RLibraryBinCache@std@media@modules@UModSys@@U?$TString@U?$TSCoreConst@D@su@tl@UModSys@@U?$TComparerBinaryHash@D@234@@tl@6@@23@0H@Z 0000000140006538 f i umodsys_lib_libmedia:umodsys.mod.media.std.obj
 0001:00005538       ?sub_insert_node@?$TTreeHoldRB@U?$TScatterArrayNode@USCacheElem@RLibraryObjCache@std@media@modules@UModSys@@U?$TString@U?$TSCoreConst@D@su@tl@UModSys@@U?$TComparerBinaryHash@D@234@@tl@6@@tl@UModSys@@@tl@UModSys@@QEAAXPEAU?$TScatterArrayNode@USCacheElem@RLibraryObjCache@std@media@modules@UModSys@@U?$TString@U?$TSCoreConst@D@su@tl@UModSys@@U?$TComparerBinaryHash@D@234@@tl@6@@23@0H@Z 0000000140006538 f i umodsys_lib_libmedia:umodsys.mod.media.std.obj
 0001:00005538       ?sub_insert_node@?$TTreeHoldRB@U?$TScatterArrayNode@USMountInfo@RLibraryBinTree@std@media@modules@UModSys@@USId@ILibraryBinTree@libmedia@6@@tl@UModSys@@@tl@UModSys@@QEAAXPEAU?$TScatterArrayNode@USMountInfo@RLibraryBinTree@std@media@modules@UModSys@@USId@ILibraryBinTree@libmedia@6@@23@0H@Z 0000000140006538 f i umodsys_lib_libmedia:umodsys.mod.media.std.obj
 0001:00005718       ??RGen0@?$TScatterArray@USMountInfo@RLibraryBinTree@std@media@modules@UModSys@@USId@ILibraryBinTree@libmedia@6@U7896@U?$TNodeDeleter0@U?$TScatterArrayNode@USMountInfo@RLibraryBinTree@std@media@modules@UModSys@@USId@ILibraryBinTree@libmedia@6@@tl@UModSys@@@tl@6@@tl@UModSys@@QEBAPEAU?$TScatterArrayNode@USMountInfo@RLibraryBinTree@std@media@modules@UModSys@@USId@ILibraryBinTree@libmedia@6@@23@AEBUCmp@123@AEBU?$TTreeHoldRBD@U?$TScatterArrayNode@USMountInfo@RLibraryBinTree@std@media@modules@UModSys@@USId@ILibraryBinTree@libmedia@6@@tl@UModSys@@U?$TNodeDeleter0@U?$TScatterArrayNode@USMountInfo@RLibraryBinTree@std@media@modules@UModSys@@USId@ILibraryBinTree@libmedia@6@@tl@UModSys@@@23@@23@@Z 0000000140006718 f i umodsys_lib_libmedia:umodsys.mod.media.std.obj
 0001:0000581c       ??1?$TRefObject@UIModObject@base@UModSys@@U?$TModObjectFunc@UIModObject@base@UModSys@@@tl@3@@tl@UModSys@@QEAA@XZ 000000014000681c f i umodsys_lib_libmedia:umodsys.mod.media.std.obj
 0001:00005848       ??_GSLayerX@RLibraryLayered@std@media@modules@UModSys@@QEAAPEAXI@Z 0000000140006848 f i umodsys_lib_libmedia:umodsys.mod.media.std.obj
 0001:000058bc       ??0?$TString@U?$TSCoreShared@USIMemAlloc@core@UModSys@@D@su@tl@UModSys@@U?$TComparerBinaryHash@D@234@@tl@UModSys@@QEAA@AEBU012@@Z 00000001400068bc f i umodsys_lib_libmedia:umodsys.mod.media.std.obj
 0001:0000593c       ??0?$TScatterArrayNode@USCacheElem@RLibraryObjCache@std@media@modules@UModSys@@U?$TString@U?$TSCoreConst@D@su@tl@UModSys@@U?$TComparerBinaryHash@D@234@@tl@6@@tl@UModSys@@QEAA@AEBU?$TString@U?$TSCoreConst@D@su@tl@UModSys@@U?$TComparerBinaryHash@D@234@@12@@Z 000000014000693c f i umodsys_lib_libmedia:umodsys.mod.media.std.obj
 0001:00005a28       ??$process_nodes_r@U?$TNodeDeleter0@U?$TScatterArrayNode@USCacheElem@RLibraryBinCache@std@media@modules@UModSys@@U?$TString@U?$TSCoreConst@D@su@tl@UModSys@@U?$TComparerBinaryHash@D@234@@tl@6@@tl@UModSys@@@tl@UModSys@@@?$TTreeHoldRB@U?$TScatterArrayNode@USCacheElem@RLibraryBinCache@std@media@modules@UModSys@@U?$TString@U?$TSCoreConst@D@su@tl@UModSys@@U?$TComparerBinaryHash@D@234@@tl@6@@tl@UModSys@@@tl@UModSys@@KAHPEAU?$TScatterArrayNode@USCacheElem@RLibraryBinCache@std@media@modules@UModSys@@U?$TString@U?$TSCoreConst@D@su@tl@UModSys@@U?$TComparerBinaryHash@D@234@@tl@6@@12@AEBU?$TNodeDeleter0@U?$TScatterArrayNode@USCacheElem@RLibraryBinCache@std@media@modules@UModSys@@U?$TString@U?$TSCoreConst@D@su@tl@UModSys@@U?$TComparerBinaryHash@D@234@@tl@6@@tl@UModSys@@@12@@Z 0000000140006a28 f i umodsys_lib_libmedia:umodsys.mod.media.std.obj
 0001:00005a94       ??$process_nodes_r@U?$TNodeDeleter0@U?$TScatterArrayNode@USMountInfo@RLibraryBinTree@std@media@modules@UModSys@@USId@ILibraryBinTree@libmedia@6@@tl@UModSys@@@tl@UModSys@@@?$TTreeHoldRB@U?$TScatterArrayNode@USMountInfo@RLibraryBinTree@std@media@modules@UModSys@@USId@ILibraryBinTree@libmedia@6@@tl@UModSys@@@tl@UModSys@@KAHPEAU?$TScatterArrayNode@USMountInfo@RLibraryBinTree@std@media@modules@UModSys@@USId@ILibraryBinTree@libmedia@6@@12@AEBU?$TNodeDeleter0@U?$TScatterArrayNode@USMountInfo@RLibraryBinTree@std@media@modules@UModSys@@USId@ILibraryBinTree@libmedia@6@@tl@UModSys@@@12@@Z 0000000140006a94 f i umodsys_lib_libmedia:umodsys.mod.media.std.obj
 0001:00005afc       ??$process_nodes_r@U?$TNodeDeleter0@U?$TScatterArrayNode@USCacheElem@RLibraryObjCache@std@media@modules@UModSys@@U?$TString@U?$TSCoreConst@D@su@tl@UModSys@@U?$TComparerBinaryHash@D@234@@tl@6@@tl@UModSys@@@tl@UModSys@@@?$TTreeHoldRB@U?$TScatterArrayNode@USCacheElem@RLibraryObjCache@std@media@modules@UModSys@@U?$TString@U?$TSCoreConst@D@su@tl@UModSys@@U?$TComparerBinaryHash@D@234@@tl@6@@tl@UModSys@@@tl@UModSys@@KAHPEAU?$TScatterArrayNode@USCacheElem@RLibraryObjCache@std@media@modules@UModSys@@U?$TString@U?$TSCoreConst@D@su@tl@UModSys@@U?$TComparerBinaryHash@D@234@@tl@6@@12@AEBU?$TNodeDeleter0@U?$TScatterArrayNode@USCacheElem@RLibraryObjCache@std@media@modules@UModSys@@U?$TString@U?$TSCoreConst@D@su@tl@UModSys@@U?$TComparerBinaryHash@D@234@@tl@6@@tl@UModSys@@@12@@Z 0000000140006afc f i umodsys_lib_libmedia:umodsys.mod.media.std.obj
 0001:00005b64       ??$process_nodes_r@U?$TNodeDeleter0@U?$TScatterArrayNode@USFilter@RLibraryObjFilter@std@media@modules@UModSys@@USId@23456@@tl@UModSys@@@tl@UModSys@@@?$TTreeHoldRB@U?$TScatterArrayNode@USFilter@RLibraryObjFilter@std@media@modules@UModSys@@USId@23456@@tl@UModSys@@@tl@UModSys@@KAHPEAU?$TScatterArrayNode@USFilter@RLibraryObjFilter@std@media@modules@UModSys@@USId@23456@@12@AEBU?$TNodeDeleter0@U?$TScatterArrayNode@USFilter@RLibraryObjFilter@std@media@modules@UModSys@@USId@23456@@tl@UModSys@@@12@@Z 0000000140006b64 f i umodsys_lib_libmedia:umodsys.mod.media.std.obj
 0001:00005bdc       ??1?$TRefObject@URLibraryBinCache@std@media@modules@UModSys@@U?$TRefObjectFunc@URLibraryBinCache@std@media@modules@UModSys@@@tl@5@@tl@UModSys@@QEAA@XZ 0000000140006bdc f i umodsys_lib_libmedia:umodsys.mod.media.std.obj
 0001:00005bdc       ??1?$TRefObject@URStreamReader_FILE@stdio@media@modules@UModSys@@U?$TRefObjectFunc@URStreamReader_FILE@stdio@media@modules@UModSys@@@tl@5@@tl@UModSys@@QEAA@XZ 0000000140006bdc f i umodsys_lib_libmedia:umodsys.mod.media.stdio.obj
 0001:00005bdc       ??1?$TRefObject@UIStreamWriter@libmedia@UModSys@@U?$TRefObjectFunc@UIStreamWriter@libmedia@UModSys@@@tl@3@@tl@UModSys@@QEAA@XZ 0000000140006bdc f i umodsys_lib_libmedia:umodsys.mod.media.std.obj
 0001:00005bdc       ??1SFilter@RLibraryObjFilter@std@media@modules@UModSys@@QEAA@XZ 0000000140006bdc f i umodsys_lib_libmedia:umodsys.mod.media.std.obj
 0001:00005bdc       ??1?$TRefObject@URStreamWriter_FILE@stdio@media@modules@UModSys@@U?$TRefObjectFunc@URStreamWriter_FILE@stdio@media@modules@UModSys@@@tl@5@@tl@UModSys@@QEAA@XZ 0000000140006bdc f i umodsys_lib_libmedia:umodsys.mod.media.stdio.obj
 0001:00005bdc       ??1?$TRefObject@UIBinObjFilter@libmedia@UModSys@@U?$TRefObjectFunc@UIBinObjFilter@libmedia@UModSys@@@tl@3@@tl@UModSys@@QEAA@XZ 0000000140006bdc f i umodsys_lib_libmedia:umodsys.mod.media.std.obj
 0001:00005bdc       ??1?$TRefObject@URLibraryBinTree@std@media@modules@UModSys@@U?$TRefObjectFunc@URLibraryBinTree@std@media@modules@UModSys@@@tl@5@@tl@UModSys@@QEAA@XZ 0000000140006bdc f i umodsys_lib_libmedia:umodsys.mod.media.std.obj
 0001:00005bdc       ??1?$TRefObject@UIRefObject@core@UModSys@@U?$TRefObjectFunc@UIRefObject@core@UModSys@@@tl@3@@tl@UModSys@@QEAA@XZ 0000000140006bdc f i umodsys_lib_libmedia:umodsys.mod.media.std.obj
 0001:00005bdc       ??1?$TRefObject@UIStreamReader@libmedia@UModSys@@U?$TRefObjectFunc@UIStreamReader@libmedia@UModSys@@@tl@3@@tl@UModSys@@QEAA@XZ 0000000140006bdc f i umodsys_lib_libmedia:umodsys.mod.media.std.obj
 0001:00005bdc       ??1?$TRefObject@UIShell@base@UModSys@@U?$TRefObjectFunc@UIShell@base@UModSys@@@tl@3@@tl@UModSys@@QEAA@XZ 0000000140006bdc f i umodsys_lib_basesys:umodsys.basesys.rsystem_tests.obj
 0001:00005bdc       ??1?$TRefObject@UIModuleLibraryUni@rsystem@base@UModSys@@U?$TRefObjectFunc@UIModuleLibraryUni@rsystem@base@UModSys@@@tl@4@@tl@UModSys@@QEAA@XZ 0000000140006bdc f i umodsys_lib_basesys:umodsys.basesys.rmodule.obj
 0001:00005bdc       ??1?$TRefObject@URModuleLibrarySO@rsystem@base@UModSys@@U?$TRefObjectFunc@URModuleLibrarySO@rsystem@base@UModSys@@@tl@4@@tl@UModSys@@QEAA@XZ 0000000140006bdc f i umodsys_lib_basesys:umodsys.basesys.rmoduleloader.obj
 0001:00005bdc       ??1?$TRefObject@URLibraryObjCache@std@media@modules@UModSys@@U?$TRefObjectFunc@URLibraryObjCache@std@media@modules@UModSys@@@tl@5@@tl@UModSys@@QEAA@XZ 0000000140006bdc f i umodsys_lib_libmedia:umodsys.mod.media.std.obj
 0001:00005bdc       ??1?$TRefObject@URParameters@rsystem@base@UModSys@@U?$TRefObjectFunc@URParameters@rsystem@base@UModSys@@@tl@4@@tl@UModSys@@QEAA@XZ 0000000140006bdc f i umodsys_lib_basesys:umodsys.basesys.rsystem_main.obj
 0001:00005bdc       ??1?$TRefObject@URDataArchiver_OsDir@stdio@media@modules@UModSys@@U?$TRefObjectFunc@URDataArchiver_OsDir@stdio@media@modules@UModSys@@@tl@5@@tl@UModSys@@QEAA@XZ 0000000140006bdc f i umodsys_lib_libmedia:umodsys.mod.media.stdio.obj
 0001:00005bdc       ??1?$TRefObject@URLibraryLayered@std@media@modules@UModSys@@U?$TRefObjectFunc@URLibraryLayered@std@media@modules@UModSys@@@tl@5@@tl@UModSys@@QEAA@XZ 0000000140006bdc f i umodsys_lib_libmedia:umodsys.mod.media.std.obj
 0001:00005bdc       ??1?$TRefObject@URLibraryObjFilter@std@media@modules@UModSys@@U?$TRefObjectFunc@URLibraryObjFilter@std@media@modules@UModSys@@@tl@5@@tl@UModSys@@QEAA@XZ 0000000140006bdc f i umodsys_lib_libmedia:umodsys.mod.media.std.obj
 0001:00005c00       ?archive_load_data@libmedia@UModSys@@YA_NAEAUIBinArchive@12@AEBU?$TString@U?$TSCoreConst@D@su@tl@UModSys@@U?$TComparerBinaryHash@D@234@@tl@2@AEAUSCMemShared@core@2@AEBUSFlags@12@@Z 0000000140006c00 f i umodsys_lib_libmedia:umodsys.mod.media.stdio.obj
 0001:00005df4       ?get_interface_info@RStreamReader_FILE@stdio@media@modules@UModSys@@UEBAAEBUSUniquePointerInfo@core@5@XZ 0000000140006df4 f i umodsys_lib_libmedia:umodsys.mod.media.stdio.obj
 0001:00005dfc       ?get_interface_type@RStreamReader_FILE@stdio@media@modules@UModSys@@UEBAPEBUSUniquePointerInfo@core@5@XZ 0000000140006dfc f i umodsys_lib_libmedia:umodsys.mod.media.stdio.obj
 0001:00005e04       ?get_interface_types@RGenerator@std@media@modules@UModSys@@UEBA_KAEAUSUniquePtrList@core@5@@Z 0000000140006e04 f i umodsys_lib_libmedia:umodsys.mod.media.std.obj
 0001:00005e04       ?get_interface_types@RLibraryObjCache@std@media@modules@UModSys@@UEBA_KAEAUSUniquePtrList@core@5@@Z 0000000140006e04 f i umodsys_lib_libmedia:umodsys.mod.media.std.obj
 0001:00005e04       ?get_interface_types@RStreamReader_FILE@stdio@media@modules@UModSys@@UEBA_KAEAUSUniquePtrList@core@5@@Z 0000000140006e04 f i umodsys_lib_libmedia:umodsys.mod.media.stdio.obj
 0001:00005e04       ?get_interface_types@RModuleLibraryThis@rsystem@base@UModSys@@UEBA_KAEAUSUniquePtrList@core@4@@Z 0000000140006e04 f i umodsys_lib_basesys:umodsys.basesys.rmodulelibthis.obj
 0001:00005e04       ?get_interface_types@RModule@rsystem@base@UModSys@@UEBA_KAEAUSUniquePtrList@core@4@@Z 0000000140006e04 f i umodsys_lib_basesys:umodsys.basesys.rmodule.obj
 0001:00005e04       ?get_interface_types@RParameters@rsystem@base@UModSys@@UEBA_KAEAUSUniquePtrList@core@4@@Z 0000000140006e04 f i umodsys_lib_basesys:umodsys.basesys.rparameters.obj
 0001:00005e04       ?get_interface_types@RLibraryObjFilter@std@media@modules@UModSys@@UEBA_KAEAUSUniquePtrList@core@5@@Z 0000000140006e04 f i umodsys_lib_libmedia:umodsys.mod.media.std.obj
 0001:00005e04       ?get_interface_types@RGenerator@stdio@media@modules@UModSys@@UEBA_KAEAUSUniquePtrList@core@5@@Z 0000000140006e04 f i umodsys_lib_libmedia:umodsys.mod.media.stdio.obj
 0001:00005e04       ?get_interface_types@RStreamWriter_FILE@stdio@media@modules@UModSys@@UEBA_KAEAUSUniquePtrList@core@5@@Z 0000000140006e04 f i umodsys_lib_libmedia:umodsys.mod.media.stdio.obj
 0001:00005e04       ?get_interface_types@RConsole_std@rsystem@base@UModSys@@UEBA_KAEAUSUniquePtrList@core@4@@Z 0000000140006e04 f i umodsys_lib_basesys:umodsys.basesys.rconsole_std.obj
 0001:00005e04       ?get_interface_types@RLibraryBinTree@std@media@modules@UModSys@@UEBA_KAEAUSUniquePtrList@core@5@@Z 0000000140006e04 f i umodsys_lib_libmedia:umodsys.mod.media.std.obj
 0001:00005e04       ?get_interface_types@RSystem@rsystem@base@UModSys@@UEBA_KAEAUSUniquePtrList@core@4@@Z 0000000140006e04 f i umodsys_lib_basesys:umodsys.basesys.rsystem_main.obj
 0001:00005e04       ?get_interface_types@RModuleLibrarySO@rsystem@base@UModSys@@UEBA_KAEAUSUniquePtrList@core@4@@Z 0000000140006e04 f i umodsys_lib_basesys:umodsys.basesys.rmodulelibso.obj
 0001:00005e04       ?get_interface_types@RDataArchiver_OsDir@stdio@media@modules@UModSys@@UEBA_KAEAUSUniquePtrList@core@5@@Z 0000000140006e04 f i umodsys_lib_libmedia:umodsys.mod.media.stdio.obj
 0001:00005e04       ?get_interface_types@RLibraryLayered@std@media@modules@UModSys@@UEBA_KAEAUSUniquePtrList@core@5@@Z 0000000140006e04 f i umodsys_lib_libmedia:umodsys.mod.media.std.obj
 0001:00005e04       ?get_interface_types@RLibraryBinCache@std@media@modules@UModSys@@UEBA_KAEAUSUniquePtrList@core@5@@Z 0000000140006e04 f i umodsys_lib_libmedia:umodsys.mod.media.std.obj
 0001:00005e0c       ?get_other_interface@RStreamReader_FILE@stdio@media@modules@UModSys@@UEAAPEAUIRoot@core@5@PEBUSUniquePointerInfo@75@@Z 0000000140006e0c f i umodsys_lib_libmedia:umodsys.mod.media.stdio.obj
[...]
 0001:0000e80e       ?dtor$3@?0???$t_gen_param@URLibraryObjFilter@std@media@modules@UModSys@@URGenerator@2345@@IGenerator@base@UModSys@@IEAA_NPEAURGenerator@std@media@modules@2@AEAU?$TRefObject@UIRefObject@core@UModSys@@U?$TRefObjectFunc@UIRefObject@core@UModSys@@@tl@3@@tl@2@PEBUSUniquePointerInfo@core@2@AEBUSParameters@core@2@@Z@4HA 000000014000f80e f    CIL library: CIL module
 0001:0000e80e       ?dtor$3@?0???$t_gen_param@URLibraryLayered@std@media@modules@UModSys@@URGenerator@2345@@IGenerator@base@UModSys@@IEAA_NPEAURGenerator@std@media@modules@2@AEAU?$TRefObject@UIRefObject@core@UModSys@@U?$TRefObjectFunc@UIRefObject@core@UModSys@@@tl@3@@tl@2@PEBUSUniquePointerInfo@core@2@AEBUSParameters@core@2@@Z@4HA 000000014000f80e f    CIL library: CIL module
 0001:0000e80e       ?dtor$3@?0???$t_gen_param@URLibraryBinTree@std@media@modules@UModSys@@URGenerator@2345@@IGenerator@base@UModSys@@IEAA_NPEAURGenerator@std@media@modules@2@AEAU?$TRefObject@UIRefObject@core@UModSys@@U?$TRefObjectFunc@UIRefObject@core@UModSys@@@tl@3@@tl@2@PEBUSUniquePointerInfo@core@2@AEBUSParameters@core@2@@Z@4HA 000000014000f80e f    CIL library: CIL module
 0001:0000e80e       ?dtor$3@?0???$t_gen_param@URLibraryObjCache@std@media@modules@UModSys@@URGenerator@2345@@IGenerator@base@UModSys@@IEAA_NPEAURGenerator@std@media@modules@2@AEAU?$TRefObject@UIRefObject@core@UModSys@@U?$TRefObjectFunc@UIRefObject@core@UModSys@@@tl@3@@tl@2@PEBUSUniquePointerInfo@core@2@AEBUSParameters@core@2@@Z@4HA 000000014000f80e f    CIL library: CIL module
 0001:0000e826       ?dtor$0@?0??generate@RGenerator@std@media@modules@UModSys@@UEAA_NAEAU?$TRefObject@UIRefObject@core@UModSys@@U?$TRefObjectFunc@UIRefObject@core@UModSys@@@tl@3@@tl@5@PEBUSUniquePointerInfo@core@5@AEBUSParameters@95@@Z@4HA 000000014000f826 f    CIL library: CIL module
 0001:0000e846       ?dtor$1@?0??generate@RGenerator@std@media@modules@UModSys@@UEAA_NAEAU?$TRefObject@UIRefObject@core@UModSys@@U?$TRefObjectFunc@UIRefObject@core@UModSys@@@tl@3@@tl@5@PEBUSUniquePointerInfo@core@5@AEBUSParameters@95@@Z@4HA 000000014000f846 f    CIL library: CIL module
 0001:0000e866       ?dtor$3@?0??generate@RGenerator@std@media@modules@UModSys@@UEAA_NAEAU?$TRefObject@UIRefObject@core@UModSys@@U?$TRefObjectFunc@UIRefObject@core@UModSys@@@tl@3@@tl@5@PEBUSUniquePointerInfo@core@5@AEBUSParameters@95@@Z@4HA 000000014000f866 f    CIL library: CIL module
 0001:0000e87e       ?dtor$1@?0??s_add@RModuleLibrarySO@rsystem@base@UModSys@@SA_NPEAUISystem@34@AEAU?$TDynarrayDynamic@U?$TRefObject@URModuleLibrarySO@rsystem@base@UModSys@@U?$TRefObjectFunc@URModuleLibrarySO@rsystem@base@UModSys@@@tl@4@@tl@UModSys@@U?$TAllocator@USMemAlloc_Malloc@core@UModSys@@USCountCalcPower2@23@@23@@tl@4@PEBD@Z@4HA 000000014000f87e f    CIL library: CIL module
 0001:0000e89c       ??__E?s_id@?$TObjectUniqueID@UIRoot@core@UModSys@@@tl@UModSys@@2USUniquePointer@core@3@A@@YAXXZ 000000014000f89c f    CIL library: CIL module
 0001:0000e8d0       ??__E?s_id@?$TObjectUniqueID@UIRefObject@core@UModSys@@@tl@UModSys@@2USUniquePointer@core@3@A@@YAXXZ 000000014000f8d0 f    CIL library: CIL module
 0001:0000e904       ??__E?s_id@?$TObjectUniqueID@UIParameters@core@UModSys@@@tl@UModSys@@2USUniquePointer@core@3@A@@YAXXZ 000000014000f904 f    CIL library: CIL module
 0001:0000e938       ??__E?s_id@?$TObjectUniqueID@UIModule@base@UModSys@@@tl@UModSys@@2USUniquePointer@core@3@A@@YAXXZ 000000014000f938 f    CIL library: CIL module
 0001:0000e96c       ??__E?s_id@?$TObjectUniqueID@UIModuleLibrary@base@UModSys@@@tl@UModSys@@2USUniquePointer@core@3@A@@YAXXZ 000000014000f96c f    CIL library: CIL module
 0001:0000e9a0       ??__E?s_id@?$TObjectUniqueID@UIModObject@base@UModSys@@@tl@UModSys@@2USUniquePointer@core@3@A@@YAXXZ 000000014000f9a0 f    CIL library: CIL module
 0001:0000e9d4       ??__E?s_id@?$TObjectUniqueID@UIGenerator@base@UModSys@@@tl@UModSys@@2USUniquePointer@core@3@A@@YAXXZ 000000014000f9d4 f    CIL library: CIL module
 0001:0000ea08       ??__E?s_id@?$TObjectUniqueID@UIShell@base@UModSys@@@tl@UModSys@@2USUniquePointer@core@3@A@@YAXXZ 000000014000fa08 f    CIL library: CIL module
 0001:0000ea3c       ??__E?s_id@?$TObjectUniqueID@UIConsole@base@UModSys@@@tl@UModSys@@2USUniquePointer@core@3@A@@YAXXZ 000000014000fa3c f    CIL library: CIL module
 0001:0000ea70       ??__E?s_id@?$TObjectUniqueID@UISystem@base@UModSys@@@tl@UModSys@@2USUniquePointer@core@3@A@@YAXXZ 000000014000fa70 f    CIL library: CIL module
 0001:0000eaa4       ??__E?s_id@?$TObjectUniqueID@URModule@rsystem@base@UModSys@@@tl@UModSys@@2USUniquePointer@core@3@A@@YAXXZ 000000014000faa4 f    CIL library: CIL module
 0001:0000ead8       ??__E?s_id@?$TObjectUniqueID@UIModuleLibraryUni@rsystem@base@UModSys@@@tl@UModSys@@2USUniquePointer@core@3@A@@YAXXZ 000000014000fad8 f    CIL library: CIL module
 0001:0000eb0c       ??__E?s_id@?$TObjectUniqueID@URModuleLibrarySO@rsystem@base@UModSys@@@tl@UModSys@@2USUniquePointer@core@3@A@@YAXXZ 000000014000fb0c f    CIL library: CIL module
 0001:0000eb40       ??__E?s_id@?$TObjectUniqueID@URModuleLibraryThis@rsystem@base@UModSys@@@tl@UModSys@@2USUniquePointer@core@3@A@@YAXXZ 000000014000fb40 f    CIL library: CIL module
 0001:0000eb74       ??__E?s_id@?$TObjectUniqueID@URParameters@rsystem@base@UModSys@@@tl@UModSys@@2USUniquePointer@core@3@A@@YAXXZ 000000014000fb74 f    CIL library: CIL module
 0001:0000eba8       ??__E?s_id@?$TObjectUniqueID@URSystem@rsystem@base@UModSys@@@tl@UModSys@@2USUniquePointer@core@3@A@@YAXXZ 000000014000fba8 f    CIL library: CIL module
 0001:0000ebdc       ??__E?s_id@?$TObjectUniqueID@URConsole_std@rsystem@base@UModSys@@@tl@UModSys@@2USUniquePointer@core@3@A@@YAXXZ 000000014000fbdc f    CIL library: CIL module
 0001:0000ec10       ??__E?s_modreg@RModuleReg@std@media@modules@UModSys@@2U12345@A@@YAXXZ 000000014000fc10 f    CIL library: CIL module
 0001:0000ec58       ??__E?s_modreg_chain@RModuleReg@std@media@modules@UModSys@@2USModuleRegChain@base@5@A@@YAXXZ 000000014000fc58 f    CIL library: CIL module
 0001:0000ec98       ??__E?s_uid@RGenerator@std@media@modules@UModSys@@2USUniquePointer@core@5@A@@YAXXZ 000000014000fc98 f    CIL library: CIL module
 0001:0000eccc       ??__E?s_id@?$TObjectUniqueID@UIStreamReader@libmedia@UModSys@@@tl@UModSys@@2USUniquePointer@core@3@A@@YAXXZ 000000014000fccc f    CIL library: CIL module
 0001:0000ed00       ??__E?s_id@?$TObjectUniqueID@UIStreamWriter@libmedia@UModSys@@@tl@UModSys@@2USUniquePointer@core@3@A@@YAXXZ 000000014000fd00 f    CIL library: CIL module
 0001:0000ed34       ??__E?s_id@?$TObjectUniqueID@UIBinArchive@libmedia@UModSys@@@tl@UModSys@@2USUniquePointer@core@3@A@@YAXXZ 000000014000fd34 f    CIL library: CIL module
 0001:0000ed68       ??__E?s_id@?$TObjectUniqueID@UIBinObjFilter@libmedia@UModSys@@@tl@UModSys@@2USUniquePointer@core@3@A@@YAXXZ 000000014000fd68 f    CIL library: CIL module
 0001:0000ed9c       ??__E?s_id@?$TObjectUniqueID@UILibrary@libmedia@UModSys@@@tl@UModSys@@2USUniquePointer@core@3@A@@YAXXZ 000000014000fd9c f    CIL library: CIL module
 0001:0000edd0       ??__E?s_id@?$TObjectUniqueID@UILibraryBinTree@libmedia@UModSys@@@tl@UModSys@@2USUniquePointer@core@3@A@@YAXXZ 000000014000fdd0 f    CIL library: CIL module
 0001:0000ee04       ??__E?s_id@?$TObjectUniqueID@UILibraryBinCache@libmedia@UModSys@@@tl@UModSys@@2USUniquePointer@core@3@A@@YAXXZ 000000014000fe04 f    CIL library: CIL module
 0001:0000ee38       ??__E?s_id@?$TObjectUniqueID@UILibraryObjFilter@libmedia@UModSys@@@tl@UModSys@@2USUniquePointer@core@3@A@@YAXXZ 000000014000fe38 f    CIL library: CIL module
 0001:0000ee6c       ??__E?s_id@?$TObjectUniqueID@UILibraryObjCache@libmedia@UModSys@@@tl@UModSys@@2USUniquePointer@core@3@A@@YAXXZ 000000014000fe6c f    CIL library: CIL module
 0001:0000eea0       ??__E?s_id@?$TObjectUniqueID@UILibraryLayered@libmedia@UModSys@@@tl@UModSys@@2USUniquePointer@core@3@A@@YAXXZ 000000014000fea0 f    CIL library: CIL module
 0001:0000eed4       ??__E?s_id@?$TObjectUniqueID@URLibraryBinCache@std@media@modules@UModSys@@@tl@UModSys@@2USUniquePointer@core@3@A@@YAXXZ 000000014000fed4 f    CIL library: CIL module
 0001:0000ef08       ??__E?s_id@?$TObjectUniqueID@URLibraryBinTree@std@media@modules@UModSys@@@tl@UModSys@@2USUniquePointer@core@3@A@@YAXXZ 000000014000ff08 f    CIL library: CIL module
 0001:0000ef3c       ??__E?s_id@?$TObjectUniqueID@URLibraryLayered@std@media@modules@UModSys@@@tl@UModSys@@2USUniquePointer@core@3@A@@YAXXZ 000000014000ff3c f    CIL library: CIL module
 0001:0000ef70       ??__E?s_id@?$TObjectUniqueID@URLibraryObjCache@std@media@modules@UModSys@@@tl@UModSys@@2USUniquePointer@core@3@A@@YAXXZ 000000014000ff70 f    CIL library: CIL module
 0001:0000efa4       ??__E?s_id@?$TObjectUniqueID@URLibraryObjFilter@std@media@modules@UModSys@@@tl@UModSys@@2USUniquePointer@core@3@A@@YAXXZ 000000014000ffa4 f    CIL library: CIL module
 0001:0000efd8       ??__E?s_id@?$TObjectUniqueID@URGenerator@std@media@modules@UModSys@@@tl@UModSys@@2USUniquePointer@core@3@A@@YAXXZ 000000014000ffd8 f    CIL library: CIL module
 0001:0000f00c       ??__E?s_modreg@RModuleReg@stdio@media@modules@UModSys@@2U12345@A@@YAXXZ 000000014001000c f    CIL library: CIL module
 0001:0000f054       ??__E?s_modreg_chain@RModuleReg@stdio@media@modules@UModSys@@2USModuleRegChain@base@5@A@@YAXXZ 0000000140010054 f    CIL library: CIL module
 0001:0000f094       ??__E?s_uid@RGenerator@stdio@media@modules@UModSys@@2USUniquePointer@core@5@A@@YAXXZ 0000000140010094 f    CIL library: CIL module
 0001:0000f0c8       ??__E?s_id@?$TObjectUniqueID@URStreamReader_FILE@stdio@media@modules@UModSys@@@tl@UModSys@@2USUniquePointer@core@3@A@@YAXXZ 00000001400100c8 f    CIL library: CIL module
 0001:0000f0fc       ??__E?s_id@?$TObjectUniqueID@URStreamWriter_FILE@stdio@media@modules@UModSys@@@tl@UModSys@@2USUniquePointer@core@3@A@@YAXXZ 00000001400100fc f    CIL library: CIL module
 0001:0000f130       ??__E?s_id@?$TObjectUniqueID@URDataArchiver_OsDir@stdio@media@modules@UModSys@@@tl@UModSys@@2USUniquePointer@core@3@A@@YAXXZ 0000000140010130 f    CIL library: CIL module
 0001:0000f164       ??__E?s_id@?$TObjectUniqueID@URGenerator@stdio@media@modules@UModSys@@@tl@UModSys@@2USUniquePointer@core@3@A@@YAXXZ 0000000140010164 f    CIL library: CIL module
 0001:0000f198       ??__E?s_console@RConsole_std@rsystem@base@UModSys@@2U1234@A@@YAXXZ 0000000140010198 f    CIL library: CIL module
 0001:0000f1a4       ??__E?s_sys@RSystem@rsystem@base@UModSys@@2U1234@A@@YAXXZ 00000001400101a4 f    CIL library: CIL module
 0001:0000f1b0       ??__Ersys_dbg@rsystem@base@UModSys@@YAXXZ 00000001400101b0 f    CIL library: CIL module
 0001:0000f1bc       ??__EM@UModSys@@YAXXZ      00000001400101bc f    CIL library: CIL module
 0001:0000f1c8       ??__E?root@SModuleRegChain@base@UModSys@@2U123@A@@YAXXZ 00000001400101c8 f    CIL library: CIL module
 0001:0000f1d4       ??__E?s_library@RModuleLibraryReg_Chain@base@UModSys@@2U123@A@@YAXXZ 00000001400101d4 f    CIL library: CIL module
 0001:0000f1e0       ??__E?root@SUniquePointer@core@UModSys@@2U123@A@@YAXXZ 00000001400101e0 f    CIL library: CIL module
 0001:0000f1ec       ??__F?s_id@?$TObjectUniqueID@URConsole_std@rsystem@base@UModSys@@@tl@UModSys@@2USUniquePointer@core@3@A@@YAXXZ 00000001400101ec f    CIL library: CIL module
 0001:0000f1f8       ??__F?s_id@?$TObjectUniqueID@URSystem@rsystem@base@UModSys@@@tl@UModSys@@2USUniquePointer@core@3@A@@YAXXZ 00000001400101f8 f    CIL library: CIL module
 0001:0000f204       ??__F?s_id@?$TObjectUniqueID@URParameters@rsystem@base@UModSys@@@tl@UModSys@@2USUniquePointer@core@3@A@@YAXXZ 0000000140010204 f    CIL library: CIL module
 0001:0000f210       ??__F?s_id@?$TObjectUniqueID@URModuleLibraryThis@rsystem@base@UModSys@@@tl@UModSys@@2USUniquePointer@core@3@A@@YAXXZ 0000000140010210 f    CIL library: CIL module
 0001:0000f21c       ??__F?s_id@?$TObjectUniqueID@URModuleLibrarySO@rsystem@base@UModSys@@@tl@UModSys@@2USUniquePointer@core@3@A@@YAXXZ 000000014001021c f    CIL library: CIL module
 0001:0000f228       ??__F?s_id@?$TObjectUniqueID@UIModuleLibraryUni@rsystem@base@UModSys@@@tl@UModSys@@2USUniquePointer@core@3@A@@YAXXZ 0000000140010228 f    CIL library: CIL module
 0001:0000f234       ??__F?s_id@?$TObjectUniqueID@URModule@rsystem@base@UModSys@@@tl@UModSys@@2USUniquePointer@core@3@A@@YAXXZ 0000000140010234 f    CIL library: CIL module
 0001:0000f240       ??__F?s_id@?$TObjectUniqueID@UISystem@base@UModSys@@@tl@UModSys@@2USUniquePointer@core@3@A@@YAXXZ 0000000140010240 f    CIL library: CIL module
 0001:0000f24c       ??__F?s_id@?$TObjectUniqueID@UIConsole@base@UModSys@@@tl@UModSys@@2USUniquePointer@core@3@A@@YAXXZ 000000014001024c f    CIL library: CIL module
 0001:0000f258       ??__F?s_id@?$TObjectUniqueID@UIShell@base@UModSys@@@tl@UModSys@@2USUniquePointer@core@3@A@@YAXXZ 0000000140010258 f    CIL library: CIL module
 0001:0000f264       ??__F?s_id@?$TObjectUniqueID@UIGenerator@base@UModSys@@@tl@UModSys@@2USUniquePointer@core@3@A@@YAXXZ 0000000140010264 f    CIL library: CIL module
 0001:0000f270       ??__F?s_id@?$TObjectUniqueID@UIModObject@base@UModSys@@@tl@UModSys@@2USUniquePointer@core@3@A@@YAXXZ 0000000140010270 f    CIL library: CIL module
 0001:0000f27c       ??__F?s_id@?$TObjectUniqueID@UIModuleLibrary@base@UModSys@@@tl@UModSys@@2USUniquePointer@core@3@A@@YAXXZ 000000014001027c f    CIL library: CIL module
 0001:0000f288       ??__F?s_id@?$TObjectUniqueID@UIModule@base@UModSys@@@tl@UModSys@@2USUniquePointer@core@3@A@@YAXXZ 0000000140010288 f    CIL library: CIL module
 0001:0000f294       ??__F?s_id@?$TObjectUniqueID@UIParameters@core@UModSys@@@tl@UModSys@@2USUniquePointer@core@3@A@@YAXXZ 0000000140010294 f    CIL library: CIL module
 0001:0000f2a0       ??__F?s_id@?$TObjectUniqueID@UIRefObject@core@UModSys@@@tl@UModSys@@2USUniquePointer@core@3@A@@YAXXZ 00000001400102a0 f    CIL library: CIL module
 0001:0000f2ac       ??__F?s_id@?$TObjectUniqueID@UIRoot@core@UModSys@@@tl@UModSys@@2USUniquePointer@core@3@A@@YAXXZ 00000001400102ac f    CIL library: CIL module
 0001:0000f2b8       ??__F?s_modreg@RModuleReg@std@media@modules@UModSys@@2U12345@A@@YAXXZ 00000001400102b8 f    CIL library: CIL module
 0001:0000f2c8       ??__F?s_modreg_chain@RModuleReg@std@media@modules@UModSys@@2USModuleRegChain@base@5@A@@YAXXZ 00000001400102c8 f    CIL library: CIL module
 0001:0000f308       ??__F?s_uid@RGenerator@std@media@modules@UModSys@@2USUniquePointer@core@5@A@@YAXXZ 0000000140010308 f    CIL library: CIL module
 0001:0000f314       ??__Fh@?1??s_holder@RGenerator@std@media@modules@UModSys@@SAAEAU?$TTypeStaticHolder@URGenerator@std@media@modules@UModSys@@@tl@5@XZ@YAXXZ 0000000140010314 f    CIL library: CIL module
 0001:0000f33c       ??__F?s_id@?$TObjectUniqueID@URGenerator@std@media@modules@UModSys@@@tl@UModSys@@2USUniquePointer@core@3@A@@YAXXZ 000000014001033c f    CIL library: CIL module
 0001:0000f348       ??__F?s_id@?$TObjectUniqueID@URLibraryObjFilter@std@media@modules@UModSys@@@tl@UModSys@@2USUniquePointer@core@3@A@@YAXXZ 0000000140010348 f    CIL library: CIL module
 0001:0000f354       ??__F?s_id@?$TObjectUniqueID@URLibraryObjCache@std@media@modules@UModSys@@@tl@UModSys@@2USUniquePointer@core@3@A@@YAXXZ 0000000140010354 f    CIL library: CIL module
 0001:0000f360       ??__F?s_id@?$TObjectUniqueID@URLibraryLayered@std@media@modules@UModSys@@@tl@UModSys@@2USUniquePointer@core@3@A@@YAXXZ 0000000140010360 f    CIL library: CIL module
 0001:0000f36c       ??__F?s_id@?$TObjectUniqueID@URLibraryBinTree@std@media@modules@UModSys@@@tl@UModSys@@2USUniquePointer@core@3@A@@YAXXZ 000000014001036c f    CIL library: CIL module
 0001:0000f378       ??__F?s_id@?$TObjectUniqueID@URLibraryBinCache@std@media@modules@UModSys@@@tl@UModSys@@2USUniquePointer@core@3@A@@YAXXZ 0000000140010378 f    CIL library: CIL module
 0001:0000f384       ??__F?s_id@?$TObjectUniqueID@UILibraryLayered@libmedia@UModSys@@@tl@UModSys@@2USUniquePointer@core@3@A@@YAXXZ 0000000140010384 f    CIL library: CIL module
 0001:0000f390       ??__F?s_id@?$TObjectUniqueID@UILibraryObjCache@libmedia@UModSys@@@tl@UModSys@@2USUniquePointer@core@3@A@@YAXXZ 0000000140010390 f    CIL library: CIL module
 0001:0000f39c       ??__F?s_id@?$TObjectUniqueID@UILibraryObjFilter@libmedia@UModSys@@@tl@UModSys@@2USUniquePointer@core@3@A@@YAXXZ 000000014001039c f    CIL library: CIL module
 0001:0000f3a8       ??__F?s_id@?$TObjectUniqueID@UILibraryBinCache@libmedia@UModSys@@@tl@UModSys@@2USUniquePointer@core@3@A@@YAXXZ 00000001400103a8 f    CIL library: CIL module
 0001:0000f3b4       ??__F?s_id@?$TObjectUniqueID@UILibraryBinTree@libmedia@UModSys@@@tl@UModSys@@2USUniquePointer@core@3@A@@YAXXZ 00000001400103b4 f    CIL library: CIL module
 0001:0000f3c0       ??__F?s_id@?$TObjectUniqueID@UILibrary@libmedia@UModSys@@@tl@UModSys@@2USUniquePointer@core@3@A@@YAXXZ 00000001400103c0 f    CIL library: CIL module
 0001:0000f3cc       ??__F?s_id@?$TObjectUniqueID@UIBinObjFilter@libmedia@UModSys@@@tl@UModSys@@2USUniquePointer@core@3@A@@YAXXZ 00000001400103cc f    CIL library: CIL module
 0001:0000f3d8       ??__F?s_id@?$TObjectUniqueID@UIBinArchive@libmedia@UModSys@@@tl@UModSys@@2USUniquePointer@core@3@A@@YAXXZ 00000001400103d8 f    CIL library: CIL module
 0001:0000f3e4       ??__F?s_id@?$TObjectUniqueID@UIStreamWriter@libmedia@UModSys@@@tl@UModSys@@2USUniquePointer@core@3@A@@YAXXZ 00000001400103e4 f    CIL library: CIL module
 0001:0000f3f0       ??__F?s_id@?$TObjectUniqueID@UIStreamReader@libmedia@UModSys@@@tl@UModSys@@2USUniquePointer@core@3@A@@YAXXZ 00000001400103f0 f    CIL library: CIL module
 0001:0000f3fc       ??__F?s_modreg@RModuleReg@stdio@media@modules@UModSys@@2U12345@A@@YAXXZ 00000001400103fc f    CIL library: CIL module
 0001:0000f40c       ??__F?s_modreg_chain@RModuleReg@stdio@media@modules@UModSys@@2USModuleRegChain@base@5@A@@YAXXZ 000000014001040c f    CIL library: CIL module
 0001:0000f44c       ??__F?s_uid@RGenerator@stdio@media@modules@UModSys@@2USUniquePointer@core@5@A@@YAXXZ 000000014001044c f    CIL library: CIL module
 0001:0000f458       ??__Fh@?1??s_holder@RGenerator@stdio@media@modules@UModSys@@SAAEAU?$TTypeStaticHolder@URGenerator@stdio@media@modules@UModSys@@@tl@5@XZ@YAXXZ 0000000140010458 f    CIL library: CIL module
 0001:0000f480       ??__F?s_id@?$TObjectUniqueID@URGenerator@stdio@media@modules@UModSys@@@tl@UModSys@@2USUniquePointer@core@3@A@@YAXXZ 0000000140010480 f    CIL library: CIL module
 0001:0000f48c       ??__F?s_id@?$TObjectUniqueID@URDataArchiver_OsDir@stdio@media@modules@UModSys@@@tl@UModSys@@2USUniquePointer@core@3@A@@YAXXZ 000000014001048c f    CIL library: CIL module
 0001:0000f498       ??__F?s_id@?$TObjectUniqueID@URStreamWriter_FILE@stdio@media@modules@UModSys@@@tl@UModSys@@2USUniquePointer@core@3@A@@YAXXZ 0000000140010498 f    CIL library: CIL module
 0001:0000f4a4       ??__F?s_id@?$TObjectUniqueID@URStreamReader_FILE@stdio@media@modules@UModSys@@@tl@UModSys@@2USUniquePointer@core@3@A@@YAXXZ 00000001400104a4 f    CIL library: CIL module
 0001:0000f4b0       ??__F?s_console@RConsole_std@rsystem@base@UModSys@@2U1234@A@@YAXXZ 00000001400104b0 f    CIL library: CIL module
 0001:0000f4f0       ??__F?s_sys@RSystem@rsystem@base@UModSys@@2U1234@A@@YAXXZ 00000001400104f0 f    CIL library: CIL module
 0001:0000f4fc       ??__Frsys_dbg@rsystem@base@UModSys@@YAXXZ 00000001400104fc f    CIL library: CIL module
 0001:0000f520       ??__FM@UModSys@@YAXXZ      0000000140010520 f    CIL library: CIL module
 0001:0000f524       ??__F?root@SModuleRegChain@base@UModSys@@2U123@A@@YAXXZ 0000000140010524 f    CIL library: CIL module
 0001:0000f564       ??__F?s_library@RModuleLibraryReg_Chain@base@UModSys@@2U123@A@@YAXXZ 0000000140010564 f    CIL library: CIL module
 0001:0000f574       ??__F?root@SUniquePointer@core@UModSys@@2U123@A@@YAXXZ 0000000140010574 f    CIL library: CIL module

 Exports

  ordinal    name

        1    UModSys_Plugin_Entry2
