 umodsysc

 Timestamp is 52b29b70 (Thu Dec 19 10:08:32 2013)

 Preferred load address is 0000000140000000

 Start         Length     Name                   Class
 0001:00000000 00012d4cH .text                   CODE
 0001:00012d50 0000005eH .text$00                CODE
 0001:00012db0 00000e84H .text$x                 CODE
 0001:00013c34 00000ab0H .text$yc                CODE
 0001:000146e4 000003dcH .text$yd                CODE
 0002:00000000 00000258H .idata$5                DATA
 0002:00000258 00000008H .CRT$XCA                DATA
 0002:00000260 00000008H .CRT$XCAA               DATA
 0002:00000268 00000598H .CRT$XCU                DATA
 0002:00000800 00000008H .CRT$XCZ                DATA
 0002:00000808 00000008H .CRT$XIA                DATA
 0002:00000810 00000008H .CRT$XIAA               DATA
 0002:00000818 00000008H .CRT$XIY                DATA
 0002:00000820 00000008H .CRT$XIZ                DATA
 0002:00000830 000031f8H .rdata                  DATA
 0002:00003a30 0000204cH .rdata$r                DATA
 0002:00005a80 00000008H .rtc$IAA                DATA
 0002:00005a88 00000008H .rtc$IZZ                DATA
 0002:00005a90 00000008H .rtc$TAA                DATA
 0002:00005a98 00000008H .rtc$TZZ                DATA
 0002:00005aa0 00001dc8H .xdata                  DATA
 0002:00007868 000000e4H .xdata$x                DATA
 0002:0000794c 00000028H .idata$2                DATA
 0002:00007974 00000014H .idata$3                DATA
 0002:00007988 00000258H .idata$4                DATA
 0002:00007be0 00000478H .idata$6                DATA
 0002:00008060 00000055H .edata                  DATA
 0003:00000000 00001244H .data                   DATA
 0003:00001250 00002ae8H .bss                    DATA
 0004:00000000 00001770H .pdata                  DATA

  Address         Publics by Value              Rva+Base               Lib:Object

 0000:00000000       ___safe_se_handler_count   0000000000000000     <absolute>
 0000:00000000       ___safe_se_handler_table   0000000000000000     <absolute>
 0000:00000000       __ImageBase                0000000140000000     <linker-defined>
 0001:00000000       main                       0000000140001000 f   umodsys.c_main.obj
 0001:0000032c       ??0?$TString@U?$TSCoreConst@D@su@tl@UModSys@@U?$TComparerBinaryHash@D@234@@tl@UModSys@@QEAA@PEBD@Z 000000014000132c f i umodsys.c_main.obj
 0001:000003ac       ??6SUniquePtrList@core@UModSys@@QEAAAEAU012@PEBUSUniquePointerInfo@12@@Z 00000001400013ac f i umodsys_lib_libmedia:umodsys.mod.media.stdio.obj
 0001:00000464       ??3IRoot@core@UModSys@@SAXPEAXAEBUSIMemAlloc@12@@Z 0000000140001464 f i umodsys_lib_libmedia:umodsys.mod.media.stdio.obj
 0001:00000490       ??1?$TSCoreShared@USIMemAlloc@core@UModSys@@D@su@tl@UModSys@@QEAA@XZ 0000000140001490 f i umodsys_lib_libmedia:umodsys.mod.media.stdio.obj
 0001:00000490       ??1?$TString@U?$TSCoreShared@USIMemAlloc@core@UModSys@@D@su@tl@UModSys@@U?$TComparerBinaryHash@D@234@@tl@UModSys@@QEAA@XZ 0000000140001490 f i umodsys_lib_libmedia:umodsys.mod.media.stdio.obj
 0001:000004e0       ?archive_load_data@libmedia@UModSys@@YA_NAEAUIBinArchive@12@AEBU?$TString@U?$TSCoreConst@D@su@tl@UModSys@@U?$TComparerBinaryHash@D@234@@tl@2@AEAUSCMemShared@core@2@AEBUSFlags@12@@Z 00000001400014e0 f i umodsys_lib_libmedia:umodsys.mod.media.stdio.obj
 0001:000006d4       ?root_get_interface_info@RStreamReader_FILE@stdio@media@modules@UModSys@@UEBAAEBUSUniquePointerInfo@core@5@XZ 00000001400016d4 f i umodsys_lib_libmedia:umodsys.mod.media.stdio.obj
 0001:000006dc       ?root_get_interface_type@RStreamReader_FILE@stdio@media@modules@UModSys@@UEBAPEBUSUniquePointerInfo@core@5@XZ 00000001400016dc f i umodsys_lib_libmedia:umodsys.mod.media.stdio.obj
 0001:000006e4       ?root_get_other_interface@RStreamReader_FILE@stdio@media@modules@UModSys@@UEAAPEAUIRoot@core@5@PEBUSUniquePointerInfo@75@@Z 00000001400016e4 f i umodsys_lib_libmedia:umodsys.mod.media.stdio.obj
 0001:000006e4       ?root_get_other_interface@RStreamReader_FILE@stdio@media@modules@UModSys@@UEBAPEBUIRoot@core@5@PEBUSUniquePointerInfo@75@@Z 00000001400016e4 f i umodsys_lib_libmedia:umodsys.mod.media.stdio.obj
 0001:00000714       ?root_is_interface_supported@RStreamReader_FILE@stdio@media@modules@UModSys@@UEBA_NPEBUSUniquePointerInfo@core@5@@Z 0000000140001714 f i umodsys_lib_libmedia:umodsys.mod.media.stdio.obj
 0001:00000744       ?ref_add@RGenerator@stdlib@media@modules@UModSys@@UEBAXXZ 0000000140001744 f i umodsys_lib_libmedia:umodsys.mod.media.stdlib.obj
 0001:00000744       ?ref_add@RUtilities@stdlib@media@modules@UModSys@@UEBAXXZ 0000000140001744 f i umodsys_lib_libmedia:umodsys.mod.media.stdlib.obj
 0001:00000744       ?ref_add@RStreamWriter_FILE@stdio@media@modules@UModSys@@UEBAXXZ 0000000140001744 f i umodsys_lib_libmedia:umodsys.mod.media.stdio.obj
 0001:00000744       ?ref_add@RStreamReader_FILE@stdio@media@modules@UModSys@@UEBAXXZ 0000000140001744 f i umodsys_lib_libmedia:umodsys.mod.media.stdio.obj
 0001:00000744       ?ref_add@RGenerator@stdio@media@modules@UModSys@@UEBAXXZ 0000000140001744 f i umodsys_lib_libmedia:umodsys.mod.media.stdio.obj
 0001:00000748       ??0RStreamReader_FILE@stdio@media@modules@UModSys@@QEAA@PEAUIModObject@base@4@AEBUSParameters@core@4@@Z 0000000140001748 f i umodsys_lib_libmedia:umodsys.mod.media.stdio.obj
 0001:00000844       ?reader_seek@RStreamReader_FILE@stdio@media@modules@UModSys@@UEAA_N_J@Z 0000000140001844 f i umodsys_lib_libmedia:umodsys.mod.media.stdio.obj
 0001:00000870       ?reader_seekend@RStreamReader_FILE@stdio@media@modules@UModSys@@UEAA_N_J@Z 0000000140001870 f i umodsys_lib_libmedia:umodsys.mod.media.stdio.obj
 0001:000008a0       ?reader_seekdelta@RStreamReader_FILE@stdio@media@modules@UModSys@@UEAA_N_J@Z 00000001400018a0 f i umodsys_lib_libmedia:umodsys.mod.media.stdio.obj
 0001:000008cc       ?reader_pos@RStreamReader_FILE@stdio@media@modules@UModSys@@UEAA_JXZ 00000001400018cc f i umodsys_lib_libmedia:umodsys.mod.media.stdio.obj
 0001:000008e8       ?reader_size@RStreamReader_FILE@stdio@media@modules@UModSys@@UEAA_JXZ 00000001400018e8 f i umodsys_lib_libmedia:umodsys.mod.media.stdio.obj
 0001:000008f0       ?reader_read@RStreamReader_FILE@stdio@media@modules@UModSys@@UEAA_NPEAX_K@Z 00000001400018f0 f i umodsys_lib_libmedia:umodsys.mod.media.stdio.obj
 0001:00000970       ?reader_close@RStreamReader_FILE@stdio@media@modules@UModSys@@UEAAXXZ 0000000140001970 f i umodsys_lib_libmedia:umodsys.mod.media.stdio.obj
 0001:00000994       ??_GRStreamReader_FILE@stdio@media@modules@UModSys@@UEAAPEAXI@Z 0000000140001994 f i umodsys_lib_libmedia:umodsys.mod.media.stdio.obj
 0001:00000994       ??_ERStreamReader_FILE@stdio@media@modules@UModSys@@UEAAPEAXI@Z 0000000140001994 f i  CIL library: CIL module
 0001:000009e8       ??1IStreamReader@libmedia@UModSys@@UEAA@XZ 00000001400019e8 f i umodsys_lib_libmedia:umodsys.mod.media.stdio.obj
 0001:000009e8       ??1IModule@base@UModSys@@UEAA@XZ 00000001400019e8 f i umodsys_lib_base:umodsys.base.module.obj
 0001:000009e8       ??1IUtilities@libmedia@UModSys@@UEAA@XZ 00000001400019e8 f i umodsys_lib_libmedia:umodsys.mod.media.stdlib.obj
 0001:000009e8       ??1ISystem@base@UModSys@@UEAA@XZ 00000001400019e8 f i umodsys_lib_base:umodsys.base.system.obj
 0001:000009e8       ??1IRefObject@core@UModSys@@UEAA@XZ 00000001400019e8 f i umodsys_lib_core:umodsys.core.objects.obj
 0001:000009e8       ??1IStreamWriter@libmedia@UModSys@@UEAA@XZ 00000001400019e8 f i umodsys_lib_libmedia:umodsys.mod.media.stdio.obj
 0001:000009f4       ?root_get_interface_info@RStreamWriter_FILE@stdio@media@modules@UModSys@@UEBAAEBUSUniquePointerInfo@core@5@XZ 00000001400019f4 f i umodsys_lib_libmedia:umodsys.mod.media.stdio.obj
 0001:000009fc       ?root_get_interface_type@RStreamWriter_FILE@stdio@media@modules@UModSys@@UEBAPEBUSUniquePointerInfo@core@5@XZ 00000001400019fc f i umodsys_lib_libmedia:umodsys.mod.media.stdio.obj
 0001:00000a04       ?root_get_other_interface@RStreamWriter_FILE@stdio@media@modules@UModSys@@UEBAPEBUIRoot@core@5@PEBUSUniquePointerInfo@75@@Z 0000000140001a04 f i umodsys_lib_libmedia:umodsys.mod.media.stdio.obj
 0001:00000a04       ?root_get_other_interface@RStreamWriter_FILE@stdio@media@modules@UModSys@@UEAAPEAUIRoot@core@5@PEBUSUniquePointerInfo@75@@Z 0000000140001a04 f i umodsys_lib_libmedia:umodsys.mod.media.stdio.obj
 0001:00000a34       ?root_is_interface_supported@RStreamWriter_FILE@stdio@media@modules@UModSys@@UEBA_NPEBUSUniquePointerInfo@core@5@@Z 0000000140001a34 f i umodsys_lib_libmedia:umodsys.mod.media.stdio.obj
 0001:00000a64       ?ref_weak@RStreamReader_FILE@stdio@media@modules@UModSys@@UEBA_NAEAUWeakPointer@IRefObject@core@5@@Z 0000000140001a64 f i umodsys_lib_libmedia:umodsys.mod.media.stdio.obj
 0001:00000a64       ?ref_weak@RGenerator@stdlib@media@modules@UModSys@@UEBA_NAEAUWeakPointer@IRefObject@core@5@@Z 0000000140001a64 f i umodsys_lib_libmedia:umodsys.mod.media.stdlib.obj
 0001:00000a64       ?ref_weak@RGenerator@stdio@media@modules@UModSys@@UEBA_NAEAUWeakPointer@IRefObject@core@5@@Z 0000000140001a64 f i umodsys_lib_libmedia:umodsys.mod.media.stdio.obj
 0001:00000a64       ?ref_weak@RUtilities@stdlib@media@modules@UModSys@@UEBA_NAEAUWeakPointer@IRefObject@core@5@@Z 0000000140001a64 f i umodsys_lib_libmedia:umodsys.mod.media.stdlib.obj
 0001:00000a64       ?ref_weak@RStreamWriter_FILE@stdio@media@modules@UModSys@@UEBA_NAEAUWeakPointer@IRefObject@core@5@@Z 0000000140001a64 f i umodsys_lib_libmedia:umodsys.mod.media.stdio.obj
 0001:00000a84       ??0RStreamWriter_FILE@stdio@media@modules@UModSys@@QEAA@PEAUIModObject@base@4@AEBUSParameters@core@4@@Z 0000000140001a84 f i umodsys_lib_libmedia:umodsys.mod.media.stdio.obj
 0001:00000b74       ?open@RStreamWriter_FILE@stdio@media@modules@UModSys@@QEAAXPEBD_N@Z 0000000140001b74 f i umodsys_lib_libmedia:umodsys.mod.media.stdio.obj
 0001:00000c18       ?writer_seek@RStreamWriter_FILE@stdio@media@modules@UModSys@@UEAA_N_J@Z 0000000140001c18 f i umodsys_lib_libmedia:umodsys.mod.media.stdio.obj
 0001:00000c44       ?writer_seekend@RStreamWriter_FILE@stdio@media@modules@UModSys@@UEAA_N_J@Z 0000000140001c44 f i umodsys_lib_libmedia:umodsys.mod.media.stdio.obj
 0001:00000c74       ?writer_seekdelta@RStreamWriter_FILE@stdio@media@modules@UModSys@@UEAA_N_J@Z 0000000140001c74 f i umodsys_lib_libmedia:umodsys.mod.media.stdio.obj
 0001:00000ca0       ?writer_setsize@RStreamWriter_FILE@stdio@media@modules@UModSys@@UEAA_N_J@Z 0000000140001ca0 f i umodsys_lib_libmedia:umodsys.mod.media.stdio.obj
 0001:00000cf4       ?writer_pos@RStreamWriter_FILE@stdio@media@modules@UModSys@@UEAA_JXZ 0000000140001cf4 f i umodsys_lib_libmedia:umodsys.mod.media.stdio.obj
 0001:00000d10       ?writer_size@RStreamWriter_FILE@stdio@media@modules@UModSys@@UEAA_JXZ 0000000140001d10 f i umodsys_lib_libmedia:umodsys.mod.media.stdio.obj
 0001:00000d90       ?writer_write@RStreamWriter_FILE@stdio@media@modules@UModSys@@UEAA_NPEBX_K@Z 0000000140001d90 f i umodsys_lib_libmedia:umodsys.mod.media.stdio.obj
 0001:00000e10       ?writer_copy@RStreamWriter_FILE@stdio@media@modules@UModSys@@UEAA_NPEAUIStreamReader@libmedia@5@_J@Z 0000000140001e10 f i umodsys_lib_libmedia:umodsys.mod.media.stdio.obj
 0001:00000eb0       ?writer_copy@RStreamWriter_FILE@stdio@media@modules@UModSys@@UEAA_NPEAUIStreamReader@libmedia@5@_J1@Z 0000000140001eb0 f i umodsys_lib_libmedia:umodsys.mod.media.stdio.obj
 0001:00000f04       ?writer_close@RStreamWriter_FILE@stdio@media@modules@UModSys@@UEAAXXZ 0000000140001f04 f i umodsys_lib_libmedia:umodsys.mod.media.stdio.obj
 0001:00000f40       ?writer_abort@RStreamWriter_FILE@stdio@media@modules@UModSys@@UEAAXXZ 0000000140001f40 f i umodsys_lib_libmedia:umodsys.mod.media.stdio.obj
 0001:00000f7c       ??_ERStreamWriter_FILE@stdio@media@modules@UModSys@@UEAAPEAXI@Z 0000000140001f7c f i  CIL library: CIL module
 0001:00000f7c       ??_GRStreamWriter_FILE@stdio@media@modules@UModSys@@UEAAPEAXI@Z 0000000140001f7c f i umodsys_lib_libmedia:umodsys.mod.media.stdio.obj
 0001:00000ff4       ?root_get_interface_info@RDataArchiver_OsDir@stdio@media@modules@UModSys@@UEBAAEBUSUniquePointerInfo@core@5@XZ 0000000140001ff4 f i umodsys_lib_libmedia:umodsys.mod.media.stdio.obj
 0001:00000ffc       ?root_get_interface_type@RDataArchiver_OsDir@stdio@media@modules@UModSys@@UEBAPEBUSUniquePointerInfo@core@5@XZ 0000000140001ffc f i umodsys_lib_libmedia:umodsys.mod.media.stdio.obj
 0001:00001004       ?root_get_other_interface@RDataArchiver_OsDir@stdio@media@modules@UModSys@@UEBAPEBUIRoot@core@5@PEBUSUniquePointerInfo@75@@Z 0000000140002004 f i umodsys_lib_libmedia:umodsys.mod.media.stdio.obj
 0001:00001004       ?root_get_other_interface@RDataArchiver_OsDir@stdio@media@modules@UModSys@@UEAAPEAUIRoot@core@5@PEBUSUniquePointerInfo@75@@Z 0000000140002004 f i umodsys_lib_libmedia:umodsys.mod.media.stdio.obj
 0001:0000103c       ?root_is_interface_supported@RDataArchiver_OsDir@stdio@media@modules@UModSys@@UEBA_NPEBUSUniquePointerInfo@core@5@@Z 000000014000203c f i umodsys_lib_libmedia:umodsys.mod.media.stdio.obj
 0001:00001074       ?suicide@RLibraryBinTree@stdlib@media@modules@UModSys@@UEAAXXZ 0000000140002074 f i umodsys_lib_libmedia:umodsys.mod.media.stdlib.obj
 0001:00001074       ?suicide@RDataArchiver_OsDir@stdio@media@modules@UModSys@@UEAAXXZ 0000000140002074 f i umodsys_lib_libmedia:umodsys.mod.media.stdio.obj
 0001:00001074       ?suicide@RLibraryLayered@stdlib@media@modules@UModSys@@UEAAXXZ 0000000140002074 f i umodsys_lib_libmedia:umodsys.mod.media.stdlib.obj
 0001:00001074       ?suicide@RLibraryObjFilter@stdlib@media@modules@UModSys@@UEAAXXZ 0000000140002074 f i umodsys_lib_libmedia:umodsys.mod.media.stdlib.obj
 0001:00001074       ?suicide@RLibraryBinCache@stdlib@media@modules@UModSys@@UEAAXXZ 0000000140002074 f i umodsys_lib_libmedia:umodsys.mod.media.stdlib.obj
 0001:00001074       ?suicide@RLibraryObjCache@stdlib@media@modules@UModSys@@UEAAXXZ 0000000140002074 f i umodsys_lib_libmedia:umodsys.mod.media.stdlib.obj
 0001:000010c0       ??0RDataArchiver_OsDir@stdio@media@modules@UModSys@@QEAA@PEAUIModObject@base@4@AEBUSParameters@core@4@U?$TFlags4State@USMediaFlagUid@libmedia@UModSys@@I@tl@4@@Z 00000001400020c0 f i umodsys_lib_libmedia:umodsys.mod.media.stdio.obj
 0001:000012f8       ?get_flag@RDataArchiver_OsDir@stdio@media@modules@UModSys@@UEBA?AW4eStates@?$TFlags4State@USMediaFlagUid@libmedia@UModSys@@I@tl@5@H@Z 00000001400022f8 f i umodsys_lib_libmedia:umodsys.mod.media.stdio.obj
 0001:00001304       ?get_flags_auto@RDataArchiver_OsDir@stdio@media@modules@UModSys@@UEBA?AU?$TFlags4State@USMediaFlagUid@libmedia@UModSys@@I@tl@5@XZ 0000000140002304 f i umodsys_lib_libmedia:umodsys.mod.media.stdio.obj
 0001:00001310       ?set_flag@RDataArchiver_OsDir@stdio@media@modules@UModSys@@UEAA?AW4eStates@?$TFlags4State@USMediaFlagUid@libmedia@UModSys@@I@tl@5@HW46785@@Z 0000000140002310 f i umodsys_lib_libmedia:umodsys.mod.media.stdio.obj
 0001:00001338       ?data_load@RDataArchiver_OsDir@stdio@media@modules@UModSys@@UEAA_NAEBU?$TString@U?$TSCoreConst@D@su@tl@UModSys@@U?$TComparerBinaryHash@D@234@@tl@5@AEAUSCMemShared@core@5@AEBUSFlags@libmedia@5@@Z 0000000140002338 f i umodsys_lib_libmedia:umodsys.mod.media.stdio.obj
 0001:00001398       ?data_save@RDataArchiver_OsDir@stdio@media@modules@UModSys@@UEAA_NAEBU?$TString@U?$TSCoreConst@D@su@tl@UModSys@@U?$TComparerBinaryHash@D@234@@tl@5@AEBUSCMem@core@5@AEBUSFlags@libmedia@5@@Z 0000000140002398 f i umodsys_lib_libmedia:umodsys.mod.media.stdio.obj
 0001:00001430       ?data_reader@RDataArchiver_OsDir@stdio@media@modules@UModSys@@UEAA?AU?$TRefObject@UIStreamReader@libmedia@UModSys@@U?$TRefObjectFunc@UIStreamReader@libmedia@UModSys@@@tl@3@@tl@5@AEBU?$TString@U?$TSCoreConst@D@su@tl@UModSys@@U?$TComparerBinaryHash@D@234@@75@AEBUSFlags@libmedia@5@@Z 0000000140002430 f i umodsys_lib_libmedia:umodsys.mod.media.stdio.obj
 0001:00001644       ?data_writer@RDataArchiver_OsDir@stdio@media@modules@UModSys@@UEAA?AU?$TRefObject@UIStreamWriter@libmedia@UModSys@@U?$TRefObjectFunc@UIStreamWriter@libmedia@UModSys@@@tl@3@@tl@5@AEBU?$TString@U?$TSCoreConst@D@su@tl@UModSys@@U?$TComparerBinaryHash@D@234@@75@AEBUSFlags@libmedia@5@@Z 0000000140002644 f i umodsys_lib_libmedia:umodsys.mod.media.stdio.obj
 0001:00001890       ?data_list@RDataArchiver_OsDir@stdio@media@modules@UModSys@@UEAA_NAEBU?$TString@U?$TSCoreConst@D@su@tl@UModSys@@U?$TComparerBinaryHash@D@234@@tl@5@AEAU?$TIStackSocket@USFileInfo@libmedia@UModSys@@@75@AEBUSFlags@libmedia@5@@Z 0000000140002890 f i umodsys_lib_libmedia:umodsys.mod.media.stdio.obj
 0001:000018e4       ?get_permissions@RDataArchiver_OsDir@stdio@media@modules@UModSys@@UEAAHXZ 00000001400028e4 f i umodsys_lib_libmedia:umodsys.mod.media.stdio.obj
 0001:000018e8       ??_ERDataArchiver_OsDir@stdio@media@modules@UModSys@@UEAAPEAXI@Z 00000001400028e8 f i  CIL library: CIL module
 0001:000018e8       ??_GRDataArchiver_OsDir@stdio@media@modules@UModSys@@UEAAPEAXI@Z 00000001400028e8 f i umodsys_lib_libmedia:umodsys.mod.media.stdio.obj
 0001:00001994       ?get_generated_names@RGenerator@stdio@media@modules@UModSys@@UEBAHAEAUSUniquePtrList@core@5@@Z 0000000140002994 f i umodsys_lib_libmedia:umodsys.mod.media.stdio.obj
 0001:000019d8       ?get_generated_types@RGenerator@stdio@media@modules@UModSys@@UEBAHAEAUSUniquePtrList@core@5@PEBUSUniquePointerInfo@75@@Z 00000001400029d8 f i umodsys_lib_libmedia:umodsys.mod.media.stdio.obj
 0001:00001aa4       ?generate@RGenerator@stdio@media@modules@UModSys@@UEAA_NAEAU?$TRefObject@UIRefObject@core@UModSys@@U?$TRefObjectFunc@UIRefObject@core@UModSys@@@tl@3@@tl@5@PEBUSUniquePointerInfo@core@5@AEBUSParameters@95@@Z 0000000140002aa4 f i umodsys_lib_libmedia:umodsys.mod.media.stdio.obj
 0001:00001c84       ?root_get_interface_info@RGenerator@stdio@media@modules@UModSys@@UEBAAEBUSUniquePointerInfo@core@5@XZ 0000000140002c84 f i umodsys_lib_libmedia:umodsys.mod.media.stdio.obj
 0001:00001c8c       ?root_get_interface_type@RGenerator@stdio@media@modules@UModSys@@UEBAPEBUSUniquePointerInfo@core@5@XZ 0000000140002c8c f i umodsys_lib_libmedia:umodsys.mod.media.stdio.obj
 0001:00001c94       ?root_get_other_interface@RGenerator@stdio@media@modules@UModSys@@UEAAPEAUIRoot@core@5@PEBUSUniquePointerInfo@75@@Z 0000000140002c94 f i umodsys_lib_libmedia:umodsys.mod.media.stdio.obj
 0001:00001c94       ?root_get_other_interface@RGenerator@stdio@media@modules@UModSys@@UEBAPEBUIRoot@core@5@PEBUSUniquePointerInfo@75@@Z 0000000140002c94 f i umodsys_lib_libmedia:umodsys.mod.media.stdio.obj
 0001:00001ccc       ?root_is_interface_supported@RGenerator@stdio@media@modules@UModSys@@UEBA_NPEBUSUniquePointerInfo@core@5@@Z 0000000140002ccc f i umodsys_lib_libmedia:umodsys.mod.media.stdio.obj
 0001:00001d04       ?ref_add@RConsole_std@rsystem@base@UModSys@@UEBAXXZ 0000000140002d04 f i umodsys_lib_basesys:umodsys.basesys.rconsole_std.obj
 0001:00001d04       ?suicide@RGenerator@stdio@media@modules@UModSys@@UEAAXXZ 0000000140002d04 f i umodsys_lib_libmedia:umodsys.mod.media.stdio.obj
 0001:00001d04       ?suicide@RGenerator@stdlib@media@modules@UModSys@@UEAAXXZ 0000000140002d04 f i umodsys_lib_libmedia:umodsys.mod.media.stdlib.obj
 0001:00001d04       ?ref_remove@RConsole_std@rsystem@base@UModSys@@UEBAXXZ 0000000140002d04 f i umodsys_lib_basesys:umodsys.basesys.rconsole_std.obj
 0001:00001d04       ??3@YAXPEAX0@Z             0000000140002d04 f i umodsys_lib_libmedia:umodsys.mod.media.stdio.obj
 0001:00001d08       ?get_uid@RGenerator@stdio@media@modules@UModSys@@UEBAPEBUSUniquePointerInfo@core@5@XZ 0000000140002d08 f i umodsys_lib_libmedia:umodsys.mod.media.stdio.obj
 0001:00001d10       ?do_open@RModuleReg@stdio@media@modules@UModSys@@UEAA_NXZ 0000000140002d10 f i umodsys_lib_libmedia:umodsys.mod.media.stdio.obj
 0001:00001d84       ?do_close@RModuleReg@stdio@media@modules@UModSys@@UEAA_NXZ 0000000140002d84 f i umodsys_lib_libmedia:umodsys.mod.media.stdio.obj
 0001:00001dd4       ?get_module@RGenerator@stdio@media@modules@UModSys@@UEBAPEAUIModule@base@5@XZ 0000000140002dd4 f   umodsys_lib_libmedia:umodsys.mod.media.stdio.obj
 0001:00001ddc       ?mod_inc@RGenerator@stdio@media@modules@UModSys@@UEBA_NXZ 0000000140002ddc f   umodsys_lib_libmedia:umodsys.mod.media.stdio.obj
 0001:00001dec       ?mod_dec@RGenerator@stdio@media@modules@UModSys@@UEBA_NXZ 0000000140002dec f   umodsys_lib_libmedia:umodsys.mod.media.stdio.obj
 0001:00001e00       ?s_holder@RGenerator@stdio@media@modules@UModSys@@SAAEAU?$TTypeStaticHolder@URGenerator@stdio@media@modules@UModSys@@@tl@5@XZ 0000000140002e00 f   umodsys_lib_libmedia:umodsys.mod.media.stdio.obj
 0001:00001e44       ??1?$TRefObject@UIBinArchive@libmedia@UModSys@@U?$TRefObjectFunc@UIBinArchive@libmedia@UModSys@@@tl@3@@tl@UModSys@@QEAA@XZ 0000000140002e44 f i umodsys_lib_libmedia:umodsys.mod.media.stdlib.obj
 0001:00001e44       ??1?$TRefObject@URParameters@rsystem@base@UModSys@@U?$TRefObjectFunc@URParameters@rsystem@base@UModSys@@@tl@4@@tl@UModSys@@QEAA@XZ 0000000140002e44 f i umodsys_lib_basesys:umodsys.basesys.rsystem_main.obj
 0001:00001e44       ??1?$TRefObject@UIStreamReader@libmedia@UModSys@@U?$TRefObjectFunc@UIStreamReader@libmedia@UModSys@@@tl@3@@tl@UModSys@@QEAA@XZ 0000000140002e44 f i umodsys_lib_libmedia:umodsys.mod.media.stdio.obj
 0001:00001e44       ??1?$TRefObject@UIModuleLibraryUni@rsystem@base@UModSys@@U?$TRefObjectFunc@UIModuleLibraryUni@rsystem@base@UModSys@@@tl@4@@tl@UModSys@@QEAA@XZ 0000000140002e44 f i umodsys_lib_basesys:umodsys.basesys.rmodule.obj
 0001:00001e44       ??1?$TRefObject@UIShell@base@UModSys@@U?$TRefObjectFunc@UIShell@base@UModSys@@@tl@3@@tl@UModSys@@QEAA@XZ 0000000140002e44 f i umodsys_lib_basesys:umodsys.basesys.rsystem_tests.obj
 0001:00001e44       ??1?$TRefObject@UIStreamWriter@libmedia@UModSys@@U?$TRefObjectFunc@UIStreamWriter@libmedia@UModSys@@@tl@3@@tl@UModSys@@QEAA@XZ 0000000140002e44 f i umodsys_lib_libmedia:umodsys.mod.media.stdio.obj
 0001:00001e44       ??1?$TRefObject@URLibraryBinCache@stdlib@media@modules@UModSys@@U?$TRefObjectFunc@URLibraryBinCache@stdlib@media@modules@UModSys@@@tl@5@@tl@UModSys@@QEAA@XZ 0000000140002e44 f i umodsys_lib_libmedia:umodsys.mod.media.stdlib.obj
 0001:00001e44       ??1?$TRefObject@URModuleLibrarySO@rsystem@base@UModSys@@U?$TRefObjectFunc@URModuleLibrarySO@rsystem@base@UModSys@@@tl@4@@tl@UModSys@@QEAA@XZ 0000000140002e44 f i umodsys_lib_basesys:umodsys.basesys.rmoduleloader.obj
 0001:00001e44       ??1?$TRefObject@UIBinObjFilter@libmedia@UModSys@@U?$TRefObjectFunc@UIBinObjFilter@libmedia@UModSys@@@tl@3@@tl@UModSys@@QEAA@XZ 0000000140002e44 f i umodsys_lib_libmedia:umodsys.mod.media.stdlib.obj
 0001:00001e44       ??1?$TRefObject@URUtilities@stdlib@media@modules@UModSys@@U?$TRefObjectFunc@URUtilities@stdlib@media@modules@UModSys@@@tl@5@@tl@UModSys@@QEAA@XZ 0000000140002e44 f i umodsys_lib_libmedia:umodsys.mod.media.stdlib.obj
 0001:00001e44       ??1?$TRefObject@URBinArchiveFrame@stdlib@media@modules@UModSys@@U?$TRefObjectFunc@URBinArchiveFrame@stdlib@media@modules@UModSys@@@tl@5@@tl@UModSys@@QEAA@XZ 0000000140002e44 f i umodsys_lib_libmedia:umodsys.mod.media.stdlib.obj
 0001:00001e44       ??1?$TRefObject@URLibraryObjCache@stdlib@media@modules@UModSys@@U?$TRefObjectFunc@URLibraryObjCache@stdlib@media@modules@UModSys@@@tl@5@@tl@UModSys@@QEAA@XZ 0000000140002e44 f i umodsys_lib_libmedia:umodsys.mod.media.stdlib.obj
 0001:00001e44       ??1?$TRefObject@UIRefObject@core@UModSys@@U?$TRefObjectFunc@UIRefObject@core@UModSys@@@tl@3@@tl@UModSys@@QEAA@XZ 0000000140002e44 f i umodsys_lib_libmedia:umodsys.mod.media.stdlib.obj
 0001:00001e44       ??1?$TRefObject@URStreamReader_FILE@stdio@media@modules@UModSys@@U?$TRefObjectFunc@URStreamReader_FILE@stdio@media@modules@UModSys@@@tl@5@@tl@UModSys@@QEAA@XZ 0000000140002e44 f i umodsys_lib_libmedia:umodsys.mod.media.stdio.obj
 0001:00001e44       ??1?$TRefObject@URLibraryLayered@stdlib@media@modules@UModSys@@U?$TRefObjectFunc@URLibraryLayered@stdlib@media@modules@UModSys@@@tl@5@@tl@UModSys@@QEAA@XZ 0000000140002e44 f i umodsys_lib_libmedia:umodsys.mod.media.stdlib.obj
 0001:00001e44       ??1?$TRefObject@UILibrary@libmedia@UModSys@@U?$TRefObjectFunc@UILibrary@libmedia@UModSys@@@tl@3@@tl@UModSys@@QEAA@XZ 0000000140002e44 f i umodsys_lib_libmedia:umodsys.mod.media.stdlib.obj
 0001:00001e44       ??1?$TRefObject@URLibraryObjFilter@stdlib@media@modules@UModSys@@U?$TRefObjectFunc@URLibraryObjFilter@stdlib@media@modules@UModSys@@@tl@5@@tl@UModSys@@QEAA@XZ 0000000140002e44 f i umodsys_lib_libmedia:umodsys.mod.media.stdlib.obj
 0001:00001e44       ??1?$TRefObject@URLibraryBinTree@stdlib@media@modules@UModSys@@U?$TRefObjectFunc@URLibraryBinTree@stdlib@media@modules@UModSys@@@tl@5@@tl@UModSys@@QEAA@XZ 0000000140002e44 f i umodsys_lib_libmedia:umodsys.mod.media.stdlib.obj
 0001:00001e44       ??1?$TRefObject@UIClient@IBinArchiveFrame@libmedia@UModSys@@U?$TRefObjectFunc@UIClient@IBinArchiveFrame@libmedia@UModSys@@@tl@4@@tl@UModSys@@QEAA@XZ 0000000140002e44 f i umodsys_lib_libmedia:umodsys.mod.media.stdlib.obj
 0001:00001e44       ??1?$TRefObject@URDataArchiver_OsDir@stdio@media@modules@UModSys@@U?$TRefObjectFunc@URDataArchiver_OsDir@stdio@media@modules@UModSys@@@tl@5@@tl@UModSys@@QEAA@XZ 0000000140002e44 f i umodsys_lib_libmedia:umodsys.mod.media.stdio.obj
 0001:00001e44       ??1SFilter@RLibraryObjFilter@stdlib@media@modules@UModSys@@QEAA@XZ 0000000140002e44 f i umodsys_lib_libmedia:umodsys.mod.media.stdlib.obj
 0001:00001e44       ??1?$TRefObject@URStreamWriter_FILE@stdio@media@modules@UModSys@@U?$TRefObjectFunc@URStreamWriter_FILE@stdio@media@modules@UModSys@@@tl@5@@tl@UModSys@@QEAA@XZ 0000000140002e44 f i umodsys_lib_libmedia:umodsys.mod.media.stdio.obj
 0001:00001e68       ?set@?$TSCoreShared@USIMemAlloc@core@UModSys@@D@su@tl@UModSys@@QEAAXPEBD_K@Z 0000000140002e68 f i umodsys_lib_libmedia:umodsys.mod.media.stdio.obj
 0001:00001f28       ??$t_gen_param@URStreamWriter_FILE@stdio@media@modules@UModSys@@URGenerator@2345@@IGenerator@base@UModSys@@IEAA_NPEAURGenerator@stdio@media@modules@2@AEAU?$TRefObject@UIRefObject@core@UModSys@@U?$TRefObjectFunc@UIRefObject@core@UModSys@@@tl@3@@tl@2@PEBUSUniquePointerInfo@core@2@AEBUSParameters@core@2@@Z 0000000140002f28 f i umodsys_lib_libmedia:umodsys.mod.media.stdio.obj
 0001:0000201c       ??1?$TRefObject@UIModObject@base@UModSys@@U?$TModObjectFunc@UIModObject@base@UModSys@@@tl@3@@tl@UModSys@@QEAA@XZ 000000014000301c f i umodsys_lib_libmedia:umodsys.mod.media.stdio.obj
 0001:00002048       ??1SCMemShared@core@UModSys@@QEAA@XZ 0000000140003048 f i umodsys_lib_libmedia:umodsys.mod.media.stdlib.obj
 0001:00002048       ??1SInfo@IBinObjFilter@libmedia@UModSys@@QEAA@XZ 0000000140003048 f i umodsys_lib_libmedia:umodsys.mod.media.stdlib.obj
 0001:00002048       ??1SMemShared@core@UModSys@@QEAA@XZ 0000000140003048 f i umodsys_lib_libmedia:umodsys.mod.media.stdio.obj
 0001:00002078       ??$utf_cmp_nocase@D@su@tl@UModSys@@YAHPEBD0_K@Z 0000000140003078 f i umodsys_lib_libmedia:umodsys.mod.media.stdlib.obj
 0001:00002178       ??1SFileInfo@libmedia@UModSys@@QEAA@XZ 0000000140003178 f i umodsys_lib_libmedia:umodsys.mod.media.stdlib.obj
 0001:00002218       ?get_flag@RResolverChain@SFlagsChain@libmedia@UModSys@@UEBA?AW4eStates@?$TFlags4State@USMediaFlagUid@libmedia@UModSys@@I@tl@4@H@Z 0000000140003218 f i umodsys_lib_libmedia:umodsys.mod.media.stdlib.obj
 0001:00002258       ?bin_reader@ILibrary@libmedia@UModSys@@QEAA?AU?$TRefObject@UIStreamReader@libmedia@UModSys@@U?$TRefObjectFunc@UIStreamReader@libmedia@UModSys@@@tl@3@@tl@3@AEBU?$TString@U?$TSCoreConst@D@su@tl@UModSys@@U?$TComparerBinaryHash@D@234@@53@AEBU?$TFlags4State@USMediaFlagUid@libmedia@UModSys@@I@53@@Z 0000000140003258 f i umodsys_lib_libmedia:umodsys.mod.media.stdlib.obj
 0001:00002294       ?bin_writer@ILibrary@libmedia@UModSys@@QEAA?AU?$TRefObject@UIStreamWriter@libmedia@UModSys@@U?$TRefObjectFunc@UIStreamWriter@libmedia@UModSys@@@tl@3@@tl@3@AEBU?$TString@U?$TSCoreConst@D@su@tl@UModSys@@U?$TComparerBinaryHash@D@234@@53@AEBU?$TFlags4State@USMediaFlagUid@libmedia@UModSys@@I@53@@Z 0000000140003294 f i umodsys_lib_libmedia:umodsys.mod.media.stdlib.obj
 0001:000022d0       ??1SPoint@ILibraryBinTree@libmedia@UModSys@@QEAA@XZ 00000001400032d0 f i umodsys_lib_libmedia:umodsys.mod.media.stdlib.obj
 0001:000022d0       ??1SLayer@ILibraryLayered@libmedia@UModSys@@QEAA@XZ 00000001400032d0 f i umodsys_lib_libmedia:umodsys.mod.media.stdlib.obj
 0001:000022f4       ??0NameNodeCmpUC@IBinArchiveFrame@libmedia@UModSys@@QEAA@AEBU?$TString@U?$TSCoreConst@D@su@tl@UModSys@@U?$TComparerBinaryHash@D@234@@tl@3@@Z 00000001400032f4 f i umodsys_lib_libmedia:umodsys.mod.media.stdlib.obj
 0001:00002370       ?root_get_interface_info@RUtilities@stdlib@media@modules@UModSys@@UEBAAEBUSUniquePointerInfo@core@5@XZ 0000000140003370 f i umodsys_lib_libmedia:umodsys.mod.media.stdlib.obj
 0001:00002378       ?root_get_interface_type@RUtilities@stdlib@media@modules@UModSys@@UEBAPEBUSUniquePointerInfo@core@5@XZ 0000000140003378 f i umodsys_lib_libmedia:umodsys.mod.media.stdlib.obj
 0001:00002380       ?root_get_other_interface@RUtilities@stdlib@media@modules@UModSys@@UEBAPEBUIRoot@core@5@PEBUSUniquePointerInfo@75@@Z 0000000140003380 f i umodsys_lib_libmedia:umodsys.mod.media.stdlib.obj
 0001:00002380       ?root_get_other_interface@RUtilities@stdlib@media@modules@UModSys@@UEAAPEAUIRoot@core@5@PEBUSUniquePointerInfo@75@@Z 0000000140003380 f i umodsys_lib_libmedia:umodsys.mod.media.stdlib.obj
 0001:000023b0       ?root_is_interface_supported@RUtilities@stdlib@media@modules@UModSys@@UEBA_NPEBUSUniquePointerInfo@core@5@@Z 00000001400033b0 f i umodsys_lib_libmedia:umodsys.mod.media.stdlib.obj
 0001:000023e0       ?suicide@RStreamReader_FILE@stdio@media@modules@UModSys@@UEAAXXZ 00000001400033e0 f i umodsys_lib_libmedia:umodsys.mod.media.stdio.obj
 0001:000023e0       ?suicide@RUtilities@stdlib@media@modules@UModSys@@UEAAXXZ 00000001400033e0 f i umodsys_lib_libmedia:umodsys.mod.media.stdlib.obj
 0001:000023e0       ?suicide@RStreamWriter_FILE@stdio@media@modules@UModSys@@UEAAXXZ 00000001400033e0 f i umodsys_lib_libmedia:umodsys.mod.media.stdio.obj
 0001:0000242c       ?root_get_interface_info@RBinArchiveFrame@stdlib@media@modules@UModSys@@UEBAAEBUSUniquePointerInfo@core@5@XZ 000000014000342c f i umodsys_lib_libmedia:umodsys.mod.media.stdlib.obj
 0001:00002434       ?root_get_interface_type@RBinArchiveFrame@stdlib@media@modules@UModSys@@UEBAPEBUSUniquePointerInfo@core@5@XZ 0000000140003434 f i umodsys_lib_libmedia:umodsys.mod.media.stdlib.obj
 0001:0000243c       ?root_get_other_interface@RBinArchiveFrame@stdlib@media@modules@UModSys@@UEBAPEBUIRoot@core@5@PEBUSUniquePointerInfo@75@@Z 000000014000343c f i umodsys_lib_libmedia:umodsys.mod.media.stdlib.obj
 0001:0000243c       ?root_get_other_interface@RBinArchiveFrame@stdlib@media@modules@UModSys@@UEAAPEAUIRoot@core@5@PEBUSUniquePointerInfo@75@@Z 000000014000343c f i umodsys_lib_libmedia:umodsys.mod.media.stdlib.obj
 0001:00002480       ?root_is_interface_supported@RBinArchiveFrame@stdlib@media@modules@UModSys@@UEBA_NPEBUSUniquePointerInfo@core@5@@Z 0000000140003480 f i umodsys_lib_libmedia:umodsys.mod.media.stdlib.obj
 0001:000024c0       ?ref_add@RBinArchiveFrame@stdlib@media@modules@UModSys@@UEBAXXZ 00000001400034c0 f i umodsys_lib_libmedia:umodsys.mod.media.stdlib.obj
 0001:000024c4       ?ref_remove@RBinArchiveFrame@stdlib@media@modules@UModSys@@UEBAXXZ 00000001400034c4 f i umodsys_lib_libmedia:umodsys.mod.media.stdlib.obj
 0001:000024dc       ?ref_links@RBinArchiveFrame@stdlib@media@modules@UModSys@@UEBAHXZ 00000001400034dc f i umodsys_lib_libmedia:umodsys.mod.media.stdlib.obj
 0001:000024e0       ?ref_weak@RBinArchiveFrame@stdlib@media@modules@UModSys@@UEBA_NAEAUWeakPointer@IRefObject@core@5@@Z 00000001400034e0 f i umodsys_lib_libmedia:umodsys.mod.media.stdlib.obj
 0001:00002500       ?suicide@RBinArchiveFrame@stdlib@media@modules@UModSys@@UEAAXXZ 0000000140003500 f i umodsys_lib_libmedia:umodsys.mod.media.stdlib.obj
 0001:0000254c       ??RNN_Add@RBinArchiveFrame@stdlib@media@modules@UModSys@@QEBAPEAUNameNode@IBinArchiveFrame@libmedia@5@AEAUNameNodeCmpUC@785@@Z 000000014000354c f i umodsys_lib_libmedia:umodsys.mod.media.stdlib.obj
 0001:000026ac       ??RNN_Add@RBinArchiveFrame@stdlib@media@modules@UModSys@@QEBAPEAUNameNode@IBinArchiveFrame@libmedia@5@AEAUNameNodeCmpC@785@@Z 00000001400036ac f i umodsys_lib_libmedia:umodsys.mod.media.stdlib.obj
 0001:00002810       ?root_get_interface_info@RLibraryBinTree@stdlib@media@modules@UModSys@@UEBAAEBUSUniquePointerInfo@core@5@XZ 0000000140003810 f i umodsys_lib_libmedia:umodsys.mod.media.stdlib.obj
 0001:00002818       ?root_get_interface_type@RLibraryBinTree@stdlib@media@modules@UModSys@@UEBAPEBUSUniquePointerInfo@core@5@XZ 0000000140003818 f i umodsys_lib_libmedia:umodsys.mod.media.stdlib.obj
 0001:00002820       ?root_get_other_interface@RLibraryBinTree@stdlib@media@modules@UModSys@@UEBAPEBUIRoot@core@5@PEBUSUniquePointerInfo@75@@Z 0000000140003820 f i umodsys_lib_libmedia:umodsys.mod.media.stdlib.obj
 0001:00002820       ?root_get_other_interface@RLibraryBinTree@stdlib@media@modules@UModSys@@UEAAPEAUIRoot@core@5@PEBUSUniquePointerInfo@75@@Z 0000000140003820 f i umodsys_lib_libmedia:umodsys.mod.media.stdlib.obj
 0001:00002864       ?root_is_interface_supported@RLibraryBinTree@stdlib@media@modules@UModSys@@UEBA_NPEBUSUniquePointerInfo@core@5@@Z 0000000140003864 f i umodsys_lib_libmedia:umodsys.mod.media.stdlib.obj
 0001:000028a4       ?ref_links@RParameters@rsystem@base@UModSys@@UEBAHXZ 00000001400038a4 f i umodsys_lib_basesys:umodsys.basesys.rparameters.obj
 0001:000028a4       ?ref_links@RLibraryObjCache@stdlib@media@modules@UModSys@@UEBAHXZ 00000001400038a4 f i umodsys_lib_libmedia:umodsys.mod.media.stdlib.obj
 0001:000028a4       ?ref_links@RDataArchiver_OsDir@stdio@media@modules@UModSys@@UEBAHXZ 00000001400038a4 f i umodsys_lib_libmedia:umodsys.mod.media.stdio.obj
 0001:000028a4       ?ref_links@RLibraryObjFilter@stdlib@media@modules@UModSys@@UEBAHXZ 00000001400038a4 f i umodsys_lib_libmedia:umodsys.mod.media.stdlib.obj
 0001:000028a4       ?ref_links@RLibraryBinTree@stdlib@media@modules@UModSys@@UEBAHXZ 00000001400038a4 f i umodsys_lib_libmedia:umodsys.mod.media.stdlib.obj
 0001:000028a4       ?ref_links@RLibraryBinCache@stdlib@media@modules@UModSys@@UEBAHXZ 00000001400038a4 f i umodsys_lib_libmedia:umodsys.mod.media.stdlib.obj
 0001:000028a4       ?ref_links@RLibraryLayered@stdlib@media@modules@UModSys@@UEBAHXZ 00000001400038a4 f i umodsys_lib_libmedia:umodsys.mod.media.stdlib.obj
 0001:000028a8       ?root_get_interface_info@RLibraryBinCache@stdlib@media@modules@UModSys@@UEBAAEBUSUniquePointerInfo@core@5@XZ 00000001400038a8 f i umodsys_lib_libmedia:umodsys.mod.media.stdlib.obj
 0001:000028b0       ?root_get_interface_type@RLibraryBinCache@stdlib@media@modules@UModSys@@UEBAPEBUSUniquePointerInfo@core@5@XZ 00000001400038b0 f i umodsys_lib_libmedia:umodsys.mod.media.stdlib.obj
 0001:000028b8       ?root_get_other_interface@RLibraryBinCache@stdlib@media@modules@UModSys@@UEBAPEBUIRoot@core@5@PEBUSUniquePointerInfo@75@@Z 00000001400038b8 f i umodsys_lib_libmedia:umodsys.mod.media.stdlib.obj
 0001:000028b8       ?root_get_other_interface@RLibraryBinCache@stdlib@media@modules@UModSys@@UEAAPEAUIRoot@core@5@PEBUSUniquePointerInfo@75@@Z 00000001400038b8 f i umodsys_lib_libmedia:umodsys.mod.media.stdlib.obj
 0001:000028fc       ?root_is_interface_supported@RLibraryBinCache@stdlib@media@modules@UModSys@@UEBA_NPEBUSUniquePointerInfo@core@5@@Z 00000001400038fc f i umodsys_lib_libmedia:umodsys.mod.media.stdlib.obj
 0001:0000293c       ?ref_add@RLibraryBinTree@stdlib@media@modules@UModSys@@UEBAXXZ 000000014000393c f i umodsys_lib_libmedia:umodsys.mod.media.stdlib.obj
 0001:0000293c       ?ref_add@RLibraryLayered@stdlib@media@modules@UModSys@@UEBAXXZ 000000014000393c f i umodsys_lib_libmedia:umodsys.mod.media.stdlib.obj
 0001:0000293c       ?ref_add@RLibraryObjFilter@stdlib@media@modules@UModSys@@UEBAXXZ 000000014000393c f i umodsys_lib_libmedia:umodsys.mod.media.stdlib.obj
 0001:0000293c       ?ref_add@RParameters@rsystem@base@UModSys@@UEBAXXZ 000000014000393c f i umodsys_lib_basesys:umodsys.basesys.rparameters.obj
 0001:0000293c       ?ref_add@RDataArchiver_OsDir@stdio@media@modules@UModSys@@UEBAXXZ 000000014000393c f i umodsys_lib_libmedia:umodsys.mod.media.stdio.obj
 0001:0000293c       ?ref_add@RLibraryBinCache@stdlib@media@modules@UModSys@@UEBAXXZ 000000014000393c f i umodsys_lib_libmedia:umodsys.mod.media.stdlib.obj
 0001:0000293c       ?ref_add@RLibraryObjCache@stdlib@media@modules@UModSys@@UEBAXXZ 000000014000393c f i umodsys_lib_libmedia:umodsys.mod.media.stdlib.obj
 0001:00002940       ?ref_weak@RLibraryObjCache@stdlib@media@modules@UModSys@@UEBA_NAEAUWeakPointer@IRefObject@core@5@@Z 0000000140003940 f i umodsys_lib_libmedia:umodsys.mod.media.stdlib.obj
 0001:00002940       ?ref_weak@RParameters@rsystem@base@UModSys@@UEBA_NAEAUWeakPointer@IRefObject@core@4@@Z 0000000140003940 f i umodsys_lib_basesys:umodsys.basesys.rparameters.obj
 0001:00002940       ?ref_weak@RDataArchiver_OsDir@stdio@media@modules@UModSys@@UEBA_NAEAUWeakPointer@IRefObject@core@5@@Z 0000000140003940 f i umodsys_lib_libmedia:umodsys.mod.media.stdio.obj
 0001:00002940       ?ref_weak@RLibraryBinCache@stdlib@media@modules@UModSys@@UEBA_NAEAUWeakPointer@IRefObject@core@5@@Z 0000000140003940 f i umodsys_lib_libmedia:umodsys.mod.media.stdlib.obj
 0001:00002940       ?ref_weak@RLibraryObjFilter@stdlib@media@modules@UModSys@@UEBA_NAEAUWeakPointer@IRefObject@core@5@@Z 0000000140003940 f i umodsys_lib_libmedia:umodsys.mod.media.stdlib.obj
 0001:00002940       ?ref_weak@RLibraryLayered@stdlib@media@modules@UModSys@@UEBA_NAEAUWeakPointer@IRefObject@core@5@@Z 0000000140003940 f i umodsys_lib_libmedia:umodsys.mod.media.stdlib.obj
 0001:00002940       ?ref_weak@RLibraryBinTree@stdlib@media@modules@UModSys@@UEBA_NAEAUWeakPointer@IRefObject@core@5@@Z 0000000140003940 f i umodsys_lib_libmedia:umodsys.mod.media.stdlib.obj
 0001:00002960       ?get_flags_auto@RLibraryBinCache@stdlib@media@modules@UModSys@@UEBA?AU?$TFlags4State@USMediaFlagUid@libmedia@UModSys@@I@tl@5@XZ 0000000140003960 f i umodsys_lib_libmedia:umodsys.mod.media.stdlib.obj
 0001:0000296c       ?bin_load@RLibraryBinCache@stdlib@media@modules@UModSys@@UEAA_NAEBU?$TString@U?$TSCoreConst@D@su@tl@UModSys@@U?$TComparerBinaryHash@D@234@@tl@5@AEAUSCMemShared@core@5@AEBUSFlags@libmedia@5@@Z 000000014000396c f i umodsys_lib_libmedia:umodsys.mod.media.stdlib.obj
 0001:00002a90       ?bin_put@RLibraryBinCache@stdlib@media@modules@UModSys@@UEAA_NAEBU?$TString@U?$TSCoreConst@D@su@tl@UModSys@@U?$TComparerBinaryHash@D@234@@tl@5@PEBUSCMemShared@core@5@@Z 0000000140003a90 f i umodsys_lib_libmedia:umodsys.mod.media.stdlib.obj
 0001:00002ab0       ?bincache_get@RLibraryBinCache@stdlib@media@modules@UModSys@@UEBA_NAEBU?$TString@U?$TSCoreConst@D@su@tl@UModSys@@U?$TComparerBinaryHash@D@234@@tl@5@PEAUSCMemShared@core@5@PEA_N@Z 0000000140003ab0 f i umodsys_lib_libmedia:umodsys.mod.media.stdlib.obj
 0001:00002b68       ?bincache_add@RLibraryBinCache@stdlib@media@modules@UModSys@@UEAA_NAEBU?$TString@U?$TSCoreConst@D@su@tl@UModSys@@U?$TComparerBinaryHash@D@234@@tl@5@@Z 0000000140003b68 f i umodsys_lib_libmedia:umodsys.mod.media.stdlib.obj
 0001:00002b90       ?bincache_add@RLibraryBinCache@stdlib@media@modules@UModSys@@UEAA_NAEBU?$TString@U?$TSCoreConst@D@su@tl@UModSys@@U?$TComparerBinaryHash@D@234@@tl@5@AEBUSCMemShared@core@5@@Z 0000000140003b90 f i umodsys_lib_libmedia:umodsys.mod.media.stdlib.obj
 0001:00002b98       ?bincache_remove@RLibraryBinCache@stdlib@media@modules@UModSys@@UEAA_NAEBU?$TString@U?$TSCoreConst@D@su@tl@UModSys@@U?$TComparerBinaryHash@D@234@@tl@5@@Z 0000000140003b98 f i umodsys_lib_libmedia:umodsys.mod.media.stdlib.obj
 0001:00002bc4       ?bincache_clear@RLibraryBinCache@stdlib@media@modules@UModSys@@UEAA_NXZ 0000000140003bc4 f i umodsys_lib_libmedia:umodsys.mod.media.stdlib.obj
 0001:00002c38       ?bincache_add@RLibraryBinCache@stdlib@media@modules@UModSys@@QEAA_NAEBU?$TString@U?$TSCoreConst@D@su@tl@UModSys@@U?$TComparerBinaryHash@D@234@@tl@5@AEBUSCMemShared@core@5@_N@Z 0000000140003c38 f i umodsys_lib_libmedia:umodsys.mod.media.stdlib.obj
 0001:00002de0       ??_ERLibraryBinCache@stdlib@media@modules@UModSys@@UEAAPEAXI@Z 0000000140003de0 f i  CIL library: CIL module
 0001:00002de0       ??_GRLibraryBinCache@stdlib@media@modules@UModSys@@UEAAPEAXI@Z 0000000140003de0 f i umodsys_lib_libmedia:umodsys.mod.media.stdlib.obj
 0001:00002ea4       ?root_get_interface_info@RLibraryLayered@stdlib@media@modules@UModSys@@UEBAAEBUSUniquePointerInfo@core@5@XZ 0000000140003ea4 f i umodsys_lib_libmedia:umodsys.mod.media.stdlib.obj
 0001:00002eac       ?root_get_interface_type@RLibraryLayered@stdlib@media@modules@UModSys@@UEBAPEBUSUniquePointerInfo@core@5@XZ 0000000140003eac f i umodsys_lib_libmedia:umodsys.mod.media.stdlib.obj
 0001:00002eb4       ?root_get_other_interface@RLibraryLayered@stdlib@media@modules@UModSys@@UEAAPEAUIRoot@core@5@PEBUSUniquePointerInfo@75@@Z 0000000140003eb4 f i umodsys_lib_libmedia:umodsys.mod.media.stdlib.obj
 0001:00002eb4       ?root_get_other_interface@RLibraryLayered@stdlib@media@modules@UModSys@@UEBAPEBUIRoot@core@5@PEBUSUniquePointerInfo@75@@Z 0000000140003eb4 f i umodsys_lib_libmedia:umodsys.mod.media.stdlib.obj
 0001:00002ef8       ?root_is_interface_supported@RLibraryLayered@stdlib@media@modules@UModSys@@UEBA_NPEBUSUniquePointerInfo@core@5@@Z 0000000140003ef8 f i umodsys_lib_libmedia:umodsys.mod.media.stdlib.obj
 0001:00002f38       ?get_flag@RLibraryLayered@stdlib@media@modules@UModSys@@UEBA?AW4eStates@?$TFlags4State@USMediaFlagUid@libmedia@UModSys@@I@tl@5@H@Z 0000000140003f38 f i umodsys_lib_libmedia:umodsys.mod.media.stdlib.obj
 0001:00002f44       ?get_flags_auto@RLibraryLayered@stdlib@media@modules@UModSys@@UEBA?AU?$TFlags4State@USMediaFlagUid@libmedia@UModSys@@I@tl@5@XZ 0000000140003f44 f i umodsys_lib_libmedia:umodsys.mod.media.stdlib.obj
 0001:00002f50       ?set_flag@RLibraryLayered@stdlib@media@modules@UModSys@@UEAA?AW4eStates@?$TFlags4State@USMediaFlagUid@libmedia@UModSys@@I@tl@5@HW46785@@Z 0000000140003f50 f i umodsys_lib_libmedia:umodsys.mod.media.stdlib.obj
 0001:00002f78       ?bin_reader@RLibraryLayered@stdlib@media@modules@UModSys@@UEAA?AU?$TRefObject@UIStreamReader@libmedia@UModSys@@U?$TRefObjectFunc@UIStreamReader@libmedia@UModSys@@@tl@3@@tl@5@AEBU?$TString@U?$TSCoreConst@D@su@tl@UModSys@@U?$TComparerBinaryHash@D@234@@75@AEBUSFlags@libmedia@5@@Z 0000000140003f78 f i umodsys_lib_libmedia:umodsys.mod.media.stdlib.obj
 0001:00003060       ?bin_writer@RLibraryLayered@stdlib@media@modules@UModSys@@UEAA?AU?$TRefObject@UIStreamWriter@libmedia@UModSys@@U?$TRefObjectFunc@UIStreamWriter@libmedia@UModSys@@@tl@3@@tl@5@AEBU?$TString@U?$TSCoreConst@D@su@tl@UModSys@@U?$TComparerBinaryHash@D@234@@75@AEBUSFlags@libmedia@5@@Z 0000000140004060 f i umodsys_lib_libmedia:umodsys.mod.media.stdlib.obj
 0001:00003148       ?bin_load@RLibraryLayered@stdlib@media@modules@UModSys@@UEAA_NAEBU?$TString@U?$TSCoreConst@D@su@tl@UModSys@@U?$TComparerBinaryHash@D@234@@tl@5@AEAUSCMemShared@core@5@AEBUSFlags@libmedia@5@@Z 0000000140004148 f i umodsys_lib_libmedia:umodsys.mod.media.stdlib.obj
 0001:000033f0       ?bin_save@RLibraryLayered@stdlib@media@modules@UModSys@@UEAA_NAEBU?$TString@U?$TSCoreConst@D@su@tl@UModSys@@U?$TComparerBinaryHash@D@234@@tl@5@AEBUSCMem@core@5@AEBUSFlags@libmedia@5@@Z 00000001400043f0 f i umodsys_lib_libmedia:umodsys.mod.media.stdlib.obj
 0001:0000364c       ?bin_info@RLibraryLayered@stdlib@media@modules@UModSys@@UEAA_NAEBU?$TString@U?$TSCoreConst@D@su@tl@UModSys@@U?$TComparerBinaryHash@D@234@@tl@5@AEAUSFileInfo@libmedia@5@AEBUSFlags@95@@Z 000000014000464c f i umodsys_lib_libmedia:umodsys.mod.media.stdlib.obj
 0001:000036fc       ?bin_info@RLibraryLayered@stdlib@media@modules@UModSys@@UEAA_NAEBU?$TString@U?$TSCoreConst@D@su@tl@UModSys@@U?$TComparerBinaryHash@D@234@@tl@5@AEAU?$TIStackSocket@USFileInfo@libmedia@UModSys@@@75@AEBUSFlags@libmedia@5@@Z 00000001400046fc f i umodsys_lib_libmedia:umodsys.mod.media.stdlib.obj
 0001:000037c0       ?bin_get@RLibraryLayered@stdlib@media@modules@UModSys@@UEAA_NAEBU?$TString@U?$TSCoreConst@D@su@tl@UModSys@@U?$TComparerBinaryHash@D@234@@tl@5@AEAUSCMemShared@core@5@_N@Z 00000001400047c0 f i umodsys_lib_libmedia:umodsys.mod.media.stdlib.obj
 0001:00003844       ?bin_put@RLibraryLayered@stdlib@media@modules@UModSys@@UEAA_NAEBU?$TString@U?$TSCoreConst@D@su@tl@UModSys@@U?$TComparerBinaryHash@D@234@@tl@5@PEBUSCMemShared@core@5@@Z 0000000140004844 f i umodsys_lib_libmedia:umodsys.mod.media.stdlib.obj
 0001:000038b4       ?obj_fget@RLibraryLayered@stdlib@media@modules@UModSys@@UEAA_NAEBUSInfo@IBinObjFilter@libmedia@5@AEAU?$TRefObject@UIRefObject@core@UModSys@@U?$TRefObjectFunc@UIRefObject@core@UModSys@@@tl@3@@tl@5@@Z 00000001400048b4 f i umodsys_lib_libmedia:umodsys.mod.media.stdlib.obj
 0001:00003924       ?obj_fload@RLibraryLayered@stdlib@media@modules@UModSys@@UEAA_NAEBUSInfo@IBinObjFilter@libmedia@5@PEAUIRefObject@core@5@@Z 0000000140004924 f i umodsys_lib_libmedia:umodsys.mod.media.stdlib.obj
 0001:00003994       ?obj_fsave@RLibraryLayered@stdlib@media@modules@UModSys@@UEAA_NAEAUSInfo@IBinObjFilter@libmedia@5@PEBUIRefObject@core@5@@Z 0000000140004994 f i umodsys_lib_libmedia:umodsys.mod.media.stdlib.obj
 0001:00003a04       ?obj_cget@RLibraryLayered@stdlib@media@modules@UModSys@@UEAA_NAEBU?$TString@U?$TSCoreConst@D@su@tl@UModSys@@U?$TComparerBinaryHash@D@234@@tl@5@AEAU?$TRefObject@UIRefObject@core@UModSys@@U?$TRefObjectFunc@UIRefObject@core@UModSys@@@tl@3@@75@_N@Z 0000000140004a04 f i umodsys_lib_libmedia:umodsys.mod.media.stdlib.obj
 0001:00003a88       ?obj_cput@RLibraryLayered@stdlib@media@modules@UModSys@@UEAA_NAEBU?$TString@U?$TSCoreConst@D@su@tl@UModSys@@U?$TComparerBinaryHash@D@234@@tl@5@PEAUIRefObject@core@5@@Z 0000000140004a88 f i umodsys_lib_libmedia:umodsys.mod.media.stdlib.obj
 0001:00003af8       ?obj_get@RLibraryLayered@stdlib@media@modules@UModSys@@UEAA_NAEBU?$TString@U?$TSCoreConst@D@su@tl@UModSys@@U?$TComparerBinaryHash@D@234@@tl@5@AEAU?$TRefObject@UIRefObject@core@UModSys@@U?$TRefObjectFunc@UIRefObject@core@UModSys@@@tl@3@@75@AEBUSObjOptions@ILibrary@libmedia@5@@Z 0000000140004af8 f i umodsys_lib_libmedia:umodsys.mod.media.stdlib.obj
 0001:00003f4c       ?obj_load@RLibraryLayered@stdlib@media@modules@UModSys@@UEAA_NAEBU?$TString@U?$TSCoreConst@D@su@tl@UModSys@@U?$TComparerBinaryHash@D@234@@tl@5@PEAUIRefObject@core@5@AEBUSObjOptions@ILibrary@libmedia@5@@Z 0000000140004f4c f i umodsys_lib_libmedia:umodsys.mod.media.stdlib.obj
 0001:00004124       ?obj_save@RLibraryLayered@stdlib@media@modules@UModSys@@UEAA_NAEBU?$TString@U?$TSCoreConst@D@su@tl@UModSys@@U?$TComparerBinaryHash@D@234@@tl@5@PEBUIRefObject@core@5@AEBUSObjOptions@ILibrary@libmedia@5@@Z 0000000140005124 f i umodsys_lib_libmedia:umodsys.mod.media.stdlib.obj
 0001:00004370       ?layer_count@RLibraryLayered@stdlib@media@modules@UModSys@@UEBA_KAEBUSLayer@ILibraryLayered@libmedia@5@@Z 0000000140005370 f i umodsys_lib_libmedia:umodsys.mod.media.stdlib.obj
 0001:00004378       ?layer_get@RLibraryLayered@stdlib@media@modules@UModSys@@UEBA?AUSLayer@ILibraryLayered@libmedia@5@_K@Z 0000000140005378 f i umodsys_lib_libmedia:umodsys.mod.media.stdlib.obj
 0001:000043e0       ?layer_find@RLibraryLayered@stdlib@media@modules@UModSys@@UEBA_KAEBU?$TString@U?$TSCoreConst@D@su@tl@UModSys@@U?$TComparerBinaryHash@D@234@@tl@5@_K@Z 00000001400053e0 f i umodsys_lib_libmedia:umodsys.mod.media.stdlib.obj
 0001:0000447c       ?layer_insert@RLibraryLayered@stdlib@media@modules@UModSys@@UEAA_NAEBUSLayer@ILibraryLayered@libmedia@5@_K@Z 000000014000547c f i umodsys_lib_libmedia:umodsys.mod.media.stdlib.obj
 0001:000046d0       ?layer_remove@RLibraryLayered@stdlib@media@modules@UModSys@@UEAA_N_K@Z 00000001400056d0 f i umodsys_lib_libmedia:umodsys.mod.media.stdlib.obj
 0001:000047dc       ?layer_clear@RLibraryLayered@stdlib@media@modules@UModSys@@UEAA_NXZ 00000001400057dc f i umodsys_lib_libmedia:umodsys.mod.media.stdlib.obj
 0001:000047e8       ??_ERLibraryLayered@stdlib@media@modules@UModSys@@UEAAPEAXI@Z 00000001400057e8 f i  CIL library: CIL module
 0001:000047e8       ??_GRLibraryLayered@stdlib@media@modules@UModSys@@UEAAPEAXI@Z 00000001400057e8 f i umodsys_lib_libmedia:umodsys.mod.media.stdlib.obj
 0001:000048b4       ?root_get_interface_info@RLibraryObjCache@stdlib@media@modules@UModSys@@UEBAAEBUSUniquePointerInfo@core@5@XZ 00000001400058b4 f i umodsys_lib_libmedia:umodsys.mod.media.stdlib.obj
 0001:000048bc       ?root_get_interface_type@RLibraryObjCache@stdlib@media@modules@UModSys@@UEBAPEBUSUniquePointerInfo@core@5@XZ 00000001400058bc f i umodsys_lib_libmedia:umodsys.mod.media.stdlib.obj
 0001:000048c4       ?root_get_other_interface@RLibraryObjCache@stdlib@media@modules@UModSys@@UEAAPEAUIRoot@core@5@PEBUSUniquePointerInfo@75@@Z 00000001400058c4 f i umodsys_lib_libmedia:umodsys.mod.media.stdlib.obj
 0001:000048c4       ?root_get_other_interface@RLibraryObjCache@stdlib@media@modules@UModSys@@UEBAPEBUIRoot@core@5@PEBUSUniquePointerInfo@75@@Z 00000001400058c4 f i umodsys_lib_libmedia:umodsys.mod.media.stdlib.obj
 0001:00004908       ?root_is_interface_supported@RLibraryObjCache@stdlib@media@modules@UModSys@@UEBA_NPEBUSUniquePointerInfo@core@5@@Z 0000000140005908 f i umodsys_lib_libmedia:umodsys.mod.media.stdlib.obj
 0001:00004948       ?get_flags_auto@RLibraryObjCache@stdlib@media@modules@UModSys@@UEBA?AU?$TFlags4State@USMediaFlagUid@libmedia@UModSys@@I@tl@5@XZ 0000000140005948 f i umodsys_lib_libmedia:umodsys.mod.media.stdlib.obj
 0001:00004954       ?set_flag@RLibraryObjCache@stdlib@media@modules@UModSys@@UEAA?AW4eStates@?$TFlags4State@USMediaFlagUid@libmedia@UModSys@@I@tl@5@HW46785@@Z 0000000140005954 f i umodsys_lib_libmedia:umodsys.mod.media.stdlib.obj
 0001:00004954       ?set_flag@RLibraryBinCache@stdlib@media@modules@UModSys@@UEAA?AW4eStates@?$TFlags4State@USMediaFlagUid@libmedia@UModSys@@I@tl@5@HW46785@@Z 0000000140005954 f i umodsys_lib_libmedia:umodsys.mod.media.stdlib.obj
 0001:00004954       ?set_flag@RLibraryBinTree@stdlib@media@modules@UModSys@@UEAA?AW4eStates@?$TFlags4State@USMediaFlagUid@libmedia@UModSys@@I@tl@5@HW46785@@Z 0000000140005954 f i umodsys_lib_libmedia:umodsys.mod.media.stdlib.obj
 0001:00004954       ?set_flag@RLibraryObjFilter@stdlib@media@modules@UModSys@@UEAA?AW4eStates@?$TFlags4State@USMediaFlagUid@libmedia@UModSys@@I@tl@5@HW46785@@Z 0000000140005954 f i umodsys_lib_libmedia:umodsys.mod.media.stdlib.obj
 0001:0000497c       ?sub_writer@RUtilities@stdlib@media@modules@UModSys@@UEAA?AU?$TRefObject@UIStreamWriter@libmedia@UModSys@@U?$TRefObjectFunc@UIStreamWriter@libmedia@UModSys@@@tl@3@@tl@5@PEAUIStreamWriter@libmedia@5@_J1@Z 000000014000597c f i umodsys_lib_libmedia:umodsys.mod.media.stdlib.obj
 0001:0000497c       ?bin_writer@RLibraryBinCache@stdlib@media@modules@UModSys@@UEAA?AU?$TRefObject@UIStreamWriter@libmedia@UModSys@@U?$TRefObjectFunc@UIStreamWriter@libmedia@UModSys@@@tl@3@@tl@5@AEBU?$TString@U?$TSCoreConst@D@su@tl@UModSys@@U?$TComparerBinaryHash@D@234@@75@AEBUSFlags@libmedia@5@@Z 000000014000597c f i umodsys_lib_libmedia:umodsys.mod.media.stdlib.obj
 0001:0000497c       ?mem_reader@RUtilities@stdlib@media@modules@UModSys@@UEAA?AU?$TRefObject@UIStreamReader@libmedia@UModSys@@U?$TRefObjectFunc@UIStreamReader@libmedia@UModSys@@@tl@3@@tl@5@AEBUSCMemShared@core@5@@Z 000000014000597c f i umodsys_lib_libmedia:umodsys.mod.media.stdlib.obj
 0001:0000497c       ?bin_reader@RLibraryBinCache@stdlib@media@modules@UModSys@@UEAA?AU?$TRefObject@UIStreamReader@libmedia@UModSys@@U?$TRefObjectFunc@UIStreamReader@libmedia@UModSys@@@tl@3@@tl@5@AEBU?$TString@U?$TSCoreConst@D@su@tl@UModSys@@U?$TComparerBinaryHash@D@234@@75@AEBUSFlags@libmedia@5@@Z 000000014000597c f i umodsys_lib_libmedia:umodsys.mod.media.stdlib.obj
 0001:0000497c       ?bin_writer@RLibraryObjCache@stdlib@media@modules@UModSys@@UEAA?AU?$TRefObject@UIStreamWriter@libmedia@UModSys@@U?$TRefObjectFunc@UIStreamWriter@libmedia@UModSys@@@tl@3@@tl@5@AEBU?$TString@U?$TSCoreConst@D@su@tl@UModSys@@U?$TComparerBinaryHash@D@234@@75@AEBUSFlags@libmedia@5@@Z 000000014000597c f i umodsys_lib_libmedia:umodsys.mod.media.stdlib.obj
 0001:0000497c       ?bin_reader@RLibraryObjFilter@stdlib@media@modules@UModSys@@UEAA?AU?$TRefObject@UIStreamReader@libmedia@UModSys@@U?$TRefObjectFunc@UIStreamReader@libmedia@UModSys@@@tl@3@@tl@5@AEBU?$TString@U?$TSCoreConst@D@su@tl@UModSys@@U?$TComparerBinaryHash@D@234@@75@AEBUSFlags@libmedia@5@@Z 000000014000597c f i umodsys_lib_libmedia:umodsys.mod.media.stdlib.obj
 0001:0000497c       ?bin_writer@RLibraryObjFilter@stdlib@media@modules@UModSys@@UEAA?AU?$TRefObject@UIStreamWriter@libmedia@UModSys@@U?$TRefObjectFunc@UIStreamWriter@libmedia@UModSys@@@tl@3@@tl@5@AEBU?$TString@U?$TSCoreConst@D@su@tl@UModSys@@U?$TComparerBinaryHash@D@234@@75@AEBUSFlags@libmedia@5@@Z 000000014000597c f i umodsys_lib_libmedia:umodsys.mod.media.stdlib.obj
 0001:0000497c       ?bin_reader@RLibraryObjCache@stdlib@media@modules@UModSys@@UEAA?AU?$TRefObject@UIStreamReader@libmedia@UModSys@@U?$TRefObjectFunc@UIStreamReader@libmedia@UModSys@@@tl@3@@tl@5@AEBU?$TString@U?$TSCoreConst@D@su@tl@UModSys@@U?$TComparerBinaryHash@D@234@@75@AEBUSFlags@libmedia@5@@Z 000000014000597c f i umodsys_lib_libmedia:umodsys.mod.media.stdlib.obj
 0001:0000497c       ?sub_reader@RUtilities@stdlib@media@modules@UModSys@@UEAA?AU?$TRefObject@UIStreamReader@libmedia@UModSys@@U?$TRefObjectFunc@UIStreamReader@libmedia@UModSys@@@tl@3@@tl@5@PEAUIStreamReader@libmedia@5@_J1@Z 000000014000597c f i umodsys_lib_libmedia:umodsys.mod.media.stdlib.obj
 0001:0000497c       ?mem_reader@RUtilities@stdlib@media@modules@UModSys@@UEAA?AU?$TRefObject@UIStreamReader@libmedia@UModSys@@U?$TRefObjectFunc@UIStreamReader@libmedia@UModSys@@@tl@3@@tl@5@AEBUSCMem@core@5@@Z 000000014000597c f i umodsys_lib_libmedia:umodsys.mod.media.stdlib.obj
 0001:0000497c       ?mem_writer@RUtilities@stdlib@media@modules@UModSys@@UEAA?AU?$TRefObject@UIStreamWriter@libmedia@UModSys@@U?$TRefObjectFunc@UIStreamWriter@libmedia@UModSys@@@tl@3@@tl@5@PEBUSMem@core@5@PEAUIMemWriterCompleted@IUtilities@libmedia@5@PEAUIRefObject@95@@Z 000000014000597c f i umodsys_lib_libmedia:umodsys.mod.media.stdlib.obj
 0001:0000498c       ?bin_get@RLibraryBinCache@stdlib@media@modules@UModSys@@UEAA_NAEBU?$TString@U?$TSCoreConst@D@su@tl@UModSys@@U?$TComparerBinaryHash@D@234@@tl@5@AEAUSCMemShared@core@5@_N@Z 000000014000598c f i umodsys_lib_libmedia:umodsys.mod.media.stdlib.obj
 0001:0000498c       ?obj_cget@RLibraryObjCache@stdlib@media@modules@UModSys@@UEAA_NAEBU?$TString@U?$TSCoreConst@D@su@tl@UModSys@@U?$TComparerBinaryHash@D@234@@tl@5@AEAU?$TRefObject@UIRefObject@core@UModSys@@U?$TRefObjectFunc@UIRefObject@core@UModSys@@@tl@3@@75@_N@Z 000000014000598c f i umodsys_lib_libmedia:umodsys.mod.media.stdlib.obj
 0001:000049c0       ?obj_cput@RLibraryObjCache@stdlib@media@modules@UModSys@@UEAA_NAEBU?$TString@U?$TSCoreConst@D@su@tl@UModSys@@U?$TComparerBinaryHash@D@234@@tl@5@PEAUIRefObject@core@5@@Z 00000001400059c0 f i umodsys_lib_libmedia:umodsys.mod.media.stdlib.obj
 0001:000049cc       ?obj_get@RLibraryObjCache@stdlib@media@modules@UModSys@@UEAA_NAEBU?$TString@U?$TSCoreConst@D@su@tl@UModSys@@U?$TComparerBinaryHash@D@234@@tl@5@AEAU?$TRefObject@UIRefObject@core@UModSys@@U?$TRefObjectFunc@UIRefObject@core@UModSys@@@tl@3@@75@AEBUSObjOptions@ILibrary@libmedia@5@@Z 00000001400059cc f i umodsys_lib_libmedia:umodsys.mod.media.stdlib.obj
 0001:00004b38       ?objcache_get@RLibraryObjCache@stdlib@media@modules@UModSys@@UEBA_NAEBU?$TString@U?$TSCoreConst@D@su@tl@UModSys@@U?$TComparerBinaryHash@D@234@@tl@5@PEAU?$TRefObject@UIRefObject@core@UModSys@@U?$TRefObjectFunc@UIRefObject@core@UModSys@@@tl@3@@75@PEA_N@Z 0000000140005b38 f i umodsys_lib_libmedia:umodsys.mod.media.stdlib.obj
 0001:00004bd8       ?objcache_add@RLibraryObjCache@stdlib@media@modules@UModSys@@UEAA_NAEBU?$TString@U?$TSCoreConst@D@su@tl@UModSys@@U?$TComparerBinaryHash@D@234@@tl@5@PEAUIRefObject@core@5@@Z 0000000140005bd8 f i umodsys_lib_libmedia:umodsys.mod.media.stdlib.obj
 0001:00004d74       ?objcache_remove@RLibraryObjCache@stdlib@media@modules@UModSys@@UEAA_NAEBU?$TString@U?$TSCoreConst@D@su@tl@UModSys@@U?$TComparerBinaryHash@D@234@@tl@5@@Z 0000000140005d74 f i umodsys_lib_libmedia:umodsys.mod.media.stdlib.obj
 0001:00004da0       ?objcache_clear@RLibraryObjCache@stdlib@media@modules@UModSys@@UEAA_NXZ 0000000140005da0 f i umodsys_lib_libmedia:umodsys.mod.media.stdlib.obj
 0001:00004e10       ??_ERLibraryObjCache@stdlib@media@modules@UModSys@@UEAAPEAXI@Z 0000000140005e10 f i  CIL library: CIL module
 0001:00004e10       ??_GRLibraryObjCache@stdlib@media@modules@UModSys@@UEAAPEAXI@Z 0000000140005e10 f i umodsys_lib_libmedia:umodsys.mod.media.stdlib.obj
 0001:00004ed0       ?root_get_interface_info@RLibraryObjFilter@stdlib@media@modules@UModSys@@UEBAAEBUSUniquePointerInfo@core@5@XZ 0000000140005ed0 f i umodsys_lib_libmedia:umodsys.mod.media.stdlib.obj
 0001:00004ed8       ?root_get_interface_type@RLibraryObjFilter@stdlib@media@modules@UModSys@@UEBAPEBUSUniquePointerInfo@core@5@XZ 0000000140005ed8 f i umodsys_lib_libmedia:umodsys.mod.media.stdlib.obj
 0001:00004ee0       ?root_get_other_interface@RLibraryObjFilter@stdlib@media@modules@UModSys@@UEAAPEAUIRoot@core@5@PEBUSUniquePointerInfo@75@@Z 0000000140005ee0 f i umodsys_lib_libmedia:umodsys.mod.media.stdlib.obj
 0001:00004ee0       ?root_get_other_interface@RLibraryObjFilter@stdlib@media@modules@UModSys@@UEBAPEBUIRoot@core@5@PEBUSUniquePointerInfo@75@@Z 0000000140005ee0 f i umodsys_lib_libmedia:umodsys.mod.media.stdlib.obj
 0001:00004f24       ?root_is_interface_supported@RLibraryObjFilter@stdlib@media@modules@UModSys@@UEBA_NPEBUSUniquePointerInfo@core@5@@Z 0000000140005f24 f i umodsys_lib_libmedia:umodsys.mod.media.stdlib.obj
 0001:00004f64       ?ref_remove@RLibraryBinTree@stdlib@media@modules@UModSys@@UEBAXXZ 0000000140005f64 f i umodsys_lib_libmedia:umodsys.mod.media.stdlib.obj
 0001:00004f64       ?ref_remove@RLibraryObjFilter@stdlib@media@modules@UModSys@@UEBAXXZ 0000000140005f64 f i umodsys_lib_libmedia:umodsys.mod.media.stdlib.obj
 0001:00004f64       ?ref_remove@RLibraryObjCache@stdlib@media@modules@UModSys@@UEBAXXZ 0000000140005f64 f i umodsys_lib_libmedia:umodsys.mod.media.stdlib.obj
 0001:00004f64       ?ref_remove@RDataArchiver_OsDir@stdio@media@modules@UModSys@@UEBAXXZ 0000000140005f64 f i umodsys_lib_libmedia:umodsys.mod.media.stdio.obj
 0001:00004f64       ?ref_remove@RLibraryBinCache@stdlib@media@modules@UModSys@@UEBAXXZ 0000000140005f64 f i umodsys_lib_libmedia:umodsys.mod.media.stdlib.obj
 0001:00004f64       ?ref_remove@RParameters@rsystem@base@UModSys@@UEBAXXZ 0000000140005f64 f i umodsys_lib_basesys:umodsys.basesys.rparameters.obj
 0001:00004f64       ?ref_remove@RLibraryLayered@stdlib@media@modules@UModSys@@UEBAXXZ 0000000140005f64 f i umodsys_lib_libmedia:umodsys.mod.media.stdlib.obj
 0001:00004f7c       ?get_flag@RLibraryBinCache@stdlib@media@modules@UModSys@@UEBA?AW4eStates@?$TFlags4State@USMediaFlagUid@libmedia@UModSys@@I@tl@5@H@Z 0000000140005f7c f i umodsys_lib_libmedia:umodsys.mod.media.stdlib.obj
 0001:00004f7c       ?get_flag@RLibraryObjFilter@stdlib@media@modules@UModSys@@UEBA?AW4eStates@?$TFlags4State@USMediaFlagUid@libmedia@UModSys@@I@tl@5@H@Z 0000000140005f7c f i umodsys_lib_libmedia:umodsys.mod.media.stdlib.obj
 0001:00004f7c       ?get_flag@RLibraryObjCache@stdlib@media@modules@UModSys@@UEBA?AW4eStates@?$TFlags4State@USMediaFlagUid@libmedia@UModSys@@I@tl@5@H@Z 0000000140005f7c f i umodsys_lib_libmedia:umodsys.mod.media.stdlib.obj
 0001:00004f7c       ?get_flag@RLibraryBinTree@stdlib@media@modules@UModSys@@UEBA?AW4eStates@?$TFlags4State@USMediaFlagUid@libmedia@UModSys@@I@tl@5@H@Z 0000000140005f7c f i umodsys_lib_libmedia:umodsys.mod.media.stdlib.obj
 0001:00004f88       ?get_flags_auto@RLibraryObjFilter@stdlib@media@modules@UModSys@@UEBA?AU?$TFlags4State@USMediaFlagUid@libmedia@UModSys@@I@tl@5@XZ 0000000140005f88 f i umodsys_lib_libmedia:umodsys.mod.media.stdlib.obj
 0001:00004f94       ?obj_fget@RLibraryObjFilter@stdlib@media@modules@UModSys@@UEAA_NAEBUSInfo@IBinObjFilter@libmedia@5@AEAU?$TRefObject@UIRefObject@core@UModSys@@U?$TRefObjectFunc@UIRefObject@core@UModSys@@@tl@3@@tl@5@@Z 0000000140005f94 f i umodsys_lib_libmedia:umodsys.mod.media.stdlib.obj
 0001:00004fa0       ?obj_fload@RLibraryObjFilter@stdlib@media@modules@UModSys@@UEAA_NAEBUSInfo@IBinObjFilter@libmedia@5@PEAUIRefObject@core@5@@Z 0000000140005fa0 f i umodsys_lib_libmedia:umodsys.mod.media.stdlib.obj
 0001:00004fac       ?obj_fsave@RLibraryObjFilter@stdlib@media@modules@UModSys@@UEAA_NAEAUSInfo@IBinObjFilter@libmedia@5@PEBUIRefObject@core@5@@Z 0000000140005fac f i umodsys_lib_libmedia:umodsys.mod.media.stdlib.obj
 0001:00004fb8       ?filters_add@RLibraryObjFilter@stdlib@media@modules@UModSys@@UEAA_NU?$TRefObject@UIBinObjFilter@libmedia@UModSys@@U?$TRefObjectFunc@UIBinObjFilter@libmedia@UModSys@@@tl@3@@tl@5@PEBUSParameters@core@5@H@Z 0000000140005fb8 f i umodsys_lib_libmedia:umodsys.mod.media.stdlib.obj
 0001:000050b4       ?filters_remove@RLibraryObjFilter@stdlib@media@modules@UModSys@@UEAA_NPEAUIBinObjFilter@libmedia@5@H@Z 00000001400060b4 f i umodsys_lib_libmedia:umodsys.mod.media.stdlib.obj
 0001:00005128       ?filters_clear@RLibraryObjFilter@stdlib@media@modules@UModSys@@UEAA_NXZ 0000000140006128 f i umodsys_lib_libmedia:umodsys.mod.media.stdlib.obj
 0001:000051a8       ?filters_load@RLibraryObjFilter@stdlib@media@modules@UModSys@@UEAA_NAEBUSInfo@IBinObjFilter@libmedia@5@AEAU?$TRefObject@UIRefObject@core@UModSys@@U?$TRefObjectFunc@UIRefObject@core@UModSys@@@tl@3@@tl@5@@Z 00000001400061a8 f i umodsys_lib_libmedia:umodsys.mod.media.stdlib.obj
 0001:00005240       ?filters_load@RLibraryObjFilter@stdlib@media@modules@UModSys@@UEAA_NAEBUSInfo@IBinObjFilter@libmedia@5@PEAUIRefObject@core@5@@Z 0000000140006240 f i umodsys_lib_libmedia:umodsys.mod.media.stdlib.obj
 0001:000052d8       ?filters_save@RLibraryObjFilter@stdlib@media@modules@UModSys@@UEAA_NAEAUSInfo@IBinObjFilter@libmedia@5@PEBUIRefObject@core@5@@Z 00000001400062d8 f i umodsys_lib_libmedia:umodsys.mod.media.stdlib.obj
 0001:00005370       ??_ERLibraryObjFilter@stdlib@media@modules@UModSys@@UEAAPEAXI@Z 0000000140006370 f i  CIL library: CIL module
 0001:00005370       ??_GRLibraryObjFilter@stdlib@media@modules@UModSys@@UEAAPEAXI@Z 0000000140006370 f i umodsys_lib_libmedia:umodsys.mod.media.stdlib.obj
 0001:00005440       ??1IBinArchive@libmedia@UModSys@@UEAA@XZ 0000000140006440 f i umodsys_lib_libmedia:umodsys.mod.media.stdio.obj
 0001:00005440       ??1ILibraryObjCache@libmedia@UModSys@@UEAA@XZ 0000000140006440 f i umodsys_lib_libmedia:umodsys.mod.media.stdlib.obj
 0001:00005440       ??1ILibraryBinCache@libmedia@UModSys@@UEAA@XZ 0000000140006440 f i umodsys_lib_libmedia:umodsys.mod.media.stdlib.obj
 0001:00005440       ??1ILibraryLayered@libmedia@UModSys@@UEAA@XZ 0000000140006440 f i umodsys_lib_libmedia:umodsys.mod.media.stdlib.obj
 0001:00005440       ??1ILibraryObjFilter@libmedia@UModSys@@UEAA@XZ 0000000140006440 f i umodsys_lib_libmedia:umodsys.mod.media.stdlib.obj
 0001:00005440       ??1ILibraryBinTree@libmedia@UModSys@@UEAA@XZ 0000000140006440 f i umodsys_lib_libmedia:umodsys.mod.media.stdlib.obj
 0001:0000547c       ?get_generated_names@RGenerator@stdlib@media@modules@UModSys@@UEBAHAEAUSUniquePtrList@core@5@@Z 000000014000647c f i umodsys_lib_libmedia:umodsys.mod.media.stdlib.obj
 0001:000054fc       ?get_generated_types@RGenerator@stdlib@media@modules@UModSys@@UEBAHAEAUSUniquePtrList@core@5@PEBUSUniquePointerInfo@75@@Z 00000001400064fc f i umodsys_lib_libmedia:umodsys.mod.media.stdlib.obj
 0001:00005668       ?generate@RGenerator@stdlib@media@modules@UModSys@@UEAA_NAEAU?$TRefObject@UIRefObject@core@UModSys@@U?$TRefObjectFunc@UIRefObject@core@UModSys@@@tl@3@@tl@5@PEBUSUniquePointerInfo@core@5@AEBUSParameters@95@@Z 0000000140006668 f i umodsys_lib_libmedia:umodsys.mod.media.stdlib.obj
 0001:00005850       ?root_get_interface_info@RGenerator@stdlib@media@modules@UModSys@@UEBAAEBUSUniquePointerInfo@core@5@XZ 0000000140006850 f i umodsys_lib_libmedia:umodsys.mod.media.stdlib.obj
 0001:00005858       ?root_get_interface_type@RGenerator@stdlib@media@modules@UModSys@@UEBAPEBUSUniquePointerInfo@core@5@XZ 0000000140006858 f i umodsys_lib_libmedia:umodsys.mod.media.stdlib.obj
 0001:00005860       ?root_get_other_interface@RGenerator@stdlib@media@modules@UModSys@@UEAAPEAUIRoot@core@5@PEBUSUniquePointerInfo@75@@Z 0000000140006860 f i umodsys_lib_libmedia:umodsys.mod.media.stdlib.obj
 0001:00005860       ?root_get_other_interface@RGenerator@stdlib@media@modules@UModSys@@UEBAPEBUIRoot@core@5@PEBUSUniquePointerInfo@75@@Z 0000000140006860 f i umodsys_lib_libmedia:umodsys.mod.media.stdlib.obj
 0001:00005898       ?root_is_interface_supported@RGenerator@stdlib@media@modules@UModSys@@UEBA_NPEBUSUniquePointerInfo@core@5@@Z 0000000140006898 f i umodsys_lib_libmedia:umodsys.mod.media.stdlib.obj
 0001:000058d0       ?ref_remove@RGenerator@stdlib@media@modules@UModSys@@UEBAXXZ 00000001400068d0 f i umodsys_lib_libmedia:umodsys.mod.media.stdlib.obj
 0001:000058d0       ?ref_remove@RStreamWriter_FILE@stdio@media@modules@UModSys@@UEBAXXZ 00000001400068d0 f i umodsys_lib_libmedia:umodsys.mod.media.stdio.obj
 0001:000058d0       ?ref_remove@RStreamReader_FILE@stdio@media@modules@UModSys@@UEBAXXZ 00000001400068d0 f i umodsys_lib_libmedia:umodsys.mod.media.stdio.obj
 0001:000058d0       ?ref_remove@RGenerator@stdio@media@modules@UModSys@@UEBAXXZ 00000001400068d0 f i umodsys_lib_libmedia:umodsys.mod.media.stdio.obj
 0001:000058d0       ?ref_remove@RUtilities@stdlib@media@modules@UModSys@@UEBAXXZ 00000001400068d0 f i umodsys_lib_libmedia:umodsys.mod.media.stdlib.obj
 0001:000058e8       ?ref_links@RStreamWriter_FILE@stdio@media@modules@UModSys@@UEBAHXZ 00000001400068e8 f i umodsys_lib_libmedia:umodsys.mod.media.stdio.obj
 0001:000058e8       ?ref_links@RGenerator@stdio@media@modules@UModSys@@UEBAHXZ 00000001400068e8 f i umodsys_lib_libmedia:umodsys.mod.media.stdio.obj
 0001:000058e8       ?ref_links@RGenerator@stdlib@media@modules@UModSys@@UEBAHXZ 00000001400068e8 f i umodsys_lib_libmedia:umodsys.mod.media.stdlib.obj
 0001:000058e8       ?ref_links@RStreamReader_FILE@stdio@media@modules@UModSys@@UEBAHXZ 00000001400068e8 f i umodsys_lib_libmedia:umodsys.mod.media.stdio.obj
 0001:000058e8       ?ref_links@RUtilities@stdlib@media@modules@UModSys@@UEBAHXZ 00000001400068e8 f i umodsys_lib_libmedia:umodsys.mod.media.stdlib.obj
 0001:000058ec       ?get_uid@RGenerator@stdlib@media@modules@UModSys@@UEBAPEBUSUniquePointerInfo@core@5@XZ 00000001400068ec f i umodsys_lib_libmedia:umodsys.mod.media.stdlib.obj
 0001:000058f4       ?buffer_free@RUtilities@stdlib@media@modules@UModSys@@UEAA_NAEAUSBuffer@libmedia@5@PEBUSSourceContext@core@5@@Z 00000001400068f4 f   umodsys_lib_libmedia:umodsys.mod.media.stdlib.obj
 0001:00005940       ?buffer_alloc@RUtilities@stdlib@media@modules@UModSys@@UEAA_NAEAUSBuffer@libmedia@5@_KPEBUSSourceContext@core@5@@Z 0000000140006940 f   umodsys_lib_libmedia:umodsys.mod.media.stdlib.obj
 0001:00005a48       ??_ERUtilities@stdlib@media@modules@UModSys@@UEAAPEAXI@Z 0000000140006a48 f i  CIL library: CIL module
 0001:00005a48       ??_GRUtilities@stdlib@media@modules@UModSys@@UEAAPEAXI@Z 0000000140006a48 f i umodsys_lib_libmedia:umodsys.mod.media.stdlib.obj
 0001:00005af0       ?get_flag@RBinArchiveFrame@stdlib@media@modules@UModSys@@UEBA?AW4eStates@?$TFlags4State@USMediaFlagUid@libmedia@UModSys@@I@tl@5@H@Z 0000000140006af0 f   umodsys_lib_libmedia:umodsys.mod.media.stdlib.obj
 0001:00005b00       ?get_flags_auto@RBinArchiveFrame@stdlib@media@modules@UModSys@@UEBA?AU?$TFlags4State@USMediaFlagUid@libmedia@UModSys@@I@tl@5@XZ 0000000140006b00 f   umodsys_lib_libmedia:umodsys.mod.media.stdlib.obj
 0001:00005b0c       ?set_flag@RBinArchiveFrame@stdlib@media@modules@UModSys@@UEAA?AW4eStates@?$TFlags4State@USMediaFlagUid@libmedia@UModSys@@I@tl@5@HW46785@@Z 0000000140006b0c f   umodsys_lib_libmedia:umodsys.mod.media.stdlib.obj
 0001:00005b40       ?data_reader@RBinArchiveFrame@stdlib@media@modules@UModSys@@UEAA?AU?$TRefObject@UIStreamReader@libmedia@UModSys@@U?$TRefObjectFunc@UIStreamReader@libmedia@UModSys@@@tl@3@@tl@5@AEBU?$TString@U?$TSCoreConst@D@su@tl@UModSys@@U?$TComparerBinaryHash@D@234@@75@AEBUSFlags@libmedia@5@@Z 0000000140006b40 f   umodsys_lib_libmedia:umodsys.mod.media.stdlib.obj
 0001:00005c3c       ?data_writer@RBinArchiveFrame@stdlib@media@modules@UModSys@@UEAA?AU?$TRefObject@UIStreamWriter@libmedia@UModSys@@U?$TRefObjectFunc@UIStreamWriter@libmedia@UModSys@@@tl@3@@tl@5@AEBU?$TString@U?$TSCoreConst@D@su@tl@UModSys@@U?$TComparerBinaryHash@D@234@@75@AEBUSFlags@libmedia@5@@Z 0000000140006c3c f   umodsys_lib_libmedia:umodsys.mod.media.stdlib.obj
 0001:00005c84       ?data_load@RBinArchiveFrame@stdlib@media@modules@UModSys@@UEAA_NAEBU?$TString@U?$TSCoreConst@D@su@tl@UModSys@@U?$TComparerBinaryHash@D@234@@tl@5@AEAUSCMemShared@core@5@AEBUSFlags@libmedia@5@@Z 0000000140006c84 f   umodsys_lib_libmedia:umodsys.mod.media.stdlib.obj
 0001:00005cf8       ?data_save@RBinArchiveFrame@stdlib@media@modules@UModSys@@UEAA_NAEBU?$TString@U?$TSCoreConst@D@su@tl@UModSys@@U?$TComparerBinaryHash@D@234@@tl@5@AEBUSCMem@core@5@AEBUSFlags@libmedia@5@@Z 0000000140006cf8 f   umodsys_lib_libmedia:umodsys.mod.media.stdlib.obj
 0001:00005d30       ?data_list@RBinArchiveFrame@stdlib@media@modules@UModSys@@UEAA_NAEBU?$TString@U?$TSCoreConst@D@su@tl@UModSys@@U?$TComparerBinaryHash@D@234@@tl@5@AEAU?$TIStackSocket@USFileInfo@libmedia@UModSys@@@75@AEBUSFlags@libmedia@5@@Z 0000000140006d30 f   umodsys_lib_libmedia:umodsys.mod.media.stdlib.obj
 0001:000060b0       ?get_permissions@RBinArchiveFrame@stdlib@media@modules@UModSys@@UEAAHXZ 00000001400070b0 f   umodsys_lib_libmedia:umodsys.mod.media.stdlib.obj
 0001:000060c4       ?open@RBinArchiveFrame@stdlib@media@modules@UModSys@@UEAA_NPEAUIClient@IBinArchiveFrame@libmedia@5@PEBUSParameters@core@5@@Z 00000001400070c4 f   umodsys_lib_libmedia:umodsys.mod.media.stdlib.obj
 0001:0000651c       ?close@RBinArchiveFrame@stdlib@media@modules@UModSys@@UEAA_NXZ 000000014000751c f   umodsys_lib_libmedia:umodsys.mod.media.stdlib.obj
 0001:00006628       ?add_node_r@RBinArchiveFrame@stdlib@media@modules@UModSys@@UEAAPEAUNameNode@IBinArchiveFrame@libmedia@5@AEBU?$TString@U?$TSCoreConst@D@su@tl@UModSys@@U?$TComparerBinaryHash@D@234@@tl@5@_KAEAUSMem@core@5@@Z 0000000140007628 f   umodsys_lib_libmedia:umodsys.mod.media.stdlib.obj
 0001:000066e0       ?add_node_w@RBinArchiveFrame@stdlib@media@modules@UModSys@@UEAAPEAUNameNode@IBinArchiveFrame@libmedia@5@AEBU?$TString@U?$TSCoreConst@D@su@tl@UModSys@@U?$TComparerBinaryHash@D@234@@tl@5@_K@Z 00000001400076e0 f   umodsys_lib_libmedia:umodsys.mod.media.stdlib.obj
 0001:000067d4       ?remove_node@RBinArchiveFrame@stdlib@media@modules@UModSys@@UEAA_NPEAUNameNode@IBinArchiveFrame@libmedia@5@@Z 00000001400077d4 f   umodsys_lib_libmedia:umodsys.mod.media.stdlib.obj
 0001:00006800       ?find_node@RBinArchiveFrame@stdlib@media@modules@UModSys@@UEAAPEAUNameNode@IBinArchiveFrame@libmedia@5@AEBU?$TString@U?$TSCoreConst@D@su@tl@UModSys@@U?$TComparerBinaryHash@D@234@@tl@5@@Z 0000000140007800 f   umodsys_lib_libmedia:umodsys.mod.media.stdlib.obj
 0001:00006938       ?node_size@RBinArchiveFrame@stdlib@media@modules@UModSys@@UEAA_KAEBU?$TString@U?$TSCoreConst@D@su@tl@UModSys@@U?$TComparerBinaryHash@D@234@@tl@5@H@Z 0000000140007938 f   umodsys_lib_libmedia:umodsys.mod.media.stdlib.obj
 0001:00006950       ?kill_node@RBinArchiveFrame@stdlib@media@modules@UModSys@@SA_NPEAUNameNode@IBinArchiveFrame@libmedia@5@@Z 0000000140007950 f   umodsys_lib_libmedia:umodsys.mod.media.stdlib.obj
 0001:00006978       ?openr@RBinArchiveFrame@stdlib@media@modules@UModSys@@QEAA_NPEAUILibrary@libmedia@5@AEBU?$TString@U?$TSCoreConst@D@su@tl@UModSys@@U?$TComparerBinaryHash@D@234@@tl@5@PEBUSParameters@core@5@@Z 0000000140007978 f   umodsys_lib_libmedia:umodsys.mod.media.stdlib.obj
 0001:00006af0       ?closew@RBinArchiveFrame@stdlib@media@modules@UModSys@@QEAA_N_N@Z 0000000140007af0 f   umodsys_lib_libmedia:umodsys.mod.media.stdlib.obj
 0001:00006c98       ??0RBinArchiveFrame@stdlib@media@modules@UModSys@@QEAA@PEAUIModObject@base@4@AEBUSParameters@core@4@U?$TFlags4State@USMediaFlagUid@libmedia@UModSys@@I@tl@4@@Z 0000000140007c98 f   umodsys_lib_libmedia:umodsys.mod.media.stdlib.obj
 0001:00006da4       ??_GRBinArchiveFrame@stdlib@media@modules@UModSys@@UEAAPEAXI@Z 0000000140007da4 f i umodsys_lib_libmedia:umodsys.mod.media.stdlib.obj
 0001:00006da4       ??_ERBinArchiveFrame@stdlib@media@modules@UModSys@@UEAAPEAXI@Z 0000000140007da4 f i  CIL library: CIL module
 0001:00006e9c       ??1IBinArchiveFrame@libmedia@UModSys@@UEAA@XZ 0000000140007e9c f i umodsys_lib_libmedia:umodsys.mod.media.stdlib.obj
 0001:00006f14       ??_GRLibraryBinTree@stdlib@media@modules@UModSys@@UEAAPEAXI@Z 0000000140007f14 f i umodsys_lib_libmedia:umodsys.mod.media.stdlib.obj
 0001:00006f14       ??_ERLibraryBinTree@stdlib@media@modules@UModSys@@UEAAPEAXI@Z 0000000140007f14 f i  CIL library: CIL module
 0001:00006fd4       ?get_flags_auto@RLibraryBinTree@stdlib@media@modules@UModSys@@UEBA?AU?$TFlags4State@USMediaFlagUid@libmedia@UModSys@@I@tl@5@XZ 0000000140007fd4 f   umodsys_lib_libmedia:umodsys.mod.media.stdlib.obj
 0001:00006fe0       ?bin_reader@RLibraryBinTree@stdlib@media@modules@UModSys@@UEAA?AU?$TRefObject@UIStreamReader@libmedia@UModSys@@U?$TRefObjectFunc@UIStreamReader@libmedia@UModSys@@@tl@3@@tl@5@AEBU?$TString@U?$TSCoreConst@D@su@tl@UModSys@@U?$TComparerBinaryHash@D@234@@75@AEBUSFlags@libmedia@5@@Z 0000000140007fe0 f   umodsys_lib_libmedia:umodsys.mod.media.stdlib.obj
 0001:00007140       ?bin_writer@RLibraryBinTree@stdlib@media@modules@UModSys@@UEAA?AU?$TRefObject@UIStreamWriter@libmedia@UModSys@@U?$TRefObjectFunc@UIStreamWriter@libmedia@UModSys@@@tl@3@@tl@5@AEBU?$TString@U?$TSCoreConst@D@su@tl@UModSys@@U?$TComparerBinaryHash@D@234@@75@AEBUSFlags@libmedia@5@@Z 0000000140008140 f   umodsys_lib_libmedia:umodsys.mod.media.stdlib.obj
 0001:000072a0       ?bin_load@RLibraryBinTree@stdlib@media@modules@UModSys@@UEAA_NAEBU?$TString@U?$TSCoreConst@D@su@tl@UModSys@@U?$TComparerBinaryHash@D@234@@tl@5@AEAUSCMemShared@core@5@AEBUSFlags@libmedia@5@@Z 00000001400082a0 f   umodsys_lib_libmedia:umodsys.mod.media.stdlib.obj
 0001:000073cc       ?bin_save@RLibraryBinTree@stdlib@media@modules@UModSys@@UEAA_NAEBU?$TString@U?$TSCoreConst@D@su@tl@UModSys@@U?$TComparerBinaryHash@D@234@@tl@5@AEBUSCMem@core@5@AEBUSFlags@libmedia@5@@Z 00000001400083cc f   umodsys_lib_libmedia:umodsys.mod.media.stdlib.obj
 0001:000074d4       ?bin_get@RLibraryObjFilter@stdlib@media@modules@UModSys@@UEAA_NAEBU?$TString@U?$TSCoreConst@D@su@tl@UModSys@@U?$TComparerBinaryHash@D@234@@tl@5@AEAUSCMemShared@core@5@_N@Z 00000001400084d4 f   umodsys_lib_libmedia:umodsys.mod.media.stdlib.obj
 0001:000074d4       ?bin_get@RLibraryBinTree@stdlib@media@modules@UModSys@@UEAA_NAEBU?$TString@U?$TSCoreConst@D@su@tl@UModSys@@U?$TComparerBinaryHash@D@234@@tl@5@AEAUSCMemShared@core@5@_N@Z 00000001400084d4 f   umodsys_lib_libmedia:umodsys.mod.media.stdlib.obj
 0001:000074d4       ?bin_info@RLibraryObjFilter@stdlib@media@modules@UModSys@@UEAA_NAEBU?$TString@U?$TSCoreConst@D@su@tl@UModSys@@U?$TComparerBinaryHash@D@234@@tl@5@AEAUSFileInfo@libmedia@5@AEBUSFlags@95@@Z 00000001400084d4 f   umodsys_lib_libmedia:umodsys.mod.media.stdlib.obj
 0001:000074d4       ?bin_info@RLibraryObjFilter@stdlib@media@modules@UModSys@@UEAA_NAEBU?$TString@U?$TSCoreConst@D@su@tl@UModSys@@U?$TComparerBinaryHash@D@234@@tl@5@AEAU?$TIStackSocket@USFileInfo@libmedia@UModSys@@@75@AEBUSFlags@libmedia@5@@Z 00000001400084d4 f   umodsys_lib_libmedia:umodsys.mod.media.stdlib.obj
 0001:000074d4       ?bin_info@RLibraryObjCache@stdlib@media@modules@UModSys@@UEAA_NAEBU?$TString@U?$TSCoreConst@D@su@tl@UModSys@@U?$TComparerBinaryHash@D@234@@tl@5@AEAUSFileInfo@libmedia@5@AEBUSFlags@95@@Z 00000001400084d4 f   umodsys_lib_libmedia:umodsys.mod.media.stdlib.obj
 0001:000074d4       ?bin_save@RLibraryObjCache@stdlib@media@modules@UModSys@@UEAA_NAEBU?$TString@U?$TSCoreConst@D@su@tl@UModSys@@U?$TComparerBinaryHash@D@234@@tl@5@AEBUSCMem@core@5@AEBUSFlags@libmedia@5@@Z 00000001400084d4 f   umodsys_lib_libmedia:umodsys.mod.media.stdlib.obj
 0001:000074d4       ?bin_info@RLibraryBinTree@stdlib@media@modules@UModSys@@UEAA_NAEBU?$TString@U?$TSCoreConst@D@su@tl@UModSys@@U?$TComparerBinaryHash@D@234@@tl@5@AEAU?$TIStackSocket@USFileInfo@libmedia@UModSys@@@75@AEBUSFlags@libmedia@5@@Z 00000001400084d4 f   umodsys_lib_libmedia:umodsys.mod.media.stdlib.obj
 0001:000074d4       ?obj_fget@RLibraryBinCache@stdlib@media@modules@UModSys@@UEAA_NAEBUSInfo@IBinObjFilter@libmedia@5@AEAU?$TRefObject@UIRefObject@core@UModSys@@U?$TRefObjectFunc@UIRefObject@core@UModSys@@@tl@3@@tl@5@@Z 00000001400084d4 f   umodsys_lib_libmedia:umodsys.mod.media.stdlib.obj
 0001:000074d4       ?moduledb_lib_drop@RModuleLoader@rsystem@base@UModSys@@UEAA_NPEAUIModuleLibrary@34@@Z 00000001400084d4 f   umodsys_lib_basesys:umodsys.basesys.rmoduleloader.obj
 0001:000074d4       ?obj_fload@RLibraryBinCache@stdlib@media@modules@UModSys@@UEAA_NAEBUSInfo@IBinObjFilter@libmedia@5@PEAUIRefObject@core@5@@Z 00000001400084d4 f   umodsys_lib_libmedia:umodsys.mod.media.stdlib.obj
 0001:000074d4       ?obj_cget@RLibraryBinTree@stdlib@media@modules@UModSys@@UEAA_NAEBU?$TString@U?$TSCoreConst@D@su@tl@UModSys@@U?$TComparerBinaryHash@D@234@@tl@5@AEAU?$TRefObject@UIRefObject@core@UModSys@@U?$TRefObjectFunc@UIRefObject@core@UModSys@@@tl@3@@75@_N@Z 00000001400084d4 f   umodsys_lib_libmedia:umodsys.mod.media.stdlib.obj
 0001:000074d4       ?obj_fsave@RLibraryObjCache@stdlib@media@modules@UModSys@@UEAA_NAEAUSInfo@IBinObjFilter@libmedia@5@PEBUIRefObject@core@5@@Z 00000001400084d4 f   umodsys_lib_libmedia:umodsys.mod.media.stdlib.obj
 0001:000074d4       ?bin_get@RLibraryObjCache@stdlib@media@modules@UModSys@@UEAA_NAEBU?$TString@U?$TSCoreConst@D@su@tl@UModSys@@U?$TComparerBinaryHash@D@234@@tl@5@AEAUSCMemShared@core@5@_N@Z 00000001400084d4 f   umodsys_lib_libmedia:umodsys.mod.media.stdlib.obj
 0001:000074d4       ?bin_put@RLibraryObjFilter@stdlib@media@modules@UModSys@@UEAA_NAEBU?$TString@U?$TSCoreConst@D@su@tl@UModSys@@U?$TComparerBinaryHash@D@234@@tl@5@PEBUSCMemShared@core@5@@Z 00000001400084d4 f   umodsys_lib_libmedia:umodsys.mod.media.stdlib.obj
 0001:000074d4       ?bin_put@RLibraryBinTree@stdlib@media@modules@UModSys@@UEAA_NAEBU?$TString@U?$TSCoreConst@D@su@tl@UModSys@@U?$TComparerBinaryHash@D@234@@tl@5@PEBUSCMemShared@core@5@@Z 00000001400084d4 f   umodsys_lib_libmedia:umodsys.mod.media.stdlib.obj
 0001:000074d4       ?obj_get@RLibraryObjFilter@stdlib@media@modules@UModSys@@UEAA_NAEBU?$TString@U?$TSCoreConst@D@su@tl@UModSys@@U?$TComparerBinaryHash@D@234@@tl@5@AEAU?$TRefObject@UIRefObject@core@UModSys@@U?$TRefObjectFunc@UIRefObject@core@UModSys@@@tl@3@@75@AEBUSObjOptions@ILibrary@libmedia@5@@Z 00000001400084d4 f   umodsys_lib_libmedia:umodsys.mod.media.stdlib.obj
 0001:000074d4       ?obj_fsave@RLibraryBinTree@stdlib@media@modules@UModSys@@UEAA_NAEAUSInfo@IBinObjFilter@libmedia@5@PEBUIRefObject@core@5@@Z 00000001400084d4 f   umodsys_lib_libmedia:umodsys.mod.media.stdlib.obj
 0001:000074d4       ?bin_info@RLibraryBinCache@stdlib@media@modules@UModSys@@UEAA_NAEBU?$TString@U?$TSCoreConst@D@su@tl@UModSys@@U?$TComparerBinaryHash@D@234@@tl@5@AEAUSFileInfo@libmedia@5@AEBUSFlags@95@@Z 00000001400084d4 f   umodsys_lib_libmedia:umodsys.mod.media.stdlib.obj
[...]
 0001:00013bfc       ?dtor$1@?0??generate@RGenerator@stdlib@media@modules@UModSys@@UEAA_NAEAU?$TRefObject@UIRefObject@core@UModSys@@U?$TRefObjectFunc@UIRefObject@core@UModSys@@@tl@3@@tl@5@PEBUSUniquePointerInfo@core@5@AEBUSParameters@95@@Z@4HA 0000000140014bfc f    CIL library: CIL module
 0001:00013c1c       ?dtor$3@?0??generate@RGenerator@stdlib@media@modules@UModSys@@UEAA_NAEAU?$TRefObject@UIRefObject@core@UModSys@@U?$TRefObjectFunc@UIRefObject@core@UModSys@@@tl@3@@tl@5@PEBUSUniquePointerInfo@core@5@AEBUSParameters@95@@Z@4HA 0000000140014c1c f    CIL library: CIL module
 0001:00013c34       ??__E?s_id@?$TObjectUniqueID@UIRoot@core@UModSys@@@tl@UModSys@@2USUniquePointer@core@3@A@@YAXXZ 0000000140014c34 f    CIL library: CIL module
 0001:00013c68       ??__E?s_id@?$TObjectUniqueID@UIRefObject@core@UModSys@@@tl@UModSys@@2USUniquePointer@core@3@A@@YAXXZ 0000000140014c68 f    CIL library: CIL module
 0001:00013c9c       ??__E?s_id@?$TObjectUniqueID@UIParameters@core@UModSys@@@tl@UModSys@@2USUniquePointer@core@3@A@@YAXXZ 0000000140014c9c f    CIL library: CIL module
 0001:00013cd0       ??__E?s_id@?$TObjectUniqueID@UIModule@base@UModSys@@@tl@UModSys@@2USUniquePointer@core@3@A@@YAXXZ 0000000140014cd0 f    CIL library: CIL module
 0001:00013d04       ??__E?s_id@?$TObjectUniqueID@UIModuleLibrary@base@UModSys@@@tl@UModSys@@2USUniquePointer@core@3@A@@YAXXZ 0000000140014d04 f    CIL library: CIL module
 0001:00013d38       ??__E?s_id@?$TObjectUniqueID@UIModObject@base@UModSys@@@tl@UModSys@@2USUniquePointer@core@3@A@@YAXXZ 0000000140014d38 f    CIL library: CIL module
 0001:00013d6c       ??__E?s_id@?$TObjectUniqueID@UIGenerator@base@UModSys@@@tl@UModSys@@2USUniquePointer@core@3@A@@YAXXZ 0000000140014d6c f    CIL library: CIL module
 0001:00013da0       ??__E?s_id@?$TObjectUniqueID@UIShell@base@UModSys@@@tl@UModSys@@2USUniquePointer@core@3@A@@YAXXZ 0000000140014da0 f    CIL library: CIL module
 0001:00013dd4       ??__E?s_id@?$TObjectUniqueID@UIConsole@base@UModSys@@@tl@UModSys@@2USUniquePointer@core@3@A@@YAXXZ 0000000140014dd4 f    CIL library: CIL module
 0001:00013e08       ??__E?s_id@?$TObjectUniqueID@UISystem@base@UModSys@@@tl@UModSys@@2USUniquePointer@core@3@A@@YAXXZ 0000000140014e08 f    CIL library: CIL module
 0001:00013e3c       ??__E?s_id@?$TObjectUniqueID@URModule@rsystem@base@UModSys@@@tl@UModSys@@2USUniquePointer@core@3@A@@YAXXZ 0000000140014e3c f    CIL library: CIL module
 0001:00013e70       ??__E?s_id@?$TObjectUniqueID@UIModuleLibraryUni@rsystem@base@UModSys@@@tl@UModSys@@2USUniquePointer@core@3@A@@YAXXZ 0000000140014e70 f    CIL library: CIL module
 0001:00013ea4       ??__E?s_id@?$TObjectUniqueID@URModuleLibrarySO@rsystem@base@UModSys@@@tl@UModSys@@2USUniquePointer@core@3@A@@YAXXZ 0000000140014ea4 f    CIL library: CIL module
 0001:00013ed8       ??__E?s_id@?$TObjectUniqueID@URModuleLibraryThis@rsystem@base@UModSys@@@tl@UModSys@@2USUniquePointer@core@3@A@@YAXXZ 0000000140014ed8 f    CIL library: CIL module
 0001:00013f0c       ??__E?s_id@?$TObjectUniqueID@URParameters@rsystem@base@UModSys@@@tl@UModSys@@2USUniquePointer@core@3@A@@YAXXZ 0000000140014f0c f    CIL library: CIL module
 0001:00013f40       ??__E?s_id@?$TObjectUniqueID@URSystem@rsystem@base@UModSys@@@tl@UModSys@@2USUniquePointer@core@3@A@@YAXXZ 0000000140014f40 f    CIL library: CIL module
 0001:00013f74       ??__E?s_id@?$TObjectUniqueID@URConsole_std@rsystem@base@UModSys@@@tl@UModSys@@2USUniquePointer@core@3@A@@YAXXZ 0000000140014f74 f    CIL library: CIL module
 0001:00013fa8       ??__E?s_modreg@RModuleReg@stdio@media@modules@UModSys@@2U12345@A@@YAXXZ 0000000140014fa8 f    CIL library: CIL module
 0001:00014004       ??__E?s_modreg_chain@RModuleReg@stdio@media@modules@UModSys@@2USModuleRegChain@base@5@A@@YAXXZ 0000000140015004 f    CIL library: CIL module
 0001:00014044       ??__E?s_uid@RGenerator@stdio@media@modules@UModSys@@2USUniquePointer@core@5@A@@YAXXZ 0000000140015044 f    CIL library: CIL module
 0001:00014078       ??__E?s_id@?$TObjectUniqueID@UIStreamReader@libmedia@UModSys@@@tl@UModSys@@2USUniquePointer@core@3@A@@YAXXZ 0000000140015078 f    CIL library: CIL module
 0001:000140ac       ??__E?s_id@?$TObjectUniqueID@UIStreamWriter@libmedia@UModSys@@@tl@UModSys@@2USUniquePointer@core@3@A@@YAXXZ 00000001400150ac f    CIL library: CIL module
 0001:000140e0       ??__E?s_id@?$TObjectUniqueID@UIUtilities@libmedia@UModSys@@@tl@UModSys@@2USUniquePointer@core@3@A@@YAXXZ 00000001400150e0 f    CIL library: CIL module
 0001:00014114       ??__E?s_id@?$TObjectUniqueID@UILibObject@libmedia@UModSys@@@tl@UModSys@@2USUniquePointer@core@3@A@@YAXXZ 0000000140015114 f    CIL library: CIL module
 0001:00014148       ??__E?s_id@?$TObjectUniqueID@UIBinArchive@libmedia@UModSys@@@tl@UModSys@@2USUniquePointer@core@3@A@@YAXXZ 0000000140015148 f    CIL library: CIL module
 0001:0001417c       ??__E?s_id@?$TObjectUniqueID@UIBinObjFilter@libmedia@UModSys@@@tl@UModSys@@2USUniquePointer@core@3@A@@YAXXZ 000000014001517c f    CIL library: CIL module
 0001:000141b0       ??__E?s_id@?$TObjectUniqueID@UILibrary@libmedia@UModSys@@@tl@UModSys@@2USUniquePointer@core@3@A@@YAXXZ 00000001400151b0 f    CIL library: CIL module
 0001:000141e4       ??__E?s_id@?$TObjectUniqueID@URStreamReader_FILE@stdio@media@modules@UModSys@@@tl@UModSys@@2USUniquePointer@core@3@A@@YAXXZ 00000001400151e4 f    CIL library: CIL module
 0001:00014218       ??__E?s_id@?$TObjectUniqueID@URStreamWriter_FILE@stdio@media@modules@UModSys@@@tl@UModSys@@2USUniquePointer@core@3@A@@YAXXZ 0000000140015218 f    CIL library: CIL module
 0001:0001424c       ??__E?s_id@?$TObjectUniqueID@URDataArchiver_OsDir@stdio@media@modules@UModSys@@@tl@UModSys@@2USUniquePointer@core@3@A@@YAXXZ 000000014001524c f    CIL library: CIL module
 0001:00014280       ??__E?s_id@?$TObjectUniqueID@URGenerator@stdio@media@modules@UModSys@@@tl@UModSys@@2USUniquePointer@core@3@A@@YAXXZ 0000000140015280 f    CIL library: CIL module
 0001:000142b4       ??__E?s_modreg@RModuleReg@stdlib@media@modules@UModSys@@2U12345@A@@YAXXZ 00000001400152b4 f    CIL library: CIL module
 0001:00014310       ??__E?s_modreg_chain@RModuleReg@stdlib@media@modules@UModSys@@2USModuleRegChain@base@5@A@@YAXXZ 0000000140015310 f    CIL library: CIL module
 0001:00014350       ??__E?s_uid@RGenerator@stdlib@media@modules@UModSys@@2USUniquePointer@core@5@A@@YAXXZ 0000000140015350 f    CIL library: CIL module
 0001:00014384       ??__E?s_id@?$TObjectUniqueID@UILibraryBinTree@libmedia@UModSys@@@tl@UModSys@@2USUniquePointer@core@3@A@@YAXXZ 0000000140015384 f    CIL library: CIL module
 0001:000143b8       ??__E?s_id@?$TObjectUniqueID@UILibraryBinCache@libmedia@UModSys@@@tl@UModSys@@2USUniquePointer@core@3@A@@YAXXZ 00000001400153b8 f    CIL library: CIL module
 0001:000143ec       ??__E?s_id@?$TObjectUniqueID@UILibraryObjFilter@libmedia@UModSys@@@tl@UModSys@@2USUniquePointer@core@3@A@@YAXXZ 00000001400153ec f    CIL library: CIL module
 0001:00014420       ??__E?s_id@?$TObjectUniqueID@UILibraryObjCache@libmedia@UModSys@@@tl@UModSys@@2USUniquePointer@core@3@A@@YAXXZ 0000000140015420 f    CIL library: CIL module
 0001:00014454       ??__E?s_id@?$TObjectUniqueID@UILibraryLayered@libmedia@UModSys@@@tl@UModSys@@2USUniquePointer@core@3@A@@YAXXZ 0000000140015454 f    CIL library: CIL module
 0001:00014488       ??__E?s_id@?$TObjectUniqueID@UIBinArchiveFrame@libmedia@UModSys@@@tl@UModSys@@2USUniquePointer@core@3@A@@YAXXZ 0000000140015488 f    CIL library: CIL module
 0001:000144bc       ??__E?s_id@?$TObjectUniqueID@UIClient@IBinArchiveFrame@libmedia@UModSys@@@tl@UModSys@@2USUniquePointer@core@3@A@@YAXXZ 00000001400154bc f    CIL library: CIL module
 0001:000144f0       ??__E?s_id@?$TObjectUniqueID@URUtilities@stdlib@media@modules@UModSys@@@tl@UModSys@@2USUniquePointer@core@3@A@@YAXXZ 00000001400154f0 f    CIL library: CIL module
 0001:00014524       ??__E?s_id@?$TObjectUniqueID@URBinArchiveFrame@stdlib@media@modules@UModSys@@@tl@UModSys@@2USUniquePointer@core@3@A@@YAXXZ 0000000140015524 f    CIL library: CIL module
 0001:00014558       ??__E?s_id@?$TObjectUniqueID@URLibraryBinTree@stdlib@media@modules@UModSys@@@tl@UModSys@@2USUniquePointer@core@3@A@@YAXXZ 0000000140015558 f    CIL library: CIL module
 0001:0001458c       ??__E?s_id@?$TObjectUniqueID@URLibraryBinCache@stdlib@media@modules@UModSys@@@tl@UModSys@@2USUniquePointer@core@3@A@@YAXXZ 000000014001558c f    CIL library: CIL module
 0001:000145c0       ??__E?s_id@?$TObjectUniqueID@URLibraryLayered@stdlib@media@modules@UModSys@@@tl@UModSys@@2USUniquePointer@core@3@A@@YAXXZ 00000001400155c0 f    CIL library: CIL module
 0001:000145f4       ??__E?s_id@?$TObjectUniqueID@URLibraryObjCache@stdlib@media@modules@UModSys@@@tl@UModSys@@2USUniquePointer@core@3@A@@YAXXZ 00000001400155f4 f    CIL library: CIL module
 0001:00014628       ??__E?s_id@?$TObjectUniqueID@URLibraryObjFilter@stdlib@media@modules@UModSys@@@tl@UModSys@@2USUniquePointer@core@3@A@@YAXXZ 0000000140015628 f    CIL library: CIL module
 0001:0001465c       ??__E?s_id@?$TObjectUniqueID@URGenerator@stdlib@media@modules@UModSys@@@tl@UModSys@@2USUniquePointer@core@3@A@@YAXXZ 000000014001565c f    CIL library: CIL module
 0001:00014690       ??__E?s_console@RConsole_std@rsystem@base@UModSys@@2U1234@A@@YAXXZ 0000000140015690 f    CIL library: CIL module
 0001:0001469c       ??__E?s_sys@RSystem@rsystem@base@UModSys@@2U1234@A@@YAXXZ 000000014001569c f    CIL library: CIL module
 0001:000146a8       ??__Ersys_dbg@rsystem@base@UModSys@@YAXXZ 00000001400156a8 f    CIL library: CIL module
 0001:000146b4       ??__EM@UModSys@@YAXXZ      00000001400156b4 f    CIL library: CIL module
 0001:000146c0       ??__E?root@SModuleRegChain@base@UModSys@@2U123@A@@YAXXZ 00000001400156c0 f    CIL library: CIL module
 0001:000146cc       ??__E?s_library@RModuleLibraryReg_Chain@base@UModSys@@2U123@A@@YAXXZ 00000001400156cc f    CIL library: CIL module
 0001:000146d8       ??__E?root@SUniquePointer@core@UModSys@@2U123@A@@YAXXZ 00000001400156d8 f    CIL library: CIL module
 0001:000146e4       ??__F?s_id@?$TObjectUniqueID@URConsole_std@rsystem@base@UModSys@@@tl@UModSys@@2USUniquePointer@core@3@A@@YAXXZ 00000001400156e4 f    CIL library: CIL module
 0001:000146f0       ??__F?s_id@?$TObjectUniqueID@URSystem@rsystem@base@UModSys@@@tl@UModSys@@2USUniquePointer@core@3@A@@YAXXZ 00000001400156f0 f    CIL library: CIL module
 0001:000146fc       ??__F?s_id@?$TObjectUniqueID@URParameters@rsystem@base@UModSys@@@tl@UModSys@@2USUniquePointer@core@3@A@@YAXXZ 00000001400156fc f    CIL library: CIL module
 0001:00014708       ??__F?s_id@?$TObjectUniqueID@URModuleLibraryThis@rsystem@base@UModSys@@@tl@UModSys@@2USUniquePointer@core@3@A@@YAXXZ 0000000140015708 f    CIL library: CIL module
 0001:00014714       ??__F?s_id@?$TObjectUniqueID@URModuleLibrarySO@rsystem@base@UModSys@@@tl@UModSys@@2USUniquePointer@core@3@A@@YAXXZ 0000000140015714 f    CIL library: CIL module
 0001:00014720       ??__F?s_id@?$TObjectUniqueID@UIModuleLibraryUni@rsystem@base@UModSys@@@tl@UModSys@@2USUniquePointer@core@3@A@@YAXXZ 0000000140015720 f    CIL library: CIL module
 0001:0001472c       ??__F?s_id@?$TObjectUniqueID@URModule@rsystem@base@UModSys@@@tl@UModSys@@2USUniquePointer@core@3@A@@YAXXZ 000000014001572c f    CIL library: CIL module
 0001:00014738       ??__F?s_id@?$TObjectUniqueID@UISystem@base@UModSys@@@tl@UModSys@@2USUniquePointer@core@3@A@@YAXXZ 0000000140015738 f    CIL library: CIL module
 0001:00014744       ??__F?s_id@?$TObjectUniqueID@UIConsole@base@UModSys@@@tl@UModSys@@2USUniquePointer@core@3@A@@YAXXZ 0000000140015744 f    CIL library: CIL module
 0001:00014750       ??__F?s_id@?$TObjectUniqueID@UIShell@base@UModSys@@@tl@UModSys@@2USUniquePointer@core@3@A@@YAXXZ 0000000140015750 f    CIL library: CIL module
 0001:0001475c       ??__F?s_id@?$TObjectUniqueID@UIGenerator@base@UModSys@@@tl@UModSys@@2USUniquePointer@core@3@A@@YAXXZ 000000014001575c f    CIL library: CIL module
 0001:00014768       ??__F?s_id@?$TObjectUniqueID@UIModObject@base@UModSys@@@tl@UModSys@@2USUniquePointer@core@3@A@@YAXXZ 0000000140015768 f    CIL library: CIL module
 0001:00014774       ??__F?s_id@?$TObjectUniqueID@UIModuleLibrary@base@UModSys@@@tl@UModSys@@2USUniquePointer@core@3@A@@YAXXZ 0000000140015774 f    CIL library: CIL module
 0001:00014780       ??__F?s_id@?$TObjectUniqueID@UIModule@base@UModSys@@@tl@UModSys@@2USUniquePointer@core@3@A@@YAXXZ 0000000140015780 f    CIL library: CIL module
 0001:0001478c       ??__F?s_id@?$TObjectUniqueID@UIParameters@core@UModSys@@@tl@UModSys@@2USUniquePointer@core@3@A@@YAXXZ 000000014001578c f    CIL library: CIL module
 0001:00014798       ??__F?s_id@?$TObjectUniqueID@UIRefObject@core@UModSys@@@tl@UModSys@@2USUniquePointer@core@3@A@@YAXXZ 0000000140015798 f    CIL library: CIL module
 0001:000147a4       ??__F?s_id@?$TObjectUniqueID@UIRoot@core@UModSys@@@tl@UModSys@@2USUniquePointer@core@3@A@@YAXXZ 00000001400157a4 f    CIL library: CIL module
 0001:000147b0       ??__F?s_modreg@RModuleReg@stdio@media@modules@UModSys@@2U12345@A@@YAXXZ 00000001400157b0 f    CIL library: CIL module
 0001:000147c0       ??__F?s_modreg_chain@RModuleReg@stdio@media@modules@UModSys@@2USModuleRegChain@base@5@A@@YAXXZ 00000001400157c0 f    CIL library: CIL module
 0001:00014800       ??__F?s_uid@RGenerator@stdio@media@modules@UModSys@@2USUniquePointer@core@5@A@@YAXXZ 0000000140015800 f    CIL library: CIL module
 0001:0001480c       ??__Fh@?1??s_holder@RGenerator@stdio@media@modules@UModSys@@SAAEAU?$TTypeStaticHolder@URGenerator@stdio@media@modules@UModSys@@@tl@5@XZ@YAXXZ 000000014001580c f    CIL library: CIL module
 0001:00014834       ??__F?s_id@?$TObjectUniqueID@URGenerator@stdio@media@modules@UModSys@@@tl@UModSys@@2USUniquePointer@core@3@A@@YAXXZ 0000000140015834 f    CIL library: CIL module
 0001:00014840       ??__F?s_id@?$TObjectUniqueID@URDataArchiver_OsDir@stdio@media@modules@UModSys@@@tl@UModSys@@2USUniquePointer@core@3@A@@YAXXZ 0000000140015840 f    CIL library: CIL module
 0001:0001484c       ??__F?s_id@?$TObjectUniqueID@URStreamWriter_FILE@stdio@media@modules@UModSys@@@tl@UModSys@@2USUniquePointer@core@3@A@@YAXXZ 000000014001584c f    CIL library: CIL module
 0001:00014858       ??__F?s_id@?$TObjectUniqueID@URStreamReader_FILE@stdio@media@modules@UModSys@@@tl@UModSys@@2USUniquePointer@core@3@A@@YAXXZ 0000000140015858 f    CIL library: CIL module
 0001:00014864       ??__F?s_id@?$TObjectUniqueID@UILibrary@libmedia@UModSys@@@tl@UModSys@@2USUniquePointer@core@3@A@@YAXXZ 0000000140015864 f    CIL library: CIL module
 0001:00014870       ??__F?s_id@?$TObjectUniqueID@UIBinObjFilter@libmedia@UModSys@@@tl@UModSys@@2USUniquePointer@core@3@A@@YAXXZ 0000000140015870 f    CIL library: CIL module
 0001:0001487c       ??__F?s_id@?$TObjectUniqueID@UIBinArchive@libmedia@UModSys@@@tl@UModSys@@2USUniquePointer@core@3@A@@YAXXZ 000000014001587c f    CIL library: CIL module
 0001:00014888       ??__F?s_id@?$TObjectUniqueID@UILibObject@libmedia@UModSys@@@tl@UModSys@@2USUniquePointer@core@3@A@@YAXXZ 0000000140015888 f    CIL library: CIL module
 0001:00014894       ??__F?s_id@?$TObjectUniqueID@UIUtilities@libmedia@UModSys@@@tl@UModSys@@2USUniquePointer@core@3@A@@YAXXZ 0000000140015894 f    CIL library: CIL module
 0001:000148a0       ??__F?s_id@?$TObjectUniqueID@UIStreamWriter@libmedia@UModSys@@@tl@UModSys@@2USUniquePointer@core@3@A@@YAXXZ 00000001400158a0 f    CIL library: CIL module
 0001:000148ac       ??__F?s_id@?$TObjectUniqueID@UIStreamReader@libmedia@UModSys@@@tl@UModSys@@2USUniquePointer@core@3@A@@YAXXZ 00000001400158ac f    CIL library: CIL module
 0001:000148b8       ??__F?s_modreg@RModuleReg@stdlib@media@modules@UModSys@@2U12345@A@@YAXXZ 00000001400158b8 f    CIL library: CIL module
 0001:000148c8       ??__F?s_modreg_chain@RModuleReg@stdlib@media@modules@UModSys@@2USModuleRegChain@base@5@A@@YAXXZ 00000001400158c8 f    CIL library: CIL module
 0001:00014908       ??__F?s_uid@RGenerator@stdlib@media@modules@UModSys@@2USUniquePointer@core@5@A@@YAXXZ 0000000140015908 f    CIL library: CIL module
 0001:00014914       ??__Fh@?1??s_holder@RGenerator@stdlib@media@modules@UModSys@@SAAEAU?$TTypeStaticHolder@URGenerator@stdlib@media@modules@UModSys@@@tl@5@XZ@YAXXZ 0000000140015914 f    CIL library: CIL module
 0001:0001493c       ??__F?s_id@?$TObjectUniqueID@URGenerator@stdlib@media@modules@UModSys@@@tl@UModSys@@2USUniquePointer@core@3@A@@YAXXZ 000000014001593c f    CIL library: CIL module
 0001:00014948       ??__F?s_id@?$TObjectUniqueID@URLibraryObjFilter@stdlib@media@modules@UModSys@@@tl@UModSys@@2USUniquePointer@core@3@A@@YAXXZ 0000000140015948 f    CIL library: CIL module
 0001:00014954       ??__F?s_id@?$TObjectUniqueID@URLibraryObjCache@stdlib@media@modules@UModSys@@@tl@UModSys@@2USUniquePointer@core@3@A@@YAXXZ 0000000140015954 f    CIL library: CIL module
 0001:00014960       ??__F?s_id@?$TObjectUniqueID@URLibraryLayered@stdlib@media@modules@UModSys@@@tl@UModSys@@2USUniquePointer@core@3@A@@YAXXZ 0000000140015960 f    CIL library: CIL module
 0001:0001496c       ??__F?s_id@?$TObjectUniqueID@URLibraryBinCache@stdlib@media@modules@UModSys@@@tl@UModSys@@2USUniquePointer@core@3@A@@YAXXZ 000000014001596c f    CIL library: CIL module
 0001:00014978       ??__F?s_id@?$TObjectUniqueID@URLibraryBinTree@stdlib@media@modules@UModSys@@@tl@UModSys@@2USUniquePointer@core@3@A@@YAXXZ 0000000140015978 f    CIL library: CIL module
 0001:00014984       ??__F?s_id@?$TObjectUniqueID@URBinArchiveFrame@stdlib@media@modules@UModSys@@@tl@UModSys@@2USUniquePointer@core@3@A@@YAXXZ 0000000140015984 f    CIL library: CIL module
 0001:00014990       ??__F?s_id@?$TObjectUniqueID@URUtilities@stdlib@media@modules@UModSys@@@tl@UModSys@@2USUniquePointer@core@3@A@@YAXXZ 0000000140015990 f    CIL library: CIL module
 0001:0001499c       ??__F?s_id@?$TObjectUniqueID@UIClient@IBinArchiveFrame@libmedia@UModSys@@@tl@UModSys@@2USUniquePointer@core@3@A@@YAXXZ 000000014001599c f    CIL library: CIL module
 0001:000149a8       ??__F?s_id@?$TObjectUniqueID@UIBinArchiveFrame@libmedia@UModSys@@@tl@UModSys@@2USUniquePointer@core@3@A@@YAXXZ 00000001400159a8 f    CIL library: CIL module
 0001:000149b4       ??__F?s_id@?$TObjectUniqueID@UILibraryLayered@libmedia@UModSys@@@tl@UModSys@@2USUniquePointer@core@3@A@@YAXXZ 00000001400159b4 f    CIL library: CIL module
 0001:000149c0       ??__F?s_id@?$TObjectUniqueID@UILibraryObjCache@libmedia@UModSys@@@tl@UModSys@@2USUniquePointer@core@3@A@@YAXXZ 00000001400159c0 f    CIL library: CIL module
 0001:000149cc       ??__F?s_id@?$TObjectUniqueID@UILibraryObjFilter@libmedia@UModSys@@@tl@UModSys@@2USUniquePointer@core@3@A@@YAXXZ 00000001400159cc f    CIL library: CIL module
 0001:000149d8       ??__F?s_id@?$TObjectUniqueID@UILibraryBinCache@libmedia@UModSys@@@tl@UModSys@@2USUniquePointer@core@3@A@@YAXXZ 00000001400159d8 f    CIL library: CIL module
 0001:000149e4       ??__F?s_id@?$TObjectUniqueID@UILibraryBinTree@libmedia@UModSys@@@tl@UModSys@@2USUniquePointer@core@3@A@@YAXXZ 00000001400159e4 f    CIL library: CIL module
 0001:000149f0       ??__F?s_console@RConsole_std@rsystem@base@UModSys@@2U1234@A@@YAXXZ 00000001400159f0 f    CIL library: CIL module
 0001:00014a30       ??__F?s_sys@RSystem@rsystem@base@UModSys@@2U1234@A@@YAXXZ 0000000140015a30 f    CIL library: CIL module
 0001:00014a3c       ??__Frsys_dbg@rsystem@base@UModSys@@YAXXZ 0000000140015a3c f    CIL library: CIL module
 0001:00014a60       ??__FM@UModSys@@YAXXZ      0000000140015a60 f    CIL library: CIL module
 0001:00014a64       ??__F?root@SModuleRegChain@base@UModSys@@2U123@A@@YAXXZ 0000000140015a64 f    CIL library: CIL module
 0001:00014aa4       ??__F?s_library@RModuleLibraryReg_Chain@base@UModSys@@2U123@A@@YAXXZ 0000000140015aa4 f    CIL library: CIL module
 0001:00014ab4       ??__F?root@SUniquePointer@core@UModSys@@2U123@A@@YAXXZ 0000000140015ab4 f    CIL library: CIL module

 Exports

  ordinal    name

        1    UModSys_Plugin_Entry2
