 umodsysc

 Timestamp is 5266a020 (Tue Oct 22 18:56:16 2013)

 Preferred load address is 0000000140000000

 Start         Length     Name                   Class
 0001:00000000 0000a94cH .text                   CODE
 0001:0000a950 0000005eH .text$00                CODE
 0001:0000a9b0 000007a1H .text$x                 CODE
 0001:0000b154 00000880H .text$yc                CODE
 0001:0000b9d4 00000364H .text$yd                CODE
 0002:00000000 00000258H .idata$5                DATA
 0002:00000258 00000008H .CRT$XCA                DATA
 0002:00000260 00000008H .CRT$XCAA               DATA
 0002:00000268 00000350H .CRT$XCU                DATA
 0002:000005b8 00000008H .CRT$XCZ                DATA
 0002:000005c0 00000008H .CRT$XIA                DATA
 0002:000005c8 00000008H .CRT$XIAA               DATA
 0002:000005d0 00000008H .CRT$XIY                DATA
 0002:000005d8 00000008H .CRT$XIZ                DATA
 0002:000005e0 00002110H .rdata                  DATA
 0002:000026f0 000016acH .rdata$r                DATA
 0002:00003da0 00000008H .rtc$IAA                DATA
 0002:00003da8 00000008H .rtc$IZZ                DATA
 0002:00003db0 00000008H .rtc$TAA                DATA
 0002:00003db8 00000008H .rtc$TZZ                DATA
 0002:00003dc0 000010c0H .xdata                  DATA
 0002:00004e80 000000e4H .xdata$x                DATA
 0002:00004f64 00000028H .idata$2                DATA
 0002:00004f8c 00000014H .idata$3                DATA
 0002:00004fa0 00000258H .idata$4                DATA
 0002:000051f8 00000478H .idata$6                DATA
 0002:00005670 00000055H .edata                  DATA
 0003:00000000 00000e74H .data                   DATA
 0003:00000e80 000028b8H .bss                    DATA
 0004:00000000 00000f90H .pdata                  DATA

  Address         Publics by Value              Rva+Base               Lib:Object

 0000:00000000       ___safe_se_handler_count   0000000000000000     <absolute>
 0000:00000000       ___safe_se_handler_table   0000000000000000     <absolute>
 0000:00000000       __ImageBase                0000000140000000     <linker-defined>
 0001:00000000       main                       0000000140001000 f   umodsys.c_main.obj
 0001:00000390       ??6SUniquePtrList@core@UModSys@@QEAAAEAU012@PEBUSUniquePointerInfo@12@@Z 0000000140001390 f i umodsys_lib_libmedia:umodsys.mod.media.std.obj
 0001:00000448       ??3IRoot@core@UModSys@@SAXPEAXAEBUSIMemAlloc@12@@Z 0000000140001448 f i umodsys_lib_libmedia:umodsys.mod.media.std.obj
 0001:00000474       ??1?$TSCoreShared@USIMemAlloc@core@UModSys@@D@su@tl@UModSys@@QEAA@XZ 0000000140001474 f i umodsys_lib_libmedia:umodsys.mod.media.std.obj
 0001:00000474       ??1?$TString@U?$TSCoreShared@USIMemAlloc@core@UModSys@@D@su@tl@UModSys@@U?$TComparerBinaryHash@D@234@@tl@UModSys@@QEAA@XZ 0000000140001474 f i umodsys_lib_libmedia:umodsys.mod.media.std.obj
 0001:000004c4       ?get_interface_info@RLibraryBinCache@std@media@modules@UModSys@@UEBAAEBUSUniquePointerInfo@core@5@XZ 00000001400014c4 f i umodsys_lib_libmedia:umodsys.mod.media.std.obj
 0001:000004cc       ?get_interface_type@RLibraryBinCache@std@media@modules@UModSys@@UEBAPEBUSUniquePointerInfo@core@5@XZ 00000001400014cc f i umodsys_lib_libmedia:umodsys.mod.media.std.obj
 0001:000004d4       ?get_other_interface@RLibraryBinCache@std@media@modules@UModSys@@UEAAPEAUIRoot@core@5@PEBUSUniquePointerInfo@75@@Z 00000001400014d4 f i umodsys_lib_libmedia:umodsys.mod.media.std.obj
 0001:000004d4       ?get_other_interface@RLibraryBinCache@std@media@modules@UModSys@@UEBAPEBUIRoot@core@5@PEBUSUniquePointerInfo@75@@Z 00000001400014d4 f i umodsys_lib_libmedia:umodsys.mod.media.std.obj
 0001:0000050c       ?ref_add@RLibraryBinTree@std@media@modules@UModSys@@UEBAXXZ 000000014000150c f i umodsys_lib_libmedia:umodsys.mod.media.std.obj
 0001:0000050c       ?ref_add@RLibraryBinCache@std@media@modules@UModSys@@UEBAXXZ 000000014000150c f i umodsys_lib_libmedia:umodsys.mod.media.std.obj
 0001:00000510       ?ref_remove@RLibraryBinCache@std@media@modules@UModSys@@UEBAXXZ 0000000140001510 f i umodsys_lib_libmedia:umodsys.mod.media.std.obj
 0001:00000510       ?ref_remove@RLibraryBinTree@std@media@modules@UModSys@@UEBAXXZ 0000000140001510 f i umodsys_lib_libmedia:umodsys.mod.media.std.obj
 0001:00000528       ?ref_links@RLibraryBinTree@std@media@modules@UModSys@@UEBAHXZ 0000000140001528 f i umodsys_lib_libmedia:umodsys.mod.media.std.obj
 0001:00000528       ?ref_links@RLibraryBinCache@std@media@modules@UModSys@@UEBAHXZ 0000000140001528 f i umodsys_lib_libmedia:umodsys.mod.media.std.obj
 0001:0000052c       ?ref_weak@RLibraryBinTree@std@media@modules@UModSys@@UEBA_NAEAUWeakPointer@IRefObject@core@5@@Z 000000014000152c f i umodsys_lib_libmedia:umodsys.mod.media.std.obj
 0001:0000052c       ?ref_weak@RLibraryBinCache@std@media@modules@UModSys@@UEBA_NAEAUWeakPointer@IRefObject@core@5@@Z 000000014000152c f i umodsys_lib_libmedia:umodsys.mod.media.std.obj
 0001:0000054c       ?bin_writer@RLibraryBinCache@std@media@modules@UModSys@@UEAA?AU?$TRefObject@UIStreamWriter@libmedia@UModSys@@U?$TRefObjectFunc@UIStreamWriter@libmedia@UModSys@@@tl@3@@tl@5@AEBU?$TString@U?$TSCoreConst@D@su@tl@UModSys@@U?$TComparerBinaryHash@D@234@@75@AEBUSFlags@libmedia@5@@Z 000000014000154c f i umodsys_lib_libmedia:umodsys.mod.media.std.obj
 0001:0000054c       ?bin_reader@RLibraryBinCache@std@media@modules@UModSys@@UEAA?AU?$TRefObject@UIStreamReader@libmedia@UModSys@@U?$TRefObjectFunc@UIStreamReader@libmedia@UModSys@@@tl@3@@tl@5@AEBU?$TString@U?$TSCoreConst@D@su@tl@UModSys@@U?$TComparerBinaryHash@D@234@@75@AEBUSFlags@libmedia@5@@Z 000000014000154c f i umodsys_lib_libmedia:umodsys.mod.media.std.obj
 0001:0000055c       ?bin_load@RLibraryBinCache@std@media@modules@UModSys@@UEAA_NAEAUSCMemShared@core@5@AEBU?$TString@U?$TSCoreConst@D@su@tl@UModSys@@U?$TComparerBinaryHash@D@234@@tl@5@AEBUSFlags@libmedia@5@@Z 000000014000155c f i umodsys_lib_libmedia:umodsys.mod.media.std.obj
 0001:000005cc       ?bin_get@RLibraryBinCache@std@media@modules@UModSys@@UEAA_NAEAUSCMemShared@core@5@AEBU?$TString@U?$TSCoreConst@D@su@tl@UModSys@@U?$TComparerBinaryHash@D@234@@tl@5@@Z 00000001400015cc f i umodsys_lib_libmedia:umodsys.mod.media.std.obj
 0001:000005d8       ?bin_put@RLibraryBinCache@std@media@modules@UModSys@@UEAA_NAEBUSCMemShared@core@5@AEBU?$TString@U?$TSCoreConst@D@su@tl@UModSys@@U?$TComparerBinaryHash@D@234@@tl@5@@Z 00000001400015d8 f i umodsys_lib_libmedia:umodsys.mod.media.std.obj
 0001:000005e4       ?bincache_get@RLibraryBinCache@std@media@modules@UModSys@@UEBA_NAEAUSCMemShared@core@5@AEBU?$TString@U?$TSCoreConst@D@su@tl@UModSys@@U?$TComparerBinaryHash@D@234@@tl@5@@Z 00000001400015e4 f i umodsys_lib_libmedia:umodsys.mod.media.std.obj
 0001:00000698       ?bincache_add@RLibraryBinCache@std@media@modules@UModSys@@UEAA_NAEBUSCMemShared@core@5@AEBU?$TString@U?$TSCoreConst@D@su@tl@UModSys@@U?$TComparerBinaryHash@D@234@@tl@5@@Z 0000000140001698 f i umodsys_lib_libmedia:umodsys.mod.media.std.obj
 0001:00000960       ?bincache_remove@RLibraryBinCache@std@media@modules@UModSys@@UEAA_NAEBU?$TString@U?$TSCoreConst@D@su@tl@UModSys@@U?$TComparerBinaryHash@D@234@@tl@5@@Z 0000000140001960 f i umodsys_lib_libmedia:umodsys.mod.media.std.obj
 0001:000009cc       ?bincache_clear@RLibraryBinCache@std@media@modules@UModSys@@UEAA_NXZ 00000001400019cc f i umodsys_lib_libmedia:umodsys.mod.media.std.obj
 0001:00000a40       ??_GRLibraryBinCache@std@media@modules@UModSys@@UEAAPEAXI@Z 0000000140001a40 f i umodsys_lib_libmedia:umodsys.mod.media.std.obj
 0001:00000a40       ??_ERLibraryBinCache@std@media@modules@UModSys@@UEAAPEAXI@Z 0000000140001a40 f i  CIL library: CIL module
 0001:00000af0       ?get_interface_info@RLibraryBinTree@std@media@modules@UModSys@@UEBAAEBUSUniquePointerInfo@core@5@XZ 0000000140001af0 f i umodsys_lib_libmedia:umodsys.mod.media.std.obj
 0001:00000af8       ?get_interface_type@RLibraryBinTree@std@media@modules@UModSys@@UEBAPEBUSUniquePointerInfo@core@5@XZ 0000000140001af8 f i umodsys_lib_libmedia:umodsys.mod.media.std.obj
 0001:00000b00       ?get_other_interface@RLibraryBinTree@std@media@modules@UModSys@@UEBAPEBUIRoot@core@5@PEBUSUniquePointerInfo@75@@Z 0000000140001b00 f i umodsys_lib_libmedia:umodsys.mod.media.std.obj
 0001:00000b00       ?get_other_interface@RLibraryBinTree@std@media@modules@UModSys@@UEAAPEAUIRoot@core@5@PEBUSUniquePointerInfo@75@@Z 0000000140001b00 f i umodsys_lib_libmedia:umodsys.mod.media.std.obj
 0001:00000b38       ?suicide@RLibraryBinCache@std@media@modules@UModSys@@UEAAXXZ 0000000140001b38 f i umodsys_lib_libmedia:umodsys.mod.media.std.obj
 0001:00000b38       ?suicide@RLibraryBinTree@std@media@modules@UModSys@@UEAAXXZ 0000000140001b38 f i umodsys_lib_libmedia:umodsys.mod.media.std.obj
 0001:00000b84       ?get_parent_flag@RLibraryBinTree@std@media@modules@UModSys@@UEBA?AW4eStates@?$TFlags4State@USMediaFlagUid@libmedia@UModSys@@I@tl@5@H@Z 0000000140001b84 f i umodsys_lib_libmedia:umodsys.mod.media.std.obj
 0001:00000b84       ?get_parent_flag@RLibraryBinCache@std@media@modules@UModSys@@UEBA?AW4eStates@?$TFlags4State@USMediaFlagUid@libmedia@UModSys@@I@tl@5@H@Z 0000000140001b84 f i umodsys_lib_libmedia:umodsys.mod.media.std.obj
 0001:00000b90       ?bin_reader@RLibraryBinTree@std@media@modules@UModSys@@UEAA?AU?$TRefObject@UIStreamReader@libmedia@UModSys@@U?$TRefObjectFunc@UIStreamReader@libmedia@UModSys@@@tl@3@@tl@5@AEBU?$TString@U?$TSCoreConst@D@su@tl@UModSys@@U?$TComparerBinaryHash@D@234@@75@AEBUSFlags@libmedia@5@@Z 0000000140001b90 f i umodsys_lib_libmedia:umodsys.mod.media.std.obj
 0001:00000d58       ?bin_writer@RLibraryBinTree@std@media@modules@UModSys@@UEAA?AU?$TRefObject@UIStreamWriter@libmedia@UModSys@@U?$TRefObjectFunc@UIStreamWriter@libmedia@UModSys@@@tl@3@@tl@5@AEBU?$TString@U?$TSCoreConst@D@su@tl@UModSys@@U?$TComparerBinaryHash@D@234@@75@AEBUSFlags@libmedia@5@@Z 0000000140001d58 f i umodsys_lib_libmedia:umodsys.mod.media.std.obj
 0001:00000f20       ?bin_load@RLibraryBinTree@std@media@modules@UModSys@@UEAA_NAEAUSCMemShared@core@5@AEBU?$TString@U?$TSCoreConst@D@su@tl@UModSys@@U?$TComparerBinaryHash@D@234@@tl@5@AEBUSFlags@libmedia@5@@Z 0000000140001f20 f i umodsys_lib_libmedia:umodsys.mod.media.std.obj
 0001:000010c0       ?bin_save@RLibraryBinTree@std@media@modules@UModSys@@UEAA_NAEBUSCMem@core@5@AEBU?$TString@U?$TSCoreConst@D@su@tl@UModSys@@U?$TComparerBinaryHash@D@234@@tl@5@AEBUSFlags@libmedia@5@@Z 00000001400020c0 f i umodsys_lib_libmedia:umodsys.mod.media.std.obj
 0001:0000123c       ?mount_get@RLibraryBinTree@std@media@modules@UModSys@@UEBA?AUSMountPoint@ILibraryBinTree@libmedia@5@AEBU?$TString@U?$TSCoreConst@D@su@tl@UModSys@@U?$TComparerBinaryHash@D@234@@tl@5@H@Z 000000014000223c f i umodsys_lib_libmedia:umodsys.mod.media.std.obj
 0001:000012bc       ?mount_add@RLibraryBinTree@std@media@modules@UModSys@@UEAA_NAEBUSMountPoint@ILibraryBinTree@libmedia@5@AEBU?$TString@U?$TSCoreConst@D@su@tl@UModSys@@U?$TComparerBinaryHash@D@234@@tl@5@H@Z 00000001400022bc f i umodsys_lib_libmedia:umodsys.mod.media.std.obj
 0001:0000149c       ?mount_remove@RLibraryBinTree@std@media@modules@UModSys@@UEAA_NAEBU?$TString@U?$TSCoreConst@D@su@tl@UModSys@@U?$TComparerBinaryHash@D@234@@tl@5@H@Z 000000014000249c f i umodsys_lib_libmedia:umodsys.mod.media.std.obj
 0001:000014e8       ?mount_clear@RLibraryBinTree@std@media@modules@UModSys@@UEAA_NXZ 00000001400024e8 f i umodsys_lib_libmedia:umodsys.mod.media.std.obj
 0001:00001558       ??_GRLibraryBinTree@std@media@modules@UModSys@@UEAAPEAXI@Z 0000000140002558 f i umodsys_lib_libmedia:umodsys.mod.media.std.obj
 0001:00001558       ??_ERLibraryBinTree@std@media@modules@UModSys@@UEAAPEAXI@Z 0000000140002558 f i  CIL library: CIL module
 0001:00001604       ??1SMountPoint@ILibraryBinTree@libmedia@UModSys@@QEAA@XZ 0000000140002604 f i umodsys_lib_libmedia:umodsys.mod.media.std.obj
 0001:00001628       ?get_generated_names@RGenerator@std@media@modules@UModSys@@UEBAHAEAUSUniquePtrList@core@5@@Z 0000000140002628 f i umodsys_lib_libmedia:umodsys.mod.media.std.obj
 0001:0000165c       ?get_generated_types@RGenerator@std@media@modules@UModSys@@UEBAHAEAUSUniquePtrList@core@5@PEBUSUniquePointerInfo@75@@Z 000000014000265c f i umodsys_lib_libmedia:umodsys.mod.media.std.obj
 0001:000016e0       ?generate@RGenerator@std@media@modules@UModSys@@UEAA_NAEAU?$TRefObject@UIRefObject@core@UModSys@@U?$TRefObjectFunc@UIRefObject@core@UModSys@@@tl@3@@tl@5@PEBUSUniquePointerInfo@core@5@AEBUSParameters@95@@Z 00000001400026e0 f i umodsys_lib_libmedia:umodsys.mod.media.std.obj
 0001:00001834       ?get_interface_info@RGenerator@std@media@modules@UModSys@@UEBAAEBUSUniquePointerInfo@core@5@XZ 0000000140002834 f i umodsys_lib_libmedia:umodsys.mod.media.std.obj
 0001:0000183c       ?get_interface_type@RGenerator@std@media@modules@UModSys@@UEBAPEBUSUniquePointerInfo@core@5@XZ 000000014000283c f i umodsys_lib_libmedia:umodsys.mod.media.std.obj
 0001:00001844       ?get_other_interface@RGenerator@std@media@modules@UModSys@@UEBAPEBUIRoot@core@5@PEBUSUniquePointerInfo@75@@Z 0000000140002844 f i umodsys_lib_libmedia:umodsys.mod.media.std.obj
 0001:00001844       ?get_other_interface@RGenerator@std@media@modules@UModSys@@UEAAPEAUIRoot@core@5@PEBUSUniquePointerInfo@75@@Z 0000000140002844 f i umodsys_lib_libmedia:umodsys.mod.media.std.obj
 0001:0000187c       ?get_uid@RGenerator@std@media@modules@UModSys@@UEBAPEBUSUniquePointerInfo@core@5@XZ 000000014000287c f i umodsys_lib_libmedia:umodsys.mod.media.std.obj
 0001:00001884       ?do_open@RModuleReg@std@media@modules@UModSys@@UEAA_NXZ 0000000140002884 f i umodsys_lib_libmedia:umodsys.mod.media.std.obj
 0001:000018f0       ?do_close@RModuleReg@std@media@modules@UModSys@@UEAA_NXZ 00000001400028f0 f i umodsys_lib_libmedia:umodsys.mod.media.std.obj
 0001:00001940       ??_GRModuleReg@stdio@media@modules@UModSys@@UEAAPEAXI@Z 0000000140002940 f i umodsys_lib_libmedia:umodsys.mod.media.stdio.obj
 0001:00001940       ??_GRModuleReg@std@media@modules@UModSys@@UEAAPEAXI@Z 0000000140002940 f i umodsys_lib_libmedia:umodsys.mod.media.std.obj
 0001:00001940       ??_GIModuleReg@base@UModSys@@UEAAPEAXI@Z 0000000140002940 f i umodsys_lib_base:umodsys.base.modulereg.obj
 0001:00001940       ??_ERModuleReg@stdio@media@modules@UModSys@@UEAAPEAXI@Z 0000000140002940 f i  CIL library: CIL module
 0001:00001940       ??_EIModuleReg@base@UModSys@@UEAAPEAXI@Z 0000000140002940 f i  CIL library: CIL module
 0001:00001940       ??_ERModuleReg@std@media@modules@UModSys@@UEAAPEAXI@Z 0000000140002940 f i  CIL library: CIL module
 0001:00001968       ?get_module@RGenerator@std@media@modules@UModSys@@UEBAPEAUIModule@base@5@XZ 0000000140002968 f   umodsys_lib_libmedia:umodsys.mod.media.std.obj
 0001:00001970       ?mod_inc@RGenerator@std@media@modules@UModSys@@UEBA_NXZ 0000000140002970 f   umodsys_lib_libmedia:umodsys.mod.media.std.obj
 0001:00001980       ?mod_dec@RGenerator@std@media@modules@UModSys@@UEBA_NXZ 0000000140002980 f   umodsys_lib_libmedia:umodsys.mod.media.std.obj
 0001:00001990       ?s_holder@RGenerator@std@media@modules@UModSys@@SAAEAU?$TTypeStaticHolder@URGenerator@std@media@modules@UModSys@@@tl@5@XZ 0000000140002990 f   umodsys_lib_libmedia:umodsys.mod.media.std.obj
 0001:000019d4       ??R?$TScatterArray@USMountInfo@RLibraryBinTree@std@media@modules@UModSys@@USMountIndex@23456@U723456@U?$TNodeDeleter0@U?$TScatterArrayNode@USMountInfo@RLibraryBinTree@std@media@modules@UModSys@@USMountIndex@23456@@tl@UModSys@@@tl@6@@tl@UModSys@@QEAAPEAUSMountInfo@RLibraryBinTree@std@media@modules@2@AEBUSMountIndex@45672@PEAUVoid@core@2@@Z 00000001400029d4 f i umodsys_lib_libmedia:umodsys.mod.media.std.obj
 0001:00001b2c       ?delete_node@?$TTreeHoldRBD@U?$TScatterArrayNode@USCacheElem@RLibraryBinCache@std@media@modules@UModSys@@U?$TString@U?$TSCoreConst@D@su@tl@UModSys@@U?$TComparerBinaryHash@D@234@@tl@6@@tl@UModSys@@U?$TNodeDeleter0@U?$TScatterArrayNode@USCacheElem@RLibraryBinCache@std@media@modules@UModSys@@U?$TString@U?$TSCoreConst@D@su@tl@UModSys@@U?$TComparerBinaryHash@D@234@@tl@6@@tl@UModSys@@@23@@tl@UModSys@@QEAAXPEAU?$TScatterArrayNode@USCacheElem@RLibraryBinCache@std@media@modules@UModSys@@U?$TString@U?$TSCoreConst@D@su@tl@UModSys@@U?$TComparerBinaryHash@D@234@@tl@6@@23@@Z 0000000140002b2c f i umodsys_lib_libmedia:umodsys.mod.media.std.obj
 0001:00001c4c       ?delete_node@?$TTreeHoldRBD@U?$TScatterArrayNode@USMountInfo@RLibraryBinTree@std@media@modules@UModSys@@USMountIndex@23456@@tl@UModSys@@U?$TNodeDeleter0@U?$TScatterArrayNode@USMountInfo@RLibraryBinTree@std@media@modules@UModSys@@USMountIndex@23456@@tl@UModSys@@@23@@tl@UModSys@@QEAAXPEAU?$TScatterArrayNode@USMountInfo@RLibraryBinTree@std@media@modules@UModSys@@USMountIndex@23456@@23@@Z 0000000140002c4c f i umodsys_lib_libmedia:umodsys.mod.media.std.obj
 0001:00001d70       ??_GRGenerator@std@media@modules@UModSys@@UEAAPEAXI@Z 0000000140002d70 f i umodsys_lib_libmedia:umodsys.mod.media.std.obj
 0001:00001d70       ??_GRParameters@rsystem@base@UModSys@@UEAAPEAXI@Z 0000000140002d70 f i umodsys_lib_basesys:umodsys.basesys.rparameters.obj
 0001:00001d70       ??_GRGenerator@stdio@media@modules@UModSys@@UEAAPEAXI@Z 0000000140002d70 f i umodsys_lib_libmedia:umodsys.mod.media.stdio.obj
 0001:00001d70       ??_EIRoot@core@UModSys@@UEAAPEAXI@Z 0000000140002d70 f i  CIL library: CIL module
 0001:00001d70       ??_ERGenerator@stdio@media@modules@UModSys@@UEAAPEAXI@Z 0000000140002d70 f i  CIL library: CIL module
 0001:00001d70       ??_ERParameters@rsystem@base@UModSys@@UEAAPEAXI@Z 0000000140002d70 f i  CIL library: CIL module
 0001:00001d70       ??_GIRoot@core@UModSys@@UEAAPEAXI@Z 0000000140002d70 f i umodsys_lib_libmedia:umodsys.mod.media.std.obj
 0001:00001d70       ??_ERGenerator@std@media@modules@UModSys@@UEAAPEAXI@Z 0000000140002d70 f i  CIL library: CIL module
 0001:00001d98       ?set@?$TSCoreShared@USIMemAlloc@core@UModSys@@D@su@tl@UModSys@@QEAAXPEBD@Z 0000000140002d98 f i umodsys_lib_libmedia:umodsys.mod.media.std.obj
 0001:00001e70       ??R?$TNodeDeleter0@U?$TScatterArrayNode@USMountInfo@RLibraryBinTree@std@media@modules@UModSys@@USMountIndex@23456@@tl@UModSys@@@tl@UModSys@@QEBAHPEAU?$TScatterArrayNode@USMountInfo@RLibraryBinTree@std@media@modules@UModSys@@USMountIndex@23456@@12@@Z 0000000140002e70 f i umodsys_lib_libmedia:umodsys.mod.media.std.obj
 0001:00001f04       ??1?$TScatterArrayNode@USCacheElem@RLibraryBinCache@std@media@modules@UModSys@@U?$TString@U?$TSCoreConst@D@su@tl@UModSys@@U?$TComparerBinaryHash@D@234@@tl@6@@tl@UModSys@@QEAA@XZ 0000000140002f04 f i umodsys_lib_libmedia:umodsys.mod.media.std.obj
 0001:00001f80       ?remove_color@?$TTreeHoldRB@U?$TScatterArrayNode@USMountInfo@RLibraryBinTree@std@media@modules@UModSys@@USMountIndex@23456@@tl@UModSys@@@tl@UModSys@@IEAAXPEAU?$TScatterArrayNode@USMountInfo@RLibraryBinTree@std@media@modules@UModSys@@USMountIndex@23456@@23@0@Z 0000000140002f80 f i umodsys_lib_libmedia:umodsys.mod.media.std.obj
 0001:00001f80       ?remove_color@?$TTreeHoldRB@U?$TScatterArrayNode@USCacheElem@RLibraryBinCache@std@media@modules@UModSys@@U?$TString@U?$TSCoreConst@D@su@tl@UModSys@@U?$TComparerBinaryHash@D@234@@tl@6@@tl@UModSys@@@tl@UModSys@@IEAAXPEAU?$TScatterArrayNode@USCacheElem@RLibraryBinCache@std@media@modules@UModSys@@U?$TString@U?$TSCoreConst@D@su@tl@UModSys@@U?$TComparerBinaryHash@D@234@@tl@6@@23@0@Z 0000000140002f80 f i umodsys_lib_libmedia:umodsys.mod.media.std.obj
 0001:00002220       ??$scalar_compare@U?$TString@U?$TSCoreConst@D@su@tl@UModSys@@U?$TComparerBinaryHash@D@234@@tl@UModSys@@@core@UModSys@@YAHU?$TString@U?$TSCoreConst@D@su@tl@UModSys@@U?$TComparerBinaryHash@D@234@@tl@1@0@Z 0000000140003220 f i umodsys_lib_libmedia:umodsys.mod.media.std.obj
 0001:000022bc       ??$t_gen_param@URLibraryBinTree@std@media@modules@UModSys@@URGenerator@2345@@IGenerator@base@UModSys@@IEAA_NPEAURGenerator@std@media@modules@2@AEAU?$TRefObject@UIRefObject@core@UModSys@@U?$TRefObjectFunc@UIRefObject@core@UModSys@@@tl@3@@tl@2@PEBUSUniquePointerInfo@core@2@AEBUSParameters@core@2@@Z 00000001400032bc f i umodsys_lib_libmedia:umodsys.mod.media.std.obj
 0001:000023dc       ??$find_node_u@UCmp@?$TScatterArray@USMountInfo@RLibraryBinTree@std@media@modules@UModSys@@USMountIndex@23456@U723456@U?$TNodeDeleter0@U?$TScatterArrayNode@USMountInfo@RLibraryBinTree@std@media@modules@UModSys@@USMountIndex@23456@@tl@UModSys@@@tl@6@@tl@UModSys@@@?$TTreeHoldRB@U?$TScatterArrayNode@USMountInfo@RLibraryBinTree@std@media@modules@UModSys@@USMountIndex@23456@@tl@UModSys@@@tl@UModSys@@QEBAPEAU?$TScatterArrayNode@USMountInfo@RLibraryBinTree@std@media@modules@UModSys@@USMountIndex@23456@@12@UCmp@?$TScatterArray@USMountInfo@RLibraryBinTree@std@media@modules@UModSys@@USMountIndex@23456@U723456@U?$TNodeDeleter0@U?$TScatterArrayNode@USMountInfo@RLibraryBinTree@std@media@modules@UModSys@@USMountIndex@23456@@tl@UModSys@@@tl@6@@12@@Z 00000001400033dc f i umodsys_lib_libmedia:umodsys.mod.media.std.obj
 0001:00002470       ?sub_insert_node@?$TTreeHoldRB@U?$TScatterArrayNode@USMountInfo@RLibraryBinTree@std@media@modules@UModSys@@USMountIndex@23456@@tl@UModSys@@@tl@UModSys@@QEAAXPEAU?$TScatterArrayNode@USMountInfo@RLibraryBinTree@std@media@modules@UModSys@@USMountIndex@23456@@23@0H@Z 0000000140003470 f i umodsys_lib_libmedia:umodsys.mod.media.std.obj
 0001:00002470       ?sub_insert_node@?$TTreeHoldRB@U?$TScatterArrayNode@USCacheElem@RLibraryBinCache@std@media@modules@UModSys@@U?$TString@U?$TSCoreConst@D@su@tl@UModSys@@U?$TComparerBinaryHash@D@234@@tl@6@@tl@UModSys@@@tl@UModSys@@QEAAXPEAU?$TScatterArrayNode@USCacheElem@RLibraryBinCache@std@media@modules@UModSys@@U?$TString@U?$TSCoreConst@D@su@tl@UModSys@@U?$TComparerBinaryHash@D@234@@tl@6@@23@0H@Z 0000000140003470 f i umodsys_lib_libmedia:umodsys.mod.media.std.obj
 0001:00002650       ??RCmp@?$TScatterArray@USCacheElem@RLibraryBinCache@std@media@modules@UModSys@@U?$TString@U?$TSCoreConst@D@su@tl@UModSys@@U?$TComparerBinaryHash@D@234@@tl@6@U?$TObjectCompare@U?$TScatterArrayNode@USCacheElem@RLibraryBinCache@std@media@modules@UModSys@@U?$TString@U?$TSCoreConst@D@su@tl@UModSys@@U?$TComparerBinaryHash@D@234@@tl@6@@tl@UModSys@@@core@6@U?$TNodeDeleter0@U?$TScatterArrayNode@USCacheElem@RLibraryBinCache@std@media@modules@UModSys@@U?$TString@U?$TSCoreConst@D@su@tl@UModSys@@U?$TComparerBinaryHash@D@234@@tl@6@@tl@UModSys@@@86@@tl@UModSys@@QEBAHPEBU?$TScatterArrayNode@USCacheElem@RLibraryBinCache@std@media@modules@UModSys@@U?$TString@U?$TSCoreConst@D@su@tl@UModSys@@U?$TComparerBinaryHash@D@234@@tl@6@@23@@Z 0000000140003650 f i umodsys_lib_libmedia:umodsys.mod.media.std.obj
 0001:00002788       ??1?$TRefObject@UIModObject@base@UModSys@@U?$TModObjectFunc@UIModObject@base@UModSys@@@tl@3@@tl@UModSys@@QEAA@XZ 0000000140003788 f i umodsys_lib_libmedia:umodsys.mod.media.std.obj
 0001:000027b4       ??$process_nodes_r@U?$TNodeDeleter0@U?$TScatterArrayNode@USCacheElem@RLibraryBinCache@std@media@modules@UModSys@@U?$TString@U?$TSCoreConst@D@su@tl@UModSys@@U?$TComparerBinaryHash@D@234@@tl@6@@tl@UModSys@@@tl@UModSys@@@?$TTreeHoldRB@U?$TScatterArrayNode@USCacheElem@RLibraryBinCache@std@media@modules@UModSys@@U?$TString@U?$TSCoreConst@D@su@tl@UModSys@@U?$TComparerBinaryHash@D@234@@tl@6@@tl@UModSys@@@tl@UModSys@@KAHPEAU?$TScatterArrayNode@USCacheElem@RLibraryBinCache@std@media@modules@UModSys@@U?$TString@U?$TSCoreConst@D@su@tl@UModSys@@U?$TComparerBinaryHash@D@234@@tl@6@@12@AEBU?$TNodeDeleter0@U?$TScatterArrayNode@USCacheElem@RLibraryBinCache@std@media@modules@UModSys@@U?$TString@U?$TSCoreConst@D@su@tl@UModSys@@U?$TComparerBinaryHash@D@234@@tl@6@@tl@UModSys@@@12@@Z 00000001400037b4 f i umodsys_lib_libmedia:umodsys.mod.media.std.obj
 0001:00002820       ??$process_nodes_r@U?$TNodeDeleter0@U?$TScatterArrayNode@USMountInfo@RLibraryBinTree@std@media@modules@UModSys@@USMountIndex@23456@@tl@UModSys@@@tl@UModSys@@@?$TTreeHoldRB@U?$TScatterArrayNode@USMountInfo@RLibraryBinTree@std@media@modules@UModSys@@USMountIndex@23456@@tl@UModSys@@@tl@UModSys@@KAHPEAU?$TScatterArrayNode@USMountInfo@RLibraryBinTree@std@media@modules@UModSys@@USMountIndex@23456@@12@AEBU?$TNodeDeleter0@U?$TScatterArrayNode@USMountInfo@RLibraryBinTree@std@media@modules@UModSys@@USMountIndex@23456@@tl@UModSys@@@12@@Z 0000000140003820 f i umodsys_lib_libmedia:umodsys.mod.media.std.obj
 0001:00002888       ??1SMemShared@core@UModSys@@QEAA@XZ 0000000140003888 f i umodsys_lib_libmedia:umodsys.mod.media.stdio.obj
 0001:000028ac       ?get_interface_info@RStreamReader_FILE@stdio@media@modules@UModSys@@UEBAAEBUSUniquePointerInfo@core@5@XZ 00000001400038ac f i umodsys_lib_libmedia:umodsys.mod.media.stdio.obj
 0001:000028b4       ?get_interface_type@RStreamReader_FILE@stdio@media@modules@UModSys@@UEBAPEBUSUniquePointerInfo@core@5@XZ 00000001400038b4 f i umodsys_lib_libmedia:umodsys.mod.media.stdio.obj
 0001:000028bc       ?get_other_interface@RStreamReader_FILE@stdio@media@modules@UModSys@@UEBAPEBUIRoot@core@5@PEBUSUniquePointerInfo@75@@Z 00000001400038bc f i umodsys_lib_libmedia:umodsys.mod.media.stdio.obj
 0001:000028bc       ?get_other_interface@RStreamReader_FILE@stdio@media@modules@UModSys@@UEAAPEAUIRoot@core@5@PEBUSUniquePointerInfo@75@@Z 00000001400038bc f i umodsys_lib_libmedia:umodsys.mod.media.stdio.obj
 0001:000028ec       ?suicide@RStreamReader_FILE@stdio@media@modules@UModSys@@UEAAXXZ 00000001400038ec f i umodsys_lib_libmedia:umodsys.mod.media.stdio.obj
 0001:000028ec       ?suicide@RStreamWriter_FILE@stdio@media@modules@UModSys@@UEAAXXZ 00000001400038ec f i umodsys_lib_libmedia:umodsys.mod.media.stdio.obj
 0001:000028ec       ?suicide@RDataArchiver_OsDir@stdio@media@modules@UModSys@@UEAAXXZ 00000001400038ec f i umodsys_lib_libmedia:umodsys.mod.media.stdio.obj
 0001:00002938       ??0RStreamReader_FILE@stdio@media@modules@UModSys@@QEAA@PEAUIModObject@base@4@AEBUSParameters@core@4@@Z 0000000140003938 f i umodsys_lib_libmedia:umodsys.mod.media.stdio.obj
 0001:00002a30       ?reader_seek@RStreamReader_FILE@stdio@media@modules@UModSys@@UEAA_N_J@Z 0000000140003a30 f i umodsys_lib_libmedia:umodsys.mod.media.stdio.obj
 0001:00002a5c       ?reader_seekend@RStreamReader_FILE@stdio@media@modules@UModSys@@UEAA_N_J@Z 0000000140003a5c f i umodsys_lib_libmedia:umodsys.mod.media.stdio.obj
 0001:00002a8c       ?reader_seekdelta@RStreamReader_FILE@stdio@media@modules@UModSys@@UEAA_N_J@Z 0000000140003a8c f i umodsys_lib_libmedia:umodsys.mod.media.stdio.obj
 0001:00002ab8       ?reader_pos@RStreamReader_FILE@stdio@media@modules@UModSys@@UEAA_JXZ 0000000140003ab8 f i umodsys_lib_libmedia:umodsys.mod.media.stdio.obj
 0001:00002ad4       ?reader_size@RStreamReader_FILE@stdio@media@modules@UModSys@@UEAA_JXZ 0000000140003ad4 f i umodsys_lib_libmedia:umodsys.mod.media.stdio.obj
 0001:00002adc       ?reader_read@RStreamReader_FILE@stdio@media@modules@UModSys@@UEAA_NPEAX_K@Z 0000000140003adc f i umodsys_lib_libmedia:umodsys.mod.media.stdio.obj
 0001:00002b5c       ?reader_close@RStreamReader_FILE@stdio@media@modules@UModSys@@UEAAXXZ 0000000140003b5c f i umodsys_lib_libmedia:umodsys.mod.media.stdio.obj
 0001:00002b80       ??_GRStreamReader_FILE@stdio@media@modules@UModSys@@UEAAPEAXI@Z 0000000140003b80 f i umodsys_lib_libmedia:umodsys.mod.media.stdio.obj
 0001:00002b80       ??_ERStreamReader_FILE@stdio@media@modules@UModSys@@UEAAPEAXI@Z 0000000140003b80 f i  CIL library: CIL module
 0001:00002bd4       ?get_interface_info@RStreamWriter_FILE@stdio@media@modules@UModSys@@UEBAAEBUSUniquePointerInfo@core@5@XZ 0000000140003bd4 f i umodsys_lib_libmedia:umodsys.mod.media.stdio.obj
 0001:00002bdc       ?get_interface_type@RStreamWriter_FILE@stdio@media@modules@UModSys@@UEBAPEBUSUniquePointerInfo@core@5@XZ 0000000140003bdc f i umodsys_lib_libmedia:umodsys.mod.media.stdio.obj
 0001:00002be4       ?get_other_interface@RStreamWriter_FILE@stdio@media@modules@UModSys@@UEBAPEBUIRoot@core@5@PEBUSUniquePointerInfo@75@@Z 0000000140003be4 f i umodsys_lib_libmedia:umodsys.mod.media.stdio.obj
 0001:00002be4       ?get_other_interface@RStreamWriter_FILE@stdio@media@modules@UModSys@@UEAAPEAUIRoot@core@5@PEBUSUniquePointerInfo@75@@Z 0000000140003be4 f i umodsys_lib_libmedia:umodsys.mod.media.stdio.obj
 0001:00002c14       ?ref_remove@RStreamReader_FILE@stdio@media@modules@UModSys@@UEBAXXZ 0000000140003c14 f i umodsys_lib_libmedia:umodsys.mod.media.stdio.obj
 0001:00002c14       ?ref_remove@RStreamWriter_FILE@stdio@media@modules@UModSys@@UEBAXXZ 0000000140003c14 f i umodsys_lib_libmedia:umodsys.mod.media.stdio.obj
 0001:00002c14       ?ref_remove@RDataArchiver_OsDir@stdio@media@modules@UModSys@@UEBAXXZ 0000000140003c14 f i umodsys_lib_libmedia:umodsys.mod.media.stdio.obj
 0001:00002c14       ?ref_remove@RGenerator@std@media@modules@UModSys@@UEBAXXZ 0000000140003c14 f i umodsys_lib_libmedia:umodsys.mod.media.std.obj
 0001:00002c14       ?ref_remove@RGenerator@stdio@media@modules@UModSys@@UEBAXXZ 0000000140003c14 f i umodsys_lib_libmedia:umodsys.mod.media.stdio.obj
 0001:00002c2c       ?ref_links@RGenerator@stdio@media@modules@UModSys@@UEBAHXZ 0000000140003c2c f i umodsys_lib_libmedia:umodsys.mod.media.stdio.obj
 0001:00002c2c       ?ref_links@RDataArchiver_OsDir@stdio@media@modules@UModSys@@UEBAHXZ 0000000140003c2c f i umodsys_lib_libmedia:umodsys.mod.media.stdio.obj
 0001:00002c2c       ?ref_links@RStreamWriter_FILE@stdio@media@modules@UModSys@@UEBAHXZ 0000000140003c2c f i umodsys_lib_libmedia:umodsys.mod.media.stdio.obj
 0001:00002c2c       ?ref_links@RStreamReader_FILE@stdio@media@modules@UModSys@@UEBAHXZ 0000000140003c2c f i umodsys_lib_libmedia:umodsys.mod.media.stdio.obj
 0001:00002c2c       ?ref_links@RGenerator@std@media@modules@UModSys@@UEBAHXZ 0000000140003c2c f i umodsys_lib_libmedia:umodsys.mod.media.std.obj
 0001:00002c30       ?open@RStreamWriter_FILE@stdio@media@modules@UModSys@@QEAAXPEBD_N@Z 0000000140003c30 f i umodsys_lib_libmedia:umodsys.mod.media.stdio.obj
 0001:00002cd4       ?writer_seek@RStreamWriter_FILE@stdio@media@modules@UModSys@@UEAA_N_J@Z 0000000140003cd4 f i umodsys_lib_libmedia:umodsys.mod.media.stdio.obj
 0001:00002d00       ?writer_seekend@RStreamWriter_FILE@stdio@media@modules@UModSys@@UEAA_N_J@Z 0000000140003d00 f i umodsys_lib_libmedia:umodsys.mod.media.stdio.obj
 0001:00002d30       ?writer_seekdelta@RStreamWriter_FILE@stdio@media@modules@UModSys@@UEAA_N_J@Z 0000000140003d30 f i umodsys_lib_libmedia:umodsys.mod.media.stdio.obj
 0001:00002d5c       ?writer_setsize@RStreamWriter_FILE@stdio@media@modules@UModSys@@UEAA_N_J@Z 0000000140003d5c f i umodsys_lib_libmedia:umodsys.mod.media.stdio.obj
 0001:00002dbc       ?writer_pos@RStreamWriter_FILE@stdio@media@modules@UModSys@@UEAA_JXZ 0000000140003dbc f i umodsys_lib_libmedia:umodsys.mod.media.stdio.obj
 0001:00002dd8       ?writer_size@RStreamWriter_FILE@stdio@media@modules@UModSys@@UEAA_JXZ 0000000140003dd8 f i umodsys_lib_libmedia:umodsys.mod.media.stdio.obj
 0001:00002e58       ?writer_write@RStreamWriter_FILE@stdio@media@modules@UModSys@@UEAA_NPEBX_K@Z 0000000140003e58 f i umodsys_lib_libmedia:umodsys.mod.media.stdio.obj
 0001:00002ed8       ?writer_copy@RStreamWriter_FILE@stdio@media@modules@UModSys@@UEAA_NPEAUIStreamReader@libmedia@5@_J@Z 0000000140003ed8 f i umodsys_lib_libmedia:umodsys.mod.media.stdio.obj
 0001:00002f78       ?writer_copy@RStreamWriter_FILE@stdio@media@modules@UModSys@@UEAA_NPEAUIStreamReader@libmedia@5@_J1@Z 0000000140003f78 f i umodsys_lib_libmedia:umodsys.mod.media.stdio.obj
 0001:00002fcc       ?writer_close@RStreamWriter_FILE@stdio@media@modules@UModSys@@UEAAXXZ 0000000140003fcc f i umodsys_lib_libmedia:umodsys.mod.media.stdio.obj
 0001:00003008       ?writer_abort@RStreamWriter_FILE@stdio@media@modules@UModSys@@UEAAXXZ 0000000140004008 f i umodsys_lib_libmedia:umodsys.mod.media.stdio.obj
 0001:00003044       ??_ERStreamWriter_FILE@stdio@media@modules@UModSys@@UEAAPEAXI@Z 0000000140004044 f i  CIL library: CIL module
 0001:00003044       ??_GRStreamWriter_FILE@stdio@media@modules@UModSys@@UEAAPEAXI@Z 0000000140004044 f i umodsys_lib_libmedia:umodsys.mod.media.stdio.obj
 0001:000030bc       ?get_interface_info@RDataArchiver_OsDir@stdio@media@modules@UModSys@@UEBAAEBUSUniquePointerInfo@core@5@XZ 00000001400040bc f i umodsys_lib_libmedia:umodsys.mod.media.stdio.obj
 0001:000030c4       ?get_interface_type@RDataArchiver_OsDir@stdio@media@modules@UModSys@@UEBAPEBUSUniquePointerInfo@core@5@XZ 00000001400040c4 f i umodsys_lib_libmedia:umodsys.mod.media.stdio.obj
 0001:000030cc       ?get_other_interface@RDataArchiver_OsDir@stdio@media@modules@UModSys@@UEBAPEBUIRoot@core@5@PEBUSUniquePointerInfo@75@@Z 00000001400040cc f i umodsys_lib_libmedia:umodsys.mod.media.stdio.obj
 0001:000030cc       ?get_other_interface@RDataArchiver_OsDir@stdio@media@modules@UModSys@@UEAAPEAUIRoot@core@5@PEBUSUniquePointerInfo@75@@Z 00000001400040cc f i umodsys_lib_libmedia:umodsys.mod.media.stdio.obj
 0001:000030fc       ?ref_add@RGenerator@std@media@modules@UModSys@@UEBAXXZ 00000001400040fc f i umodsys_lib_libmedia:umodsys.mod.media.std.obj
 0001:000030fc       ?ref_add@RDataArchiver_OsDir@stdio@media@modules@UModSys@@UEBAXXZ 00000001400040fc f i umodsys_lib_libmedia:umodsys.mod.media.stdio.obj
 0001:000030fc       ?ref_add@RStreamWriter_FILE@stdio@media@modules@UModSys@@UEBAXXZ 00000001400040fc f i umodsys_lib_libmedia:umodsys.mod.media.stdio.obj
 0001:000030fc       ?ref_add@RStreamReader_FILE@stdio@media@modules@UModSys@@UEBAXXZ 00000001400040fc f i umodsys_lib_libmedia:umodsys.mod.media.stdio.obj
 0001:000030fc       ?ref_add@RGenerator@stdio@media@modules@UModSys@@UEBAXXZ 00000001400040fc f i umodsys_lib_libmedia:umodsys.mod.media.stdio.obj
 0001:00003100       ?ref_weak@RStreamReader_FILE@stdio@media@modules@UModSys@@UEBA_NAEAUWeakPointer@IRefObject@core@5@@Z 0000000140004100 f i umodsys_lib_libmedia:umodsys.mod.media.stdio.obj
 0001:00003100       ?ref_weak@RDataArchiver_OsDir@stdio@media@modules@UModSys@@UEBA_NAEAUWeakPointer@IRefObject@core@5@@Z 0000000140004100 f i umodsys_lib_libmedia:umodsys.mod.media.stdio.obj
 0001:00003100       ?ref_weak@RStreamWriter_FILE@stdio@media@modules@UModSys@@UEBA_NAEAUWeakPointer@IRefObject@core@5@@Z 0000000140004100 f i umodsys_lib_libmedia:umodsys.mod.media.stdio.obj
 0001:00003100       ?ref_weak@RGenerator@std@media@modules@UModSys@@UEBA_NAEAUWeakPointer@IRefObject@core@5@@Z 0000000140004100 f i umodsys_lib_libmedia:umodsys.mod.media.std.obj
 0001:00003100       ?ref_weak@RGenerator@stdio@media@modules@UModSys@@UEBA_NAEAUWeakPointer@IRefObject@core@5@@Z 0000000140004100 f i umodsys_lib_libmedia:umodsys.mod.media.stdio.obj
 0001:00003120       ??0RDataArchiver_OsDir@stdio@media@modules@UModSys@@QEAA@PEAUIModObject@base@4@AEBUSParameters@core@4@U?$TFlags4State@USMediaFlagUid@libmedia@UModSys@@I@tl@4@@Z 0000000140004120 f i umodsys_lib_libmedia:umodsys.mod.media.stdio.obj
 0001:00003304       ?data_load@RDataArchiver_OsDir@stdio@media@modules@UModSys@@UEAA_NAEBU?$TString@U?$TSCoreConst@D@su@tl@UModSys@@U?$TComparerBinaryHash@D@234@@tl@5@AEAUSCMemShared@core@5@AEBUSFlags@libmedia@5@@Z 0000000140004304 f i umodsys_lib_libmedia:umodsys.mod.media.stdio.obj
 0001:0000350c       ?data_save@RDataArchiver_OsDir@stdio@media@modules@UModSys@@UEAA_NAEBU?$TString@U?$TSCoreConst@D@su@tl@UModSys@@U?$TComparerBinaryHash@D@234@@tl@5@AEBUSCMem@core@5@AEBUSFlags@libmedia@5@@Z 000000014000450c f i umodsys_lib_libmedia:umodsys.mod.media.stdio.obj
 0001:000035a4       ?data_reader@RDataArchiver_OsDir@stdio@media@modules@UModSys@@UEAA?AU?$TRefObject@UIStreamReader@libmedia@UModSys@@U?$TRefObjectFunc@UIStreamReader@libmedia@UModSys@@@tl@3@@tl@5@AEBU?$TString@U?$TSCoreConst@D@su@tl@UModSys@@U?$TComparerBinaryHash@D@234@@75@AEBUSFlags@libmedia@5@@Z 00000001400045a4 f i umodsys_lib_libmedia:umodsys.mod.media.stdio.obj
 0001:000037ec       ?data_writer@RDataArchiver_OsDir@stdio@media@modules@UModSys@@UEAA?AU?$TRefObject@UIStreamWriter@libmedia@UModSys@@U?$TRefObjectFunc@UIStreamWriter@libmedia@UModSys@@@tl@3@@tl@5@AEBU?$TString@U?$TSCoreConst@D@su@tl@UModSys@@U?$TComparerBinaryHash@D@234@@75@AEBUSFlags@libmedia@5@@Z 00000001400047ec f i umodsys_lib_libmedia:umodsys.mod.media.stdio.obj
 0001:00003a48       ?data_list@RDataArchiver_OsDir@stdio@media@modules@UModSys@@UEAA_NAEBU?$TString@U?$TSCoreConst@D@su@tl@UModSys@@U?$TComparerBinaryHash@D@234@@tl@5@AEAU?$TIStackSocket@USFileInfo@libmedia@UModSys@@@75@@Z 0000000140004a48 f i umodsys_lib_libmedia:umodsys.mod.media.stdio.obj
 0001:00003ad8       ?get_permissions@RDataArchiver_OsDir@stdio@media@modules@UModSys@@UEAAHXZ 0000000140004ad8 f i umodsys_lib_libmedia:umodsys.mod.media.stdio.obj
 0001:00003adc       ??_ERDataArchiver_OsDir@stdio@media@modules@UModSys@@UEAAPEAXI@Z 0000000140004adc f i  CIL library: CIL module
 0001:00003adc       ??_GRDataArchiver_OsDir@stdio@media@modules@UModSys@@UEAAPEAXI@Z 0000000140004adc f i umodsys_lib_libmedia:umodsys.mod.media.stdio.obj
 0001:00003b6c       ?get_generated_names@RGenerator@stdio@media@modules@UModSys@@UEBAHAEAUSUniquePtrList@core@5@@Z 0000000140004b6c f i umodsys_lib_libmedia:umodsys.mod.media.stdio.obj
 0001:00003bb0       ?get_generated_types@RGenerator@stdio@media@modules@UModSys@@UEBAHAEAUSUniquePtrList@core@5@PEBUSUniquePointerInfo@75@@Z 0000000140004bb0 f i umodsys_lib_libmedia:umodsys.mod.media.stdio.obj
 0001:00003c44       ?generate@RGenerator@stdio@media@modules@UModSys@@UEAA_NAEAU?$TRefObject@UIRefObject@core@UModSys@@U?$TRefObjectFunc@UIRefObject@core@UModSys@@@tl@3@@tl@5@PEBUSUniquePointerInfo@core@5@AEBUSParameters@95@@Z 0000000140004c44 f i umodsys_lib_libmedia:umodsys.mod.media.stdio.obj
 0001:00003e24       ?get_interface_info@RGenerator@stdio@media@modules@UModSys@@UEBAAEBUSUniquePointerInfo@core@5@XZ 0000000140004e24 f i umodsys_lib_libmedia:umodsys.mod.media.stdio.obj
 0001:00003e2c       ?get_interface_type@RGenerator@stdio@media@modules@UModSys@@UEBAPEBUSUniquePointerInfo@core@5@XZ 0000000140004e2c f i umodsys_lib_libmedia:umodsys.mod.media.stdio.obj
 0001:00003e34       ?get_other_interface@RGenerator@stdio@media@modules@UModSys@@UEAAPEAUIRoot@core@5@PEBUSUniquePointerInfo@75@@Z 0000000140004e34 f i umodsys_lib_libmedia:umodsys.mod.media.stdio.obj
 0001:00003e34       ?get_other_interface@RGenerator@stdio@media@modules@UModSys@@UEBAPEBUIRoot@core@5@PEBUSUniquePointerInfo@75@@Z 0000000140004e34 f i umodsys_lib_libmedia:umodsys.mod.media.stdio.obj
 0001:00003e6c       ?suicide@RGenerator@std@media@modules@UModSys@@UEAAXXZ 0000000140004e6c f i umodsys_lib_libmedia:umodsys.mod.media.std.obj
 0001:00003e6c       ?ref_remove@RConsole_std@rsystem@base@UModSys@@UEBAXXZ 0000000140004e6c f i umodsys_lib_basesys:umodsys.basesys.rconsole_std.obj
 0001:00003e6c       ?ref_add@RConsole_std@rsystem@base@UModSys@@UEBAXXZ 0000000140004e6c f i umodsys_lib_basesys:umodsys.basesys.rconsole_std.obj
 0001:00003e6c       ?suicide@RGenerator@stdio@media@modules@UModSys@@UEAAXXZ 0000000140004e6c f i umodsys_lib_libmedia:umodsys.mod.media.stdio.obj
 0001:00003e6c       ??3@YAXPEAX0@Z             0000000140004e6c f i umodsys_lib_libmedia:umodsys.mod.media.std.obj
 0001:00003e70       ?get_uid@RGenerator@stdio@media@modules@UModSys@@UEBAPEBUSUniquePointerInfo@core@5@XZ 0000000140004e70 f i umodsys_lib_libmedia:umodsys.mod.media.stdio.obj
 0001:00003e78       ?do_open@RModuleReg@stdio@media@modules@UModSys@@UEAA_NXZ 0000000140004e78 f i umodsys_lib_libmedia:umodsys.mod.media.stdio.obj
 0001:00003ee4       ?do_close@RModuleReg@stdio@media@modules@UModSys@@UEAA_NXZ 0000000140004ee4 f i umodsys_lib_libmedia:umodsys.mod.media.stdio.obj
 0001:00003f34       ?get_module@RGenerator@stdio@media@modules@UModSys@@UEBAPEAUIModule@base@5@XZ 0000000140004f34 f   umodsys_lib_libmedia:umodsys.mod.media.stdio.obj
 0001:00003f3c       ?mod_inc@RGenerator@stdio@media@modules@UModSys@@UEBA_NXZ 0000000140004f3c f   umodsys_lib_libmedia:umodsys.mod.media.stdio.obj
 0001:00003f4c       ?mod_dec@RGenerator@stdio@media@modules@UModSys@@UEBA_NXZ 0000000140004f4c f   umodsys_lib_libmedia:umodsys.mod.media.stdio.obj
 0001:00003f5c       ?s_holder@RGenerator@stdio@media@modules@UModSys@@SAAEAU?$TTypeStaticHolder@URGenerator@stdio@media@modules@UModSys@@@tl@5@XZ 0000000140004f5c f   umodsys_lib_libmedia:umodsys.mod.media.stdio.obj
 0001:00003fa0       ??$t_gen_param@URStreamWriter_FILE@stdio@media@modules@UModSys@@URGenerator@2345@@IGenerator@base@UModSys@@IEAA_NPEAURGenerator@stdio@media@modules@2@AEAU?$TRefObject@UIRefObject@core@UModSys@@U?$TRefObjectFunc@UIRefObject@core@UModSys@@@tl@3@@tl@2@PEBUSUniquePointerInfo@core@2@AEBUSParameters@core@2@@Z 0000000140004fa0 f i umodsys_lib_libmedia:umodsys.mod.media.stdio.obj
 0001:00004144       ??0SVFileName@libmedia@UModSys@@QEAA@AEBU?$TString@U?$TSCoreConst@D@su@tl@UModSys@@U?$TComparerBinaryHash@D@234@@tl@2@0_N@Z 0000000140005144 f   umodsys_lib_libmedia:umodsys.lib.media.common.obj
 0001:000041f4       ?init@SVFileName@libmedia@UModSys@@QEAAXPEBDH_N@Z 00000001400051f4 f   umodsys_lib_libmedia:umodsys.lib.media.common.obj
 0001:0000436c       ??$safe_snprintf@D@syshlp@core@UModSys@@YA_KPEAD_KPEBDZZ 000000014000536c f i umodsys_lib_libmedia:umodsys.lib.media.common.obj
 0001:000043a0       ?get_interface_info@RConsole_std@rsystem@base@UModSys@@UEBAAEBUSUniquePointerInfo@core@4@XZ 00000001400053a0 f i umodsys_lib_basesys:umodsys.basesys.rconsole_std.obj
 0001:000043a8       ?get_interface_type@RConsole_std@rsystem@base@UModSys@@UEBAPEBUSUniquePointerInfo@core@4@XZ 00000001400053a8 f i umodsys_lib_basesys:umodsys.basesys.rconsole_std.obj
 0001:000043b0       ?get_interface_types@RModuleLibraryThis@rsystem@base@UModSys@@UEBA_KAEAUSUniquePtrList@core@4@@Z 00000001400053b0 f i umodsys_lib_basesys:umodsys.basesys.rmodulelibthis.obj
 0001:000043b0       ?get_interface_types@RConsole_std@rsystem@base@UModSys@@UEBA_KAEAUSUniquePtrList@core@4@@Z 00000001400053b0 f i umodsys_lib_basesys:umodsys.basesys.rconsole_std.obj
 0001:000043b0       ?get_interface_types@RParameters@rsystem@base@UModSys@@UEBA_KAEAUSUniquePtrList@core@4@@Z 00000001400053b0 f i umodsys_lib_basesys:umodsys.basesys.rparameters.obj
 0001:000043b0       ?get_interface_types@RModuleLibrarySO@rsystem@base@UModSys@@UEBA_KAEAUSUniquePtrList@core@4@@Z 00000001400053b0 f i umodsys_lib_basesys:umodsys.basesys.rmodulelibso.obj
 0001:000043b0       ?get_interface_types@RStreamWriter_FILE@stdio@media@modules@UModSys@@UEBA_KAEAUSUniquePtrList@core@5@@Z 00000001400053b0 f i umodsys_lib_libmedia:umodsys.mod.media.stdio.obj
 0001:000043b0       ?get_interface_types@RModule@rsystem@base@UModSys@@UEBA_KAEAUSUniquePtrList@core@4@@Z 00000001400053b0 f i umodsys_lib_basesys:umodsys.basesys.rmodule.obj
 0001:000043b0       ?get_interface_types@RLibraryBinTree@std@media@modules@UModSys@@UEBA_KAEAUSUniquePtrList@core@5@@Z 00000001400053b0 f i umodsys_lib_libmedia:umodsys.mod.media.std.obj
 0001:000043b0       ?get_interface_types@RStreamReader_FILE@stdio@media@modules@UModSys@@UEBA_KAEAUSUniquePtrList@core@5@@Z 00000001400053b0 f i umodsys_lib_libmedia:umodsys.mod.media.stdio.obj
 0001:000043b0       ?get_interface_types@RGenerator@stdio@media@modules@UModSys@@UEBA_KAEAUSUniquePtrList@core@5@@Z 00000001400053b0 f i umodsys_lib_libmedia:umodsys.mod.media.stdio.obj
 0001:000043b0       ?get_interface_types@RSystem@rsystem@base@UModSys@@UEBA_KAEAUSUniquePtrList@core@4@@Z 00000001400053b0 f i umodsys_lib_basesys:umodsys.basesys.rsystem_main.obj
 0001:000043b0       ?get_interface_types@RDataArchiver_OsDir@stdio@media@modules@UModSys@@UEBA_KAEAUSUniquePtrList@core@5@@Z 00000001400053b0 f i umodsys_lib_libmedia:umodsys.mod.media.stdio.obj
 0001:000043b0       ?get_interface_types@RGenerator@std@media@modules@UModSys@@UEBA_KAEAUSUniquePtrList@core@5@@Z 00000001400053b0 f i umodsys_lib_libmedia:umodsys.mod.media.std.obj
 0001:000043b0       ?get_interface_types@RLibraryBinCache@std@media@modules@UModSys@@UEBA_KAEAUSUniquePtrList@core@5@@Z 00000001400053b0 f i umodsys_lib_libmedia:umodsys.mod.media.std.obj
 0001:000043b8       ?get_other_interface@RConsole_std@rsystem@base@UModSys@@UEAAPEAUIRoot@core@4@PEBUSUniquePointerInfo@64@@Z 00000001400053b8 f i umodsys_lib_basesys:umodsys.basesys.rconsole_std.obj
 0001:000043b8       ?get_other_interface@RConsole_std@rsystem@base@UModSys@@UEBAPEBUIRoot@core@4@PEBUSUniquePointerInfo@64@@Z 00000001400053b8 f i umodsys_lib_basesys:umodsys.basesys.rconsole_std.obj
 0001:000043e8       _setargv                   00000001400053e8 f   MSVCRT:dllargv.obj
 0001:000043e8       ?get_syslib@RSystem@rsystem@base@UModSys@@UEAAPEAUIModuleLibrary@34@XZ 00000001400053e8 f   umodsys_lib_basesys:umodsys.basesys.rsystem.obj
 0001:000043e8       ?ref_links@RConsole_std@rsystem@base@UModSys@@UEBAHXZ 00000001400053e8 f   umodsys_lib_basesys:umodsys.basesys.rconsole_std.obj
 0001:000043e8       _matherr                   00000001400053e8 f   MSVCRT:merr.obj
 0001:000043ec       ?vput@RConsole_std@rsystem@base@UModSys@@UEAA_NHPEBDPEAD@Z 00000001400053ec f   umodsys_lib_basesys:umodsys.basesys.rconsole_std.obj
 0001:00004450       ?put@RConsole_std@rsystem@base@UModSys@@UEAA_NHPEBDZZ 0000000140005450 f   umodsys_lib_basesys:umodsys.basesys.rconsole_std.obj
 0001:000044ac       ?get_c@RConsole_std@rsystem@base@UModSys@@UEAA_NPEAHPEBDZZ 00000001400054ac f   umodsys_lib_basesys:umodsys.basesys.rconsole_std.obj
 0001:000044b4       ?reflect@RConsole_std@rsystem@base@UModSys@@QEAA_NPEBD@Z 00000001400054b4 f   umodsys_lib_basesys:umodsys.basesys.rconsole_std.obj
 0001:00004518       ??_GRConsole_std@rsystem@base@UModSys@@UEAAPEAXI@Z 0000000140005518 f i umodsys_lib_basesys:umodsys.basesys.rconsole_std.obj
 0001:00004518       ??_ERConsole_std@rsystem@base@UModSys@@UEAAPEAXI@Z 0000000140005518 f i  CIL library: CIL module
 0001:0000456c       ?decode_error@EExceptionBase@core@UModSys@@UEBAHPEAD_K@Z 000000014000556c f i umodsys_lib_basesys:umodsys.basesys.rsystem_main.obj
 0001:000045a8       ?decode_error@EFatal@core@UModSys@@UEBAHPEAD_K@Z 00000001400055a8 f i umodsys_lib_basesys:umodsys.basesys.rsystem_main.obj
 0001:000045e4       ??_EEExceptionBase@core@UModSys@@UEAAPEAXI@Z 00000001400055e4 f i  CIL library: CIL module
 0001:000045e4       ??_EEFatal@core@UModSys@@UEAAPEAXI@Z 00000001400055e4 f i  CIL library: CIL module
 0001:000045e4       ??_EEWarning@core@UModSys@@UEAAPEAXI@Z 00000001400055e4 f i  CIL library: CIL module
 0001:000045e4       ??_GEWarning@core@UModSys@@UEAAPEAXI@Z 00000001400055e4 f i umodsys_lib_basesys:umodsys.basesys.rsystem_main.obj
 0001:000045e4       ??_GEFatal@core@UModSys@@UEAAPEAXI@Z 00000001400055e4 f i umodsys_lib_basesys:umodsys.basesys.rsystem_main.obj
 0001:000045e4       ??_GEExceptionBase@core@UModSys@@UEAAPEAXI@Z 00000001400055e4 f i umodsys_lib_basesys:umodsys.basesys.rsystem_main.obj
 0001:0000460c       ?decode_error@EWarning@core@UModSys@@UEBAHPEAD_K@Z 000000014000560c f i umodsys_lib_basesys:umodsys.basesys.rsystem_main.obj
 0001:00004648       ??1EWarning@core@UModSys@@UEAA@XZ 0000000140005648 f i umodsys_lib_basesys:umodsys.basesys.rsystem_main.obj
 0001:00004648       ??1EFatal@core@UModSys@@UEAA@XZ 0000000140005648 f i umodsys_lib_basesys:umodsys.basesys.rsystem_main.obj
 0001:00004654       ?get_interface_info@RSystem@rsystem@base@UModSys@@UEBAAEBUSUniquePointerInfo@core@4@XZ 0000000140005654 f i umodsys_lib_basesys:umodsys.basesys.rsystem_main.obj
 0001:0000465c       ?get_interface_type@RSystem@rsystem@base@UModSys@@UEBAPEBUSUniquePointerInfo@core@4@XZ 000000014000565c f i umodsys_lib_basesys:umodsys.basesys.rsystem_main.obj
 0001:00004664       ?get_other_interface@RSystem@rsystem@base@UModSys@@UEAAPEAUIRoot@core@4@PEBUSUniquePointerInfo@64@@Z 0000000140005664 f i umodsys_lib_basesys:umodsys.basesys.rsystem_main.obj
 0001:00004664       ?get_other_interface@RSystem@rsystem@base@UModSys@@UEBAPEBUIRoot@core@4@PEBUSUniquePointerInfo@64@@Z 0000000140005664 f i umodsys_lib_basesys:umodsys.basesys.rsystem_main.obj
 0001:00004684       ?init@RSystem@rsystem@base@UModSys@@QEAA_NXZ 0000000140005684 f   umodsys_lib_basesys:umodsys.basesys.rsystem_main.obj
 0001:00004868       ??_ERSystem@rsystem@base@UModSys@@UEAAPEAXI@Z 0000000140005868 f i  CIL library: CIL module
 0001:00004868       ??_GRSystem@rsystem@base@UModSys@@UEAAPEAXI@Z 0000000140005868 f i umodsys_lib_basesys:umodsys.basesys.rsystem_main.obj
 0001:00004898       ??1RSystem@rsystem@base@UModSys@@UEAA@XZ 0000000140005898 f   umodsys_lib_basesys:umodsys.basesys.rsystem_main.obj
 0001:000049e0       ?dbg_put@rsystem@base@UModSys@@YAXW4eRSystemDebugLevels@123@PEBDZZ 00000001400059e0 f   umodsys_lib_basesys:umodsys.basesys.rsystem_main.obj
 0001:00004a24       ?err_put@rsystem@base@UModSys@@YAXW4eRSystemDebugLevels@123@PEBDZZ 0000000140005a24 f   umodsys_lib_basesys:umodsys.basesys.rsystem_main.obj
 0001:00004a68       ??1?$TStaticStringPool@DU?$TComparerBinaryHash@D@su@tl@UModSys@@USMemAlloc_Malloc@core@4@@tl@UModSys@@QEAA@XZ 0000000140005a68 f i umodsys_lib_basesys:umodsys.basesys.rsystem_main.obj
 0001:00004a70       ??1?$TQuantArrayUnique@USUniquePointerInfo@core@UModSys@@$0BAA@USMemAlloc_Malloc@23@@tl@UModSys@@QEAA@XZ 0000000140005a70 f i umodsys_lib_basesys:umodsys.basesys.rsystem_main.obj
 0001:00004ae8       ??1?$TTreeHoldRBD@U?$TQuantArrayNode@USSourceContext@core@UModSys@@$0BAA@@tl@UModSys@@U?$TNodeDeleter@U?$TQuantArrayNode@USSourceContext@core@UModSys@@$0BAA@@tl@UModSys@@USMemAlloc_Malloc@core@3@@23@@tl@UModSys@@QEAA@XZ 0000000140005ae8 f i umodsys_lib_basesys:umodsys.basesys.rsystem_main.obj
 0001:00004ae8       ??1?$TTreeHoldRBD@U?$TQuantArrayNode@USUniquePointerInfo@core@UModSys@@$0BAA@@tl@UModSys@@U?$TNodeDeleter@U?$TQuantArrayNode@USUniquePointerInfo@core@UModSys@@$0BAA@@tl@UModSys@@USMemAlloc_Malloc@core@3@@23@@tl@UModSys@@QEAA@XZ 0000000140005ae8 f i umodsys_lib_basesys:umodsys.basesys.rsystem_main.obj
 0001:00004b50       ?mem_alloc@?$TRMemAlloc_CC@U?$TMemAllocHeader@USMagic@mem_headers@rsystem@base@UModSys@@U?$TPool@X@2345@USDebug@2345@UVoid@core@5@U895@@rsystem@base@UModSys@@USMemAlloc_Malloc@core@4@@rsystem@base@UModSys@@UEAAPEAX_KPEBUSSourceContext@core@4@@Z 0000000140005b50 f i umodsys_lib_basesys:umodsys.basesys.rsystem_main.obj
 0001:00004bd4       ?mem_realloc@?$TRMemAlloc_CC@U?$TMemAllocHeader@USMagic@mem_headers@rsystem@base@UModSys@@U?$TPool@X@2345@USDebug@2345@UVoid@core@5@U895@@rsystem@base@UModSys@@USMemAlloc_Malloc@core@4@@rsystem@base@UModSys@@UEAAPEAXPEAX_KPEBUSSourceContext@core@4@@Z 0000000140005bd4 f i umodsys_lib_basesys:umodsys.basesys.rsystem_main.obj
 0001:00004ec8       ?mem_free@?$TRMemAlloc_CC@U?$TMemAllocHeader@USMagic@mem_headers@rsystem@base@UModSys@@U?$TPool@X@2345@USDebug@2345@UVoid@core@5@U895@@rsystem@base@UModSys@@USMemAlloc_Malloc@core@4@@rsystem@base@UModSys@@UEAAXPEAXPEBUSSourceContext@core@4@@Z 0000000140005ec8 f i umodsys_lib_basesys:umodsys.basesys.rsystem_main.obj
 0001:00005034       ?free@?$TStaticStringPool@DU?$TComparerBinaryHash@D@su@tl@UModSys@@USMemAlloc_Malloc@core@4@@tl@UModSys@@QEAAXXZ 0000000140006034 f i umodsys_lib_basesys:umodsys.basesys.rsystem_main.obj
 0001:00005088       ??$process_nodes_r@U?$TNodeDeleter@U?$TQuantArrayNode@USSourceContext@core@UModSys@@$0BAA@@tl@UModSys@@USMemAlloc_Malloc@core@3@@tl@UModSys@@@?$TTreeHoldRB@U?$TQuantArrayNode@USSourceContext@core@UModSys@@$0BAA@@tl@UModSys@@@tl@UModSys@@KAHPEAU?$TQuantArrayNode@USSourceContext@core@UModSys@@$0BAA@@12@AEBU?$TNodeDeleter@U?$TQuantArrayNode@USSourceContext@core@UModSys@@$0BAA@@tl@UModSys@@USMemAlloc_Malloc@core@3@@12@@Z 0000000140006088 f i umodsys_lib_basesys:umodsys.basesys.rsystem_main.obj
 0001:00005088       ??$process_nodes_r@U?$TNodeDeleter@U?$TQuantArrayNode@USUniquePointerInfo@core@UModSys@@$0BAA@@tl@UModSys@@USMemAlloc_Malloc@core@3@@tl@UModSys@@@?$TTreeHoldRB@U?$TQuantArrayNode@USUniquePointerInfo@core@UModSys@@$0BAA@@tl@UModSys@@@tl@UModSys@@KAHPEAU?$TQuantArrayNode@USUniquePointerInfo@core@UModSys@@$0BAA@@12@AEBU?$TNodeDeleter@U?$TQuantArrayNode@USUniquePointerInfo@core@UModSys@@$0BAA@@tl@UModSys@@USMemAlloc_Malloc@core@3@@12@@Z 0000000140006088 f i umodsys_lib_basesys:umodsys.basesys.rsystem_main.obj
 0001:000050ec       ??0EFatal@core@UModSys@@QEAA@AEBU012@@Z 00000001400060ec f i umodsys_lib_basesys:umodsys.basesys.rsystem_main.obj
 0001:0000512c       ??0EExceptionBase@core@UModSys@@QEAA@AEBU012@@Z 000000014000612c f i umodsys_lib_basesys:umodsys.basesys.rsystem_main.obj
 0001:00005160       ??0EWarning@core@UModSys@@QEAA@AEBU012@@Z 0000000140006160 f i umodsys_lib_basesys:umodsys.basesys.rsystem_main.obj
 0001:000051a0       ?exec_test_shells@RSystem@rsystem@base@UModSys@@QEAA_NXZ 00000001400061a0 f   umodsys_lib_basesys:umodsys.basesys.rsystem_tests.obj
 0001:00005390       ??1?$TParametersA@$0EAA@@core@UModSys@@QEAA@XZ 0000000140006390 f i umodsys_lib_basesys:umodsys.basesys.rsystem_tests.obj
 0001:000053ac       ??1?$TRefObject@UIStreamWriter@libmedia@UModSys@@U?$TRefObjectFunc@UIStreamWriter@libmedia@UModSys@@@tl@3@@tl@UModSys@@QEAA@XZ 00000001400063ac f i umodsys_lib_libmedia:umodsys.mod.media.std.obj
 0001:000053ac       ??1?$TRefObject@UIRefObject@core@UModSys@@U?$TRefObjectFunc@UIRefObject@core@UModSys@@@tl@3@@tl@UModSys@@QEAA@XZ 00000001400063ac f i umodsys_lib_basesys:umodsys.basesys.rsystem_tests.obj
 0001:000053ac       ??1?$TRefObject@UIModuleLibraryUni@rsystem@base@UModSys@@U?$TRefObjectFunc@UIModuleLibraryUni@rsystem@base@UModSys@@@tl@4@@tl@UModSys@@QEAA@XZ 00000001400063ac f i umodsys_lib_basesys:umodsys.basesys.rmodule.obj
 0001:000053ac       ??1?$TRefObject@URStreamReader_FILE@stdio@media@modules@UModSys@@U?$TRefObjectFunc@URStreamReader_FILE@stdio@media@modules@UModSys@@@tl@5@@tl@UModSys@@QEAA@XZ 00000001400063ac f i umodsys_lib_libmedia:umodsys.mod.media.stdio.obj
 0001:000053ac       ??1?$TRefObject@UIStreamReader@libmedia@UModSys@@U?$TRefObjectFunc@UIStreamReader@libmedia@UModSys@@@tl@3@@tl@UModSys@@QEAA@XZ 00000001400063ac f i umodsys_lib_libmedia:umodsys.mod.media.std.obj
 0001:000053ac       ??1?$TRefObject@URStreamWriter_FILE@stdio@media@modules@UModSys@@U?$TRefObjectFunc@URStreamWriter_FILE@stdio@media@modules@UModSys@@@tl@5@@tl@UModSys@@QEAA@XZ 00000001400063ac f i umodsys_lib_libmedia:umodsys.mod.media.stdio.obj
 0001:000053ac       ??1?$TRefObject@URDataArchiver_OsDir@stdio@media@modules@UModSys@@U?$TRefObjectFunc@URDataArchiver_OsDir@stdio@media@modules@UModSys@@@tl@5@@tl@UModSys@@QEAA@XZ 00000001400063ac f i umodsys_lib_libmedia:umodsys.mod.media.stdio.obj
 0001:000053ac       ??1?$TRefObject@URLibraryBinCache@std@media@modules@UModSys@@U?$TRefObjectFunc@URLibraryBinCache@std@media@modules@UModSys@@@tl@5@@tl@UModSys@@QEAA@XZ 00000001400063ac f i umodsys_lib_libmedia:umodsys.mod.media.std.obj
 0001:000053ac       ??1?$TRefObject@URModuleLibrarySO@rsystem@base@UModSys@@U?$TRefObjectFunc@URModuleLibrarySO@rsystem@base@UModSys@@@tl@4@@tl@UModSys@@QEAA@XZ 00000001400063ac f i umodsys_lib_basesys:umodsys.basesys.rmoduleloader.obj
 0001:000053ac       ??1?$TRefObject@UIShell@base@UModSys@@U?$TRefObjectFunc@UIShell@base@UModSys@@@tl@3@@tl@UModSys@@QEAA@XZ 00000001400063ac f i umodsys_lib_basesys:umodsys.basesys.rsystem_tests.obj
 0001:000053ac       ??1?$TRefObject@URParameters@rsystem@base@UModSys@@U?$TRefObjectFunc@URParameters@rsystem@base@UModSys@@@tl@4@@tl@UModSys@@QEAA@XZ 00000001400063ac f i umodsys_lib_basesys:umodsys.basesys.rsystem_main.obj
 0001:000053ac       ??1?$TRefObject@URLibraryBinTree@std@media@modules@UModSys@@U?$TRefObjectFunc@URLibraryBinTree@std@media@modules@UModSys@@@tl@5@@tl@UModSys@@QEAA@XZ 00000001400063ac f i umodsys_lib_libmedia:umodsys.mod.media.std.obj
 0001:000053d0       ?moduledb_findobjname@RModuleLoader@rsystem@base@UModSys@@UEAA_KPEBUSUniquePointerInfo@core@4@QEAPEBU564@_KPEBD@Z 00000001400063d0 f   umodsys_lib_basesys:umodsys.basesys.rmoduleloader.obj
 0001:00005480       ?moduledb_generate@RModuleLoader@rsystem@base@UModSys@@UEAA_NAEAU?$TRefObject@UIRefObject@core@UModSys@@U?$TRefObjectFunc@UIRefObject@core@UModSys@@@tl@3@@tl@4@PEBUSUniquePointerInfo@core@4@AEBUSParameters@84@@Z 0000000140006480 f   umodsys_lib_basesys:umodsys.basesys.rmoduleloader.obj
 0001:0000550c       ?moduledb_lib_count@RModuleLoader@rsystem@base@UModSys@@UEAA_KXZ 000000014000650c f   umodsys_lib_basesys:umodsys.basesys.rmoduleloader.obj
 0001:00005514       ?moduledb_lib_get@RModuleLoader@rsystem@base@UModSys@@UEBAPEAUIModuleLibrary@34@_K@Z 0000000140006514 f   umodsys_lib_basesys:umodsys.basesys.rmoduleloader.obj
 0001:00005534       ?moduledb_module_count@RModuleLoader@rsystem@base@UModSys@@UEAA_KXZ 0000000140006534 f   umodsys_lib_basesys:umodsys.basesys.rmoduleloader.obj
 0001:00005564       ?moduledb_module_get@RModuleLoader@rsystem@base@UModSys@@UEBAPEAUIModule@34@_K@Z 0000000140006564 f   umodsys_lib_basesys:umodsys.basesys.rmoduleloader.obj
 0001:000055b0       ?moduledb_find@RModuleLoader@rsystem@base@UModSys@@UEBAPEAUIModule@34@AEBU?$TString@U?$TSCoreConst@D@su@tl@UModSys@@U?$TComparerBinaryHash@D@234@@tl@4@AEBUSVersion@core@4@@Z 00000001400065b0 f   umodsys_lib_basesys:umodsys.basesys.rmoduleloader.obj
 0001:000056e8       ?moduledb_clear@RModuleLoader@rsystem@base@UModSys@@UEAAXXZ 00000001400066e8 f   umodsys_lib_basesys:umodsys.basesys.rmoduleloader.obj
 0001:00005790       ?moduledb_cleanup@RModuleLoader@rsystem@base@UModSys@@UEAA_KXZ 0000000140006790 f   umodsys_lib_basesys:umodsys.basesys.rmoduleloader.obj
 0001:00005900       ?obj_load@RLibraryBinTree@std@media@modules@UModSys@@UEAA_NPEAUIRefObject@core@5@AEBU?$TString@U?$TSCoreConst@D@su@tl@UModSys@@U?$TComparerBinaryHash@D@234@@tl@5@AEBUSObjOptions@ILibrary@libmedia@5@@Z 0000000140006900 f   umodsys_lib_libmedia:umodsys.mod.media.std.obj
 0001:00005900       ?obj_fload@RLibraryBinCache@std@media@modules@UModSys@@UEAA_NPEAUIRefObject@core@5@AEBUSInfo@IBinObjFilter@libmedia@5@@Z 0000000140006900 f   umodsys_lib_libmedia:umodsys.mod.media.std.obj
 0001:00005900       ?obj_get@RLibraryBinCache@std@media@modules@UModSys@@UEAA_NAEAU?$TRefObject@UIRefObject@core@UModSys@@U?$TRefObjectFunc@UIRefObject@core@UModSys@@@tl@3@@tl@5@AEBU?$TString@U?$TSCoreConst@D@su@tl@UModSys@@U?$TComparerBinaryHash@D@234@@75@AEBUSObjOptions@ILibrary@libmedia@5@@Z 0000000140006900 f   umodsys_lib_libmedia:umodsys.mod.media.std.obj
 0001:00005900       ?bin_put@RLibraryBinTree@std@media@modules@UModSys@@UEAA_NAEBUSCMemShared@core@5@AEBU?$TString@U?$TSCoreConst@D@su@tl@UModSys@@U?$TComparerBinaryHash@D@234@@tl@5@@Z 0000000140006900 f   umodsys_lib_libmedia:umodsys.mod.media.std.obj
 0001:00005900       ?obj_cput@RLibraryBinTree@std@media@modules@UModSys@@UEAA_NPEAUIRefObject@core@5@AEBU?$TString@U?$TSCoreConst@D@su@tl@UModSys@@U?$TComparerBinaryHash@D@234@@tl@5@@Z 0000000140006900 f   umodsys_lib_libmedia:umodsys.mod.media.std.obj
 0001:00005900       ?obj_fload@RLibraryBinTree@std@media@modules@UModSys@@UEAA_NPEAUIRefObject@core@5@AEBUSInfo@IBinObjFilter@libmedia@5@@Z 0000000140006900 f   umodsys_lib_libmedia:umodsys.mod.media.std.obj
 0001:00005900       ?obj_save@RLibraryBinTree@std@media@modules@UModSys@@UEAA_NPEAUIRefObject@core@5@AEBU?$TString@U?$TSCoreConst@D@su@tl@UModSys@@U?$TComparerBinaryHash@D@234@@tl@5@AEBUSObjOptions@ILibrary@libmedia@5@@Z 0000000140006900 f   umodsys_lib_libmedia:umodsys.mod.media.std.obj
 0001:00005900       ?obj_get@RLibraryBinTree@std@media@modules@UModSys@@UEAA_NAEAU?$TRefObject@UIRefObject@core@UModSys@@U?$TRefObjectFunc@UIRefObject@core@UModSys@@@tl@3@@tl@5@AEBU?$TString@U?$TSCoreConst@D@su@tl@UModSys@@U?$TComparerBinaryHash@D@234@@75@AEBUSObjOptions@ILibrary@libmedia@5@@Z 0000000140006900 f   umodsys_lib_libmedia:umodsys.mod.media.std.obj
 0001:00005900       ?moduledb_load@RModuleLoader@rsystem@base@UModSys@@UEAA_NAEBU?$TString@U?$TSCoreConst@D@su@tl@UModSys@@U?$TComparerBinaryHash@D@234@@tl@4@@Z 0000000140006900 f   umodsys_lib_basesys:umodsys.basesys.rmoduleloader.obj
 0001:00005900       ?obj_cget@RLibraryBinTree@std@media@modules@UModSys@@UEAA_NAEAU?$TRefObject@UIRefObject@core@UModSys@@U?$TRefObjectFunc@UIRefObject@core@UModSys@@@tl@3@@tl@5@AEBU?$TString@U?$TSCoreConst@D@su@tl@UModSys@@U?$TComparerBinaryHash@D@234@@75@@Z 0000000140006900 f   umodsys_lib_libmedia:umodsys.mod.media.std.obj
 0001:00005900       ?obj_load@RLibraryBinCache@std@media@modules@UModSys@@UEAA_NPEAUIRefObject@core@5@AEBU?$TString@U?$TSCoreConst@D@su@tl@UModSys@@U?$TComparerBinaryHash@D@234@@tl@5@AEBUSObjOptions@ILibrary@libmedia@5@@Z 0000000140006900 f   umodsys_lib_libmedia:umodsys.mod.media.std.obj
 0001:00005900       ?obj_cput@RLibraryBinCache@std@media@modules@UModSys@@UEAA_NPEAUIRefObject@core@5@AEBU?$TString@U?$TSCoreConst@D@su@tl@UModSys@@U?$TComparerBinaryHash@D@234@@tl@5@@Z 0000000140006900 f   umodsys_lib_libmedia:umodsys.mod.media.std.obj
 0001:00005900       ?get_s@RConsole_std@rsystem@base@UModSys@@UEAA_NPEAD_KPEBDZZ 0000000140006900 f   umodsys_lib_basesys:umodsys.basesys.rconsole_std.obj
 0001:00005900       ?ref_weak@RConsole_std@rsystem@base@UModSys@@UEBA_NAEAUWeakPointer@IRefObject@core@4@@Z 0000000140006900 f   umodsys_lib_basesys:umodsys.basesys.rconsole_std.obj
 0001:00005900       ?obj_fget@RLibraryBinTree@std@media@modules@UModSys@@UEAA_NAEAU?$TRefObject@UIRefObject@core@UModSys@@U?$TRefObjectFunc@UIRefObject@core@UModSys@@@tl@3@@tl@5@AEBUSInfo@IBinObjFilter@libmedia@5@@Z 0000000140006900 f   umodsys_lib_libmedia:umodsys.mod.media.std.obj
 0001:00005900       ?vget_s@RConsole_std@rsystem@base@UModSys@@UEAA_NPEAD_KPEBD0@Z 0000000140006900 f   umodsys_lib_basesys:umodsys.basesys.rconsole_std.obj
 0001:00005900       ?moduledb_lib_drop@RModuleLoader@rsystem@base@UModSys@@UEAA_NPEAUIModuleLibrary@34@@Z 0000000140006900 f   umodsys_lib_basesys:umodsys.basesys.rmoduleloader.obj
 0001:00005900       ?bin_save@RLibraryBinCache@std@media@modules@UModSys@@UEAA_NAEBUSCMem@core@5@AEBU?$TString@U?$TSCoreConst@D@su@tl@UModSys@@U?$TComparerBinaryHash@D@234@@tl@5@AEBUSFlags@libmedia@5@@Z 0000000140006900 f   umodsys_lib_libmedia:umodsys.mod.media.std.obj
 0001:00005900       ?obj_fget@RLibraryBinCache@std@media@modules@UModSys@@UEAA_NAEAU?$TRefObject@UIRefObject@core@UModSys@@U?$TRefObjectFunc@UIRefObject@core@UModSys@@@tl@3@@tl@5@AEBUSInfo@IBinObjFilter@libmedia@5@@Z 0000000140006900 f   umodsys_lib_libmedia:umodsys.mod.media.std.obj
 0001:00005900       ?obj_fsave@RLibraryBinTree@std@media@modules@UModSys@@UEAA_NPEAUIRefObject@core@5@AEAUSInfo@IBinObjFilter@libmedia@5@@Z 0000000140006900 f   umodsys_lib_libmedia:umodsys.mod.media.std.obj
 0001:00005900       ?vget_c@RConsole_std@rsystem@base@UModSys@@UEAA_NPEAHPEBDPEAD@Z 0000000140006900 f   umodsys_lib_basesys:umodsys.basesys.rconsole_std.obj
 0001:00005900       ?obj_save@RLibraryBinCache@std@media@modules@UModSys@@UEAA_NPEAUIRefObject@core@5@AEBU?$TString@U?$TSCoreConst@D@su@tl@UModSys@@U?$TComparerBinaryHash@D@234@@tl@5@AEBUSObjOptions@ILibrary@libmedia@5@@Z 0000000140006900 f   umodsys_lib_libmedia:umodsys.mod.media.std.obj
 0001:00005900       ?bin_get@RLibraryBinTree@std@media@modules@UModSys@@UEAA_NAEAUSCMemShared@core@5@AEBU?$TString@U?$TSCoreConst@D@su@tl@UModSys@@U?$TComparerBinaryHash@D@234@@tl@5@@Z 0000000140006900 f   umodsys_lib_libmedia:umodsys.mod.media.std.obj
 0001:00005900       ?obj_fsave@RLibraryBinCache@std@media@modules@UModSys@@UEAA_NPEAUIRefObject@core@5@AEAUSInfo@IBinObjFilter@libmedia@5@@Z 0000000140006900 f   umodsys_lib_libmedia:umodsys.mod.media.std.obj
 0001:00005900       ?obj_cget@RLibraryBinCache@std@media@modules@UModSys@@UEAA_NAEAU?$TRefObject@UIRefObject@core@UModSys@@U?$TRefObjectFunc@UIRefObject@core@UModSys@@@tl@3@@tl@5@AEBU?$TString@U?$TSCoreConst@D@su@tl@UModSys@@U?$TComparerBinaryHash@D@234@@75@@Z 0000000140006900 f   umodsys_lib_libmedia:umodsys.mod.media.std.obj
 0001:00005904       ?moduledb_save@RModuleLoader@rsystem@base@UModSys@@UEAA_NAEBU?$TString@U?$TSCoreConst@D@su@tl@UModSys@@U?$TComparerBinaryHash@D@234@@tl@4@@Z 0000000140006904 f   umodsys_lib_basesys:umodsys.basesys.rmoduleloader.obj
 0001:000059b4       ?moduledb_scan@RModuleLoader@rsystem@base@UModSys@@UEAA_KAEBU?$TString@U?$TSCoreConst@D@su@tl@UModSys@@U?$TComparerBinaryHash@D@234@@tl@4@_N@Z 00000001400069b4 f   umodsys_lib_basesys:umodsys.basesys.rmoduleloader.obj
 0001:00005b28       ?moduledb_get_string@RModuleLoader@rsystem@base@UModSys@@UEAAAEBU?$TString@U?$TSCoreConst@D@su@tl@UModSys@@U?$TComparerBinaryHash@D@234@@tl@4@AEBU564@@Z 0000000140006b28 f   umodsys_lib_basesys:umodsys.basesys.rmoduleloader.obj
 0001:00005b64       ??_ERModuleLoader@rsystem@base@UModSys@@UEAAPEAXI@Z 0000000140006b64 f i  CIL library: CIL module
 0001:00005b64       ??_GRModuleLoader@rsystem@base@UModSys@@UEAAPEAXI@Z 0000000140006b64 f i umodsys_lib_basesys:umodsys.basesys.rmoduleloader.obj
 0001:00005b94       ??_GIModuleLoader@base@UModSys@@UEAAPEAXI@Z 0000000140006b94 f i umodsys_lib_basesys:umodsys.basesys.rmoduleloader.obj
 0001:00005b94       ??_EIModuleLoader@base@UModSys@@UEAAPEAXI@Z 0000000140006b94 f i  CIL library: CIL module
 0001:00005bbc       ??1RModuleLoader@rsystem@base@UModSys@@UEAA@XZ 0000000140006bbc f   umodsys_lib_basesys:umodsys.basesys.rmoduleloader.obj
 0001:00005c54       ??1?$TDynarrayDynamic@U?$TRefObject@URModuleLibrarySO@rsystem@base@UModSys@@U?$TRefObjectFunc@URModuleLibrarySO@rsystem@base@UModSys@@@tl@4@@tl@UModSys@@U?$TAllocator@USMemAlloc_Malloc@core@UModSys@@USCountCalcPower2@23@@23@@tl@UModSys@@QEAA@XZ 0000000140006c54 f i umodsys_lib_basesys:umodsys.basesys.rmoduleloader.obj
 0001:00005c9c       ?Resize@?$TDynarray@U?$TDynarrayHolderDynamic@U?$TRefObject@URModuleLibrarySO@rsystem@base@UModSys@@U?$TRefObjectFunc@URModuleLibrarySO@rsystem@base@UModSys@@@tl@4@@tl@UModSys@@U?$TAllocator@USMemAlloc_Malloc@core@UModSys@@USCountCalcPower2@23@@23@@tl@UModSys@@@tl@UModSys@@QEAA_N_K@Z 0000000140006c9c f i umodsys_lib_basesys:umodsys.basesys.rmoduleloader.obj
 0001:00005c9c       ?Resize@?$TDynarray@U?$TDynarrayHolderDynamic@U?$TRefObject@URModule@rsystem@base@UModSys@@U?$TRefObjectFunc@URModule@rsystem@base@UModSys@@@tl@4@@tl@UModSys@@U?$TAllocator@USMemAlloc_Malloc@core@UModSys@@USCountCalcPower2@23@@23@@tl@UModSys@@@tl@UModSys@@QEAA_N_K@Z 0000000140006c9c f i umodsys_lib_basesys:umodsys.basesys.rmodulelib.obj
 0001:00005d8c       ?append@?$TStaticStringPool@DU?$TComparerBinaryHash@D@su@tl@UModSys@@USMemAlloc_Malloc@core@4@@tl@UModSys@@QEAAPEBU?$TString@U?$TSCoreConst@D@su@tl@UModSys@@U?$TComparerBinaryHash@D@234@@23@PEBD_K@Z 0000000140006d8c f i umodsys_lib_basesys:umodsys.basesys.rmoduleloader.obj
 0001:00006068       ?get_interface_info@RModuleLibraryThis@rsystem@base@UModSys@@UEBAAEBUSUniquePointerInfo@core@4@XZ 0000000140007068 f i umodsys_lib_basesys:umodsys.basesys.rmodulelibthis.obj
 0001:00006070       ?get_interface_type@RModuleLibraryThis@rsystem@base@UModSys@@UEBAPEBUSUniquePointerInfo@core@4@XZ 0000000140007070 f i umodsys_lib_basesys:umodsys.basesys.rmodulelibthis.obj
 0001:00006078       ?get_other_interface@RModuleLibraryThis@rsystem@base@UModSys@@UEAAPEAUIRoot@core@4@PEBUSUniquePointerInfo@64@@Z 0000000140007078 f i umodsys_lib_basesys:umodsys.basesys.rmodulelibthis.obj
 0001:00006078       ?get_other_interface@RModuleLibraryThis@rsystem@base@UModSys@@UEBAPEBUIRoot@core@4@PEBUSUniquePointerInfo@64@@Z 0000000140007078 f i umodsys_lib_basesys:umodsys.basesys.rmodulelibthis.obj
 0001:000060b0       ?ref_add@RModuleLibraryThis@rsystem@base@UModSys@@UEBAXXZ 00000001400070b0 f i umodsys_lib_basesys:umodsys.basesys.rmodulelibthis.obj
 0001:000060b8       ?ref_remove@RModuleLibraryThis@rsystem@base@UModSys@@UEBAXXZ 00000001400070b8 f i umodsys_lib_basesys:umodsys.basesys.rmodulelibthis.obj
 0001:000060d0       ?ref_links@RModuleLibraryThis@rsystem@base@UModSys@@UEBAHXZ 00000001400070d0 f i umodsys_lib_basesys:umodsys.basesys.rmodulelibthis.obj
 0001:000060d8       ?ref_weak@RModuleLibraryThis@rsystem@base@UModSys@@UEBA_NAEAUWeakPointer@IRefObject@core@4@@Z 00000001400070d8 f i umodsys_lib_basesys:umodsys.basesys.rmodulelibthis.obj
 0001:000060fc       ?uni_load@RModuleLibraryThis@rsystem@base@UModSys@@UEAA_NXZ 00000001400070fc f   umodsys_lib_basesys:umodsys.basesys.rmodulelibthis.obj
 0001:0000610c       ?uni_unload@RModuleLibraryThis@rsystem@base@UModSys@@UEAA_NXZ 000000014000710c f   umodsys_lib_basesys:umodsys.basesys.rmodulelibthis.obj
 0001:0000610c       ?uni_close@RModuleLibraryThis@rsystem@base@UModSys@@UEAA_NXZ 000000014000710c f   umodsys_lib_basesys:umodsys.basesys.rmodulelibthis.obj
 0001:0000610c       ?uni_open@RModuleLibraryThis@rsystem@base@UModSys@@UEAA_NXZ 000000014000710c f   umodsys_lib_basesys:umodsys.basesys.rmodulelibthis.obj
 0001:00006110       ??_ERModuleLibraryThis@rsystem@base@UModSys@@UEAAPEAXI@Z 0000000140007110 f i  CIL library: CIL module
 0001:00006110       ??_GRModuleLibraryThis@rsystem@base@UModSys@@UEAAPEAXI@Z 0000000140007110 f i umodsys_lib_basesys:umodsys.basesys.rmodulelibthis.obj
 0001:00006160       ?get_sys_libname@IModuleLibraryUni@rsystem@base@UModSys@@UEBA?AU?$TString@U?$TSCoreConst@D@su@tl@UModSys@@U?$TComparerBinaryHash@D@234@@tl@4@XZ 0000000140007160 f   umodsys_lib_basesys:umodsys.basesys.rmodulelib.obj
 0001:00006170       ?get_privmem@IModuleLibraryUni@rsystem@base@UModSys@@UEBAPEAUIMemAlloc@core@4@XZ 0000000140007170 f   umodsys_lib_basesys:umodsys.basesys.rmodulelib.obj
 0001:00006178       ?get_system@IModuleLibraryUni@rsystem@base@UModSys@@UEBAPEAUISystem@34@XZ 0000000140007178 f   umodsys_lib_basesys:umodsys.basesys.rmodulelib.obj
 0001:00006180       ?get_module_count@IModuleLibraryUni@rsystem@base@UModSys@@UEBA_KXZ 0000000140007180 f   umodsys_lib_basesys:umodsys.basesys.rmodulelib.obj
 0001:00006188       ?get_module@IModuleLibraryUni@rsystem@base@UModSys@@UEBAPEAUIModule@34@_K@Z 0000000140007188 f   umodsys_lib_basesys:umodsys.basesys.rmodulelib.obj
 0001:0000619c       ?lib_loaded@IModuleLibraryUni@rsystem@base@UModSys@@UEBA_NXZ 000000014000719c f   umodsys_lib_basesys:umodsys.basesys.rmodulelib.obj
 0001:000061a8       ?lib_load@IModuleLibraryUni@rsystem@base@UModSys@@UEAA_NXZ 00000001400071a8 f   umodsys_lib_basesys:umodsys.basesys.rmodulelib.obj
 0001:000061d4       ?lib_unload@IModuleLibraryUni@rsystem@base@UModSys@@UEAA_NXZ 00000001400071d4 f   umodsys_lib_basesys:umodsys.basesys.rmodulelib.obj
 0001:000061e8       ?lib_free@IModuleLibraryUni@rsystem@base@UModSys@@UEAA_NXZ 00000001400071e8 f   umodsys_lib_basesys:umodsys.basesys.rmodulelib.obj
 0001:00006208       ?lib_findobjname@IModuleLibraryUni@rsystem@base@UModSys@@UEAA_KPEBUSUniquePointerInfo@core@4@QEAPEBU564@_KPEBD@Z 0000000140007208 f   umodsys_lib_basesys:umodsys.basesys.rmodulelib.obj
 0001:000062ac       ?lib_generate@IModuleLibraryUni@rsystem@base@UModSys@@UEAA_NAEAU?$TRefObject@UIRefObject@core@UModSys@@U?$TRefObjectFunc@UIRefObject@core@UModSys@@@tl@3@@tl@4@PEBUSUniquePointerInfo@core@4@AEBUSParameters@84@@Z 00000001400072ac f   umodsys_lib_basesys:umodsys.basesys.rmodulelib.obj
 0001:00006328       ?cleanup@IModuleLibraryUni@rsystem@base@UModSys@@QEAA_KXZ 0000000140007328 f   umodsys_lib_basesys:umodsys.basesys.rmodulelib.obj
 0001:00006374       ?load0@IModuleLibraryUni@rsystem@base@UModSys@@QEAA_NXZ 0000000140007374 f   umodsys_lib_basesys:umodsys.basesys.rmodulelib.obj
 0001:000063d8       ?link@IModuleLibraryUni@rsystem@base@UModSys@@QEAA_NXZ 00000001400073d8 f   umodsys_lib_basesys:umodsys.basesys.rmodulelib.obj
 0001:000066f0       ?unlink@IModuleLibraryUni@rsystem@base@UModSys@@QEAA_NXZ 00000001400076f0 f   umodsys_lib_basesys:umodsys.basesys.rmodulelib.obj
 0001:00006740       ?scan@IModuleLibraryUni@rsystem@base@UModSys@@QEAA_NXZ 0000000140007740 f   umodsys_lib_basesys:umodsys.basesys.rmodulelib.obj
 0001:000067b4       ?save_db@IModuleLibraryUni@rsystem@base@UModSys@@QEAA_NPEAU_iobuf@@@Z 00000001400077b4 f   umodsys_lib_basesys:umodsys.basesys.rmodulelib.obj
 0001:0000683c       ??_EIModuleLibraryUni@rsystem@base@UModSys@@UEAAPEAXI@Z 000000014000783c f i  CIL library: CIL module
 0001:0000683c       ??_GIModuleLibraryUni@rsystem@base@UModSys@@UEAAPEAXI@Z 000000014000783c f i umodsys_lib_basesys:umodsys.basesys.rmodulelib.obj
 0001:0000686c       ??1IModuleLibraryUni@rsystem@base@UModSys@@UEAA@XZ 000000014000786c f   umodsys_lib_basesys:umodsys.basesys.rmodulelib.obj
 0001:00006914       ?check_leaks@?$TRMemAlloc_CC@U?$TMemAllocHeader@USMagic@mem_headers@rsystem@base@UModSys@@U?$TPool@X@2345@USDebug@2345@UVoid@core@5@U895@@rsystem@base@UModSys@@USMemAlloc_Malloc@core@4@@rsystem@base@UModSys@@QEAA_K_NPEAUIExceptionHandler@core@4@@Z 0000000140007914 f i umodsys_lib_basesys:umodsys.basesys.rmodulelib.obj
 0001:000069c0       ?upi_add@RSystem@rsystem@base@UModSys@@UEAAPEBUSUniquePointerInfo@core@4@PEBU564@@Z 00000001400079c0 f   umodsys_lib_basesys:umodsys.basesys.rsystem.obj
 0001:00006af0       ?upi_remove@RSystem@rsystem@base@UModSys@@UEAAHPEBUSUniquePointerInfo@core@4@@Z 0000000140007af0 f   umodsys_lib_basesys:umodsys.basesys.rsystem.obj
 0001:00006af4       ?persist_ctx@RSystem@rsystem@base@UModSys@@UEAAPEBUSSourceContext@core@4@PEBU564@@Z 0000000140007af4 f   umodsys_lib_basesys:umodsys.basesys.rsystem.obj
 0001:00006c24       ?get_params@RSystem@rsystem@base@UModSys@@UEAAPEAUIParameters@core@4@XZ 0000000140007c24 f   umodsys_lib_basesys:umodsys.basesys.rsystem.obj
 0001:00006c2c       ?get_console@RSystem@rsystem@base@UModSys@@UEAAPEAUIConsole@34@XZ 0000000140007c2c f   umodsys_lib_basesys:umodsys.basesys.rsystem.obj
 0001:00006c34       ?get_sysmem@RSystem@rsystem@base@UModSys@@UEAAPEAUIMemAlloc@core@4@XZ 0000000140007c34 f   umodsys_lib_basesys:umodsys.basesys.rsystem.obj
 0001:00006c3c       ?get_sharemem@RSystem@rsystem@base@UModSys@@UEAAPEAUIMemAlloc@core@4@XZ 0000000140007c3c f   umodsys_lib_basesys:umodsys.basesys.rsystem.obj
 0001:00006c44       ?get_modloader@RSystem@rsystem@base@UModSys@@UEAAPEAUIModuleLoader@34@XZ 0000000140007c44 f   umodsys_lib_basesys:umodsys.basesys.rsystem.obj
 0001:00006c4c       ?get_upr@RSystem@rsystem@base@UModSys@@UEAAPEAUIUniquePointerResolver@core@4@XZ 0000000140007c4c f   umodsys_lib_basesys:umodsys.basesys.rsystem.obj
 0001:00006c58       ?get_sca@RSystem@rsystem@base@UModSys@@UEAAPEAUISourceContextAdapter@core@4@XZ 0000000140007c58 f   umodsys_lib_basesys:umodsys.basesys.rsystem.obj
 0001:00006c64       ?find@?$TQuantArrayUnique@USSourceContext@core@UModSys@@$0BAA@USMemAlloc_Malloc@23@@tl@UModSys@@QEAAPEBUSSourceContext@core@3@AEBU453@@Z 0000000140007c64 f i umodsys_lib_basesys:umodsys.basesys.rsystem.obj
 0001:00006c64       ?find@?$TQuantArrayUnique@USUniquePointerInfo@core@UModSys@@$0BAA@USMemAlloc_Malloc@23@@tl@UModSys@@QEAAPEBUSUniquePointerInfo@core@3@AEBU453@@Z 0000000140007c64 f i umodsys_lib_basesys:umodsys.basesys.rsystem.obj
 0001:00006d40       ?add@?$TQuantArrayUnique@USUniquePointerInfo@core@UModSys@@$0BAA@USMemAlloc_Malloc@23@@tl@UModSys@@QEAAPEAUSUniquePointerInfo@core@3@AEBU453@@Z 0000000140007d40 f i umodsys_lib_basesys:umodsys.basesys.rsystem.obj
 0001:00006d40       ?add@?$TQuantArrayUnique@USSourceContext@core@UModSys@@$0BAA@USMemAlloc_Malloc@23@@tl@UModSys@@QEAAPEAUSSourceContext@core@3@AEBU453@@Z 0000000140007d40 f i umodsys_lib_basesys:umodsys.basesys.rsystem.obj
 0001:00006e80       ?s_last@?$TQuantArrayUnique@USUniquePointerInfo@core@UModSys@@$0BAA@USMemAlloc_Malloc@23@@tl@UModSys@@KAHPEBU?$TQuantArrayNode@USUniquePointerInfo@core@UModSys@@$0BAA@@23@0@Z 0000000140007e80 f i umodsys_lib_basesys:umodsys.basesys.rsystem.obj
 0001:00006e80       ?s_last@?$TQuantArrayUnique@USSourceContext@core@UModSys@@$0BAA@USMemAlloc_Malloc@23@@tl@UModSys@@KAHPEBU?$TQuantArrayNode@USSourceContext@core@UModSys@@$0BAA@@23@0@Z 0000000140007e80 f i umodsys_lib_basesys:umodsys.basesys.rsystem.obj
 0001:00006e88       ??$insert_node_m@P6AHPEBU?$TQuantArrayNode@USUniquePointerInfo@core@UModSys@@$0BAA@@tl@UModSys@@0@Z@?$TTreeHoldRB@U?$TQuantArrayNode@USUniquePointerInfo@core@UModSys@@$0BAA@@tl@UModSys@@@tl@UModSys@@QEAAPEAU?$TQuantArrayNode@USUniquePointerInfo@core@UModSys@@$0BAA@@12@PEAU312@P6AHPEBU312@1@Z@Z 0000000140007e88 f i umodsys_lib_basesys:umodsys.basesys.rsystem.obj
 0001:00006e88       ??$insert_node_m@P6AHPEBU?$TQuantArrayNode@USSourceContext@core@UModSys@@$0BAA@@tl@UModSys@@0@Z@?$TTreeHoldRB@U?$TQuantArrayNode@USSourceContext@core@UModSys@@$0BAA@@tl@UModSys@@@tl@UModSys@@QEAAPEAU?$TQuantArrayNode@USSourceContext@core@UModSys@@$0BAA@@12@PEAU312@P6AHPEBU312@1@Z@Z 0000000140007e88 f i umodsys_lib_basesys:umodsys.basesys.rsystem.obj
 0001:0000708c       ?get_interface_info@RParameters@rsystem@base@UModSys@@UEBAAEBUSUniquePointerInfo@core@4@XZ 000000014000808c f i umodsys_lib_basesys:umodsys.basesys.rparameters.obj
 0001:00007094       ?get_interface_type@RParameters@rsystem@base@UModSys@@UEBAPEBUSUniquePointerInfo@core@4@XZ 0000000140008094 f i umodsys_lib_basesys:umodsys.basesys.rparameters.obj
 0001:0000709c       ?get_other_interface@RParameters@rsystem@base@UModSys@@UEBAPEBUIRoot@core@4@PEBUSUniquePointerInfo@64@@Z 000000014000809c f i umodsys_lib_basesys:umodsys.basesys.rparameters.obj
 0001:0000709c       ?get_other_interface@RParameters@rsystem@base@UModSys@@UEAAPEAUIRoot@core@4@PEBUSUniquePointerInfo@64@@Z 000000014000809c f i umodsys_lib_basesys:umodsys.basesys.rparameters.obj
 0001:000070cc       ?ref_add@RParameters@rsystem@base@UModSys@@UEBAXXZ 00000001400080cc f i umodsys_lib_basesys:umodsys.basesys.rparameters.obj
 0001:000070d0       ?ref_remove@RParameters@rsystem@base@UModSys@@UEBAXXZ 00000001400080d0 f i umodsys_lib_basesys:umodsys.basesys.rparameters.obj
 0001:000070e8       ?ref_links@RParameters@rsystem@base@UModSys@@UEBAHXZ 00000001400080e8 f i umodsys_lib_basesys:umodsys.basesys.rparameters.obj
 0001:000070ec       ?ref_weak@RParameters@rsystem@base@UModSys@@UEBA_NAEAUWeakPointer@IRefObject@core@4@@Z 00000001400080ec f i umodsys_lib_basesys:umodsys.basesys.rparameters.obj
 0001:0000710c       ?find_elem@RParameters@rsystem@base@UModSys@@IEAAPEBUElem@1234@PEBXHHHPEBD@Z 000000014000810c f   umodsys_lib_basesys:umodsys.basesys.rparameters.obj
 0001:000071a4       ?free_elems@RParameters@rsystem@base@UModSys@@IEAAXPEAXH@Z 00000001400081a4 f   umodsys_lib_basesys:umodsys.basesys.rparameters.obj
 0001:0000723c       ?alloc_elems@RParameters@rsystem@base@UModSys@@IEAAXPEAXH@Z 000000014000823c f   umodsys_lib_basesys:umodsys.basesys.rparameters.obj
 0001:000072c0       ?add_last@RParameters@rsystem@base@UModSys@@IEAA_NPEAUSParametersData@core@4@PEBDPEBXH@Z 00000001400082c0 f   umodsys_lib_basesys:umodsys.basesys.rparameters.obj
 0001:00007568       ?p_deinit@RParameters@rsystem@base@UModSys@@UEAAXPEAUSParametersData@core@4@@Z 0000000140008568 f   umodsys_lib_basesys:umodsys.basesys.rparameters.obj
 0001:000075d8       ?p_init@RParameters@rsystem@base@UModSys@@UEAAXPEAUSParametersData@core@4@H@Z 00000001400085d8 f   umodsys_lib_basesys:umodsys.basesys.rparameters.obj
 0001:00007680       ?p_init@RParameters@rsystem@base@UModSys@@UEAAXPEAUSParametersData@core@4@AEBU564@@Z 0000000140008680 f   umodsys_lib_basesys:umodsys.basesys.rparameters.obj
 0001:00007774       ?p_copy@RParameters@rsystem@base@UModSys@@UEAAXPEAUSParametersData@core@4@AEBU564@@Z 0000000140008774 f   umodsys_lib_basesys:umodsys.basesys.rparameters.obj
 0001:000078c0       ?p_init_s@RParameters@rsystem@base@UModSys@@UEAAXPEAUSParametersData@core@4@PEAXH@Z 00000001400088c0 f   umodsys_lib_basesys:umodsys.basesys.rparameters.obj
 0001:000078f8       ?p_init_s@RParameters@rsystem@base@UModSys@@UEAAXPEAUSParametersData@core@4@AEBU564@PEAXH@Z 00000001400088f8 f   umodsys_lib_basesys:umodsys.basesys.rparameters.obj
 0001:00007978       ?next@RParameters@rsystem@base@UModSys@@UEAA_NPEBUSParametersData@core@4@AEAPEBD@Z 0000000140008978 f   umodsys_lib_basesys:umodsys.basesys.rparameters.obj
[...]
 0001:0000b003       ?dtor$3@?0??generate@RGenerator@stdio@media@modules@UModSys@@UEAA_NAEAU?$TRefObject@UIRefObject@core@UModSys@@U?$TRefObjectFunc@UIRefObject@core@UModSys@@@tl@3@@tl@5@PEBUSUniquePointerInfo@core@5@AEBUSParameters@95@@Z@4HA 000000014000c003 f    CIL library: CIL module
 0001:0000b01e       ?dtor$0@?0???$t_gen_param@URLibraryBinTree@std@media@modules@UModSys@@URGenerator@2345@@IGenerator@base@UModSys@@IEAA_NPEAURGenerator@std@media@modules@2@AEAU?$TRefObject@UIRefObject@core@UModSys@@U?$TRefObjectFunc@UIRefObject@core@UModSys@@@tl@3@@tl@2@PEBUSUniquePointerInfo@core@2@AEBUSParameters@core@2@@Z@4HA 000000014000c01e f    CIL library: CIL module
 0001:0000b03e       ?dtor$1@?0???$t_gen_param@URLibraryBinTree@std@media@modules@UModSys@@URGenerator@2345@@IGenerator@base@UModSys@@IEAA_NPEAURGenerator@std@media@modules@2@AEAU?$TRefObject@UIRefObject@core@UModSys@@U?$TRefObjectFunc@UIRefObject@core@UModSys@@@tl@3@@tl@2@PEBUSUniquePointerInfo@core@2@AEBUSParameters@core@2@@Z@4HA 000000014000c03e f    CIL library: CIL module
 0001:0000b05e       ?dtor$3@?0???$t_gen_param@URLibraryBinTree@std@media@modules@UModSys@@URGenerator@2345@@IGenerator@base@UModSys@@IEAA_NPEAURGenerator@std@media@modules@2@AEAU?$TRefObject@UIRefObject@core@UModSys@@U?$TRefObjectFunc@UIRefObject@core@UModSys@@@tl@3@@tl@2@PEBUSUniquePointerInfo@core@2@AEBUSParameters@core@2@@Z@4HA 000000014000c05e f    CIL library: CIL module
 0001:0000b076       ?dtor$0@?0??generate@RGenerator@std@media@modules@UModSys@@UEAA_NAEAU?$TRefObject@UIRefObject@core@UModSys@@U?$TRefObjectFunc@UIRefObject@core@UModSys@@@tl@3@@tl@5@PEBUSUniquePointerInfo@core@5@AEBUSParameters@95@@Z@4HA 000000014000c076 f    CIL library: CIL module
 0001:0000b096       ?dtor$1@?0??generate@RGenerator@std@media@modules@UModSys@@UEAA_NAEAU?$TRefObject@UIRefObject@core@UModSys@@U?$TRefObjectFunc@UIRefObject@core@UModSys@@@tl@3@@tl@5@PEBUSUniquePointerInfo@core@5@AEBUSParameters@95@@Z@4HA 000000014000c096 f    CIL library: CIL module
 0001:0000b0b6       ?dtor$3@?0??generate@RGenerator@std@media@modules@UModSys@@UEAA_NAEAU?$TRefObject@UIRefObject@core@UModSys@@U?$TRefObjectFunc@UIRefObject@core@UModSys@@@tl@3@@tl@5@PEBUSUniquePointerInfo@core@5@AEBUSParameters@95@@Z@4HA 000000014000c0b6 f    CIL library: CIL module
 0001:0000b0ce       ?dtor$0@?0???_GRLibraryBinTree@std@media@modules@UModSys@@UEAAPEAXI@Z@4HA 000000014000c0ce f    CIL library: CIL module
 0001:0000b0ce       ?dtor$0@?0???0RStreamReader_FILE@stdio@media@modules@UModSys@@QEAA@PEAUIModObject@base@4@AEBUSParameters@core@4@@Z@4HA 000000014000c0ce f    CIL library: CIL module
 0001:0000b0ce       ?dtor$0@?0???_GRLibraryBinCache@std@media@modules@UModSys@@UEAAPEAXI@Z@4HA 000000014000c0ce f    CIL library: CIL module
 0001:0000b0e6       ?dtor$0@?0??mem_free@?$TRMemAlloc_CC@U?$TMemAllocHeader@USMagic@mem_headers@rsystem@base@UModSys@@U?$TPool@X@2345@USDebug@2345@UVoid@core@5@U895@@rsystem@base@UModSys@@USMemAlloc_Malloc@core@4@@rsystem@base@UModSys@@UEAAXPEAXPEBUSSourceContext@core@4@@Z@4HA 000000014000c0e6 f    CIL library: CIL module
 0001:0000b0fe       ?dtor$0@?0??mem_realloc@?$TRMemAlloc_CC@U?$TMemAllocHeader@USMagic@mem_headers@rsystem@base@UModSys@@U?$TPool@X@2345@USDebug@2345@UVoid@core@5@U895@@rsystem@base@UModSys@@USMemAlloc_Malloc@core@4@@rsystem@base@UModSys@@UEAAPEAXPEAX_KPEBUSSourceContext@core@4@@Z@4HA 000000014000c0fe f    CIL library: CIL module
 0001:0000b11e       ?dtor$1@?0??mem_realloc@?$TRMemAlloc_CC@U?$TMemAllocHeader@USMagic@mem_headers@rsystem@base@UModSys@@U?$TPool@X@2345@USDebug@2345@UVoid@core@5@U895@@rsystem@base@UModSys@@USMemAlloc_Malloc@core@4@@rsystem@base@UModSys@@UEAAPEAXPEAX_KPEBUSSourceContext@core@4@@Z@4HA 000000014000c11e f    CIL library: CIL module
 0001:0000b136       ?dtor$1@?0??s_add@RModuleLibrarySO@rsystem@base@UModSys@@SA_NPEAUISystem@34@AEAU?$TDynarrayDynamic@U?$TRefObject@URModuleLibrarySO@rsystem@base@UModSys@@U?$TRefObjectFunc@URModuleLibrarySO@rsystem@base@UModSys@@@tl@4@@tl@UModSys@@U?$TAllocator@USMemAlloc_Malloc@core@UModSys@@USCountCalcPower2@23@@23@@tl@4@PEBD@Z@4HA 000000014000c136 f    CIL library: CIL module
 0001:0000b154       ??__E?s_id@?$TObjectUniqueID@UIRoot@core@UModSys@@@tl@UModSys@@2USUniquePointer@core@3@A@@YAXXZ 000000014000c154 f    CIL library: CIL module
 0001:0000b188       ??__E?s_id@?$TObjectUniqueID@UIRefObject@core@UModSys@@@tl@UModSys@@2USUniquePointer@core@3@A@@YAXXZ 000000014000c188 f    CIL library: CIL module
 0001:0000b1bc       ??__E?s_id@?$TObjectUniqueID@UIParameters@core@UModSys@@@tl@UModSys@@2USUniquePointer@core@3@A@@YAXXZ 000000014000c1bc f    CIL library: CIL module
 0001:0000b1f0       ??__E?s_id@?$TObjectUniqueID@UIModule@base@UModSys@@@tl@UModSys@@2USUniquePointer@core@3@A@@YAXXZ 000000014000c1f0 f    CIL library: CIL module
 0001:0000b224       ??__E?s_id@?$TObjectUniqueID@UIModuleLibrary@base@UModSys@@@tl@UModSys@@2USUniquePointer@core@3@A@@YAXXZ 000000014000c224 f    CIL library: CIL module
 0001:0000b258       ??__E?s_id@?$TObjectUniqueID@UIModObject@base@UModSys@@@tl@UModSys@@2USUniquePointer@core@3@A@@YAXXZ 000000014000c258 f    CIL library: CIL module
 0001:0000b28c       ??__E?s_id@?$TObjectUniqueID@UIGenerator@base@UModSys@@@tl@UModSys@@2USUniquePointer@core@3@A@@YAXXZ 000000014000c28c f    CIL library: CIL module
 0001:0000b2c0       ??__E?s_id@?$TObjectUniqueID@UIShell@base@UModSys@@@tl@UModSys@@2USUniquePointer@core@3@A@@YAXXZ 000000014000c2c0 f    CIL library: CIL module
 0001:0000b2f4       ??__E?s_id@?$TObjectUniqueID@UIConsole@base@UModSys@@@tl@UModSys@@2USUniquePointer@core@3@A@@YAXXZ 000000014000c2f4 f    CIL library: CIL module
 0001:0000b328       ??__E?s_id@?$TObjectUniqueID@UISystem@base@UModSys@@@tl@UModSys@@2USUniquePointer@core@3@A@@YAXXZ 000000014000c328 f    CIL library: CIL module
 0001:0000b35c       ??__E?s_id@?$TObjectUniqueID@URModule@rsystem@base@UModSys@@@tl@UModSys@@2USUniquePointer@core@3@A@@YAXXZ 000000014000c35c f    CIL library: CIL module
 0001:0000b390       ??__E?s_id@?$TObjectUniqueID@UIModuleLibraryUni@rsystem@base@UModSys@@@tl@UModSys@@2USUniquePointer@core@3@A@@YAXXZ 000000014000c390 f    CIL library: CIL module
 0001:0000b3c4       ??__E?s_id@?$TObjectUniqueID@URModuleLibrarySO@rsystem@base@UModSys@@@tl@UModSys@@2USUniquePointer@core@3@A@@YAXXZ 000000014000c3c4 f    CIL library: CIL module
 0001:0000b3f8       ??__E?s_id@?$TObjectUniqueID@URModuleLibraryThis@rsystem@base@UModSys@@@tl@UModSys@@2USUniquePointer@core@3@A@@YAXXZ 000000014000c3f8 f    CIL library: CIL module
 0001:0000b42c       ??__E?s_id@?$TObjectUniqueID@URParameters@rsystem@base@UModSys@@@tl@UModSys@@2USUniquePointer@core@3@A@@YAXXZ 000000014000c42c f    CIL library: CIL module
 0001:0000b460       ??__E?s_id@?$TObjectUniqueID@URSystem@rsystem@base@UModSys@@@tl@UModSys@@2USUniquePointer@core@3@A@@YAXXZ 000000014000c460 f    CIL library: CIL module
 0001:0000b494       ??__E?s_id@?$TObjectUniqueID@URConsole_std@rsystem@base@UModSys@@@tl@UModSys@@2USUniquePointer@core@3@A@@YAXXZ 000000014000c494 f    CIL library: CIL module
 0001:0000b4c8       ??__E?s_modreg@RModuleReg@std@media@modules@UModSys@@2U12345@A@@YAXXZ 000000014000c4c8 f    CIL library: CIL module
 0001:0000b510       ??__E?s_modreg_chain@RModuleReg@std@media@modules@UModSys@@2USModuleRegChain@base@5@A@@YAXXZ 000000014000c510 f    CIL library: CIL module
 0001:0000b550       ??__E?s_uid@RGenerator@std@media@modules@UModSys@@2USUniquePointer@core@5@A@@YAXXZ 000000014000c550 f    CIL library: CIL module
 0001:0000b584       ??__E?s_id@?$TObjectUniqueID@UIStreamReader@libmedia@UModSys@@@tl@UModSys@@2USUniquePointer@core@3@A@@YAXXZ 000000014000c584 f    CIL library: CIL module
 0001:0000b5b8       ??__E?s_id@?$TObjectUniqueID@UIStreamWriter@libmedia@UModSys@@@tl@UModSys@@2USUniquePointer@core@3@A@@YAXXZ 000000014000c5b8 f    CIL library: CIL module
 0001:0000b5ec       ??__E?s_id@?$TObjectUniqueID@UIBinArchive@libmedia@UModSys@@@tl@UModSys@@2USUniquePointer@core@3@A@@YAXXZ 000000014000c5ec f    CIL library: CIL module
 0001:0000b620       ??__E?s_id@?$TObjectUniqueID@UIBinObjFilter@libmedia@UModSys@@@tl@UModSys@@2USUniquePointer@core@3@A@@YAXXZ 000000014000c620 f    CIL library: CIL module
 0001:0000b654       ??__E?s_id@?$TObjectUniqueID@UILibrary@libmedia@UModSys@@@tl@UModSys@@2USUniquePointer@core@3@A@@YAXXZ 000000014000c654 f    CIL library: CIL module
 0001:0000b688       ??__E?s_id@?$TObjectUniqueID@UILibraryBinTree@libmedia@UModSys@@@tl@UModSys@@2USUniquePointer@core@3@A@@YAXXZ 000000014000c688 f    CIL library: CIL module
 0001:0000b6bc       ??__E?s_id@?$TObjectUniqueID@UILibraryBinCache@libmedia@UModSys@@@tl@UModSys@@2USUniquePointer@core@3@A@@YAXXZ 000000014000c6bc f    CIL library: CIL module
 0001:0000b6f0       ??__E?s_id@?$TObjectUniqueID@UILibraryObjFilter@libmedia@UModSys@@@tl@UModSys@@2USUniquePointer@core@3@A@@YAXXZ 000000014000c6f0 f    CIL library: CIL module
 0001:0000b724       ??__E?s_id@?$TObjectUniqueID@UILibraryLayered@libmedia@UModSys@@@tl@UModSys@@2USUniquePointer@core@3@A@@YAXXZ 000000014000c724 f    CIL library: CIL module
 0001:0000b758       ??__E?s_id@?$TObjectUniqueID@URLibraryBinCache@std@media@modules@UModSys@@@tl@UModSys@@2USUniquePointer@core@3@A@@YAXXZ 000000014000c758 f    CIL library: CIL module
 0001:0000b78c       ??__E?s_id@?$TObjectUniqueID@URLibraryBinTree@std@media@modules@UModSys@@@tl@UModSys@@2USUniquePointer@core@3@A@@YAXXZ 000000014000c78c f    CIL library: CIL module
 0001:0000b7c0       ??__E?s_id@?$TObjectUniqueID@URGenerator@std@media@modules@UModSys@@@tl@UModSys@@2USUniquePointer@core@3@A@@YAXXZ 000000014000c7c0 f    CIL library: CIL module
 0001:0000b7f4       ??__E?s_modreg@RModuleReg@stdio@media@modules@UModSys@@2U12345@A@@YAXXZ 000000014000c7f4 f    CIL library: CIL module
 0001:0000b83c       ??__E?s_modreg_chain@RModuleReg@stdio@media@modules@UModSys@@2USModuleRegChain@base@5@A@@YAXXZ 000000014000c83c f    CIL library: CIL module
 0001:0000b87c       ??__E?s_uid@RGenerator@stdio@media@modules@UModSys@@2USUniquePointer@core@5@A@@YAXXZ 000000014000c87c f    CIL library: CIL module
 0001:0000b8b0       ??__E?s_id@?$TObjectUniqueID@URStreamReader_FILE@stdio@media@modules@UModSys@@@tl@UModSys@@2USUniquePointer@core@3@A@@YAXXZ 000000014000c8b0 f    CIL library: CIL module
 0001:0000b8e4       ??__E?s_id@?$TObjectUniqueID@URStreamWriter_FILE@stdio@media@modules@UModSys@@@tl@UModSys@@2USUniquePointer@core@3@A@@YAXXZ 000000014000c8e4 f    CIL library: CIL module
 0001:0000b918       ??__E?s_id@?$TObjectUniqueID@URDataArchiver_OsDir@stdio@media@modules@UModSys@@@tl@UModSys@@2USUniquePointer@core@3@A@@YAXXZ 000000014000c918 f    CIL library: CIL module
 0001:0000b94c       ??__E?s_id@?$TObjectUniqueID@URGenerator@stdio@media@modules@UModSys@@@tl@UModSys@@2USUniquePointer@core@3@A@@YAXXZ 000000014000c94c f    CIL library: CIL module
 0001:0000b980       ??__E?s_console@RConsole_std@rsystem@base@UModSys@@2U1234@A@@YAXXZ 000000014000c980 f    CIL library: CIL module
 0001:0000b98c       ??__E?s_sys@RSystem@rsystem@base@UModSys@@2U1234@A@@YAXXZ 000000014000c98c f    CIL library: CIL module
 0001:0000b998       ??__Ersys_dbg@rsystem@base@UModSys@@YAXXZ 000000014000c998 f    CIL library: CIL module
 0001:0000b9a4       ??__EM@UModSys@@YAXXZ      000000014000c9a4 f    CIL library: CIL module
 0001:0000b9b0       ??__E?root@SModuleRegChain@base@UModSys@@2U123@A@@YAXXZ 000000014000c9b0 f    CIL library: CIL module
 0001:0000b9bc       ??__E?s_library@RModuleLibraryReg_Chain@base@UModSys@@2U123@A@@YAXXZ 000000014000c9bc f    CIL library: CIL module
 0001:0000b9c8       ??__E?root@SUniquePointer@core@UModSys@@2U123@A@@YAXXZ 000000014000c9c8 f    CIL library: CIL module
 0001:0000b9d4       ??__F?s_id@?$TObjectUniqueID@URConsole_std@rsystem@base@UModSys@@@tl@UModSys@@2USUniquePointer@core@3@A@@YAXXZ 000000014000c9d4 f    CIL library: CIL module
 0001:0000b9e0       ??__F?s_id@?$TObjectUniqueID@URSystem@rsystem@base@UModSys@@@tl@UModSys@@2USUniquePointer@core@3@A@@YAXXZ 000000014000c9e0 f    CIL library: CIL module
 0001:0000b9ec       ??__F?s_id@?$TObjectUniqueID@URParameters@rsystem@base@UModSys@@@tl@UModSys@@2USUniquePointer@core@3@A@@YAXXZ 000000014000c9ec f    CIL library: CIL module
 0001:0000b9f8       ??__F?s_id@?$TObjectUniqueID@URModuleLibraryThis@rsystem@base@UModSys@@@tl@UModSys@@2USUniquePointer@core@3@A@@YAXXZ 000000014000c9f8 f    CIL library: CIL module
 0001:0000ba04       ??__F?s_id@?$TObjectUniqueID@URModuleLibrarySO@rsystem@base@UModSys@@@tl@UModSys@@2USUniquePointer@core@3@A@@YAXXZ 000000014000ca04 f    CIL library: CIL module
 0001:0000ba10       ??__F?s_id@?$TObjectUniqueID@UIModuleLibraryUni@rsystem@base@UModSys@@@tl@UModSys@@2USUniquePointer@core@3@A@@YAXXZ 000000014000ca10 f    CIL library: CIL module
 0001:0000ba1c       ??__F?s_id@?$TObjectUniqueID@URModule@rsystem@base@UModSys@@@tl@UModSys@@2USUniquePointer@core@3@A@@YAXXZ 000000014000ca1c f    CIL library: CIL module
 0001:0000ba28       ??__F?s_id@?$TObjectUniqueID@UISystem@base@UModSys@@@tl@UModSys@@2USUniquePointer@core@3@A@@YAXXZ 000000014000ca28 f    CIL library: CIL module
 0001:0000ba34       ??__F?s_id@?$TObjectUniqueID@UIConsole@base@UModSys@@@tl@UModSys@@2USUniquePointer@core@3@A@@YAXXZ 000000014000ca34 f    CIL library: CIL module
 0001:0000ba40       ??__F?s_id@?$TObjectUniqueID@UIShell@base@UModSys@@@tl@UModSys@@2USUniquePointer@core@3@A@@YAXXZ 000000014000ca40 f    CIL library: CIL module
 0001:0000ba4c       ??__F?s_id@?$TObjectUniqueID@UIGenerator@base@UModSys@@@tl@UModSys@@2USUniquePointer@core@3@A@@YAXXZ 000000014000ca4c f    CIL library: CIL module
 0001:0000ba58       ??__F?s_id@?$TObjectUniqueID@UIModObject@base@UModSys@@@tl@UModSys@@2USUniquePointer@core@3@A@@YAXXZ 000000014000ca58 f    CIL library: CIL module
 0001:0000ba64       ??__F?s_id@?$TObjectUniqueID@UIModuleLibrary@base@UModSys@@@tl@UModSys@@2USUniquePointer@core@3@A@@YAXXZ 000000014000ca64 f    CIL library: CIL module
 0001:0000ba70       ??__F?s_id@?$TObjectUniqueID@UIModule@base@UModSys@@@tl@UModSys@@2USUniquePointer@core@3@A@@YAXXZ 000000014000ca70 f    CIL library: CIL module
 0001:0000ba7c       ??__F?s_id@?$TObjectUniqueID@UIParameters@core@UModSys@@@tl@UModSys@@2USUniquePointer@core@3@A@@YAXXZ 000000014000ca7c f    CIL library: CIL module
 0001:0000ba88       ??__F?s_id@?$TObjectUniqueID@UIRefObject@core@UModSys@@@tl@UModSys@@2USUniquePointer@core@3@A@@YAXXZ 000000014000ca88 f    CIL library: CIL module
 0001:0000ba94       ??__F?s_id@?$TObjectUniqueID@UIRoot@core@UModSys@@@tl@UModSys@@2USUniquePointer@core@3@A@@YAXXZ 000000014000ca94 f    CIL library: CIL module
 0001:0000baa0       ??__F?s_modreg@RModuleReg@std@media@modules@UModSys@@2U12345@A@@YAXXZ 000000014000caa0 f    CIL library: CIL module
 0001:0000bab0       ??__F?s_modreg_chain@RModuleReg@std@media@modules@UModSys@@2USModuleRegChain@base@5@A@@YAXXZ 000000014000cab0 f    CIL library: CIL module
 0001:0000baf0       ??__F?s_uid@RGenerator@std@media@modules@UModSys@@2USUniquePointer@core@5@A@@YAXXZ 000000014000caf0 f    CIL library: CIL module
 0001:0000bafc       ??__Fh@?1??s_holder@RGenerator@std@media@modules@UModSys@@SAAEAU?$TTypeStaticHolder@URGenerator@std@media@modules@UModSys@@@tl@5@XZ@YAXXZ 000000014000cafc f    CIL library: CIL module
 0001:0000bb24       ??__F?s_id@?$TObjectUniqueID@URGenerator@std@media@modules@UModSys@@@tl@UModSys@@2USUniquePointer@core@3@A@@YAXXZ 000000014000cb24 f    CIL library: CIL module
 0001:0000bb30       ??__F?s_id@?$TObjectUniqueID@URLibraryBinTree@std@media@modules@UModSys@@@tl@UModSys@@2USUniquePointer@core@3@A@@YAXXZ 000000014000cb30 f    CIL library: CIL module
 0001:0000bb3c       ??__F?s_id@?$TObjectUniqueID@URLibraryBinCache@std@media@modules@UModSys@@@tl@UModSys@@2USUniquePointer@core@3@A@@YAXXZ 000000014000cb3c f    CIL library: CIL module
 0001:0000bb48       ??__F?s_id@?$TObjectUniqueID@UILibraryLayered@libmedia@UModSys@@@tl@UModSys@@2USUniquePointer@core@3@A@@YAXXZ 000000014000cb48 f    CIL library: CIL module
 0001:0000bb54       ??__F?s_id@?$TObjectUniqueID@UILibraryObjFilter@libmedia@UModSys@@@tl@UModSys@@2USUniquePointer@core@3@A@@YAXXZ 000000014000cb54 f    CIL library: CIL module
 0001:0000bb60       ??__F?s_id@?$TObjectUniqueID@UILibraryBinCache@libmedia@UModSys@@@tl@UModSys@@2USUniquePointer@core@3@A@@YAXXZ 000000014000cb60 f    CIL library: CIL module
 0001:0000bb6c       ??__F?s_id@?$TObjectUniqueID@UILibraryBinTree@libmedia@UModSys@@@tl@UModSys@@2USUniquePointer@core@3@A@@YAXXZ 000000014000cb6c f    CIL library: CIL module
 0001:0000bb78       ??__F?s_id@?$TObjectUniqueID@UILibrary@libmedia@UModSys@@@tl@UModSys@@2USUniquePointer@core@3@A@@YAXXZ 000000014000cb78 f    CIL library: CIL module
 0001:0000bb84       ??__F?s_id@?$TObjectUniqueID@UIBinObjFilter@libmedia@UModSys@@@tl@UModSys@@2USUniquePointer@core@3@A@@YAXXZ 000000014000cb84 f    CIL library: CIL module
 0001:0000bb90       ??__F?s_id@?$TObjectUniqueID@UIBinArchive@libmedia@UModSys@@@tl@UModSys@@2USUniquePointer@core@3@A@@YAXXZ 000000014000cb90 f    CIL library: CIL module
 0001:0000bb9c       ??__F?s_id@?$TObjectUniqueID@UIStreamWriter@libmedia@UModSys@@@tl@UModSys@@2USUniquePointer@core@3@A@@YAXXZ 000000014000cb9c f    CIL library: CIL module
 0001:0000bba8       ??__F?s_id@?$TObjectUniqueID@UIStreamReader@libmedia@UModSys@@@tl@UModSys@@2USUniquePointer@core@3@A@@YAXXZ 000000014000cba8 f    CIL library: CIL module
 0001:0000bbb4       ??__F?s_modreg@RModuleReg@stdio@media@modules@UModSys@@2U12345@A@@YAXXZ 000000014000cbb4 f    CIL library: CIL module
 0001:0000bbc4       ??__F?s_modreg_chain@RModuleReg@stdio@media@modules@UModSys@@2USModuleRegChain@base@5@A@@YAXXZ 000000014000cbc4 f    CIL library: CIL module
 0001:0000bc04       ??__F?s_uid@RGenerator@stdio@media@modules@UModSys@@2USUniquePointer@core@5@A@@YAXXZ 000000014000cc04 f    CIL library: CIL module
 0001:0000bc10       ??__Fh@?1??s_holder@RGenerator@stdio@media@modules@UModSys@@SAAEAU?$TTypeStaticHolder@URGenerator@stdio@media@modules@UModSys@@@tl@5@XZ@YAXXZ 000000014000cc10 f    CIL library: CIL module
 0001:0000bc38       ??__F?s_id@?$TObjectUniqueID@URGenerator@stdio@media@modules@UModSys@@@tl@UModSys@@2USUniquePointer@core@3@A@@YAXXZ 000000014000cc38 f    CIL library: CIL module
 0001:0000bc44       ??__F?s_id@?$TObjectUniqueID@URDataArchiver_OsDir@stdio@media@modules@UModSys@@@tl@UModSys@@2USUniquePointer@core@3@A@@YAXXZ 000000014000cc44 f    CIL library: CIL module
 0001:0000bc50       ??__F?s_id@?$TObjectUniqueID@URStreamWriter_FILE@stdio@media@modules@UModSys@@@tl@UModSys@@2USUniquePointer@core@3@A@@YAXXZ 000000014000cc50 f    CIL library: CIL module
 0001:0000bc5c       ??__F?s_id@?$TObjectUniqueID@URStreamReader_FILE@stdio@media@modules@UModSys@@@tl@UModSys@@2USUniquePointer@core@3@A@@YAXXZ 000000014000cc5c f    CIL library: CIL module
 0001:0000bc68       ??__F?s_console@RConsole_std@rsystem@base@UModSys@@2U1234@A@@YAXXZ 000000014000cc68 f    CIL library: CIL module
 0001:0000bca8       ??__F?s_sys@RSystem@rsystem@base@UModSys@@2U1234@A@@YAXXZ 000000014000cca8 f    CIL library: CIL module
 0001:0000bcb4       ??__Frsys_dbg@rsystem@base@UModSys@@YAXXZ 000000014000ccb4 f    CIL library: CIL module
 0001:0000bcd8       ??__FM@UModSys@@YAXXZ      000000014000ccd8 f    CIL library: CIL module
 0001:0000bcdc       ??__F?root@SModuleRegChain@base@UModSys@@2U123@A@@YAXXZ 000000014000ccdc f    CIL library: CIL module
 0001:0000bd1c       ??__F?s_library@RModuleLibraryReg_Chain@base@UModSys@@2U123@A@@YAXXZ 000000014000cd1c f    CIL library: CIL module
 0001:0000bd2c       ??__F?root@SUniquePointer@core@UModSys@@2U123@A@@YAXXZ 000000014000cd2c f    CIL library: CIL module

 Exports

  ordinal    name

        1    UModSys_Plugin_Entry2
