 umodsysc

 Timestamp is 52d633aa (Wed Jan 15 10:07:22 2014)

 Preferred load address is 0000000140000000

 Start         Length     Name                   Class
 0001:00000000 0001310cH .text                   CODE
 0001:00013110 0000005eH .text$00                CODE
 0001:00013170 00000e70H .text$x                 CODE
 0001:00013fe0 00000ae0H .text$yc                CODE
 0001:00014ac0 00000424H .text$yd                CODE
 0002:00000000 00000258H .idata$5                DATA
 0002:00000258 00000008H .CRT$XCA                DATA
 0002:00000260 00000008H .CRT$XCAA               DATA
 0002:00000268 000006f0H .CRT$XCU                DATA
 0002:00000958 00000008H .CRT$XCZ                DATA
 0002:00000960 00000008H .CRT$XIA                DATA
 0002:00000968 00000008H .CRT$XIAA               DATA
 0002:00000970 00000008H .CRT$XIY                DATA
 0002:00000978 00000008H .CRT$XIZ                DATA
 0002:00000980 000033e8H .rdata                  DATA
 0002:00003d70 0000207cH .rdata$r                DATA
 0002:00005df0 00000008H .rtc$IAA                DATA
 0002:00005df8 00000008H .rtc$IZZ                DATA
 0002:00005e00 00000008H .rtc$TAA                DATA
 0002:00005e08 00000008H .rtc$TZZ                DATA
 0002:00005e10 00001ee0H .xdata                  DATA
 0002:00007cf0 000000e4H .xdata$x                DATA
 0002:00007dd4 00000028H .idata$2                DATA
 0002:00007dfc 00000014H .idata$3                DATA
 0002:00007e10 00000258H .idata$4                DATA
 0002:00008068 00000478H .idata$6                DATA
 0002:000084e0 00000055H .edata                  DATA
 0003:00000000 00001224H .data                   DATA
 0003:00001230 00002b50H .bss                    DATA
 0004:00000000 000017d0H .pdata                  DATA

  Address         Publics by Value              Rva+Base               Lib:Object

 0000:00000000       ___safe_se_handler_count   0000000000000000     <absolute>
 0000:00000000       ___safe_se_handler_table   0000000000000000     <absolute>
 0000:00000000       __ImageBase                0000000140000000     <linker-defined>
 0001:00000000       main                       0000000140001000 f   umodsys.c_main.obj
 0001:000004a0       ??0?$TString@U?$TSCoreConst@D@su@tl@UModSys@@U?$TComparerBinaryHash@D@234@@tl@UModSys@@QEAA@PEBD@Z 00000001400014a0 f i umodsys.c_main.obj
 0001:00000520       ??1SMemShared@core@UModSys@@QEAA@XZ 0000000140001520 f i umodsys_lib_libmedia:umodsys.mod.media.stdio.obj
 0001:00000520       ??1SInfo@IBinObjFilter@libmedia@UModSys@@QEAA@XZ 0000000140001520 f i umodsys_lib_libmedia:umodsys.mod.media.stdlib.obj
 0001:00000520       ??1SCMemShared@core@UModSys@@QEAA@XZ 0000000140001520 f i umodsys_lib_libmedia:umodsys.mod.media.stdlib.obj
 0001:00000550       ??6SUniquePtrList@core@UModSys@@QEAAAEAU012@PEBUSUniquePointerInfo@12@@Z 0000000140001550 f i umodsys_lib_libmedia:umodsys.mod.media.stdio.obj
 0001:00000608       ??3IRoot@core@UModSys@@SAXPEAXAEBUSIMemAlloc@12@@Z 0000000140001608 f i umodsys_lib_libmedia:umodsys.mod.media.stdio.obj
 0001:00000634       ?archive_load_data@libmedia@UModSys@@YA_NAEAUIBinArchive@12@AEBU?$TString@U?$TSCoreConst@D@su@tl@UModSys@@U?$TComparerBinaryHash@D@234@@tl@2@AEAUSCMemShared@core@2@AEBUSFlags@12@@Z 0000000140001634 f i umodsys_lib_libmedia:umodsys.mod.media.stdio.obj
 0001:00000828       ?root_get_interface_info@RStreamReader_FILE@stdio@media@modules@UModSys@@UEBAAEBUSUniquePointerInfo@core@5@XZ 0000000140001828 f i umodsys_lib_libmedia:umodsys.mod.media.stdio.obj
 0001:00000830       ?root_get_interface_type@RStreamReader_FILE@stdio@media@modules@UModSys@@UEBAPEBUSUniquePointerInfo@core@5@XZ 0000000140001830 f i umodsys_lib_libmedia:umodsys.mod.media.stdio.obj
 0001:00000838       ?root_get_other_interface@RStreamReader_FILE@stdio@media@modules@UModSys@@UEBAPEBUIRoot@core@5@PEBUSUniquePointerInfo@75@@Z 0000000140001838 f i umodsys_lib_libmedia:umodsys.mod.media.stdio.obj
 0001:00000838       ?root_get_other_interface@RStreamReader_FILE@stdio@media@modules@UModSys@@UEAAPEAUIRoot@core@5@PEBUSUniquePointerInfo@75@@Z 0000000140001838 f i umodsys_lib_libmedia:umodsys.mod.media.stdio.obj
 0001:00000868       ?root_is_interface_supported@RStreamReader_FILE@stdio@media@modules@UModSys@@UEBA_NPEBUSUniquePointerInfo@core@5@@Z 0000000140001868 f i umodsys_lib_libmedia:umodsys.mod.media.stdio.obj
 0001:00000898       ?ref_add@RStreamWriter_FILE@stdio@media@modules@UModSys@@UEBAXXZ 0000000140001898 f i umodsys_lib_libmedia:umodsys.mod.media.stdio.obj
 0001:00000898       ?ref_add@RGenerator@stdlib@media@modules@UModSys@@UEBAXXZ 0000000140001898 f i umodsys_lib_libmedia:umodsys.mod.media.stdlib.obj
 0001:00000898       ?ref_add@RUtilities@stdlib@media@modules@UModSys@@UEBAXXZ 0000000140001898 f i umodsys_lib_libmedia:umodsys.mod.media.stdlib.obj
 0001:00000898       ?ref_add@RStreamReader_FILE@stdio@media@modules@UModSys@@UEBAXXZ 0000000140001898 f i umodsys_lib_libmedia:umodsys.mod.media.stdio.obj
 0001:00000898       ?ref_add@RGenerator@stdio@media@modules@UModSys@@UEBAXXZ 0000000140001898 f i umodsys_lib_libmedia:umodsys.mod.media.stdio.obj
 0001:0000089c       ??0RStreamReader_FILE@stdio@media@modules@UModSys@@QEAA@PEAUIModObject@base@4@AEBUSParameters@core@4@@Z 000000014000189c f i umodsys_lib_libmedia:umodsys.mod.media.stdio.obj
 0001:00000998       ?reader_seek@RStreamReader_FILE@stdio@media@modules@UModSys@@UEAA_N_J@Z 0000000140001998 f i umodsys_lib_libmedia:umodsys.mod.media.stdio.obj
 0001:000009c4       ?reader_seekend@RStreamReader_FILE@stdio@media@modules@UModSys@@UEAA_N_J@Z 00000001400019c4 f i umodsys_lib_libmedia:umodsys.mod.media.stdio.obj
 0001:000009f4       ?reader_seekdelta@RStreamReader_FILE@stdio@media@modules@UModSys@@UEAA_N_J@Z 00000001400019f4 f i umodsys_lib_libmedia:umodsys.mod.media.stdio.obj
 0001:00000a20       ?reader_pos@RStreamReader_FILE@stdio@media@modules@UModSys@@UEAA_JXZ 0000000140001a20 f i umodsys_lib_libmedia:umodsys.mod.media.stdio.obj
 0001:00000a3c       ?reader_size@RStreamReader_FILE@stdio@media@modules@UModSys@@UEAA_JXZ 0000000140001a3c f i umodsys_lib_libmedia:umodsys.mod.media.stdio.obj
 0001:00000a44       ?reader_read@RStreamReader_FILE@stdio@media@modules@UModSys@@UEAA_NPEAX_K@Z 0000000140001a44 f i umodsys_lib_libmedia:umodsys.mod.media.stdio.obj
 0001:00000ac4       ?reader_close@RStreamReader_FILE@stdio@media@modules@UModSys@@UEAAXXZ 0000000140001ac4 f i umodsys_lib_libmedia:umodsys.mod.media.stdio.obj
 0001:00000ae8       ??_GRStreamReader_FILE@stdio@media@modules@UModSys@@UEAAPEAXI@Z 0000000140001ae8 f i umodsys_lib_libmedia:umodsys.mod.media.stdio.obj
 0001:00000ae8       ??_ERStreamReader_FILE@stdio@media@modules@UModSys@@UEAAPEAXI@Z 0000000140001ae8 f i  CIL library: CIL module
 0001:00000b3c       ?root_get_interface_info@RStreamWriter_FILE@stdio@media@modules@UModSys@@UEBAAEBUSUniquePointerInfo@core@5@XZ 0000000140001b3c f i umodsys_lib_libmedia:umodsys.mod.media.stdio.obj
 0001:00000b44       ?root_get_interface_type@RStreamWriter_FILE@stdio@media@modules@UModSys@@UEBAPEBUSUniquePointerInfo@core@5@XZ 0000000140001b44 f i umodsys_lib_libmedia:umodsys.mod.media.stdio.obj
 0001:00000b4c       ?root_get_other_interface@RStreamWriter_FILE@stdio@media@modules@UModSys@@UEBAPEBUIRoot@core@5@PEBUSUniquePointerInfo@75@@Z 0000000140001b4c f i umodsys_lib_libmedia:umodsys.mod.media.stdio.obj
 0001:00000b4c       ?root_get_other_interface@RStreamWriter_FILE@stdio@media@modules@UModSys@@UEAAPEAUIRoot@core@5@PEBUSUniquePointerInfo@75@@Z 0000000140001b4c f i umodsys_lib_libmedia:umodsys.mod.media.stdio.obj
 0001:00000b7c       ?root_is_interface_supported@RStreamWriter_FILE@stdio@media@modules@UModSys@@UEBA_NPEBUSUniquePointerInfo@core@5@@Z 0000000140001b7c f i umodsys_lib_libmedia:umodsys.mod.media.stdio.obj
 0001:00000bac       ??0RStreamWriter_FILE@stdio@media@modules@UModSys@@QEAA@PEAUIModObject@base@4@AEBUSParameters@core@4@@Z 0000000140001bac f i umodsys_lib_libmedia:umodsys.mod.media.stdio.obj
 0001:00000c9c       ?open@RStreamWriter_FILE@stdio@media@modules@UModSys@@QEAAXPEBD_N@Z 0000000140001c9c f i umodsys_lib_libmedia:umodsys.mod.media.stdio.obj
 0001:00000d40       ?writer_seek@RStreamWriter_FILE@stdio@media@modules@UModSys@@UEAA_N_J@Z 0000000140001d40 f i umodsys_lib_libmedia:umodsys.mod.media.stdio.obj
 0001:00000d6c       ?writer_seekend@RStreamWriter_FILE@stdio@media@modules@UModSys@@UEAA_N_J@Z 0000000140001d6c f i umodsys_lib_libmedia:umodsys.mod.media.stdio.obj
 0001:00000d9c       ?writer_seekdelta@RStreamWriter_FILE@stdio@media@modules@UModSys@@UEAA_N_J@Z 0000000140001d9c f i umodsys_lib_libmedia:umodsys.mod.media.stdio.obj
 0001:00000dc8       ?writer_setsize@RStreamWriter_FILE@stdio@media@modules@UModSys@@UEAA_N_J@Z 0000000140001dc8 f i umodsys_lib_libmedia:umodsys.mod.media.stdio.obj
 0001:00000e1c       ?writer_pos@RStreamWriter_FILE@stdio@media@modules@UModSys@@UEAA_JXZ 0000000140001e1c f i umodsys_lib_libmedia:umodsys.mod.media.stdio.obj
 0001:00000e38       ?writer_size@RStreamWriter_FILE@stdio@media@modules@UModSys@@UEAA_JXZ 0000000140001e38 f i umodsys_lib_libmedia:umodsys.mod.media.stdio.obj
 0001:00000eb8       ?writer_write@RStreamWriter_FILE@stdio@media@modules@UModSys@@UEAA_NPEBX_K@Z 0000000140001eb8 f i umodsys_lib_libmedia:umodsys.mod.media.stdio.obj
 0001:00000f38       ?writer_copy@RStreamWriter_FILE@stdio@media@modules@UModSys@@UEAA_NPEAUIStreamReader@libmedia@5@_J@Z 0000000140001f38 f i umodsys_lib_libmedia:umodsys.mod.media.stdio.obj
 0001:00000fd8       ?writer_copy@RStreamWriter_FILE@stdio@media@modules@UModSys@@UEAA_NPEAUIStreamReader@libmedia@5@_J1@Z 0000000140001fd8 f i umodsys_lib_libmedia:umodsys.mod.media.stdio.obj
 0001:0000102c       ?writer_close@RStreamWriter_FILE@stdio@media@modules@UModSys@@UEAAXXZ 000000014000202c f i umodsys_lib_libmedia:umodsys.mod.media.stdio.obj
 0001:00001068       ?writer_abort@RStreamWriter_FILE@stdio@media@modules@UModSys@@UEAAXXZ 0000000140002068 f i umodsys_lib_libmedia:umodsys.mod.media.stdio.obj
 0001:000010a4       ??_GRStreamWriter_FILE@stdio@media@modules@UModSys@@UEAAPEAXI@Z 00000001400020a4 f i umodsys_lib_libmedia:umodsys.mod.media.stdio.obj
 0001:000010a4       ??_ERStreamWriter_FILE@stdio@media@modules@UModSys@@UEAAPEAXI@Z 00000001400020a4 f i  CIL library: CIL module
 0001:0000111c       ?root_get_interface_info@RDataArchiver_OsDir@stdio@media@modules@UModSys@@UEBAAEBUSUniquePointerInfo@core@5@XZ 000000014000211c f i umodsys_lib_libmedia:umodsys.mod.media.stdio.obj
 0001:00001124       ?root_get_interface_type@RDataArchiver_OsDir@stdio@media@modules@UModSys@@UEBAPEBUSUniquePointerInfo@core@5@XZ 0000000140002124 f i umodsys_lib_libmedia:umodsys.mod.media.stdio.obj
 0001:0000112c       ?root_get_other_interface@RDataArchiver_OsDir@stdio@media@modules@UModSys@@UEBAPEBUIRoot@core@5@PEBUSUniquePointerInfo@75@@Z 000000014000212c f i umodsys_lib_libmedia:umodsys.mod.media.stdio.obj
 0001:0000112c       ?root_get_other_interface@RDataArchiver_OsDir@stdio@media@modules@UModSys@@UEAAPEAUIRoot@core@5@PEBUSUniquePointerInfo@75@@Z 000000014000212c f i umodsys_lib_libmedia:umodsys.mod.media.stdio.obj
 0001:00001164       ?root_is_interface_supported@RDataArchiver_OsDir@stdio@media@modules@UModSys@@UEBA_NPEBUSUniquePointerInfo@core@5@@Z 0000000140002164 f i umodsys_lib_libmedia:umodsys.mod.media.stdio.obj
 0001:0000119c       ??0RDataArchiver_OsDir@stdio@media@modules@UModSys@@QEAA@PEAUIModObject@base@4@AEBUSParameters@core@4@U?$TFlags4State@USMediaFlagUid@libmedia@UModSys@@I@tl@4@@Z 000000014000219c f i umodsys_lib_libmedia:umodsys.mod.media.stdio.obj
 0001:00001410       ?get_flag@RDataArchiver_OsDir@stdio@media@modules@UModSys@@UEBA?AW4eStates@?$TFlags4State@USMediaFlagUid@libmedia@UModSys@@I@tl@5@H@Z 0000000140002410 f i umodsys_lib_libmedia:umodsys.mod.media.stdio.obj
 0001:0000141c       ?get_flags_auto@RDataArchiver_OsDir@stdio@media@modules@UModSys@@UEBA?AU?$TFlags4State@USMediaFlagUid@libmedia@UModSys@@I@tl@5@XZ 000000014000241c f i umodsys_lib_libmedia:umodsys.mod.media.stdio.obj
 0001:00001428       ?set_flag@RDataArchiver_OsDir@stdio@media@modules@UModSys@@UEAA?AW4eStates@?$TFlags4State@USMediaFlagUid@libmedia@UModSys@@I@tl@5@HW46785@@Z 0000000140002428 f i umodsys_lib_libmedia:umodsys.mod.media.stdio.obj
 0001:00001450       ?data_load@RDataArchiver_OsDir@stdio@media@modules@UModSys@@UEAA_NAEBU?$TString@U?$TSCoreConst@D@su@tl@UModSys@@U?$TComparerBinaryHash@D@234@@tl@5@AEAUSCMemShared@core@5@AEBUSFlags@libmedia@5@@Z 0000000140002450 f i umodsys_lib_libmedia:umodsys.mod.media.stdio.obj
 0001:000014b0       ?data_save@RDataArchiver_OsDir@stdio@media@modules@UModSys@@UEAA_NAEBU?$TString@U?$TSCoreConst@D@su@tl@UModSys@@U?$TComparerBinaryHash@D@234@@tl@5@AEBUSCMem@core@5@AEBUSFlags@libmedia@5@@Z 00000001400024b0 f i umodsys_lib_libmedia:umodsys.mod.media.stdio.obj
 0001:00001548       ?data_reader@RDataArchiver_OsDir@stdio@media@modules@UModSys@@UEAA?AU?$TRefObject@UIStreamReader@libmedia@UModSys@@U?$TRefObjectFunc@UIStreamReader@libmedia@UModSys@@@tl@3@@tl@5@AEBU?$TString@U?$TSCoreConst@D@su@tl@UModSys@@U?$TComparerBinaryHash@D@234@@75@AEBUSFlags@libmedia@5@@Z 0000000140002548 f i umodsys_lib_libmedia:umodsys.mod.media.stdio.obj
 0001:0000175c       ?data_writer@RDataArchiver_OsDir@stdio@media@modules@UModSys@@UEAA?AU?$TRefObject@UIStreamWriter@libmedia@UModSys@@U?$TRefObjectFunc@UIStreamWriter@libmedia@UModSys@@@tl@3@@tl@5@AEBU?$TString@U?$TSCoreConst@D@su@tl@UModSys@@U?$TComparerBinaryHash@D@234@@75@AEBUSFlags@libmedia@5@@Z 000000014000275c f i umodsys_lib_libmedia:umodsys.mod.media.stdio.obj
 0001:000019a8       ?data_info@RDataArchiver_OsDir@stdio@media@modules@UModSys@@UEAA_NAEBU?$TString@U?$TSCoreConst@D@su@tl@UModSys@@U?$TComparerBinaryHash@D@234@@tl@5@_KAEAUSFileInfo@libmedia@5@AEBUSFlags@95@@Z 00000001400029a8 f i umodsys_lib_libmedia:umodsys.mod.media.stdio.obj
 0001:000019a8       ?data_list@RDataArchiver_OsDir@stdio@media@modules@UModSys@@UEAA_NAEBU?$TString@U?$TSCoreConst@D@su@tl@UModSys@@U?$TComparerBinaryHash@D@234@@tl@5@_KAEAU?$TIStackSocket@USFileInfo@libmedia@UModSys@@@75@AEBUSFlags@libmedia@5@@Z 00000001400029a8 f i umodsys_lib_libmedia:umodsys.mod.media.stdio.obj
 0001:000019fc       ?get_permissions@RDataArchiver_OsDir@stdio@media@modules@UModSys@@UEAAHXZ 00000001400029fc f i umodsys_lib_libmedia:umodsys.mod.media.stdio.obj
 0001:00001a00       ??_GRDataArchiver_OsDir@stdio@media@modules@UModSys@@UEAAPEAXI@Z 0000000140002a00 f i umodsys_lib_libmedia:umodsys.mod.media.stdio.obj
 0001:00001a00       ??_ERDataArchiver_OsDir@stdio@media@modules@UModSys@@UEAAPEAXI@Z 0000000140002a00 f i  CIL library: CIL module
 0001:00001a78       ?get_generated_names@RGenerator@stdio@media@modules@UModSys@@UEBAHAEAUSUniquePtrList@core@5@@Z 0000000140002a78 f i umodsys_lib_libmedia:umodsys.mod.media.stdio.obj
 0001:00001abc       ?get_generated_types@RGenerator@stdio@media@modules@UModSys@@UEBAHAEAUSUniquePtrList@core@5@PEBUSUniquePointerInfo@75@@Z 0000000140002abc f i umodsys_lib_libmedia:umodsys.mod.media.stdio.obj
 0001:00001b88       ?generate@RGenerator@stdio@media@modules@UModSys@@UEAA_NAEAU?$TRefObject@UIRefObject@core@UModSys@@U?$TRefObjectFunc@UIRefObject@core@UModSys@@@tl@3@@tl@5@PEBUSUniquePointerInfo@core@5@AEBUSParameters@95@@Z 0000000140002b88 f i umodsys_lib_libmedia:umodsys.mod.media.stdio.obj
 0001:00001d68       ?root_get_interface_info@RGenerator@stdio@media@modules@UModSys@@UEBAAEBUSUniquePointerInfo@core@5@XZ 0000000140002d68 f i umodsys_lib_libmedia:umodsys.mod.media.stdio.obj
 0001:00001d70       ?root_get_interface_type@RGenerator@stdio@media@modules@UModSys@@UEBAPEBUSUniquePointerInfo@core@5@XZ 0000000140002d70 f i umodsys_lib_libmedia:umodsys.mod.media.stdio.obj
 0001:00001d78       ?root_get_other_interface@RGenerator@stdio@media@modules@UModSys@@UEAAPEAUIRoot@core@5@PEBUSUniquePointerInfo@75@@Z 0000000140002d78 f i umodsys_lib_libmedia:umodsys.mod.media.stdio.obj
 0001:00001d78       ?root_get_other_interface@RGenerator@stdio@media@modules@UModSys@@UEBAPEBUIRoot@core@5@PEBUSUniquePointerInfo@75@@Z 0000000140002d78 f i umodsys_lib_libmedia:umodsys.mod.media.stdio.obj
 0001:00001db0       ?root_is_interface_supported@RGenerator@stdio@media@modules@UModSys@@UEBA_NPEBUSUniquePointerInfo@core@5@@Z 0000000140002db0 f i umodsys_lib_libmedia:umodsys.mod.media.stdio.obj
 0001:00001de8       ?ref_add@RConsole_std@rsystem@base@UModSys@@UEBAXXZ 0000000140002de8 f i umodsys_lib_basesys:umodsys.basesys.rconsole_std.obj
 0001:00001de8       ?ref_remove@RConsole_std@rsystem@base@UModSys@@UEBAXXZ 0000000140002de8 f i umodsys_lib_basesys:umodsys.basesys.rconsole_std.obj
 0001:00001de8       ?suicide@RGenerator@stdio@media@modules@UModSys@@UEAAXXZ 0000000140002de8 f i umodsys_lib_libmedia:umodsys.mod.media.stdio.obj
 0001:00001de8       ?suicide@RGenerator@stdlib@media@modules@UModSys@@UEAAXXZ 0000000140002de8 f i umodsys_lib_libmedia:umodsys.mod.media.stdlib.obj
 0001:00001de8       ??3@YAXPEAX0@Z             0000000140002de8 f i umodsys_lib_libmedia:umodsys.mod.media.stdio.obj
 0001:00001dec       ?get_uid@RGenerator@stdio@media@modules@UModSys@@UEBAPEBUSUniquePointerInfo@core@5@XZ 0000000140002dec f i umodsys_lib_libmedia:umodsys.mod.media.stdio.obj
 0001:00001df4       ?do_open@RModuleReg@stdio@media@modules@UModSys@@UEAA_NXZ 0000000140002df4 f i umodsys_lib_libmedia:umodsys.mod.media.stdio.obj
 0001:00001e68       ?do_close@RModuleReg@stdio@media@modules@UModSys@@UEAA_NXZ 0000000140002e68 f i umodsys_lib_libmedia:umodsys.mod.media.stdio.obj
 0001:00001eb8       ??_EIModuleReg@base@UModSys@@UEAAPEAXI@Z 0000000140002eb8 f i  CIL library: CIL module
 0001:00001eb8       ??_GRModuleReg@stdio@media@modules@UModSys@@UEAAPEAXI@Z 0000000140002eb8 f i umodsys_lib_libmedia:umodsys.mod.media.stdio.obj
 0001:00001eb8       ??_ERModuleReg@stdlib@media@modules@UModSys@@UEAAPEAXI@Z 0000000140002eb8 f i  CIL library: CIL module
 0001:00001eb8       ??_ERModuleReg@stdio@media@modules@UModSys@@UEAAPEAXI@Z 0000000140002eb8 f i  CIL library: CIL module
 0001:00001eb8       ??_GRModuleReg@stdlib@media@modules@UModSys@@UEAAPEAXI@Z 0000000140002eb8 f i umodsys_lib_libmedia:umodsys.mod.media.stdlib.obj
 0001:00001eb8       ??_GIModuleReg@base@UModSys@@UEAAPEAXI@Z 0000000140002eb8 f i umodsys_lib_base:umodsys.base.modulereg.obj
 0001:00001ee0       ?get_module@RGenerator@stdio@media@modules@UModSys@@UEBAPEAUIModule@base@5@XZ 0000000140002ee0 f   umodsys_lib_libmedia:umodsys.mod.media.stdio.obj
 0001:00001ee8       ?mod_inc@RGenerator@stdio@media@modules@UModSys@@UEBA_NXZ 0000000140002ee8 f   umodsys_lib_libmedia:umodsys.mod.media.stdio.obj
 0001:00001efc       ?mod_dec@RGenerator@stdio@media@modules@UModSys@@UEBA_NXZ 0000000140002efc f   umodsys_lib_libmedia:umodsys.mod.media.stdio.obj
 0001:00001f10       ?s_holder@RGenerator@stdio@media@modules@UModSys@@SAAEAU?$TTypeStaticHolder@URGenerator@stdio@media@modules@UModSys@@@tl@5@XZ 0000000140002f10 f   umodsys_lib_libmedia:umodsys.mod.media.stdio.obj
 0001:00001f54       ?info_release@?$TSCoreShared@USIMemAlloc@core@UModSys@@D@su@tl@UModSys@@QEAAXXZ 0000000140002f54 f i umodsys_lib_libmedia:umodsys.mod.media.stdio.obj
 0001:00002028       ?info_new@?$TSCoreShared@USIMemAlloc@core@UModSys@@D@su@tl@UModSys@@QEAA_NPEBD_K@Z 0000000140003028 f i umodsys_lib_libmedia:umodsys.mod.media.stdio.obj
 0001:000020fc       ??$t_gen_param@URStreamWriter_FILE@stdio@media@modules@UModSys@@URGenerator@2345@@IGenerator@base@UModSys@@IEAA_NPEAURGenerator@stdio@media@modules@2@AEAU?$TRefObject@UIRefObject@core@UModSys@@U?$TRefObjectFunc@UIRefObject@core@UModSys@@@tl@3@@tl@2@PEBUSUniquePointerInfo@core@2@AEBUSParameters@core@2@@Z 00000001400030fc f i umodsys_lib_libmedia:umodsys.mod.media.stdio.obj
 0001:000021f0       ??1?$TRefObject@UIModObject@base@UModSys@@U?$TModObjectFunc@UIModObject@base@UModSys@@@tl@3@@tl@UModSys@@QEAA@XZ 00000001400031f0 f i umodsys_lib_libmedia:umodsys.mod.media.stdio.obj
 0001:0000221c       ??1SFileInfo@libmedia@UModSys@@QEAA@XZ 000000014000321c f i umodsys_lib_libmedia:umodsys.mod.media.stdlib.obj
 0001:00002260       ?get_flag@RResolverChain@SFlagsChain@libmedia@UModSys@@UEBA?AW4eStates@?$TFlags4State@USMediaFlagUid@libmedia@UModSys@@I@tl@4@H@Z 0000000140003260 f i umodsys_lib_libmedia:umodsys.mod.media.stdlib.obj
 0001:000022a0       ?bin_reader@ILibrary@libmedia@UModSys@@QEAA?AU?$TRefObject@UIStreamReader@libmedia@UModSys@@U?$TRefObjectFunc@UIStreamReader@libmedia@UModSys@@@tl@3@@tl@3@AEBU?$TString@U?$TSCoreConst@D@su@tl@UModSys@@U?$TComparerBinaryHash@D@234@@53@AEBU?$TFlags4State@USMediaFlagUid@libmedia@UModSys@@I@53@@Z 00000001400032a0 f i umodsys_lib_libmedia:umodsys.mod.media.stdlib.obj
 0001:000022dc       ?bin_writer@ILibrary@libmedia@UModSys@@QEAA?AU?$TRefObject@UIStreamWriter@libmedia@UModSys@@U?$TRefObjectFunc@UIStreamWriter@libmedia@UModSys@@@tl@3@@tl@3@AEBU?$TString@U?$TSCoreConst@D@su@tl@UModSys@@U?$TComparerBinaryHash@D@234@@53@AEBU?$TFlags4State@USMediaFlagUid@libmedia@UModSys@@I@53@@Z 00000001400032dc f i umodsys_lib_libmedia:umodsys.mod.media.stdlib.obj
 0001:00002318       ??1SPoint@ILibraryBinTree@libmedia@UModSys@@QEAA@XZ 0000000140003318 f i umodsys_lib_libmedia:umodsys.mod.media.stdlib.obj
 0001:0000233c       ??0NameNodeCmpUC@IBinArchiveFrame@libmedia@UModSys@@QEAA@AEBU?$TString@U?$TSCoreConst@D@su@tl@UModSys@@U?$TComparerBinaryHash@D@234@@tl@3@@Z 000000014000333c f i umodsys_lib_libmedia:umodsys.mod.media.stdlib.obj
 0001:000023b8       ?root_get_interface_info@RUtilities@stdlib@media@modules@UModSys@@UEBAAEBUSUniquePointerInfo@core@5@XZ 00000001400033b8 f i umodsys_lib_libmedia:umodsys.mod.media.stdlib.obj
 0001:000023c0       ?root_get_interface_type@RUtilities@stdlib@media@modules@UModSys@@UEBAPEBUSUniquePointerInfo@core@5@XZ 00000001400033c0 f i umodsys_lib_libmedia:umodsys.mod.media.stdlib.obj
 0001:000023c8       ?root_get_interface_types@RLibraryObjFilter@stdlib@media@modules@UModSys@@UEBA_KAEAUSUniquePtrList@core@5@@Z 00000001400033c8 f i umodsys_lib_libmedia:umodsys.mod.media.stdlib.obj
 0001:000023c8       ?root_get_interface_types@RModuleLibraryThis@rsystem@base@UModSys@@UEBA_KAEAUSUniquePtrList@core@4@@Z 00000001400033c8 f i umodsys_lib_basesys:umodsys.basesys.rmodulelibthis.obj
 0001:000023c8       ?root_get_interface_types@RStreamReader_FILE@stdio@media@modules@UModSys@@UEBA_KAEAUSUniquePtrList@core@5@@Z 00000001400033c8 f i umodsys_lib_libmedia:umodsys.mod.media.stdio.obj
 0001:000023c8       ?root_get_interface_types@RParameters@rsystem@base@UModSys@@UEBA_KAEAUSUniquePtrList@core@4@@Z 00000001400033c8 f i umodsys_lib_basesys:umodsys.basesys.rparameters.obj
 0001:000023c8       ?root_get_interface_types@RBinArchiveFrame@stdlib@media@modules@UModSys@@UEBA_KAEAUSUniquePtrList@core@5@@Z 00000001400033c8 f i umodsys_lib_libmedia:umodsys.mod.media.stdlib.obj
 0001:000023c8       ?root_get_interface_types@RStreamWriter_FILE@stdio@media@modules@UModSys@@UEBA_KAEAUSUniquePtrList@core@5@@Z 00000001400033c8 f i umodsys_lib_libmedia:umodsys.mod.media.stdio.obj
 0001:000023c8       ?root_get_interface_types@RModuleLibrarySO@rsystem@base@UModSys@@UEBA_KAEAUSUniquePtrList@core@4@@Z 00000001400033c8 f i umodsys_lib_basesys:umodsys.basesys.rmodulelibso.obj
 0001:000023c8       ?root_get_interface_types@RLibraryBinCache@stdlib@media@modules@UModSys@@UEBA_KAEAUSUniquePtrList@core@5@@Z 00000001400033c8 f i umodsys_lib_libmedia:umodsys.mod.media.stdlib.obj
 0001:000023c8       ?root_get_interface_types@RGenerator@stdlib@media@modules@UModSys@@UEBA_KAEAUSUniquePtrList@core@5@@Z 00000001400033c8 f i umodsys_lib_libmedia:umodsys.mod.media.stdlib.obj
 0001:000023c8       ?root_get_interface_types@RLibraryObjCache@stdlib@media@modules@UModSys@@UEBA_KAEAUSUniquePtrList@core@5@@Z 00000001400033c8 f i umodsys_lib_libmedia:umodsys.mod.media.stdlib.obj
 0001:000023c8       ?root_get_interface_types@RSystem@rsystem@base@UModSys@@UEBA_KAEAUSUniquePtrList@core@4@@Z 00000001400033c8 f i umodsys_lib_basesys:umodsys.basesys.rsystem_main.obj
 0001:000023c8       ?root_get_interface_types@RUtilities@stdlib@media@modules@UModSys@@UEBA_KAEAUSUniquePtrList@core@5@@Z 00000001400033c8 f i umodsys_lib_libmedia:umodsys.mod.media.stdlib.obj
 0001:000023c8       ?root_get_interface_types@RLibraryBinTree@stdlib@media@modules@UModSys@@UEBA_KAEAUSUniquePtrList@core@5@@Z 00000001400033c8 f i umodsys_lib_libmedia:umodsys.mod.media.stdlib.obj
 0001:000023c8       ?root_get_interface_types@RConsole_std@rsystem@base@UModSys@@UEBA_KAEAUSUniquePtrList@core@4@@Z 00000001400033c8 f i umodsys_lib_basesys:umodsys.basesys.rconsole_std.obj
 0001:000023c8       ?root_get_interface_types@RModule@rsystem@base@UModSys@@UEBA_KAEAUSUniquePtrList@core@4@@Z 00000001400033c8 f i umodsys_lib_basesys:umodsys.basesys.rmodule.obj
 0001:000023c8       ?root_get_interface_types@RDataArchiver_OsDir@stdio@media@modules@UModSys@@UEBA_KAEAUSUniquePtrList@core@5@@Z 00000001400033c8 f i umodsys_lib_libmedia:umodsys.mod.media.stdio.obj
 0001:000023c8       ?root_get_interface_types@RGenerator@stdio@media@modules@UModSys@@UEBA_KAEAUSUniquePtrList@core@5@@Z 00000001400033c8 f i umodsys_lib_libmedia:umodsys.mod.media.stdio.obj
 0001:000023c8       ?root_get_interface_types@RLibraryLayered@stdlib@media@modules@UModSys@@UEBA_KAEAUSUniquePtrList@core@5@@Z 00000001400033c8 f i umodsys_lib_libmedia:umodsys.mod.media.stdlib.obj
 0001:000023d0       ?root_get_other_interface@RUtilities@stdlib@media@modules@UModSys@@UEBAPEBUIRoot@core@5@PEBUSUniquePointerInfo@75@@Z 00000001400033d0 f i umodsys_lib_libmedia:umodsys.mod.media.stdlib.obj
 0001:000023d0       ?root_get_other_interface@RUtilities@stdlib@media@modules@UModSys@@UEAAPEAUIRoot@core@5@PEBUSUniquePointerInfo@75@@Z 00000001400033d0 f i umodsys_lib_libmedia:umodsys.mod.media.stdlib.obj
 0001:00002400       ?root_is_interface_supported@RUtilities@stdlib@media@modules@UModSys@@UEBA_NPEBUSUniquePointerInfo@core@5@@Z 0000000140003400 f i umodsys_lib_libmedia:umodsys.mod.media.stdlib.obj
 0001:00002430       ?ref_remove@RUtilities@stdlib@media@modules@UModSys@@UEBAXXZ 0000000140003430 f i umodsys_lib_libmedia:umodsys.mod.media.stdlib.obj
 0001:00002430       ?ref_remove@RGenerator@stdlib@media@modules@UModSys@@UEBAXXZ 0000000140003430 f i umodsys_lib_libmedia:umodsys.mod.media.stdlib.obj
 0001:00002430       ?ref_remove@RStreamReader_FILE@stdio@media@modules@UModSys@@UEBAXXZ 0000000140003430 f i umodsys_lib_libmedia:umodsys.mod.media.stdio.obj
 0001:00002430       ?ref_remove@RGenerator@stdio@media@modules@UModSys@@UEBAXXZ 0000000140003430 f i umodsys_lib_libmedia:umodsys.mod.media.stdio.obj
 0001:00002430       ?ref_remove@RStreamWriter_FILE@stdio@media@modules@UModSys@@UEBAXXZ 0000000140003430 f i umodsys_lib_libmedia:umodsys.mod.media.stdio.obj
 0001:00002448       ?ref_links@RGenerator@stdlib@media@modules@UModSys@@UEBAHXZ 0000000140003448 f i umodsys_lib_libmedia:umodsys.mod.media.stdlib.obj
 0001:00002448       ?ref_links@RStreamWriter_FILE@stdio@media@modules@UModSys@@UEBAHXZ 0000000140003448 f i umodsys_lib_libmedia:umodsys.mod.media.stdio.obj
 0001:00002448       ?ref_links@RUtilities@stdlib@media@modules@UModSys@@UEBAHXZ 0000000140003448 f i umodsys_lib_libmedia:umodsys.mod.media.stdlib.obj
 0001:00002448       ?ref_links@RStreamReader_FILE@stdio@media@modules@UModSys@@UEBAHXZ 0000000140003448 f i umodsys_lib_libmedia:umodsys.mod.media.stdio.obj
 0001:00002448       ?ref_links@RGenerator@stdio@media@modules@UModSys@@UEBAHXZ 0000000140003448 f i umodsys_lib_libmedia:umodsys.mod.media.stdio.obj
 0001:0000244c       ?suicide@RStreamWriter_FILE@stdio@media@modules@UModSys@@UEAAXXZ 000000014000344c f i umodsys_lib_libmedia:umodsys.mod.media.stdio.obj
 0001:0000244c       ?suicide@RStreamReader_FILE@stdio@media@modules@UModSys@@UEAAXXZ 000000014000344c f i umodsys_lib_libmedia:umodsys.mod.media.stdio.obj
 0001:0000244c       ?suicide@RUtilities@stdlib@media@modules@UModSys@@UEAAXXZ 000000014000344c f i umodsys_lib_libmedia:umodsys.mod.media.stdlib.obj
 0001:00002498       ?root_get_interface_info@RBinArchiveFrame@stdlib@media@modules@UModSys@@UEBAAEBUSUniquePointerInfo@core@5@XZ 0000000140003498 f i umodsys_lib_libmedia:umodsys.mod.media.stdlib.obj
 0001:000024a0       ?root_get_interface_type@RBinArchiveFrame@stdlib@media@modules@UModSys@@UEBAPEBUSUniquePointerInfo@core@5@XZ 00000001400034a0 f i umodsys_lib_libmedia:umodsys.mod.media.stdlib.obj
 0001:000024a8       ?root_get_other_interface@RBinArchiveFrame@stdlib@media@modules@UModSys@@UEAAPEAUIRoot@core@5@PEBUSUniquePointerInfo@75@@Z 00000001400034a8 f i umodsys_lib_libmedia:umodsys.mod.media.stdlib.obj
 0001:000024a8       ?root_get_other_interface@RBinArchiveFrame@stdlib@media@modules@UModSys@@UEBAPEBUIRoot@core@5@PEBUSUniquePointerInfo@75@@Z 00000001400034a8 f i umodsys_lib_libmedia:umodsys.mod.media.stdlib.obj
 0001:000024ec       ?root_is_interface_supported@RBinArchiveFrame@stdlib@media@modules@UModSys@@UEBA_NPEBUSUniquePointerInfo@core@5@@Z 00000001400034ec f i umodsys_lib_libmedia:umodsys.mod.media.stdlib.obj
 0001:0000252c       ?ref_add@RBinArchiveFrame@stdlib@media@modules@UModSys@@UEBAXXZ 000000014000352c f i umodsys_lib_libmedia:umodsys.mod.media.stdlib.obj
 0001:00002530       ?ref_remove@RBinArchiveFrame@stdlib@media@modules@UModSys@@UEBAXXZ 0000000140003530 f i umodsys_lib_libmedia:umodsys.mod.media.stdlib.obj
 0001:00002548       ?ref_links@RBinArchiveFrame@stdlib@media@modules@UModSys@@UEBAHXZ 0000000140003548 f i umodsys_lib_libmedia:umodsys.mod.media.stdlib.obj
 0001:0000254c       ?ref_weak@RBinArchiveFrame@stdlib@media@modules@UModSys@@UEBA_NAEAUWeakPointer@IRefObject@core@5@@Z 000000014000354c f i umodsys_lib_libmedia:umodsys.mod.media.stdlib.obj
 0001:0000256c       ?suicide@RBinArchiveFrame@stdlib@media@modules@UModSys@@UEAAXXZ 000000014000356c f i umodsys_lib_libmedia:umodsys.mod.media.stdlib.obj
 0001:000025b8       ??RNN_Add@RBinArchiveFrame@stdlib@media@modules@UModSys@@QEBAPEAUNameNode@IBinArchiveFrame@libmedia@5@AEAUNameNodeCmpUC@785@@Z 00000001400035b8 f i umodsys_lib_libmedia:umodsys.mod.media.stdlib.obj
 0001:00002718       ??RNN_Add@RBinArchiveFrame@stdlib@media@modules@UModSys@@QEBAPEAUNameNode@IBinArchiveFrame@libmedia@5@AEAUNameNodeCmpC@785@@Z 0000000140003718 f i umodsys_lib_libmedia:umodsys.mod.media.stdlib.obj
 0001:0000287c       ?root_get_interface_info@RLibraryBinTree@stdlib@media@modules@UModSys@@UEBAAEBUSUniquePointerInfo@core@5@XZ 000000014000387c f i umodsys_lib_libmedia:umodsys.mod.media.stdlib.obj
 0001:00002884       ?root_get_interface_type@RLibraryBinTree@stdlib@media@modules@UModSys@@UEBAPEBUSUniquePointerInfo@core@5@XZ 0000000140003884 f i umodsys_lib_libmedia:umodsys.mod.media.stdlib.obj
 0001:0000288c       ?root_get_other_interface@RLibraryBinTree@stdlib@media@modules@UModSys@@UEAAPEAUIRoot@core@5@PEBUSUniquePointerInfo@75@@Z 000000014000388c f i umodsys_lib_libmedia:umodsys.mod.media.stdlib.obj
 0001:0000288c       ?root_get_other_interface@RLibraryBinTree@stdlib@media@modules@UModSys@@UEBAPEBUIRoot@core@5@PEBUSUniquePointerInfo@75@@Z 000000014000388c f i umodsys_lib_libmedia:umodsys.mod.media.stdlib.obj
 0001:000028d0       ?root_is_interface_supported@RLibraryBinTree@stdlib@media@modules@UModSys@@UEBA_NPEBUSUniquePointerInfo@core@5@@Z 00000001400038d0 f i umodsys_lib_libmedia:umodsys.mod.media.stdlib.obj
 0001:00002910       ?ref_remove@RLibraryBinTree@stdlib@media@modules@UModSys@@UEBAXXZ 0000000140003910 f i umodsys_lib_libmedia:umodsys.mod.media.stdlib.obj
 0001:00002910       ?ref_remove@RParameters@rsystem@base@UModSys@@UEBAXXZ 0000000140003910 f i umodsys_lib_basesys:umodsys.basesys.rparameters.obj
 0001:00002910       ?ref_remove@RLibraryLayered@stdlib@media@modules@UModSys@@UEBAXXZ 0000000140003910 f i umodsys_lib_libmedia:umodsys.mod.media.stdlib.obj
 0001:00002910       ?ref_remove@RDataArchiver_OsDir@stdio@media@modules@UModSys@@UEBAXXZ 0000000140003910 f i umodsys_lib_libmedia:umodsys.mod.media.stdio.obj
 0001:00002910       ?ref_remove@RLibraryObjFilter@stdlib@media@modules@UModSys@@UEBAXXZ 0000000140003910 f i umodsys_lib_libmedia:umodsys.mod.media.stdlib.obj
 0001:00002910       ?ref_remove@RLibraryObjCache@stdlib@media@modules@UModSys@@UEBAXXZ 0000000140003910 f i umodsys_lib_libmedia:umodsys.mod.media.stdlib.obj
 0001:00002910       ?ref_remove@RLibraryBinCache@stdlib@media@modules@UModSys@@UEBAXXZ 0000000140003910 f i umodsys_lib_libmedia:umodsys.mod.media.stdlib.obj
 0001:00002928       ?ref_links@RParameters@rsystem@base@UModSys@@UEBAHXZ 0000000140003928 f i umodsys_lib_basesys:umodsys.basesys.rparameters.obj
 0001:00002928       ?ref_links@RLibraryLayered@stdlib@media@modules@UModSys@@UEBAHXZ 0000000140003928 f i umodsys_lib_libmedia:umodsys.mod.media.stdlib.obj
 0001:00002928       ?ref_links@RLibraryBinTree@stdlib@media@modules@UModSys@@UEBAHXZ 0000000140003928 f i umodsys_lib_libmedia:umodsys.mod.media.stdlib.obj
 0001:00002928       ?ref_links@RLibraryBinCache@stdlib@media@modules@UModSys@@UEBAHXZ 0000000140003928 f i umodsys_lib_libmedia:umodsys.mod.media.stdlib.obj
 0001:00002928       ?ref_links@RLibraryObjCache@stdlib@media@modules@UModSys@@UEBAHXZ 0000000140003928 f i umodsys_lib_libmedia:umodsys.mod.media.stdlib.obj
 0001:00002928       ?ref_links@RDataArchiver_OsDir@stdio@media@modules@UModSys@@UEBAHXZ 0000000140003928 f i umodsys_lib_libmedia:umodsys.mod.media.stdio.obj
 0001:00002928       ?ref_links@RLibraryObjFilter@stdlib@media@modules@UModSys@@UEBAHXZ 0000000140003928 f i umodsys_lib_libmedia:umodsys.mod.media.stdlib.obj
 0001:0000292c       ?root_get_interface_info@RLibraryBinCache@stdlib@media@modules@UModSys@@UEBAAEBUSUniquePointerInfo@core@5@XZ 000000014000392c f i umodsys_lib_libmedia:umodsys.mod.media.stdlib.obj
 0001:00002934       ?root_get_interface_type@RLibraryBinCache@stdlib@media@modules@UModSys@@UEBAPEBUSUniquePointerInfo@core@5@XZ 0000000140003934 f i umodsys_lib_libmedia:umodsys.mod.media.stdlib.obj
 0001:0000293c       ?root_get_other_interface@RLibraryBinCache@stdlib@media@modules@UModSys@@UEBAPEBUIRoot@core@5@PEBUSUniquePointerInfo@75@@Z 000000014000393c f i umodsys_lib_libmedia:umodsys.mod.media.stdlib.obj
 0001:0000293c       ?root_get_other_interface@RLibraryBinCache@stdlib@media@modules@UModSys@@UEAAPEAUIRoot@core@5@PEBUSUniquePointerInfo@75@@Z 000000014000393c f i umodsys_lib_libmedia:umodsys.mod.media.stdlib.obj
 0001:00002980       ?root_is_interface_supported@RLibraryBinCache@stdlib@media@modules@UModSys@@UEBA_NPEBUSUniquePointerInfo@core@5@@Z 0000000140003980 f i umodsys_lib_libmedia:umodsys.mod.media.stdlib.obj
 0001:000029c0       ?ref_add@RLibraryBinCache@stdlib@media@modules@UModSys@@UEBAXXZ 00000001400039c0 f i umodsys_lib_libmedia:umodsys.mod.media.stdlib.obj
 0001:000029c0       ?ref_add@RLibraryObjCache@stdlib@media@modules@UModSys@@UEBAXXZ 00000001400039c0 f i umodsys_lib_libmedia:umodsys.mod.media.stdlib.obj
 0001:000029c0       ?ref_add@RDataArchiver_OsDir@stdio@media@modules@UModSys@@UEBAXXZ 00000001400039c0 f i umodsys_lib_libmedia:umodsys.mod.media.stdio.obj
 0001:000029c0       ?ref_add@RLibraryBinTree@stdlib@media@modules@UModSys@@UEBAXXZ 00000001400039c0 f i umodsys_lib_libmedia:umodsys.mod.media.stdlib.obj
 0001:000029c0       ?ref_add@RLibraryLayered@stdlib@media@modules@UModSys@@UEBAXXZ 00000001400039c0 f i umodsys_lib_libmedia:umodsys.mod.media.stdlib.obj
 0001:000029c0       ?ref_add@RParameters@rsystem@base@UModSys@@UEBAXXZ 00000001400039c0 f i umodsys_lib_basesys:umodsys.basesys.rparameters.obj
 0001:000029c0       ?ref_add@RLibraryObjFilter@stdlib@media@modules@UModSys@@UEBAXXZ 00000001400039c0 f i umodsys_lib_libmedia:umodsys.mod.media.stdlib.obj
 0001:000029c4       ?root_get_interface_info@RLibraryLayered@stdlib@media@modules@UModSys@@UEBAAEBUSUniquePointerInfo@core@5@XZ 00000001400039c4 f i umodsys_lib_libmedia:umodsys.mod.media.stdlib.obj
 0001:000029cc       ?root_get_interface_type@RLibraryLayered@stdlib@media@modules@UModSys@@UEBAPEBUSUniquePointerInfo@core@5@XZ 00000001400039cc f i umodsys_lib_libmedia:umodsys.mod.media.stdlib.obj
 0001:000029d4       ?root_get_other_interface@RLibraryLayered@stdlib@media@modules@UModSys@@UEBAPEBUIRoot@core@5@PEBUSUniquePointerInfo@75@@Z 00000001400039d4 f i umodsys_lib_libmedia:umodsys.mod.media.stdlib.obj
 0001:000029d4       ?root_get_other_interface@RLibraryLayered@stdlib@media@modules@UModSys@@UEAAPEAUIRoot@core@5@PEBUSUniquePointerInfo@75@@Z 00000001400039d4 f i umodsys_lib_libmedia:umodsys.mod.media.stdlib.obj
 0001:00002a18       ?root_is_interface_supported@RLibraryLayered@stdlib@media@modules@UModSys@@UEBA_NPEBUSUniquePointerInfo@core@5@@Z 0000000140003a18 f i umodsys_lib_libmedia:umodsys.mod.media.stdlib.obj
 0001:00002a58       ?root_get_interface_info@RLibraryObjCache@stdlib@media@modules@UModSys@@UEBAAEBUSUniquePointerInfo@core@5@XZ 0000000140003a58 f i umodsys_lib_libmedia:umodsys.mod.media.stdlib.obj
 0001:00002a60       ?root_get_interface_type@RLibraryObjCache@stdlib@media@modules@UModSys@@UEBAPEBUSUniquePointerInfo@core@5@XZ 0000000140003a60 f i umodsys_lib_libmedia:umodsys.mod.media.stdlib.obj
 0001:00002a68       ?root_get_other_interface@RLibraryObjCache@stdlib@media@modules@UModSys@@UEBAPEBUIRoot@core@5@PEBUSUniquePointerInfo@75@@Z 0000000140003a68 f i umodsys_lib_libmedia:umodsys.mod.media.stdlib.obj
 0001:00002a68       ?root_get_other_interface@RLibraryObjCache@stdlib@media@modules@UModSys@@UEAAPEAUIRoot@core@5@PEBUSUniquePointerInfo@75@@Z 0000000140003a68 f i umodsys_lib_libmedia:umodsys.mod.media.stdlib.obj
 0001:00002aac       ?root_is_interface_supported@RLibraryObjCache@stdlib@media@modules@UModSys@@UEBA_NPEBUSUniquePointerInfo@core@5@@Z 0000000140003aac f i umodsys_lib_libmedia:umodsys.mod.media.stdlib.obj
 0001:00002aec       ?ref_weak@RLibraryBinTree@stdlib@media@modules@UModSys@@UEBA_NAEAUWeakPointer@IRefObject@core@5@@Z 0000000140003aec f i umodsys_lib_libmedia:umodsys.mod.media.stdlib.obj
 0001:00002aec       ?ref_weak@RLibraryObjFilter@stdlib@media@modules@UModSys@@UEBA_NAEAUWeakPointer@IRefObject@core@5@@Z 0000000140003aec f i umodsys_lib_libmedia:umodsys.mod.media.stdlib.obj
 0001:00002aec       ?ref_weak@RDataArchiver_OsDir@stdio@media@modules@UModSys@@UEBA_NAEAUWeakPointer@IRefObject@core@5@@Z 0000000140003aec f i umodsys_lib_libmedia:umodsys.mod.media.stdio.obj
 0001:00002aec       ?ref_weak@RLibraryBinCache@stdlib@media@modules@UModSys@@UEBA_NAEAUWeakPointer@IRefObject@core@5@@Z 0000000140003aec f i umodsys_lib_libmedia:umodsys.mod.media.stdlib.obj
 0001:00002aec       ?ref_weak@RLibraryLayered@stdlib@media@modules@UModSys@@UEBA_NAEAUWeakPointer@IRefObject@core@5@@Z 0000000140003aec f i umodsys_lib_libmedia:umodsys.mod.media.stdlib.obj
 0001:00002aec       ?ref_weak@RLibraryObjCache@stdlib@media@modules@UModSys@@UEBA_NAEAUWeakPointer@IRefObject@core@5@@Z 0000000140003aec f i umodsys_lib_libmedia:umodsys.mod.media.stdlib.obj
 0001:00002aec       ?ref_weak@RParameters@rsystem@base@UModSys@@UEBA_NAEAUWeakPointer@IRefObject@core@4@@Z 0000000140003aec f i umodsys_lib_basesys:umodsys.basesys.rparameters.obj
 0001:00002b0c       ?root_get_interface_info@RLibraryObjFilter@stdlib@media@modules@UModSys@@UEBAAEBUSUniquePointerInfo@core@5@XZ 0000000140003b0c f i umodsys_lib_libmedia:umodsys.mod.media.stdlib.obj
 0001:00002b14       ?root_get_interface_type@RLibraryObjFilter@stdlib@media@modules@UModSys@@UEBAPEBUSUniquePointerInfo@core@5@XZ 0000000140003b14 f i umodsys_lib_libmedia:umodsys.mod.media.stdlib.obj
 0001:00002b1c       ?root_get_other_interface@RLibraryObjFilter@stdlib@media@modules@UModSys@@UEAAPEAUIRoot@core@5@PEBUSUniquePointerInfo@75@@Z 0000000140003b1c f i umodsys_lib_libmedia:umodsys.mod.media.stdlib.obj
 0001:00002b1c       ?root_get_other_interface@RLibraryObjFilter@stdlib@media@modules@UModSys@@UEBAPEBUIRoot@core@5@PEBUSUniquePointerInfo@75@@Z 0000000140003b1c f i umodsys_lib_libmedia:umodsys.mod.media.stdlib.obj
 0001:00002b60       ?root_is_interface_supported@RLibraryObjFilter@stdlib@media@modules@UModSys@@UEBA_NPEBUSUniquePointerInfo@core@5@@Z 0000000140003b60 f i umodsys_lib_libmedia:umodsys.mod.media.stdlib.obj
 0001:00002ba0       ?suicide@RLibraryObjFilter@stdlib@media@modules@UModSys@@UEAAXXZ 0000000140003ba0 f i umodsys_lib_libmedia:umodsys.mod.media.stdlib.obj
 0001:00002ba0       ?suicide@RLibraryBinTree@stdlib@media@modules@UModSys@@UEAAXXZ 0000000140003ba0 f i umodsys_lib_libmedia:umodsys.mod.media.stdlib.obj
 0001:00002ba0       ?suicide@RLibraryLayered@stdlib@media@modules@UModSys@@UEAAXXZ 0000000140003ba0 f i umodsys_lib_libmedia:umodsys.mod.media.stdlib.obj
 0001:00002ba0       ?suicide@RLibraryBinCache@stdlib@media@modules@UModSys@@UEAAXXZ 0000000140003ba0 f i umodsys_lib_libmedia:umodsys.mod.media.stdlib.obj
 0001:00002ba0       ?suicide@RDataArchiver_OsDir@stdio@media@modules@UModSys@@UEAAXXZ 0000000140003ba0 f i umodsys_lib_libmedia:umodsys.mod.media.stdio.obj
 0001:00002ba0       ?suicide@RLibraryObjCache@stdlib@media@modules@UModSys@@UEAAXXZ 0000000140003ba0 f i umodsys_lib_libmedia:umodsys.mod.media.stdlib.obj
 0001:00002bec       ?get_generated_names@RGenerator@stdlib@media@modules@UModSys@@UEBAHAEAUSUniquePtrList@core@5@@Z 0000000140003bec f i umodsys_lib_libmedia:umodsys.mod.media.stdlib.obj
 0001:00002c6c       ?get_generated_types@RGenerator@stdlib@media@modules@UModSys@@UEBAHAEAUSUniquePtrList@core@5@PEBUSUniquePointerInfo@75@@Z 0000000140003c6c f i umodsys_lib_libmedia:umodsys.mod.media.stdlib.obj
 0001:00002dd8       ?generate@RGenerator@stdlib@media@modules@UModSys@@UEAA_NAEAU?$TRefObject@UIRefObject@core@UModSys@@U?$TRefObjectFunc@UIRefObject@core@UModSys@@@tl@3@@tl@5@PEBUSUniquePointerInfo@core@5@AEBUSParameters@95@@Z 0000000140003dd8 f i umodsys_lib_libmedia:umodsys.mod.media.stdlib.obj
 0001:00003054       ?root_get_interface_info@RGenerator@stdlib@media@modules@UModSys@@UEBAAEBUSUniquePointerInfo@core@5@XZ 0000000140004054 f i umodsys_lib_libmedia:umodsys.mod.media.stdlib.obj
 0001:0000305c       ?root_get_interface_type@RGenerator@stdlib@media@modules@UModSys@@UEBAPEBUSUniquePointerInfo@core@5@XZ 000000014000405c f i umodsys_lib_libmedia:umodsys.mod.media.stdlib.obj
 0001:00003064       ?root_get_other_interface@RGenerator@stdlib@media@modules@UModSys@@UEBAPEBUIRoot@core@5@PEBUSUniquePointerInfo@75@@Z 0000000140004064 f i umodsys_lib_libmedia:umodsys.mod.media.stdlib.obj
 0001:00003064       ?root_get_other_interface@RGenerator@stdlib@media@modules@UModSys@@UEAAPEAUIRoot@core@5@PEBUSUniquePointerInfo@75@@Z 0000000140004064 f i umodsys_lib_libmedia:umodsys.mod.media.stdlib.obj
 0001:0000309c       ?root_is_interface_supported@RGenerator@stdlib@media@modules@UModSys@@UEBA_NPEBUSUniquePointerInfo@core@5@@Z 000000014000409c f i umodsys_lib_libmedia:umodsys.mod.media.stdlib.obj
 0001:000030d4       ?ref_weak@RGenerator@stdio@media@modules@UModSys@@UEBA_NAEAUWeakPointer@IRefObject@core@5@@Z 00000001400040d4 f i umodsys_lib_libmedia:umodsys.mod.media.stdio.obj
 0001:000030d4       ?ref_weak@RStreamWriter_FILE@stdio@media@modules@UModSys@@UEBA_NAEAUWeakPointer@IRefObject@core@5@@Z 00000001400040d4 f i umodsys_lib_libmedia:umodsys.mod.media.stdio.obj
 0001:000030d4       ?ref_weak@RGenerator@stdlib@media@modules@UModSys@@UEBA_NAEAUWeakPointer@IRefObject@core@5@@Z 00000001400040d4 f i umodsys_lib_libmedia:umodsys.mod.media.stdlib.obj
 0001:000030d4       ?ref_weak@RUtilities@stdlib@media@modules@UModSys@@UEBA_NAEAUWeakPointer@IRefObject@core@5@@Z 00000001400040d4 f i umodsys_lib_libmedia:umodsys.mod.media.stdlib.obj
 0001:000030d4       ?ref_weak@RStreamReader_FILE@stdio@media@modules@UModSys@@UEBA_NAEAUWeakPointer@IRefObject@core@5@@Z 00000001400040d4 f i umodsys_lib_libmedia:umodsys.mod.media.stdio.obj
 0001:000030f4       ?get_uid@RGenerator@stdlib@media@modules@UModSys@@UEBAPEBUSUniquePointerInfo@core@5@XZ 00000001400040f4 f i umodsys_lib_libmedia:umodsys.mod.media.stdlib.obj
 0001:000030fc       ?buffer_free@RUtilities@stdlib@media@modules@UModSys@@UEAA_NAEAUSBuffer@libmedia@5@PEBUSSourceContext@core@5@@Z 00000001400040fc f   umodsys_lib_libmedia:umodsys.mod.media.stdlib.obj
 0001:00003148       ?buffer_alloc@RUtilities@stdlib@media@modules@UModSys@@UEAA_NAEAUSBuffer@libmedia@5@_KPEBUSSourceContext@core@5@@Z 0000000140004148 f   umodsys_lib_libmedia:umodsys.mod.media.stdlib.obj
 0001:00003250       ??_ERUtilities@stdlib@media@modules@UModSys@@UEAAPEAXI@Z 0000000140004250 f i  CIL library: CIL module
 0001:00003250       ??_GRUtilities@stdlib@media@modules@UModSys@@UEAAPEAXI@Z 0000000140004250 f i umodsys_lib_libmedia:umodsys.mod.media.stdlib.obj
 0001:000032f8       ??1IModule@base@UModSys@@UEAA@XZ 00000001400042f8 f i umodsys_lib_base:umodsys.base.module.obj
 0001:000032f8       ??1ISystem@base@UModSys@@UEAA@XZ 00000001400042f8 f i umodsys_lib_base:umodsys.base.system.obj
 0001:000032f8       ??1IUtilities@libmedia@UModSys@@UEAA@XZ 00000001400042f8 f i umodsys_lib_libmedia:umodsys.mod.media.stdlib.obj
 0001:000032f8       ??1IStreamReader@libmedia@UModSys@@UEAA@XZ 00000001400042f8 f i umodsys_lib_libmedia:umodsys.mod.media.stdio.obj
 0001:000032f8       ??1IRefObject@core@UModSys@@UEAA@XZ 00000001400042f8 f i umodsys_lib_core:umodsys.core.objects.obj
 0001:000032f8       ??1IStreamWriter@libmedia@UModSys@@UEAA@XZ 00000001400042f8 f i umodsys_lib_libmedia:umodsys.mod.media.stdio.obj
 0001:00003304       ?get_flag@RBinArchiveFrame@stdlib@media@modules@UModSys@@UEBA?AW4eStates@?$TFlags4State@USMediaFlagUid@libmedia@UModSys@@I@tl@5@H@Z 0000000140004304 f   umodsys_lib_libmedia:umodsys.mod.media.stdlib.obj
 0001:00003314       ?get_flags_auto@RBinArchiveFrame@stdlib@media@modules@UModSys@@UEBA?AU?$TFlags4State@USMediaFlagUid@libmedia@UModSys@@I@tl@5@XZ 0000000140004314 f   umodsys_lib_libmedia:umodsys.mod.media.stdlib.obj
 0001:00003320       ?set_flag@RBinArchiveFrame@stdlib@media@modules@UModSys@@UEAA?AW4eStates@?$TFlags4State@USMediaFlagUid@libmedia@UModSys@@I@tl@5@HW46785@@Z 0000000140004320 f   umodsys_lib_libmedia:umodsys.mod.media.stdlib.obj
 0001:00003354       ?data_reader@RBinArchiveFrame@stdlib@media@modules@UModSys@@UEAA?AU?$TRefObject@UIStreamReader@libmedia@UModSys@@U?$TRefObjectFunc@UIStreamReader@libmedia@UModSys@@@tl@3@@tl@5@AEBU?$TString@U?$TSCoreConst@D@su@tl@UModSys@@U?$TComparerBinaryHash@D@234@@75@AEBUSFlags@libmedia@5@@Z 0000000140004354 f   umodsys_lib_libmedia:umodsys.mod.media.stdlib.obj
 0001:00003414       ?data_writer@RBinArchiveFrame@stdlib@media@modules@UModSys@@UEAA?AU?$TRefObject@UIStreamWriter@libmedia@UModSys@@U?$TRefObjectFunc@UIStreamWriter@libmedia@UModSys@@@tl@3@@tl@5@AEBU?$TString@U?$TSCoreConst@D@su@tl@UModSys@@U?$TComparerBinaryHash@D@234@@75@AEBUSFlags@libmedia@5@@Z 0000000140004414 f   umodsys_lib_libmedia:umodsys.mod.media.stdlib.obj
 0001:0000345c       ?data_load@RBinArchiveFrame@stdlib@media@modules@UModSys@@UEAA_NAEBU?$TString@U?$TSCoreConst@D@su@tl@UModSys@@U?$TComparerBinaryHash@D@234@@tl@5@AEAUSCMemShared@core@5@AEBUSFlags@libmedia@5@@Z 000000014000445c f   umodsys_lib_libmedia:umodsys.mod.media.stdlib.obj
 0001:000034d0       ?data_save@RBinArchiveFrame@stdlib@media@modules@UModSys@@UEAA_NAEBU?$TString@U?$TSCoreConst@D@su@tl@UModSys@@U?$TComparerBinaryHash@D@234@@tl@5@AEBUSCMem@core@5@AEBUSFlags@libmedia@5@@Z 00000001400044d0 f   umodsys_lib_libmedia:umodsys.mod.media.stdlib.obj
 0001:00003508       ?data_list@RBinArchiveFrame@stdlib@media@modules@UModSys@@UEAA_NAEBU?$TString@U?$TSCoreConst@D@su@tl@UModSys@@U?$TComparerBinaryHash@D@234@@tl@5@_KAEAU?$TIStackSocket@USFileInfo@libmedia@UModSys@@@75@AEBUSFlags@libmedia@5@@Z 0000000140004508 f   umodsys_lib_libmedia:umodsys.mod.media.stdlib.obj
 0001:000037b0       ?data_info@RBinArchiveFrame@stdlib@media@modules@UModSys@@UEAA_NAEBU?$TString@U?$TSCoreConst@D@su@tl@UModSys@@U?$TComparerBinaryHash@D@234@@tl@5@_KAEAUSFileInfo@libmedia@5@AEBUSFlags@95@@Z 00000001400047b0 f   umodsys_lib_libmedia:umodsys.mod.media.stdlib.obj
 0001:000038d0       ?get_permissions@RBinArchiveFrame@stdlib@media@modules@UModSys@@UEAAHXZ 00000001400048d0 f   umodsys_lib_libmedia:umodsys.mod.media.stdlib.obj
 0001:000038e4       ?open@RBinArchiveFrame@stdlib@media@modules@UModSys@@UEAA_NPEAUIClient@IBinArchiveFrame@libmedia@5@PEBUSParameters@core@5@@Z 00000001400048e4 f   umodsys_lib_libmedia:umodsys.mod.media.stdlib.obj
 0001:00003d3c       ?close@RBinArchiveFrame@stdlib@media@modules@UModSys@@UEAA_NXZ 0000000140004d3c f   umodsys_lib_libmedia:umodsys.mod.media.stdlib.obj
 0001:00003e48       ?add_node_r@RBinArchiveFrame@stdlib@media@modules@UModSys@@UEAAPEAUNameNode@IBinArchiveFrame@libmedia@5@AEBU?$TString@U?$TSCoreConst@D@su@tl@UModSys@@U?$TComparerBinaryHash@D@234@@tl@5@_KAEAUSMem@core@5@@Z 0000000140004e48 f   umodsys_lib_libmedia:umodsys.mod.media.stdlib.obj
 0001:00003f00       ?add_node_w@RBinArchiveFrame@stdlib@media@modules@UModSys@@UEAAPEAUNameNode@IBinArchiveFrame@libmedia@5@AEBU?$TString@U?$TSCoreConst@D@su@tl@UModSys@@U?$TComparerBinaryHash@D@234@@tl@5@_K@Z 0000000140004f00 f   umodsys_lib_libmedia:umodsys.mod.media.stdlib.obj
 0001:00003ff4       ?remove_node@RBinArchiveFrame@stdlib@media@modules@UModSys@@UEAA_NPEAUNameNode@IBinArchiveFrame@libmedia@5@@Z 0000000140004ff4 f   umodsys_lib_libmedia:umodsys.mod.media.stdlib.obj
 0001:00004020       ?find_node@RBinArchiveFrame@stdlib@media@modules@UModSys@@UEAAPEAUNameNode@IBinArchiveFrame@libmedia@5@AEBU?$TString@U?$TSCoreConst@D@su@tl@UModSys@@U?$TComparerBinaryHash@D@234@@tl@5@@Z 0000000140005020 f   umodsys_lib_libmedia:umodsys.mod.media.stdlib.obj
 0001:00004158       ?node_size@RBinArchiveFrame@stdlib@media@modules@UModSys@@UEAA_KAEBU?$TString@U?$TSCoreConst@D@su@tl@UModSys@@U?$TComparerBinaryHash@D@234@@tl@5@H@Z 0000000140005158 f   umodsys_lib_libmedia:umodsys.mod.media.stdlib.obj
 0001:00004170       ?kill_node@RBinArchiveFrame@stdlib@media@modules@UModSys@@SA_NPEAUNameNode@IBinArchiveFrame@libmedia@5@@Z 0000000140005170 f   umodsys_lib_libmedia:umodsys.mod.media.stdlib.obj
 0001:00004198       ?fill_info@RBinArchiveFrame@stdlib@media@modules@UModSys@@QEAA_NAEAUSFileInfo@libmedia@5@PEAUNameNode@IBinArchiveFrame@75@AEBU?$TString@U?$TSCoreConst@D@su@tl@UModSys@@U?$TComparerBinaryHash@D@234@@tl@5@_K@Z 0000000140005198 f   umodsys_lib_libmedia:umodsys.mod.media.stdlib.obj
 0001:000044b4       ??1?$TStringBuf@U?$TSCoreShared@USIMemAlloc@core@UModSys@@D@su@tl@UModSys@@U?$TComparerBinaryHash@D@234@@tl@UModSys@@QEAA@XZ 00000001400054b4 f i umodsys_lib_libmedia:umodsys.mod.media.stdlib.obj
 0001:000044b4       ??1?$TString@U?$TSCoreShared@USIMemAlloc@core@UModSys@@D@su@tl@UModSys@@U?$TComparerBinaryHash@D@234@@tl@UModSys@@QEAA@XZ 00000001400054b4 f i umodsys_lib_libmedia:umodsys.mod.media.stdio.obj
 0001:000044b4       ??1?$TSCoreShared@USIMemAlloc@core@UModSys@@D@su@tl@UModSys@@QEAA@XZ 00000001400054b4 f i umodsys_lib_libmedia:umodsys.mod.media.stdio.obj
 0001:000044bc       ?openr@RBinArchiveFrame@stdlib@media@modules@UModSys@@QEAA_NPEAUILibrary@libmedia@5@AEBU?$TString@U?$TSCoreConst@D@su@tl@UModSys@@U?$TComparerBinaryHash@D@234@@tl@5@PEBUSParameters@core@5@@Z 00000001400054bc f   umodsys_lib_libmedia:umodsys.mod.media.stdlib.obj
 0001:00004634       ?closew@RBinArchiveFrame@stdlib@media@modules@UModSys@@QEAA_N_N@Z 0000000140005634 f   umodsys_lib_libmedia:umodsys.mod.media.stdlib.obj
 0001:000047dc       ??0RBinArchiveFrame@stdlib@media@modules@UModSys@@QEAA@PEAUIModObject@base@4@AEBUSParameters@core@4@U?$TFlags4State@USMediaFlagUid@libmedia@UModSys@@I@tl@4@@Z 00000001400057dc f   umodsys_lib_libmedia:umodsys.mod.media.stdlib.obj
 0001:000048e8       ??_GRBinArchiveFrame@stdlib@media@modules@UModSys@@UEAAPEAXI@Z 00000001400058e8 f i umodsys_lib_libmedia:umodsys.mod.media.stdlib.obj
 0001:000048e8       ??_ERBinArchiveFrame@stdlib@media@modules@UModSys@@UEAAPEAXI@Z 00000001400058e8 f i  CIL library: CIL module
 0001:000049e0       ??1IBinArchiveFrame@libmedia@UModSys@@UEAA@XZ 00000001400059e0 f i umodsys_lib_libmedia:umodsys.mod.media.stdlib.obj
 0001:00004a58       ??_GRLibraryBinTree@stdlib@media@modules@UModSys@@UEAAPEAXI@Z 0000000140005a58 f i umodsys_lib_libmedia:umodsys.mod.media.stdlib.obj
 0001:00004a58       ??_ERLibraryBinTree@stdlib@media@modules@UModSys@@UEAAPEAXI@Z 0000000140005a58 f i  CIL library: CIL module
 0001:00004adc       ??1IBinArchive@libmedia@UModSys@@UEAA@XZ 0000000140005adc f i umodsys_lib_libmedia:umodsys.mod.media.stdio.obj
 0001:00004adc       ??1ILibraryBinCache@libmedia@UModSys@@UEAA@XZ 0000000140005adc f i umodsys_lib_libmedia:umodsys.mod.media.stdlib.obj
 0001:00004adc       ??1ILibraryObjFilter@libmedia@UModSys@@UEAA@XZ 0000000140005adc f i umodsys_lib_libmedia:umodsys.mod.media.stdlib.obj
 0001:00004adc       ??1ILibraryLayered@libmedia@UModSys@@UEAA@XZ 0000000140005adc f i umodsys_lib_libmedia:umodsys.mod.media.stdlib.obj
 0001:00004adc       ??1ILibraryObjCache@libmedia@UModSys@@UEAA@XZ 0000000140005adc f i umodsys_lib_libmedia:umodsys.mod.media.stdlib.obj
 0001:00004adc       ??1ILibraryBinTree@libmedia@UModSys@@UEAA@XZ 0000000140005adc f i umodsys_lib_libmedia:umodsys.mod.media.stdlib.obj
 0001:00004b18       ?get_flags_auto@RLibraryBinTree@stdlib@media@modules@UModSys@@UEBA?AU?$TFlags4State@USMediaFlagUid@libmedia@UModSys@@I@tl@5@XZ 0000000140005b18 f   umodsys_lib_libmedia:umodsys.mod.media.stdlib.obj
 0001:00004b24       ?bin_reader@RLibraryBinTree@stdlib@media@modules@UModSys@@UEAA?AU?$TRefObject@UIStreamReader@libmedia@UModSys@@U?$TRefObjectFunc@UIStreamReader@libmedia@UModSys@@@tl@3@@tl@5@AEBU?$TString@U?$TSCoreConst@D@su@tl@UModSys@@U?$TComparerBinaryHash@D@234@@75@AEBUSFlags@libmedia@5@@Z 0000000140005b24 f   umodsys_lib_libmedia:umodsys.mod.media.stdlib.obj
 0001:00004c84       ?bin_writer@RLibraryBinTree@stdlib@media@modules@UModSys@@UEAA?AU?$TRefObject@UIStreamWriter@libmedia@UModSys@@U?$TRefObjectFunc@UIStreamWriter@libmedia@UModSys@@@tl@3@@tl@5@AEBU?$TString@U?$TSCoreConst@D@su@tl@UModSys@@U?$TComparerBinaryHash@D@234@@75@AEBUSFlags@libmedia@5@@Z 0000000140005c84 f   umodsys_lib_libmedia:umodsys.mod.media.stdlib.obj
 0001:00004de4       ?bin_load@RLibraryBinTree@stdlib@media@modules@UModSys@@UEAA_NAEBU?$TString@U?$TSCoreConst@D@su@tl@UModSys@@U?$TComparerBinaryHash@D@234@@tl@5@AEAUSCMemShared@core@5@AEBUSFlags@libmedia@5@@Z 0000000140005de4 f   umodsys_lib_libmedia:umodsys.mod.media.stdlib.obj
 0001:00004f10       ?bin_save@RLibraryBinTree@stdlib@media@modules@UModSys@@UEAA_NAEBU?$TString@U?$TSCoreConst@D@su@tl@UModSys@@U?$TComparerBinaryHash@D@234@@tl@5@AEBUSCMem@core@5@AEBUSFlags@libmedia@5@@Z 0000000140005f10 f   umodsys_lib_libmedia:umodsys.mod.media.stdlib.obj
 0001:00005018       ?bin_info@RLibraryBinTree@stdlib@media@modules@UModSys@@UEAA_NAEBU?$TString@U?$TSCoreConst@D@su@tl@UModSys@@U?$TComparerBinaryHash@D@234@@tl@5@AEAUSFileInfo@libmedia@5@AEBUSFlags@95@@Z 0000000140006018 f   umodsys_lib_libmedia:umodsys.mod.media.stdlib.obj
 0001:00005114       ?bin_list@RLibraryBinTree@stdlib@media@modules@UModSys@@UEAA_NAEBU?$TString@U?$TSCoreConst@D@su@tl@UModSys@@U?$TComparerBinaryHash@D@234@@tl@5@AEAU?$TIStackSocket@USFileInfo@libmedia@UModSys@@@75@AEBUSFlags@libmedia@5@@Z 0000000140006114 f   umodsys_lib_libmedia:umodsys.mod.media.stdlib.obj
 0001:00005220       ?mount_get@RLibraryBinTree@stdlib@media@modules@UModSys@@UEBA?AUSPoint@ILibraryBinTree@libmedia@5@AEBUSId@785@@Z 0000000140006220 f   umodsys_lib_libmedia:umodsys.mod.media.stdlib.obj
 0001:00005284       ?mount_add@RLibraryBinTree@stdlib@media@modules@UModSys@@UEAA_NAEBUSId@ILibraryBinTree@libmedia@5@AEBUSPoint@785@@Z 0000000140006284 f   umodsys_lib_libmedia:umodsys.mod.media.stdlib.obj
 0001:000053ac       ?mount_remove@RLibraryBinTree@stdlib@media@modules@UModSys@@UEAA_NAEBUSId@ILibraryBinTree@libmedia@5@@Z 00000001400063ac f   umodsys_lib_libmedia:umodsys.mod.media.stdlib.obj
 0001:000053d8       ?mount_clear@RLibraryBinTree@stdlib@media@modules@UModSys@@UEAA_NXZ 00000001400063d8 f   umodsys_lib_libmedia:umodsys.mod.media.stdlib.obj
 0001:00005400       ??_GRLibraryBinCache@stdlib@media@modules@UModSys@@UEAAPEAXI@Z 0000000140006400 f i umodsys_lib_libmedia:umodsys.mod.media.stdlib.obj
 0001:00005400       ??_ERLibraryBinCache@stdlib@media@modules@UModSys@@UEAAPEAXI@Z 0000000140006400 f i  CIL library: CIL module
 0001:00005484       ?get_flags_auto@RLibraryBinCache@stdlib@media@modules@UModSys@@UEBA?AU?$TFlags4State@USMediaFlagUid@libmedia@UModSys@@I@tl@5@XZ 0000000140006484 f   umodsys_lib_libmedia:umodsys.mod.media.stdlib.obj
 0001:00005490       ?set_flag@RLibraryBinTree@stdlib@media@modules@UModSys@@UEAA?AW4eStates@?$TFlags4State@USMediaFlagUid@libmedia@UModSys@@I@tl@5@HW46785@@Z 0000000140006490 f   umodsys_lib_libmedia:umodsys.mod.media.stdlib.obj
 0001:00005490       ?set_flag@RLibraryObjCache@stdlib@media@modules@UModSys@@UEAA?AW4eStates@?$TFlags4State@USMediaFlagUid@libmedia@UModSys@@I@tl@5@HW46785@@Z 0000000140006490 f   umodsys_lib_libmedia:umodsys.mod.media.stdlib.obj
 0001:00005490       ?set_flag@RLibraryBinCache@stdlib@media@modules@UModSys@@UEAA?AW4eStates@?$TFlags4State@USMediaFlagUid@libmedia@UModSys@@I@tl@5@HW46785@@Z 0000000140006490 f   umodsys_lib_libmedia:umodsys.mod.media.stdlib.obj
 0001:00005490       ?set_flag@RLibraryObjFilter@stdlib@media@modules@UModSys@@UEAA?AW4eStates@?$TFlags4State@USMediaFlagUid@libmedia@UModSys@@I@tl@5@HW46785@@Z 0000000140006490 f   umodsys_lib_libmedia:umodsys.mod.media.stdlib.obj
 0001:000054b8       ?sub_writer@RUtilities@stdlib@media@modules@UModSys@@UEAA?AU?$TRefObject@UIStreamWriter@libmedia@UModSys@@U?$TRefObjectFunc@UIStreamWriter@libmedia@UModSys@@@tl@3@@tl@5@PEAUIStreamWriter@libmedia@5@_J1@Z 00000001400064b8 f   umodsys_lib_libmedia:umodsys.mod.media.stdlib.obj
 0001:000054b8       ?mem_writer@RUtilities@stdlib@media@modules@UModSys@@UEAA?AU?$TRefObject@UIStreamWriter@libmedia@UModSys@@U?$TRefObjectFunc@UIStreamWriter@libmedia@UModSys@@@tl@3@@tl@5@PEBUSMem@core@5@PEAUIMemWriterCompleted@IUtilities@libmedia@5@PEAUIRefObject@95@@Z 00000001400064b8 f   umodsys_lib_libmedia:umodsys.mod.media.stdlib.obj
 0001:000054b8       ?sub_reader@RUtilities@stdlib@media@modules@UModSys@@UEAA?AU?$TRefObject@UIStreamReader@libmedia@UModSys@@U?$TRefObjectFunc@UIStreamReader@libmedia@UModSys@@@tl@3@@tl@5@PEAUIStreamReader@libmedia@5@_J1@Z 00000001400064b8 f   umodsys_lib_libmedia:umodsys.mod.media.stdlib.obj
 0001:000054b8       ?bin_writer@ILibrary@libmedia@UModSys@@UEAA?AU?$TRefObject@UIStreamWriter@libmedia@UModSys@@U?$TRefObjectFunc@UIStreamWriter@libmedia@UModSys@@@tl@3@@tl@3@AEBU?$TString@U?$TSCoreConst@D@su@tl@UModSys@@U?$TComparerBinaryHash@D@234@@53@AEBUSFlags@23@@Z 00000001400064b8 f   umodsys_lib_libmedia:umodsys.lib.media.library.obj
 0001:000054b8       ?mem_reader@RUtilities@stdlib@media@modules@UModSys@@UEAA?AU?$TRefObject@UIStreamReader@libmedia@UModSys@@U?$TRefObjectFunc@UIStreamReader@libmedia@UModSys@@@tl@3@@tl@5@AEBUSCMemShared@core@5@@Z 00000001400064b8 f   umodsys_lib_libmedia:umodsys.mod.media.stdlib.obj
 0001:000054b8       ?bin_writer@RLibraryBinCache@stdlib@media@modules@UModSys@@UEAA?AU?$TRefObject@UIStreamWriter@libmedia@UModSys@@U?$TRefObjectFunc@UIStreamWriter@libmedia@UModSys@@@tl@3@@tl@5@AEBU?$TString@U?$TSCoreConst@D@su@tl@UModSys@@U?$TComparerBinaryHash@D@234@@75@AEBUSFlags@libmedia@5@@Z 00000001400064b8 f   umodsys_lib_libmedia:umodsys.mod.media.stdlib.obj
 0001:000054b8       ?bin_reader@ILibrary@libmedia@UModSys@@UEAA?AU?$TRefObject@UIStreamReader@libmedia@UModSys@@U?$TRefObjectFunc@UIStreamReader@libmedia@UModSys@@@tl@3@@tl@3@AEBU?$TString@U?$TSCoreConst@D@su@tl@UModSys@@U?$TComparerBinaryHash@D@234@@53@AEBUSFlags@23@@Z 00000001400064b8 f   umodsys_lib_libmedia:umodsys.lib.media.library.obj
 0001:000054b8       ?mem_reader@RUtilities@stdlib@media@modules@UModSys@@UEAA?AU?$TRefObject@UIStreamReader@libmedia@UModSys@@U?$TRefObjectFunc@UIStreamReader@libmedia@UModSys@@@tl@3@@tl@5@AEBUSCMem@core@5@@Z 00000001400064b8 f   umodsys_lib_libmedia:umodsys.mod.media.stdlib.obj
 0001:000054b8       ?bin_reader@RLibraryBinCache@stdlib@media@modules@UModSys@@UEAA?AU?$TRefObject@UIStreamReader@libmedia@UModSys@@U?$TRefObjectFunc@UIStreamReader@libmedia@UModSys@@@tl@3@@tl@5@AEBU?$TString@U?$TSCoreConst@D@su@tl@UModSys@@U?$TComparerBinaryHash@D@234@@75@AEBUSFlags@libmedia@5@@Z 00000001400064b8 f   umodsys_lib_libmedia:umodsys.mod.media.stdlib.obj
 0001:000054c8       ?bin_load@RLibraryBinCache@stdlib@media@modules@UModSys@@UEAA_NAEBU?$TString@U?$TSCoreConst@D@su@tl@UModSys@@U?$TComparerBinaryHash@D@234@@tl@5@AEAUSCMemShared@core@5@AEBUSFlags@libmedia@5@@Z 00000001400064c8 f   umodsys_lib_libmedia:umodsys.mod.media.stdlib.obj
 0001:000055ec       ?obj_cget@RLibraryObjCache@stdlib@media@modules@UModSys@@UEAA_NAEBU?$TString@U?$TSCoreConst@D@su@tl@UModSys@@U?$TComparerBinaryHash@D@234@@tl@5@AEAU?$TRefObject@UIRefObject@core@UModSys@@U?$TRefObjectFunc@UIRefObject@core@UModSys@@@tl@3@@75@_N@Z 00000001400065ec f   umodsys_lib_libmedia:umodsys.mod.media.stdlib.obj
 0001:000055ec       ?bin_get@RLibraryBinCache@stdlib@media@modules@UModSys@@UEAA_NAEBU?$TString@U?$TSCoreConst@D@su@tl@UModSys@@U?$TComparerBinaryHash@D@234@@tl@5@AEAUSCMemShared@core@5@_N@Z 00000001400065ec f   umodsys_lib_libmedia:umodsys.mod.media.stdlib.obj
 0001:00005620       ?bin_put@RLibraryBinCache@stdlib@media@modules@UModSys@@UEAA_NAEBU?$TString@U?$TSCoreConst@D@su@tl@UModSys@@U?$TComparerBinaryHash@D@234@@tl@5@PEBUSCMemShared@core@5@@Z 0000000140006620 f   umodsys_lib_libmedia:umodsys.mod.media.stdlib.obj
 0001:00005640       ?bincache_get@RLibraryBinCache@stdlib@media@modules@UModSys@@UEBA_NAEBU?$TString@U?$TSCoreConst@D@su@tl@UModSys@@U?$TComparerBinaryHash@D@234@@tl@5@PEAUSCMemShared@core@5@PEA_N@Z 0000000140006640 f   umodsys_lib_libmedia:umodsys.mod.media.stdlib.obj
 0001:000056f8       ?bincache_add@RLibraryBinCache@stdlib@media@modules@UModSys@@UEAA_NAEBU?$TString@U?$TSCoreConst@D@su@tl@UModSys@@U?$TComparerBinaryHash@D@234@@tl@5@@Z 00000001400066f8 f   umodsys_lib_libmedia:umodsys.mod.media.stdlib.obj
 0001:00005720       ?bincache_add@RLibraryBinCache@stdlib@media@modules@UModSys@@UEAA_NAEBU?$TString@U?$TSCoreConst@D@su@tl@UModSys@@U?$TComparerBinaryHash@D@234@@tl@5@AEBUSCMemShared@core@5@@Z 0000000140006720 f   umodsys_lib_libmedia:umodsys.mod.media.stdlib.obj
 0001:00005728       ?bincache_remove@RLibraryBinCache@stdlib@media@modules@UModSys@@UEAA_NAEBU?$TString@U?$TSCoreConst@D@su@tl@UModSys@@U?$TComparerBinaryHash@D@234@@tl@5@@Z 0000000140006728 f   umodsys_lib_libmedia:umodsys.mod.media.stdlib.obj
 0001:00005754       ?bincache_clear@RLibraryBinCache@stdlib@media@modules@UModSys@@UEAA_NXZ 0000000140006754 f   umodsys_lib_libmedia:umodsys.mod.media.stdlib.obj
 0001:0000577c       ?bincache_add@RLibraryBinCache@stdlib@media@modules@UModSys@@QEAA_NAEBU?$TString@U?$TSCoreConst@D@su@tl@UModSys@@U?$TComparerBinaryHash@D@234@@tl@5@AEBUSCMemShared@core@5@_N@Z 000000014000677c f   umodsys_lib_libmedia:umodsys.mod.media.stdlib.obj
 0001:00005888       ??0RLibraryLayered@stdlib@media@modules@UModSys@@QEAA@PEAUIModObject@base@4@AEBUSParameters@core@4@U?$TFlags4State@USMediaFlagUid@libmedia@UModSys@@I@tl@4@@Z 0000000140006888 f   umodsys_lib_libmedia:umodsys.mod.media.stdlib.obj
 0001:00005948       ??_GRLibraryLayered@stdlib@media@modules@UModSys@@UEAAPEAXI@Z 0000000140006948 f i umodsys_lib_libmedia:umodsys.mod.media.stdlib.obj
 0001:00005948       ??_ERLibraryLayered@stdlib@media@modules@UModSys@@UEAAPEAXI@Z 0000000140006948 f i  CIL library: CIL module
 0001:00005a14       ?get_flag@RLibraryLayered@stdlib@media@modules@UModSys@@UEBA?AW4eStates@?$TFlags4State@USMediaFlagUid@libmedia@UModSys@@I@tl@5@H@Z 0000000140006a14 f   umodsys_lib_libmedia:umodsys.mod.media.stdlib.obj
 0001:00005a20       ?get_flags_auto@RLibraryLayered@stdlib@media@modules@UModSys@@UEBA?AU?$TFlags4State@USMediaFlagUid@libmedia@UModSys@@I@tl@5@XZ 0000000140006a20 f   umodsys_lib_libmedia:umodsys.mod.media.stdlib.obj
 0001:00005a2c       ?set_flag@RLibraryLayered@stdlib@media@modules@UModSys@@UEAA?AW4eStates@?$TFlags4State@USMediaFlagUid@libmedia@UModSys@@I@tl@5@HW46785@@Z 0000000140006a2c f   umodsys_lib_libmedia:umodsys.mod.media.stdlib.obj
 0001:00005a54       ?bin_reader@RLibraryLayered@stdlib@media@modules@UModSys@@UEAA?AU?$TRefObject@UIStreamReader@libmedia@UModSys@@U?$TRefObjectFunc@UIStreamReader@libmedia@UModSys@@@tl@3@@tl@5@AEBU?$TString@U?$TSCoreConst@D@su@tl@UModSys@@U?$TComparerBinaryHash@D@234@@75@AEBUSFlags@libmedia@5@@Z 0000000140006a54 f   umodsys_lib_libmedia:umodsys.mod.media.stdlib.obj
 0001:00005b3c       ?bin_writer@RLibraryLayered@stdlib@media@modules@UModSys@@UEAA?AU?$TRefObject@UIStreamWriter@libmedia@UModSys@@U?$TRefObjectFunc@UIStreamWriter@libmedia@UModSys@@@tl@3@@tl@5@AEBU?$TString@U?$TSCoreConst@D@su@tl@UModSys@@U?$TComparerBinaryHash@D@234@@75@AEBUSFlags@libmedia@5@@Z 0000000140006b3c f   umodsys_lib_libmedia:umodsys.mod.media.stdlib.obj
 0001:00005c24       ?bin_load@RLibraryLayered@stdlib@media@modules@UModSys@@UEAA_NAEBU?$TString@U?$TSCoreConst@D@su@tl@UModSys@@U?$TComparerBinaryHash@D@234@@tl@5@AEAUSCMemShared@core@5@AEBUSFlags@libmedia@5@@Z 0000000140006c24 f   umodsys_lib_libmedia:umodsys.mod.media.stdlib.obj
 0001:00005ecc       ?bin_save@RLibraryLayered@stdlib@media@modules@UModSys@@UEAA_NAEBU?$TString@U?$TSCoreConst@D@su@tl@UModSys@@U?$TComparerBinaryHash@D@234@@tl@5@AEBUSCMem@core@5@AEBUSFlags@libmedia@5@@Z 0000000140006ecc f   umodsys_lib_libmedia:umodsys.mod.media.stdlib.obj
 0001:00006128       ?bin_info@RLibraryLayered@stdlib@media@modules@UModSys@@UEAA_NAEBU?$TString@U?$TSCoreConst@D@su@tl@UModSys@@U?$TComparerBinaryHash@D@234@@tl@5@AEAUSFileInfo@libmedia@5@AEBUSFlags@95@@Z 0000000140007128 f   umodsys_lib_libmedia:umodsys.mod.media.stdlib.obj
 0001:000061d8       ?bin_list@RLibraryLayered@stdlib@media@modules@UModSys@@UEAA_NAEBU?$TString@U?$TSCoreConst@D@su@tl@UModSys@@U?$TComparerBinaryHash@D@234@@tl@5@AEAU?$TIStackSocket@USFileInfo@libmedia@UModSys@@@75@AEBUSFlags@libmedia@5@@Z 00000001400071d8 f   umodsys_lib_libmedia:umodsys.mod.media.stdlib.obj
 0001:0000629c       ?bin_get@RLibraryLayered@stdlib@media@modules@UModSys@@UEAA_NAEBU?$TString@U?$TSCoreConst@D@su@tl@UModSys@@U?$TComparerBinaryHash@D@234@@tl@5@AEAUSCMemShared@core@5@_N@Z 000000014000729c f   umodsys_lib_libmedia:umodsys.mod.media.stdlib.obj
 0001:00006320       ?bin_put@RLibraryLayered@stdlib@media@modules@UModSys@@UEAA_NAEBU?$TString@U?$TSCoreConst@D@su@tl@UModSys@@U?$TComparerBinaryHash@D@234@@tl@5@PEBUSCMemShared@core@5@@Z 0000000140007320 f   umodsys_lib_libmedia:umodsys.mod.media.stdlib.obj
 0001:00006390       ?obj_fget@RLibraryLayered@stdlib@media@modules@UModSys@@UEAA_NAEBUSInfo@IBinObjFilter@libmedia@5@AEAU?$TRefObject@UIRefObject@core@UModSys@@U?$TRefObjectFunc@UIRefObject@core@UModSys@@@tl@3@@tl@5@@Z 0000000140007390 f   umodsys_lib_libmedia:umodsys.mod.media.stdlib.obj
 0001:00006400       ?obj_fload@RLibraryLayered@stdlib@media@modules@UModSys@@UEAA_NAEBUSInfo@IBinObjFilter@libmedia@5@PEAUIRefObject@core@5@@Z 0000000140007400 f   umodsys_lib_libmedia:umodsys.mod.media.stdlib.obj
 0001:00006470       ?obj_fsave@RLibraryLayered@stdlib@media@modules@UModSys@@UEAA_NAEAUSInfo@IBinObjFilter@libmedia@5@PEBUIRefObject@core@5@@Z 0000000140007470 f   umodsys_lib_libmedia:umodsys.mod.media.stdlib.obj
 0001:000064e0       ?obj_cget@RLibraryLayered@stdlib@media@modules@UModSys@@UEAA_NAEBU?$TString@U?$TSCoreConst@D@su@tl@UModSys@@U?$TComparerBinaryHash@D@234@@tl@5@AEAU?$TRefObject@UIRefObject@core@UModSys@@U?$TRefObjectFunc@UIRefObject@core@UModSys@@@tl@3@@75@_N@Z 00000001400074e0 f   umodsys_lib_libmedia:umodsys.mod.media.stdlib.obj
 0001:00006564       ?obj_cput@RLibraryLayered@stdlib@media@modules@UModSys@@UEAA_NAEBU?$TString@U?$TSCoreConst@D@su@tl@UModSys@@U?$TComparerBinaryHash@D@234@@tl@5@PEAUIRefObject@core@5@@Z 0000000140007564 f   umodsys_lib_libmedia:umodsys.mod.media.stdlib.obj
 0001:000065d4       ?obj_get@RLibraryLayered@stdlib@media@modules@UModSys@@UEAA_NAEBU?$TString@U?$TSCoreConst@D@su@tl@UModSys@@U?$TComparerBinaryHash@D@234@@tl@5@AEAU?$TRefObject@UIRefObject@core@UModSys@@U?$TRefObjectFunc@UIRefObject@core@UModSys@@@tl@3@@75@AEBUSObjOptions@ILibrary@libmedia@5@@Z 00000001400075d4 f   umodsys_lib_libmedia:umodsys.mod.media.stdlib.obj
 0001:00006a28       ?obj_load@RLibraryLayered@stdlib@media@modules@UModSys@@UEAA_NAEBU?$TString@U?$TSCoreConst@D@su@tl@UModSys@@U?$TComparerBinaryHash@D@234@@tl@5@PEAUIRefObject@core@5@AEBUSObjOptions@ILibrary@libmedia@5@@Z 0000000140007a28 f   umodsys_lib_libmedia:umodsys.mod.media.stdlib.obj
 0001:00006c00       ?obj_save@RLibraryLayered@stdlib@media@modules@UModSys@@UEAA_NAEBU?$TString@U?$TSCoreConst@D@su@tl@UModSys@@U?$TComparerBinaryHash@D@234@@tl@5@PEBUIRefObject@core@5@AEBUSObjOptions@ILibrary@libmedia@5@@Z 0000000140007c00 f   umodsys_lib_libmedia:umodsys.mod.media.stdlib.obj
 0001:00006e4c       ?layer_get@RLibraryLayered@stdlib@media@modules@UModSys@@UEBA?AUSLayer@ILibraryLayered@libmedia@5@_K@Z 0000000140007e4c f   umodsys_lib_libmedia:umodsys.mod.media.stdlib.obj
 0001:00006eb4       ?layer_find@RLibraryLayered@stdlib@media@modules@UModSys@@UEBA_KAEBU?$TString@U?$TSCoreConst@D@su@tl@UModSys@@U?$TComparerBinaryHash@D@234@@tl@5@_K@Z 0000000140007eb4 f   umodsys_lib_libmedia:umodsys.mod.media.stdlib.obj
 0001:00006f50       ?layer_insert@RLibraryLayered@stdlib@media@modules@UModSys@@UEAA_NAEBUSLayer@ILibraryLayered@libmedia@5@_K@Z 0000000140007f50 f   umodsys_lib_libmedia:umodsys.mod.media.stdlib.obj
 0001:00007174       ?layer_remove@RLibraryLayered@stdlib@media@modules@UModSys@@UEAA_N_K@Z 0000000140008174 f   umodsys_lib_libmedia:umodsys.mod.media.stdlib.obj
 0001:000072a4       ?layer_clear@RLibraryLayered@stdlib@media@modules@UModSys@@UEAA_NXZ 00000001400082a4 f   umodsys_lib_libmedia:umodsys.mod.media.stdlib.obj
 0001:000072b0       ??_ERLibraryObjCache@stdlib@media@modules@UModSys@@UEAAPEAXI@Z 00000001400082b0 f i  CIL library: CIL module
 0001:000072b0       ??_GRLibraryObjCache@stdlib@media@modules@UModSys@@UEAAPEAXI@Z 00000001400082b0 f i umodsys_lib_libmedia:umodsys.mod.media.stdlib.obj
 0001:00007334       ?get_flag@RLibraryBinTree@stdlib@media@modules@UModSys@@UEBA?AW4eStates@?$TFlags4State@USMediaFlagUid@libmedia@UModSys@@I@tl@5@H@Z 0000000140008334 f   umodsys_lib_libmedia:umodsys.mod.media.stdlib.obj
 0001:00007334       ?get_flag@RLibraryObjCache@stdlib@media@modules@UModSys@@UEBA?AW4eStates@?$TFlags4State@USMediaFlagUid@libmedia@UModSys@@I@tl@5@H@Z 0000000140008334 f   umodsys_lib_libmedia:umodsys.mod.media.stdlib.obj
 0001:00007334       ?get_flag@RLibraryObjFilter@stdlib@media@modules@UModSys@@UEBA?AW4eStates@?$TFlags4State@USMediaFlagUid@libmedia@UModSys@@I@tl@5@H@Z 0000000140008334 f   umodsys_lib_libmedia:umodsys.mod.media.stdlib.obj
 0001:00007334       ?get_flag@RLibraryBinCache@stdlib@media@modules@UModSys@@UEBA?AW4eStates@?$TFlags4State@USMediaFlagUid@libmedia@UModSys@@I@tl@5@H@Z 0000000140008334 f   umodsys_lib_libmedia:umodsys.mod.media.stdlib.obj
 0001:00007340       ?get_flags_auto@RLibraryObjCache@stdlib@media@modules@UModSys@@UEBA?AU?$TFlags4State@USMediaFlagUid@libmedia@UModSys@@I@tl@5@XZ 0000000140008340 f   umodsys_lib_libmedia:umodsys.mod.media.stdlib.obj
 0001:0000734c       ?obj_cput@RLibraryObjCache@stdlib@media@modules@UModSys@@UEAA_NAEBU?$TString@U?$TSCoreConst@D@su@tl@UModSys@@U?$TComparerBinaryHash@D@234@@tl@5@PEAUIRefObject@core@5@@Z 000000014000834c f   umodsys_lib_libmedia:umodsys.mod.media.stdlib.obj
 0001:00007358       ?obj_get@RLibraryObjCache@stdlib@media@modules@UModSys@@UEAA_NAEBU?$TString@U?$TSCoreConst@D@su@tl@UModSys@@U?$TComparerBinaryHash@D@234@@tl@5@AEAU?$TRefObject@UIRefObject@core@UModSys@@U?$TRefObjectFunc@UIRefObject@core@UModSys@@@tl@3@@75@AEBUSObjOptions@ILibrary@libmedia@5@@Z 0000000140008358 f   umodsys_lib_libmedia:umodsys.mod.media.stdlib.obj
 0001:000074c4       ?objcache_get@RLibraryObjCache@stdlib@media@modules@UModSys@@UEBA_NAEBU?$TString@U?$TSCoreConst@D@su@tl@UModSys@@U?$TComparerBinaryHash@D@234@@tl@5@PEAU?$TRefObject@UIRefObject@core@UModSys@@U?$TRefObjectFunc@UIRefObject@core@UModSys@@@tl@3@@75@PEA_N@Z 00000001400084c4 f   umodsys_lib_libmedia:umodsys.mod.media.stdlib.obj
 0001:00007564       ?objcache_add@RLibraryObjCache@stdlib@media@modules@UModSys@@UEAA_NAEBU?$TString@U?$TSCoreConst@D@su@tl@UModSys@@U?$TComparerBinaryHash@D@234@@tl@5@PEAUIRefObject@core@5@@Z 0000000140008564 f   umodsys_lib_libmedia:umodsys.mod.media.stdlib.obj
 0001:00007658       ?objcache_remove@RLibraryObjCache@stdlib@media@modules@UModSys@@UEAA_NAEBU?$TString@U?$TSCoreConst@D@su@tl@UModSys@@U?$TComparerBinaryHash@D@234@@tl@5@@Z 0000000140008658 f   umodsys_lib_libmedia:umodsys.mod.media.stdlib.obj
 0001:00007684       ?objcache_clear@RLibraryObjCache@stdlib@media@modules@UModSys@@UEAA_NXZ 0000000140008684 f   umodsys_lib_libmedia:umodsys.mod.media.stdlib.obj
 0001:000076ac       ??_GRLibraryObjFilter@stdlib@media@modules@UModSys@@UEAAPEAXI@Z 00000001400086ac f i umodsys_lib_libmedia:umodsys.mod.media.stdlib.obj
 0001:000076ac       ??_ERLibraryObjFilter@stdlib@media@modules@UModSys@@UEAAPEAXI@Z 00000001400086ac f i  CIL library: CIL module
 0001:0000777c       ?get_flags_auto@RLibraryObjFilter@stdlib@media@modules@UModSys@@UEBA?AU?$TFlags4State@USMediaFlagUid@libmedia@UModSys@@I@tl@5@XZ 000000014000877c f   umodsys_lib_libmedia:umodsys.mod.media.stdlib.obj
 0001:00007788       ?obj_fget@RLibraryObjFilter@stdlib@media@modules@UModSys@@UEAA_NAEBUSInfo@IBinObjFilter@libmedia@5@AEAU?$TRefObject@UIRefObject@core@UModSys@@U?$TRefObjectFunc@UIRefObject@core@UModSys@@@tl@3@@tl@5@@Z 0000000140008788 f   umodsys_lib_libmedia:umodsys.mod.media.stdlib.obj
 0001:00007794       ?obj_fload@RLibraryObjFilter@stdlib@media@modules@UModSys@@UEAA_NAEBUSInfo@IBinObjFilter@libmedia@5@PEAUIRefObject@core@5@@Z 0000000140008794 f   umodsys_lib_libmedia:umodsys.mod.media.stdlib.obj
 0001:000077a0       ?obj_fsave@RLibraryObjFilter@stdlib@media@modules@UModSys@@UEAA_NAEAUSInfo@IBinObjFilter@libmedia@5@PEBUIRefObject@core@5@@Z 00000001400087a0 f   umodsys_lib_libmedia:umodsys.mod.media.stdlib.obj
 0001:000077ac       ?filters_add@RLibraryObjFilter@stdlib@media@modules@UModSys@@UEAA_NU?$TRefObject@UIBinObjFilter@libmedia@UModSys@@U?$TRefObjectFunc@UIBinObjFilter@libmedia@UModSys@@@tl@3@@tl@5@PEBUSParameters@core@5@H@Z 00000001400087ac f   umodsys_lib_libmedia:umodsys.mod.media.stdlib.obj
 0001:000078a8       ?filters_remove@RLibraryObjFilter@stdlib@media@modules@UModSys@@UEAA_NPEAUIBinObjFilter@libmedia@5@H@Z 00000001400088a8 f   umodsys_lib_libmedia:umodsys.mod.media.stdlib.obj
 0001:0000791c       ?filters_clear@RLibraryObjFilter@stdlib@media@modules@UModSys@@UEAA_NXZ 000000014000891c f   umodsys_lib_libmedia:umodsys.mod.media.stdlib.obj
 0001:0000799c       ?filters_load@RLibraryObjFilter@stdlib@media@modules@UModSys@@UEAA_NAEBUSInfo@IBinObjFilter@libmedia@5@AEAU?$TRefObject@UIRefObject@core@UModSys@@U?$TRefObjectFunc@UIRefObject@core@UModSys@@@tl@3@@tl@5@@Z 000000014000899c f   umodsys_lib_libmedia:umodsys.mod.media.stdlib.obj
 0001:00007a34       ?filters_load@RLibraryObjFilter@stdlib@media@modules@UModSys@@UEAA_NAEBUSInfo@IBinObjFilter@libmedia@5@PEAUIRefObject@core@5@@Z 0000000140008a34 f   umodsys_lib_libmedia:umodsys.mod.media.stdlib.obj
 0001:00007acc       ?filters_save@RLibraryObjFilter@stdlib@media@modules@UModSys@@UEAA_NAEAUSInfo@IBinObjFilter@libmedia@5@PEBUIRefObject@core@5@@Z 0000000140008acc f   umodsys_lib_libmedia:umodsys.mod.media.stdlib.obj
 0001:00007b64       ?do_open@RModuleReg@stdlib@media@modules@UModSys@@UEAA_NXZ 0000000140008b64 f i umodsys_lib_libmedia:umodsys.mod.media.stdlib.obj
 0001:00007bd8       ?do_close@RModuleReg@stdlib@media@modules@UModSys@@UEAA_NXZ 0000000140008bd8 f i umodsys_lib_libmedia:umodsys.mod.media.stdlib.obj
 0001:00007c28       ?get_module@RGenerator@stdlib@media@modules@UModSys@@UEBAPEAUIModule@base@5@XZ 0000000140008c28 f   umodsys_lib_libmedia:umodsys.mod.media.stdlib.obj
 0001:00007c30       ?mod_inc@RGenerator@stdlib@media@modules@UModSys@@UEBA_NXZ 0000000140008c30 f   umodsys_lib_libmedia:umodsys.mod.media.stdlib.obj
 0001:00007c44       ?mod_dec@RGenerator@stdlib@media@modules@UModSys@@UEBA_NXZ 0000000140008c44 f   umodsys_lib_libmedia:umodsys.mod.media.stdlib.obj
 0001:00007c58       ?s_holder@RGenerator@stdlib@media@modules@UModSys@@SAAEAU?$TTypeStaticHolder@URGenerator@stdlib@media@modules@UModSys@@@tl@5@XZ 0000000140008c58 f   umodsys_lib_libmedia:umodsys.mod.media.stdlib.obj
 0001:00007c9c       ??4?$TString@U?$TSCoreConst@D@su@tl@UModSys@@U?$TComparerBinaryHash@D@234@@tl@UModSys@@QEAAAEBU012@PEBD@Z 0000000140008c9c f i umodsys_lib_libmedia:umodsys.mod.media.stdlib.obj
 0001:00007d14       ??0?$TString@U?$TSCoreShared@USIMemAlloc@core@UModSys@@D@su@tl@UModSys@@U?$TComparerBinaryHash@D@234@@tl@UModSys@@QEAA@AEBU?$TSCoreConst@D@su@12@@Z 0000000140008d14 f i umodsys_lib_libmedia:umodsys.mod.media.stdlib.obj
 0001:00007dc0       ?Resize@?$TDynarray@U?$TDynarrayHolderDynamic@EU?$TAllocator@USIMemAlloc@core@UModSys@@USCountCalcPower2@23@@tl@UModSys@@@tl@UModSys@@@tl@UModSys@@QEAA_N_K@Z 0000000140008dc0 f i umodsys_lib_libmedia:umodsys.mod.media.stdlib.obj
 0001:00007e58       ??1?$TTreeHoldRBD@UNameNode@IBinArchiveFrame@libmedia@UModSys@@U?$TNodeDeleter0@UNameNode@IBinArchiveFrame@libmedia@UModSys@@@tl@4@@tl@UModSys@@QEAA@XZ 0000000140008e58 f i umodsys_lib_libmedia:umodsys.mod.media.stdlib.obj
 0001:00007ec0       ?remove_node@?$TTreeHoldRB@UNameNode@IBinArchiveFrame@libmedia@UModSys@@@tl@UModSys@@QEAAXPEAUNameNode@IBinArchiveFrame@libmedia@3@@Z 0000000140008ec0 f i umodsys_lib_libmedia:umodsys.mod.media.stdlib.obj
 0001:00007fd4       ??R?$TScatterArray@USMountInfo@RLibraryBinTree@stdlib@media@modules@UModSys@@USId@ILibraryBinTree@libmedia@6@U7896@U?$TNodeDeleter0@U?$TScatterArrayNode@USMountInfo@RLibraryBinTree@stdlib@media@modules@UModSys@@USId@ILibraryBinTree@libmedia@6@@tl@UModSys@@@tl@6@@tl@UModSys@@QEAAPEAUSMountInfo@RLibraryBinTree@stdlib@media@modules@2@AEBUSId@ILibraryBinTree@libmedia@2@PEAUVoid@core@2@@Z 0000000140008fd4 f i umodsys_lib_libmedia:umodsys.mod.media.stdlib.obj
 0001:000080f8       ??R?$TScatterArray@USCacheElem@RLibraryBinCache@stdlib@media@modules@UModSys@@U?$TString@U?$TSCoreConst@D@su@tl@UModSys@@U?$TComparerBinaryHash@D@234@@tl@6@U?$TObjectCompare@U?$TString@U?$TSCoreConst@D@su@tl@UModSys@@U?$TComparerBinaryHash@D@234@@tl@UModSys@@@core@6@U?$TNodeDeleter0@U?$TScatterArrayNode@USCacheElem@RLibraryBinCache@stdlib@media@modules@UModSys@@U?$TString@U?$TSCoreConst@D@su@tl@UModSys@@U?$TComparerBinaryHash@D@234@@tl@6@@tl@UModSys@@@86@@tl@UModSys@@QEAAPEAUSCacheElem@RLibraryBinCache@stdlib@media@modules@2@AEBU?$TString@U?$TSCoreConst@D@su@tl@UModSys@@U?$TComparerBinaryHash@D@234@@12@PEAUVoid@core@2@@Z 00000001400090f8 f i umodsys_lib_libmedia:umodsys.mod.media.stdlib.obj
 0001:000081f4       ??R?$TScatterArray@USCacheElem@RLibraryObjCache@stdlib@media@modules@UModSys@@U?$TString@U?$TSCoreConst@D@su@tl@UModSys@@U?$TComparerBinaryHash@D@234@@tl@6@U?$TObjectCompare@U?$TString@U?$TSCoreConst@D@su@tl@UModSys@@U?$TComparerBinaryHash@D@234@@tl@UModSys@@@core@6@U?$TNodeDeleter0@U?$TScatterArrayNode@USCacheElem@RLibraryObjCache@stdlib@media@modules@UModSys@@U?$TString@U?$TSCoreConst@D@su@tl@UModSys@@U?$TComparerBinaryHash@D@234@@tl@6@@tl@UModSys@@@86@@tl@UModSys@@QEAAPEAUSCacheElem@RLibraryObjCache@stdlib@media@modules@2@AEBU?$TString@U?$TSCoreConst@D@su@tl@UModSys@@U?$TComparerBinaryHash@D@234@@12@PEAUVoid@core@2@@Z 00000001400091f4 f i umodsys_lib_libmedia:umodsys.mod.media.stdlib.obj
[...]
 0001:00013fe0       ??__E?s_id@?$TObjectUniqueID@UIRoot@core@UModSys@@@tl@UModSys@@2USUniquePointer@core@3@A@@YAXXZ 0000000140014fe0 f    CIL library: CIL module
 0001:00014014       ??__E?s_id@?$TObjectUniqueID@UIRefObject@core@UModSys@@@tl@UModSys@@2USUniquePointer@core@3@A@@YAXXZ 0000000140015014 f    CIL library: CIL module
 0001:00014048       ??__E?s_id@?$TObjectUniqueID@UIParameters@core@UModSys@@@tl@UModSys@@2USUniquePointer@core@3@A@@YAXXZ 0000000140015048 f    CIL library: CIL module
 0001:0001407c       ??__E?s_id@?$TObjectUniqueID@UIConsole@base@UModSys@@@tl@UModSys@@2USUniquePointer@core@3@A@@YAXXZ 000000014001507c f    CIL library: CIL module
 0001:000140b0       ??__E?s_id@?$TObjectUniqueID@UIModule@base@UModSys@@@tl@UModSys@@2USUniquePointer@core@3@A@@YAXXZ 00000001400150b0 f    CIL library: CIL module
 0001:000140e4       ??__E?s_id@?$TObjectUniqueID@UIModuleLibrary@base@UModSys@@@tl@UModSys@@2USUniquePointer@core@3@A@@YAXXZ 00000001400150e4 f    CIL library: CIL module
 0001:00014118       ??__E?s_id@?$TObjectUniqueID@UIModObject@base@UModSys@@@tl@UModSys@@2USUniquePointer@core@3@A@@YAXXZ 0000000140015118 f    CIL library: CIL module
 0001:0001414c       ??__E?s_id@?$TObjectUniqueID@UIGenerator@base@UModSys@@@tl@UModSys@@2USUniquePointer@core@3@A@@YAXXZ 000000014001514c f    CIL library: CIL module
 0001:00014180       ??__E?s_id@?$TObjectUniqueID@UIShell@base@UModSys@@@tl@UModSys@@2USUniquePointer@core@3@A@@YAXXZ 0000000140015180 f    CIL library: CIL module
 0001:000141b4       ??__E?s_id@?$TObjectUniqueID@UISystem@base@UModSys@@@tl@UModSys@@2USUniquePointer@core@3@A@@YAXXZ 00000001400151b4 f    CIL library: CIL module
 0001:000141e8       ??__E?s_id@?$TObjectUniqueID@URModule@rsystem@base@UModSys@@@tl@UModSys@@2USUniquePointer@core@3@A@@YAXXZ 00000001400151e8 f    CIL library: CIL module
 0001:0001421c       ??__E?s_id@?$TObjectUniqueID@UIModuleLibraryUni@rsystem@base@UModSys@@@tl@UModSys@@2USUniquePointer@core@3@A@@YAXXZ 000000014001521c f    CIL library: CIL module
 0001:00014250       ??__E?s_id@?$TObjectUniqueID@URModuleLibrarySO@rsystem@base@UModSys@@@tl@UModSys@@2USUniquePointer@core@3@A@@YAXXZ 0000000140015250 f    CIL library: CIL module
 0001:00014284       ??__E?s_id@?$TObjectUniqueID@URModuleLibraryThis@rsystem@base@UModSys@@@tl@UModSys@@2USUniquePointer@core@3@A@@YAXXZ 0000000140015284 f    CIL library: CIL module
 0001:000142b8       ??__E?s_id@?$TObjectUniqueID@URParameters@rsystem@base@UModSys@@@tl@UModSys@@2USUniquePointer@core@3@A@@YAXXZ 00000001400152b8 f    CIL library: CIL module
 0001:000142ec       ??__E?s_id@?$TObjectUniqueID@URSystem@rsystem@base@UModSys@@@tl@UModSys@@2USUniquePointer@core@3@A@@YAXXZ 00000001400152ec f    CIL library: CIL module
 0001:00014320       ??__E?s_id@?$TObjectUniqueID@URConsole_std@rsystem@base@UModSys@@@tl@UModSys@@2USUniquePointer@core@3@A@@YAXXZ 0000000140015320 f    CIL library: CIL module
 0001:00014354       ??__Es_dbg@stdio@media@modules@UModSys@@YAXXZ 0000000140015354 f    CIL library: CIL module
 0001:00014360       ??__E?s_modreg@RModuleReg@stdio@media@modules@UModSys@@2U12345@A@@YAXXZ 0000000140015360 f    CIL library: CIL module
 0001:000143c8       ??__E?s_modreg_chain@RModuleReg@stdio@media@modules@UModSys@@2USModuleRegChain@base@5@A@@YAXXZ 00000001400153c8 f    CIL library: CIL module
 0001:00014408       ??__E?s_uid@RGenerator@stdio@media@modules@UModSys@@2USUniquePointer@core@5@A@@YAXXZ 0000000140015408 f    CIL library: CIL module
 0001:0001443c       ??__E?s_id@?$TObjectUniqueID@UIStreamReader@libmedia@UModSys@@@tl@UModSys@@2USUniquePointer@core@3@A@@YAXXZ 000000014001543c f    CIL library: CIL module
 0001:00014470       ??__E?s_id@?$TObjectUniqueID@UIStreamWriter@libmedia@UModSys@@@tl@UModSys@@2USUniquePointer@core@3@A@@YAXXZ 0000000140015470 f    CIL library: CIL module
 0001:000144a4       ??__E?s_id@?$TObjectUniqueID@UIUtilities@libmedia@UModSys@@@tl@UModSys@@2USUniquePointer@core@3@A@@YAXXZ 00000001400154a4 f    CIL library: CIL module
 0001:000144d8       ??__E?s_id@?$TObjectUniqueID@UILibObject@libmedia@UModSys@@@tl@UModSys@@2USUniquePointer@core@3@A@@YAXXZ 00000001400154d8 f    CIL library: CIL module
 0001:0001450c       ??__E?s_id@?$TObjectUniqueID@UIBinArchive@libmedia@UModSys@@@tl@UModSys@@2USUniquePointer@core@3@A@@YAXXZ 000000014001550c f    CIL library: CIL module
 0001:00014540       ??__E?s_id@?$TObjectUniqueID@UIBinObjFilter@libmedia@UModSys@@@tl@UModSys@@2USUniquePointer@core@3@A@@YAXXZ 0000000140015540 f    CIL library: CIL module
 0001:00014574       ??__E?s_id@?$TObjectUniqueID@UILibrary@libmedia@UModSys@@@tl@UModSys@@2USUniquePointer@core@3@A@@YAXXZ 0000000140015574 f    CIL library: CIL module
 0001:000145a8       ??__E?s_id@?$TObjectUniqueID@URStreamReader_FILE@stdio@media@modules@UModSys@@@tl@UModSys@@2USUniquePointer@core@3@A@@YAXXZ 00000001400155a8 f    CIL library: CIL module
 0001:000145dc       ??__E?s_id@?$TObjectUniqueID@URStreamWriter_FILE@stdio@media@modules@UModSys@@@tl@UModSys@@2USUniquePointer@core@3@A@@YAXXZ 00000001400155dc f    CIL library: CIL module
 0001:00014610       ??__E?s_id@?$TObjectUniqueID@URDataArchiver_OsDir@stdio@media@modules@UModSys@@@tl@UModSys@@2USUniquePointer@core@3@A@@YAXXZ 0000000140015610 f    CIL library: CIL module
 0001:00014644       ??__E?s_id@?$TObjectUniqueID@URGenerator@stdio@media@modules@UModSys@@@tl@UModSys@@2USUniquePointer@core@3@A@@YAXXZ 0000000140015644 f    CIL library: CIL module
 0001:00014678       ??__Es_dbg@stdlib@media@modules@UModSys@@YAXXZ 0000000140015678 f    CIL library: CIL module
 0001:00014684       ??__E?s_modreg@RModuleReg@stdlib@media@modules@UModSys@@2U12345@A@@YAXXZ 0000000140015684 f    CIL library: CIL module
 0001:000146ec       ??__E?s_modreg_chain@RModuleReg@stdlib@media@modules@UModSys@@2USModuleRegChain@base@5@A@@YAXXZ 00000001400156ec f    CIL library: CIL module
 0001:0001472c       ??__E?s_uid@RGenerator@stdlib@media@modules@UModSys@@2USUniquePointer@core@5@A@@YAXXZ 000000014001572c f    CIL library: CIL module
 0001:00014760       ??__E?s_id@?$TObjectUniqueID@UILibraryBinTree@libmedia@UModSys@@@tl@UModSys@@2USUniquePointer@core@3@A@@YAXXZ 0000000140015760 f    CIL library: CIL module
 0001:00014794       ??__E?s_id@?$TObjectUniqueID@UILibraryBinCache@libmedia@UModSys@@@tl@UModSys@@2USUniquePointer@core@3@A@@YAXXZ 0000000140015794 f    CIL library: CIL module
 0001:000147c8       ??__E?s_id@?$TObjectUniqueID@UILibraryObjFilter@libmedia@UModSys@@@tl@UModSys@@2USUniquePointer@core@3@A@@YAXXZ 00000001400157c8 f    CIL library: CIL module
 0001:000147fc       ??__E?s_id@?$TObjectUniqueID@UILibraryObjCache@libmedia@UModSys@@@tl@UModSys@@2USUniquePointer@core@3@A@@YAXXZ 00000001400157fc f    CIL library: CIL module
 0001:00014830       ??__E?s_id@?$TObjectUniqueID@UILibraryLayered@libmedia@UModSys@@@tl@UModSys@@2USUniquePointer@core@3@A@@YAXXZ 0000000140015830 f    CIL library: CIL module
 0001:00014864       ??__E?s_id@?$TObjectUniqueID@UIBinArchiveFrame@libmedia@UModSys@@@tl@UModSys@@2USUniquePointer@core@3@A@@YAXXZ 0000000140015864 f    CIL library: CIL module
 0001:00014898       ??__E?s_id@?$TObjectUniqueID@UIClient@IBinArchiveFrame@libmedia@UModSys@@@tl@UModSys@@2USUniquePointer@core@3@A@@YAXXZ 0000000140015898 f    CIL library: CIL module
 0001:000148cc       ??__E?s_id@?$TObjectUniqueID@URUtilities@stdlib@media@modules@UModSys@@@tl@UModSys@@2USUniquePointer@core@3@A@@YAXXZ 00000001400158cc f    CIL library: CIL module
 0001:00014900       ??__E?s_id@?$TObjectUniqueID@URBinArchiveFrame@stdlib@media@modules@UModSys@@@tl@UModSys@@2USUniquePointer@core@3@A@@YAXXZ 0000000140015900 f    CIL library: CIL module
 0001:00014934       ??__E?s_id@?$TObjectUniqueID@URLibraryBinTree@stdlib@media@modules@UModSys@@@tl@UModSys@@2USUniquePointer@core@3@A@@YAXXZ 0000000140015934 f    CIL library: CIL module
 0001:00014968       ??__E?s_id@?$TObjectUniqueID@URLibraryBinCache@stdlib@media@modules@UModSys@@@tl@UModSys@@2USUniquePointer@core@3@A@@YAXXZ 0000000140015968 f    CIL library: CIL module
 0001:0001499c       ??__E?s_id@?$TObjectUniqueID@URLibraryLayered@stdlib@media@modules@UModSys@@@tl@UModSys@@2USUniquePointer@core@3@A@@YAXXZ 000000014001599c f    CIL library: CIL module
 0001:000149d0       ??__E?s_id@?$TObjectUniqueID@URLibraryObjCache@stdlib@media@modules@UModSys@@@tl@UModSys@@2USUniquePointer@core@3@A@@YAXXZ 00000001400159d0 f    CIL library: CIL module
 0001:00014a04       ??__E?s_id@?$TObjectUniqueID@URLibraryObjFilter@stdlib@media@modules@UModSys@@@tl@UModSys@@2USUniquePointer@core@3@A@@YAXXZ 0000000140015a04 f    CIL library: CIL module
 0001:00014a38       ??__E?s_id@?$TObjectUniqueID@URGenerator@stdlib@media@modules@UModSys@@@tl@UModSys@@2USUniquePointer@core@3@A@@YAXXZ 0000000140015a38 f    CIL library: CIL module
 0001:00014a6c       ??__E?s_console@RConsole_std@rsystem@base@UModSys@@2U1234@A@@YAXXZ 0000000140015a6c f    CIL library: CIL module
 0001:00014a78       ??__E?s_sys@RSystem@rsystem@base@UModSys@@2U1234@A@@YAXXZ 0000000140015a78 f    CIL library: CIL module
 0001:00014a84       ??__Ersys_dbg@rsystem@base@UModSys@@YAXXZ 0000000140015a84 f    CIL library: CIL module
 0001:00014a90       ??__EM@UModSys@@YAXXZ      0000000140015a90 f    CIL library: CIL module
 0001:00014a9c       ??__E?root@SModuleRegChain@base@UModSys@@2U123@A@@YAXXZ 0000000140015a9c f    CIL library: CIL module
 0001:00014aa8       ??__E?s_library@RModuleLibraryReg_Chain@base@UModSys@@2U123@A@@YAXXZ 0000000140015aa8 f    CIL library: CIL module
 0001:00014ab4       ??__E?root@SUniquePointer@core@UModSys@@2U123@A@@YAXXZ 0000000140015ab4 f    CIL library: CIL module
 0001:00014ac0       ??__F?s_id@?$TObjectUniqueID@URConsole_std@rsystem@base@UModSys@@@tl@UModSys@@2USUniquePointer@core@3@A@@YAXXZ 0000000140015ac0 f    CIL library: CIL module
 0001:00014acc       ??__F?s_id@?$TObjectUniqueID@URSystem@rsystem@base@UModSys@@@tl@UModSys@@2USUniquePointer@core@3@A@@YAXXZ 0000000140015acc f    CIL library: CIL module
 0001:00014ad8       ??__F?s_id@?$TObjectUniqueID@URParameters@rsystem@base@UModSys@@@tl@UModSys@@2USUniquePointer@core@3@A@@YAXXZ 0000000140015ad8 f    CIL library: CIL module
 0001:00014ae4       ??__F?s_id@?$TObjectUniqueID@URModuleLibraryThis@rsystem@base@UModSys@@@tl@UModSys@@2USUniquePointer@core@3@A@@YAXXZ 0000000140015ae4 f    CIL library: CIL module
 0001:00014af0       ??__F?s_id@?$TObjectUniqueID@URModuleLibrarySO@rsystem@base@UModSys@@@tl@UModSys@@2USUniquePointer@core@3@A@@YAXXZ 0000000140015af0 f    CIL library: CIL module
 0001:00014afc       ??__F?s_id@?$TObjectUniqueID@UIModuleLibraryUni@rsystem@base@UModSys@@@tl@UModSys@@2USUniquePointer@core@3@A@@YAXXZ 0000000140015afc f    CIL library: CIL module
 0001:00014b08       ??__F?s_id@?$TObjectUniqueID@URModule@rsystem@base@UModSys@@@tl@UModSys@@2USUniquePointer@core@3@A@@YAXXZ 0000000140015b08 f    CIL library: CIL module
 0001:00014b14       ??__F?s_id@?$TObjectUniqueID@UISystem@base@UModSys@@@tl@UModSys@@2USUniquePointer@core@3@A@@YAXXZ 0000000140015b14 f    CIL library: CIL module
 0001:00014b20       ??__F?s_id@?$TObjectUniqueID@UIShell@base@UModSys@@@tl@UModSys@@2USUniquePointer@core@3@A@@YAXXZ 0000000140015b20 f    CIL library: CIL module
 0001:00014b2c       ??__F?s_id@?$TObjectUniqueID@UIGenerator@base@UModSys@@@tl@UModSys@@2USUniquePointer@core@3@A@@YAXXZ 0000000140015b2c f    CIL library: CIL module
 0001:00014b38       ??__F?s_id@?$TObjectUniqueID@UIModObject@base@UModSys@@@tl@UModSys@@2USUniquePointer@core@3@A@@YAXXZ 0000000140015b38 f    CIL library: CIL module
 0001:00014b44       ??__F?s_id@?$TObjectUniqueID@UIModuleLibrary@base@UModSys@@@tl@UModSys@@2USUniquePointer@core@3@A@@YAXXZ 0000000140015b44 f    CIL library: CIL module
 0001:00014b50       ??__F?s_id@?$TObjectUniqueID@UIModule@base@UModSys@@@tl@UModSys@@2USUniquePointer@core@3@A@@YAXXZ 0000000140015b50 f    CIL library: CIL module
 0001:00014b5c       ??__F?s_id@?$TObjectUniqueID@UIConsole@base@UModSys@@@tl@UModSys@@2USUniquePointer@core@3@A@@YAXXZ 0000000140015b5c f    CIL library: CIL module
 0001:00014b68       ??__F?s_id@?$TObjectUniqueID@UIParameters@core@UModSys@@@tl@UModSys@@2USUniquePointer@core@3@A@@YAXXZ 0000000140015b68 f    CIL library: CIL module
 0001:00014b74       ??__F?s_id@?$TObjectUniqueID@UIRefObject@core@UModSys@@@tl@UModSys@@2USUniquePointer@core@3@A@@YAXXZ 0000000140015b74 f    CIL library: CIL module
 0001:00014b80       ??__F?s_id@?$TObjectUniqueID@UIRoot@core@UModSys@@@tl@UModSys@@2USUniquePointer@core@3@A@@YAXXZ 0000000140015b80 f    CIL library: CIL module
 0001:00014b8c       ??__Fs_dbg@stdio@media@modules@UModSys@@YAXXZ 0000000140015b8c f    CIL library: CIL module
 0001:00014bb0       ??__F?s_modreg@RModuleReg@stdio@media@modules@UModSys@@2U12345@A@@YAXXZ 0000000140015bb0 f    CIL library: CIL module
 0001:00014bc0       ??__F?s_modreg_chain@RModuleReg@stdio@media@modules@UModSys@@2USModuleRegChain@base@5@A@@YAXXZ 0000000140015bc0 f    CIL library: CIL module
 0001:00014c00       ??__F?s_uid@RGenerator@stdio@media@modules@UModSys@@2USUniquePointer@core@5@A@@YAXXZ 0000000140015c00 f    CIL library: CIL module
 0001:00014c0c       ??__Fh@?1??s_holder@RGenerator@stdio@media@modules@UModSys@@SAAEAU?$TTypeStaticHolder@URGenerator@stdio@media@modules@UModSys@@@tl@5@XZ@YAXXZ 0000000140015c0c f    CIL library: CIL module
 0001:00014c34       ??__F?s_id@?$TObjectUniqueID@URGenerator@stdio@media@modules@UModSys@@@tl@UModSys@@2USUniquePointer@core@3@A@@YAXXZ 0000000140015c34 f    CIL library: CIL module
 0001:00014c40       ??__F?s_id@?$TObjectUniqueID@URDataArchiver_OsDir@stdio@media@modules@UModSys@@@tl@UModSys@@2USUniquePointer@core@3@A@@YAXXZ 0000000140015c40 f    CIL library: CIL module
 0001:00014c4c       ??__F?s_id@?$TObjectUniqueID@URStreamWriter_FILE@stdio@media@modules@UModSys@@@tl@UModSys@@2USUniquePointer@core@3@A@@YAXXZ 0000000140015c4c f    CIL library: CIL module
 0001:00014c58       ??__F?s_id@?$TObjectUniqueID@URStreamReader_FILE@stdio@media@modules@UModSys@@@tl@UModSys@@2USUniquePointer@core@3@A@@YAXXZ 0000000140015c58 f    CIL library: CIL module
 0001:00014c64       ??__F?s_id@?$TObjectUniqueID@UILibrary@libmedia@UModSys@@@tl@UModSys@@2USUniquePointer@core@3@A@@YAXXZ 0000000140015c64 f    CIL library: CIL module
 0001:00014c70       ??__F?s_id@?$TObjectUniqueID@UIBinObjFilter@libmedia@UModSys@@@tl@UModSys@@2USUniquePointer@core@3@A@@YAXXZ 0000000140015c70 f    CIL library: CIL module
 0001:00014c7c       ??__F?s_id@?$TObjectUniqueID@UIBinArchive@libmedia@UModSys@@@tl@UModSys@@2USUniquePointer@core@3@A@@YAXXZ 0000000140015c7c f    CIL library: CIL module
 0001:00014c88       ??__F?s_id@?$TObjectUniqueID@UILibObject@libmedia@UModSys@@@tl@UModSys@@2USUniquePointer@core@3@A@@YAXXZ 0000000140015c88 f    CIL library: CIL module
 0001:00014c94       ??__F?s_id@?$TObjectUniqueID@UIUtilities@libmedia@UModSys@@@tl@UModSys@@2USUniquePointer@core@3@A@@YAXXZ 0000000140015c94 f    CIL library: CIL module
 0001:00014ca0       ??__F?s_id@?$TObjectUniqueID@UIStreamWriter@libmedia@UModSys@@@tl@UModSys@@2USUniquePointer@core@3@A@@YAXXZ 0000000140015ca0 f    CIL library: CIL module
 0001:00014cac       ??__F?s_id@?$TObjectUniqueID@UIStreamReader@libmedia@UModSys@@@tl@UModSys@@2USUniquePointer@core@3@A@@YAXXZ 0000000140015cac f    CIL library: CIL module
 0001:00014cb8       ??__Fs_dbg@stdlib@media@modules@UModSys@@YAXXZ 0000000140015cb8 f    CIL library: CIL module
 0001:00014cdc       ??__F?s_modreg@RModuleReg@stdlib@media@modules@UModSys@@2U12345@A@@YAXXZ 0000000140015cdc f    CIL library: CIL module
 0001:00014cec       ??__F?s_modreg_chain@RModuleReg@stdlib@media@modules@UModSys@@2USModuleRegChain@base@5@A@@YAXXZ 0000000140015cec f    CIL library: CIL module
 0001:00014d2c       ??__F?s_uid@RGenerator@stdlib@media@modules@UModSys@@2USUniquePointer@core@5@A@@YAXXZ 0000000140015d2c f    CIL library: CIL module
 0001:00014d38       ??__Fh@?1??s_holder@RGenerator@stdlib@media@modules@UModSys@@SAAEAU?$TTypeStaticHolder@URGenerator@stdlib@media@modules@UModSys@@@tl@5@XZ@YAXXZ 0000000140015d38 f    CIL library: CIL module
 0001:00014d60       ??__F?s_id@?$TObjectUniqueID@URGenerator@stdlib@media@modules@UModSys@@@tl@UModSys@@2USUniquePointer@core@3@A@@YAXXZ 0000000140015d60 f    CIL library: CIL module
 0001:00014d6c       ??__F?s_id@?$TObjectUniqueID@URLibraryObjFilter@stdlib@media@modules@UModSys@@@tl@UModSys@@2USUniquePointer@core@3@A@@YAXXZ 0000000140015d6c f    CIL library: CIL module
 0001:00014d78       ??__F?s_id@?$TObjectUniqueID@URLibraryObjCache@stdlib@media@modules@UModSys@@@tl@UModSys@@2USUniquePointer@core@3@A@@YAXXZ 0000000140015d78 f    CIL library: CIL module
 0001:00014d84       ??__F?s_id@?$TObjectUniqueID@URLibraryLayered@stdlib@media@modules@UModSys@@@tl@UModSys@@2USUniquePointer@core@3@A@@YAXXZ 0000000140015d84 f    CIL library: CIL module
 0001:00014d90       ??__F?s_id@?$TObjectUniqueID@URLibraryBinCache@stdlib@media@modules@UModSys@@@tl@UModSys@@2USUniquePointer@core@3@A@@YAXXZ 0000000140015d90 f    CIL library: CIL module
 0001:00014d9c       ??__F?s_id@?$TObjectUniqueID@URLibraryBinTree@stdlib@media@modules@UModSys@@@tl@UModSys@@2USUniquePointer@core@3@A@@YAXXZ 0000000140015d9c f    CIL library: CIL module
 0001:00014da8       ??__F?s_id@?$TObjectUniqueID@URBinArchiveFrame@stdlib@media@modules@UModSys@@@tl@UModSys@@2USUniquePointer@core@3@A@@YAXXZ 0000000140015da8 f    CIL library: CIL module
 0001:00014db4       ??__F?s_id@?$TObjectUniqueID@URUtilities@stdlib@media@modules@UModSys@@@tl@UModSys@@2USUniquePointer@core@3@A@@YAXXZ 0000000140015db4 f    CIL library: CIL module
 0001:00014dc0       ??__F?s_id@?$TObjectUniqueID@UIClient@IBinArchiveFrame@libmedia@UModSys@@@tl@UModSys@@2USUniquePointer@core@3@A@@YAXXZ 0000000140015dc0 f    CIL library: CIL module
 0001:00014dcc       ??__F?s_id@?$TObjectUniqueID@UIBinArchiveFrame@libmedia@UModSys@@@tl@UModSys@@2USUniquePointer@core@3@A@@YAXXZ 0000000140015dcc f    CIL library: CIL module
 0001:00014dd8       ??__F?s_id@?$TObjectUniqueID@UILibraryLayered@libmedia@UModSys@@@tl@UModSys@@2USUniquePointer@core@3@A@@YAXXZ 0000000140015dd8 f    CIL library: CIL module
 0001:00014de4       ??__F?s_id@?$TObjectUniqueID@UILibraryObjCache@libmedia@UModSys@@@tl@UModSys@@2USUniquePointer@core@3@A@@YAXXZ 0000000140015de4 f    CIL library: CIL module
 0001:00014df0       ??__F?s_id@?$TObjectUniqueID@UILibraryObjFilter@libmedia@UModSys@@@tl@UModSys@@2USUniquePointer@core@3@A@@YAXXZ 0000000140015df0 f    CIL library: CIL module
 0001:00014dfc       ??__F?s_id@?$TObjectUniqueID@UILibraryBinCache@libmedia@UModSys@@@tl@UModSys@@2USUniquePointer@core@3@A@@YAXXZ 0000000140015dfc f    CIL library: CIL module
 0001:00014e08       ??__F?s_id@?$TObjectUniqueID@UILibraryBinTree@libmedia@UModSys@@@tl@UModSys@@2USUniquePointer@core@3@A@@YAXXZ 0000000140015e08 f    CIL library: CIL module
 0001:00014e14       ??__F?s_console@RConsole_std@rsystem@base@UModSys@@2U1234@A@@YAXXZ 0000000140015e14 f    CIL library: CIL module
 0001:00014e54       ??__F?s_sys@RSystem@rsystem@base@UModSys@@2U1234@A@@YAXXZ 0000000140015e54 f    CIL library: CIL module
 0001:00014e60       ??__Frsys_dbg@rsystem@base@UModSys@@YAXXZ 0000000140015e60 f    CIL library: CIL module
 0001:00014e84       ??__FM@UModSys@@YAXXZ      0000000140015e84 f    CIL library: CIL module
 0001:00014e88       ??__F?root@SModuleRegChain@base@UModSys@@2U123@A@@YAXXZ 0000000140015e88 f    CIL library: CIL module
 0001:00014ec8       ??__F?s_library@RModuleLibraryReg_Chain@base@UModSys@@2U123@A@@YAXXZ 0000000140015ec8 f    CIL library: CIL module
 0001:00014ed8       ??__F?root@SUniquePointer@core@UModSys@@2U123@A@@YAXXZ 0000000140015ed8 f    CIL library: CIL module

 Exports

  ordinal    name

        1    UModSys_Plugin_Entry2
