 umodsysc

 Timestamp is 525821b2 (Fri Oct 11 19:05:06 2013)

 Preferred load address is 0000000140000000

 Start         Length     Name                   Class
 0001:00000000 00007e5cH .text                   CODE
 0001:00007e60 0000005eH .text$00                CODE
 0001:00007ec0 000005b6H .text$x                 CODE
 0001:00008478 000005b0H .text$yc                CODE
 0001:00008a28 00000274H .text$yd                CODE
 0002:00000000 00000250H .idata$5                DATA
 0002:00000250 00000008H .CRT$XCA                DATA
 0002:00000258 00000008H .CRT$XCAA               DATA
 0002:00000260 000001b8H .CRT$XCU                DATA
 0002:00000418 00000008H .CRT$XCZ                DATA
 0002:00000420 00000008H .CRT$XIA                DATA
 0002:00000428 00000008H .CRT$XIAA               DATA
 0002:00000430 00000008H .CRT$XIY                DATA
 0002:00000438 00000008H .CRT$XIZ                DATA
 0002:00000440 00001878H .rdata                  DATA
 0002:00001cb8 00001244H .rdata$r                DATA
 0002:00002f00 00000008H .rtc$IAA                DATA
 0002:00002f08 00000008H .rtc$IZZ                DATA
 0002:00002f10 00000008H .rtc$TAA                DATA
 0002:00002f18 00000008H .rtc$TZZ                DATA
 0002:00002f20 00000ba0H .xdata                  DATA
 0002:00003ac0 000000e4H .xdata$x                DATA
 0002:00003ba4 00000028H .idata$2                DATA
 0002:00003bcc 00000014H .idata$3                DATA
 0002:00003be0 00000250H .idata$4                DATA
 0002:00003e30 00000466H .idata$6                DATA
 0002:000042a0 00000055H .edata                  DATA
 0003:00000000 00000c54H .data                   DATA
 0003:00000c60 000025e8H .bss                    DATA
 0004:00000000 00000c24H .pdata                  DATA

  Address         Publics by Value              Rva+Base               Lib:Object

 0000:00000000       ___safe_se_handler_count   0000000000000000     <absolute>
 0000:00000000       ___safe_se_handler_table   0000000000000000     <absolute>
 0000:00000000       __ImageBase                0000000140000000     <linker-defined>
 0001:00000000       main                       0000000140001000 f   umodsys.c_main.obj
 0001:000004a0       ??6SUniquePtrList@core@UModSys@@QEAAAEAU012@PEBUSUniquePointerInfo@12@@Z 00000001400014a0 f i umodsys_lib_libmedia:umodsys.mod.media.stdio.obj
 0001:00000558       ??1?$TString@U?$TSCoreShared@USIMemAlloc@core@UModSys@@D@su@tl@UModSys@@U?$TComparerBinaryHash@D@234@@tl@UModSys@@QEAA@XZ 0000000140001558 f i umodsys_lib_libmedia:umodsys.mod.media.stdio.obj
 0001:000005a8       ?get_interface_info@RStreamReader_FILE@stdio@media@modules@UModSys@@UEBAAEBUSUniquePointerInfo@core@5@XZ 00000001400015a8 f i umodsys_lib_libmedia:umodsys.mod.media.stdio.obj
 0001:000005b0       ?get_interface_type@RStreamReader_FILE@stdio@media@modules@UModSys@@UEBAPEBUSUniquePointerInfo@core@5@XZ 00000001400015b0 f i umodsys_lib_libmedia:umodsys.mod.media.stdio.obj
 0001:000005b8       ?get_interface_types@RModuleLibrarySO@rsystem@base@UModSys@@UEBA_KAEAUSUniquePtrList@core@4@@Z 00000001400015b8 f i umodsys_lib_basesys:umodsys.basesys.rmodulelibso.obj
 0001:000005b8       ?get_interface_types@RGenerator@stdio@media@modules@UModSys@@UEBA_KAEAUSUniquePtrList@core@5@@Z 00000001400015b8 f i umodsys_lib_libmedia:umodsys.mod.media.stdio.obj
 0001:000005b8       ?get_interface_types@RModule@rsystem@base@UModSys@@UEBA_KAEAUSUniquePtrList@core@4@@Z 00000001400015b8 f i umodsys_lib_basesys:umodsys.basesys.rmodule.obj
 0001:000005b8       ?get_interface_types@RModuleLibraryThis@rsystem@base@UModSys@@UEBA_KAEAUSUniquePtrList@core@4@@Z 00000001400015b8 f i umodsys_lib_basesys:umodsys.basesys.rmodulelibthis.obj
 0001:000005b8       ?get_interface_types@RConsole_std@rsystem@base@UModSys@@UEBA_KAEAUSUniquePtrList@core@4@@Z 00000001400015b8 f i umodsys_lib_basesys:umodsys.basesys.rconsole_std.obj
 0001:000005b8       ?get_interface_types@RStreamWriter_FILE@stdio@media@modules@UModSys@@UEBA_KAEAUSUniquePtrList@core@5@@Z 00000001400015b8 f i umodsys_lib_libmedia:umodsys.mod.media.stdio.obj
 0001:000005b8       ?get_interface_types@RParameters@rsystem@base@UModSys@@UEBA_KAEAUSUniquePtrList@core@4@@Z 00000001400015b8 f i umodsys_lib_basesys:umodsys.basesys.rparameters.obj
 0001:000005b8       ?get_interface_types@RStreamReader_FILE@stdio@media@modules@UModSys@@UEBA_KAEAUSUniquePtrList@core@5@@Z 00000001400015b8 f i umodsys_lib_libmedia:umodsys.mod.media.stdio.obj
 0001:000005b8       ?get_interface_types@RDataArchiver_OsDir@stdio@media@modules@UModSys@@UEBA_KAEAUSUniquePtrList@core@5@@Z 00000001400015b8 f i umodsys_lib_libmedia:umodsys.mod.media.stdio.obj
 0001:000005b8       ?get_interface_types@RSystem@rsystem@base@UModSys@@UEBA_KAEAUSUniquePtrList@core@4@@Z 00000001400015b8 f i umodsys_lib_basesys:umodsys.basesys.rsystem_main.obj
 0001:000005c0       ?get_other_interface@RStreamReader_FILE@stdio@media@modules@UModSys@@UEAAPEAUIRoot@core@5@PEBUSUniquePointerInfo@75@@Z 00000001400015c0 f i umodsys_lib_libmedia:umodsys.mod.media.stdio.obj
 0001:000005c0       ?get_other_interface@RStreamReader_FILE@stdio@media@modules@UModSys@@UEBAPEBUIRoot@core@5@PEBUSUniquePointerInfo@75@@Z 00000001400015c0 f i umodsys_lib_libmedia:umodsys.mod.media.stdio.obj
 0001:000005f0       ?reader_seek@RStreamReader_FILE@stdio@media@modules@UModSys@@UEAA_N_J@Z 00000001400015f0 f i umodsys_lib_libmedia:umodsys.mod.media.stdio.obj
 0001:0000061c       ?reader_seekend@RStreamReader_FILE@stdio@media@modules@UModSys@@UEAA_N_J@Z 000000014000161c f i umodsys_lib_libmedia:umodsys.mod.media.stdio.obj
 0001:0000064c       ?reader_seekdelta@RStreamReader_FILE@stdio@media@modules@UModSys@@UEAA_N_J@Z 000000014000164c f i umodsys_lib_libmedia:umodsys.mod.media.stdio.obj
 0001:00000678       ?reader_pos@RStreamReader_FILE@stdio@media@modules@UModSys@@UEAA_JXZ 0000000140001678 f i umodsys_lib_libmedia:umodsys.mod.media.stdio.obj
 0001:00000694       ?get_module_count@IModuleLibraryUni@rsystem@base@UModSys@@UEBA_KXZ 0000000140001694 f i umodsys_lib_basesys:umodsys.basesys.rmodulelib.obj
 0001:00000694       ?reader_size@RStreamReader_FILE@stdio@media@modules@UModSys@@UEAA_JXZ 0000000140001694 f i umodsys_lib_libmedia:umodsys.mod.media.stdio.obj
 0001:0000069c       ?reader_read@RStreamReader_FILE@stdio@media@modules@UModSys@@UEAA_NPEAX_K@Z 000000014000169c f i umodsys_lib_libmedia:umodsys.mod.media.stdio.obj
 0001:0000071c       ?reader_close@RStreamReader_FILE@stdio@media@modules@UModSys@@UEAAXXZ 000000014000171c f i umodsys_lib_libmedia:umodsys.mod.media.stdio.obj
 0001:00000740       ??_ERStreamReader_FILE@stdio@media@modules@UModSys@@UEAAPEAXI@Z 0000000140001740 f i  CIL library: CIL module
 0001:00000740       ??_GRStreamReader_FILE@stdio@media@modules@UModSys@@UEAAPEAXI@Z 0000000140001740 f i umodsys_lib_libmedia:umodsys.mod.media.stdio.obj
 0001:0000077c       ?get_interface_info@RStreamWriter_FILE@stdio@media@modules@UModSys@@UEBAAEBUSUniquePointerInfo@core@5@XZ 000000014000177c f i umodsys_lib_libmedia:umodsys.mod.media.stdio.obj
 0001:00000784       ?get_interface_type@RStreamWriter_FILE@stdio@media@modules@UModSys@@UEBAPEBUSUniquePointerInfo@core@5@XZ 0000000140001784 f i umodsys_lib_libmedia:umodsys.mod.media.stdio.obj
 0001:0000078c       ?get_other_interface@RStreamWriter_FILE@stdio@media@modules@UModSys@@UEBAPEBUIRoot@core@5@PEBUSUniquePointerInfo@75@@Z 000000014000178c f i umodsys_lib_libmedia:umodsys.mod.media.stdio.obj
 0001:0000078c       ?get_other_interface@RStreamWriter_FILE@stdio@media@modules@UModSys@@UEAAPEAUIRoot@core@5@PEBUSUniquePointerInfo@75@@Z 000000014000178c f i umodsys_lib_libmedia:umodsys.mod.media.stdio.obj
 0001:000007bc       ?ref_remove@RStreamReader_FILE@stdio@media@modules@UModSys@@UEBAXXZ 00000001400017bc f i umodsys_lib_libmedia:umodsys.mod.media.stdio.obj
 0001:000007bc       ?ref_remove@RStreamWriter_FILE@stdio@media@modules@UModSys@@UEBAXXZ 00000001400017bc f i umodsys_lib_libmedia:umodsys.mod.media.stdio.obj
 0001:000007bc       ?ref_remove@RGenerator@stdio@media@modules@UModSys@@UEBAXXZ 00000001400017bc f i umodsys_lib_libmedia:umodsys.mod.media.stdio.obj
 0001:000007bc       ?ref_remove@RDataArchiver_OsDir@stdio@media@modules@UModSys@@UEBAXXZ 00000001400017bc f i umodsys_lib_libmedia:umodsys.mod.media.stdio.obj
 0001:000007d4       ?ref_links@RDataArchiver_OsDir@stdio@media@modules@UModSys@@UEBAHXZ 00000001400017d4 f i umodsys_lib_libmedia:umodsys.mod.media.stdio.obj
 0001:000007d4       ?ref_links@RGenerator@stdio@media@modules@UModSys@@UEBAHXZ 00000001400017d4 f i umodsys_lib_libmedia:umodsys.mod.media.stdio.obj
 0001:000007d4       ?ref_links@RStreamReader_FILE@stdio@media@modules@UModSys@@UEBAHXZ 00000001400017d4 f i umodsys_lib_libmedia:umodsys.mod.media.stdio.obj
 0001:000007d4       ?ref_links@RStreamWriter_FILE@stdio@media@modules@UModSys@@UEBAHXZ 00000001400017d4 f i umodsys_lib_libmedia:umodsys.mod.media.stdio.obj
 0001:000007d8       ?open@RStreamWriter_FILE@stdio@media@modules@UModSys@@QEAAXPEBD_N@Z 00000001400017d8 f i umodsys_lib_libmedia:umodsys.mod.media.stdio.obj
 0001:0000087c       ?writer_seek@RStreamWriter_FILE@stdio@media@modules@UModSys@@UEAA_N_J@Z 000000014000187c f i umodsys_lib_libmedia:umodsys.mod.media.stdio.obj
 0001:000008a8       ?writer_seekend@RStreamWriter_FILE@stdio@media@modules@UModSys@@UEAA_N_J@Z 00000001400018a8 f i umodsys_lib_libmedia:umodsys.mod.media.stdio.obj
 0001:000008d8       ?writer_seekdelta@RStreamWriter_FILE@stdio@media@modules@UModSys@@UEAA_N_J@Z 00000001400018d8 f i umodsys_lib_libmedia:umodsys.mod.media.stdio.obj
 0001:00000904       ?writer_setsize@RStreamWriter_FILE@stdio@media@modules@UModSys@@UEAA_N_J@Z 0000000140001904 f i umodsys_lib_libmedia:umodsys.mod.media.stdio.obj
 0001:00000964       ?writer_pos@RStreamWriter_FILE@stdio@media@modules@UModSys@@UEAA_JXZ 0000000140001964 f i umodsys_lib_libmedia:umodsys.mod.media.stdio.obj
 0001:00000980       ?writer_size@RStreamWriter_FILE@stdio@media@modules@UModSys@@UEAA_JXZ 0000000140001980 f i umodsys_lib_libmedia:umodsys.mod.media.stdio.obj
 0001:00000a00       ?writer_write@RStreamWriter_FILE@stdio@media@modules@UModSys@@UEAA_NPEBX_K@Z 0000000140001a00 f i umodsys_lib_libmedia:umodsys.mod.media.stdio.obj
 0001:00000a80       ?writer_copy@RStreamWriter_FILE@stdio@media@modules@UModSys@@UEAA_NPEAUIStreamReader@libmedia@5@_J@Z 0000000140001a80 f i umodsys_lib_libmedia:umodsys.mod.media.stdio.obj
 0001:00000b1c       ?writer_copy@RStreamWriter_FILE@stdio@media@modules@UModSys@@UEAA_NPEAUIStreamReader@libmedia@5@_J1@Z 0000000140001b1c f i umodsys_lib_libmedia:umodsys.mod.media.stdio.obj
 0001:00000b70       ?writer_close@RStreamWriter_FILE@stdio@media@modules@UModSys@@UEAAXXZ 0000000140001b70 f i umodsys_lib_libmedia:umodsys.mod.media.stdio.obj
 0001:00000bac       ?writer_abort@RStreamWriter_FILE@stdio@media@modules@UModSys@@UEAAXXZ 0000000140001bac f i umodsys_lib_libmedia:umodsys.mod.media.stdio.obj
 0001:00000be8       ??_GRStreamWriter_FILE@stdio@media@modules@UModSys@@UEAAPEAXI@Z 0000000140001be8 f i umodsys_lib_libmedia:umodsys.mod.media.stdio.obj
 0001:00000be8       ??_ERStreamWriter_FILE@stdio@media@modules@UModSys@@UEAAPEAXI@Z 0000000140001be8 f i  CIL library: CIL module
 0001:00000c48       ?get_interface_info@RDataArchiver_OsDir@stdio@media@modules@UModSys@@UEBAAEBUSUniquePointerInfo@core@5@XZ 0000000140001c48 f i umodsys_lib_libmedia:umodsys.mod.media.stdio.obj
 0001:00000c50       ?get_interface_type@RDataArchiver_OsDir@stdio@media@modules@UModSys@@UEBAPEBUSUniquePointerInfo@core@5@XZ 0000000140001c50 f i umodsys_lib_libmedia:umodsys.mod.media.stdio.obj
 0001:00000c58       ?get_other_interface@RDataArchiver_OsDir@stdio@media@modules@UModSys@@UEAAPEAUIRoot@core@5@PEBUSUniquePointerInfo@75@@Z 0000000140001c58 f i umodsys_lib_libmedia:umodsys.mod.media.stdio.obj
 0001:00000c58       ?get_other_interface@RDataArchiver_OsDir@stdio@media@modules@UModSys@@UEBAPEBUIRoot@core@5@PEBUSUniquePointerInfo@75@@Z 0000000140001c58 f i umodsys_lib_libmedia:umodsys.mod.media.stdio.obj
 0001:00000c88       ?suicide@RStreamWriter_FILE@stdio@media@modules@UModSys@@UEAAXXZ 0000000140001c88 f i umodsys_lib_libmedia:umodsys.mod.media.stdio.obj
 0001:00000c88       ?suicide@RDataArchiver_OsDir@stdio@media@modules@UModSys@@UEAAXXZ 0000000140001c88 f i umodsys_lib_libmedia:umodsys.mod.media.stdio.obj
 0001:00000c88       ?suicide@RStreamReader_FILE@stdio@media@modules@UModSys@@UEAAXXZ 0000000140001c88 f i umodsys_lib_libmedia:umodsys.mod.media.stdio.obj
 0001:00000ce0       ?open@RDataArchiver_OsDir@stdio@media@modules@UModSys@@QEAAXAEBUSParameters@core@5@@Z 0000000140001ce0 f i umodsys_lib_libmedia:umodsys.mod.media.stdio.obj
 0001:00000ef8       ?load_data@RDataArchiver_OsDir@stdio@media@modules@UModSys@@UEAA_NAEAUSMemShared@core@5@AEBU?$TString@U?$TSCoreConst@D@su@tl@UModSys@@U?$TComparerBinaryHash@D@234@@tl@5@H@Z 0000000140001ef8 f i umodsys_lib_libmedia:umodsys.mod.media.stdio.obj
 0001:00000f80       ?load_reader@RDataArchiver_OsDir@stdio@media@modules@UModSys@@UEAA?AU?$TRefObject@UIStreamReader@libmedia@UModSys@@@tl@5@AEBU?$TString@U?$TSCoreConst@D@su@tl@UModSys@@U?$TComparerBinaryHash@D@234@@75@H@Z 0000000140001f80 f i umodsys_lib_libmedia:umodsys.mod.media.stdio.obj
 0001:00001198       ?save_data@RDataArchiver_OsDir@stdio@media@modules@UModSys@@UEAA_NAEBUSMemShared@core@5@AEBU?$TString@U?$TSCoreConst@D@su@tl@UModSys@@U?$TComparerBinaryHash@D@234@@tl@5@H@Z 0000000140002198 f i umodsys_lib_libmedia:umodsys.mod.media.stdio.obj
 0001:00001220       ?save_writer@RDataArchiver_OsDir@stdio@media@modules@UModSys@@UEAA?AU?$TRefObject@UIStreamWriter@libmedia@UModSys@@@tl@5@AEBU?$TString@U?$TSCoreConst@D@su@tl@UModSys@@U?$TComparerBinaryHash@D@234@@75@H@Z 0000000140002220 f i umodsys_lib_libmedia:umodsys.mod.media.stdio.obj
 0001:00001404       ?get_entrylist@RDataArchiver_OsDir@stdio@media@modules@UModSys@@UEAA_NAEBU?$TString@U?$TSCoreConst@D@su@tl@UModSys@@U?$TComparerBinaryHash@D@234@@tl@5@AEAU?$TIStackSocket@USFileInfo@libmedia@UModSys@@@75@@Z 0000000140002404 f i umodsys_lib_libmedia:umodsys.mod.media.stdio.obj
 0001:00001494       ?get_permissions@RDataArchiver_OsDir@stdio@media@modules@UModSys@@UEAAHXZ 0000000140002494 f i umodsys_lib_libmedia:umodsys.mod.media.stdio.obj
 0001:00001498       ??_ERDataArchiver_OsDir@stdio@media@modules@UModSys@@UEAAPEAXI@Z 0000000140002498 f i  CIL library: CIL module
 0001:00001498       ??_GRDataArchiver_OsDir@stdio@media@modules@UModSys@@UEAAPEAXI@Z 0000000140002498 f i umodsys_lib_libmedia:umodsys.mod.media.stdio.obj
 0001:0000150c       ?get_generated_names@RGenerator@stdio@media@modules@UModSys@@UEBAHAEAUSUniquePtrList@core@5@@Z 000000014000250c f i umodsys_lib_libmedia:umodsys.mod.media.stdio.obj
 0001:00001550       ?get_generated_types@RGenerator@stdio@media@modules@UModSys@@UEBAHAEAUSUniquePtrList@core@5@PEBUSUniquePointerInfo@75@@Z 0000000140002550 f i umodsys_lib_libmedia:umodsys.mod.media.stdio.obj
 0001:000015e4       ?generate@RGenerator@stdio@media@modules@UModSys@@UEAA_NAEAU?$TRefObject@UIRefObject@core@UModSys@@@tl@5@PEBUSUniquePointerInfo@core@5@AEBUSParameters@95@@Z 00000001400025e4 f i umodsys_lib_libmedia:umodsys.mod.media.stdio.obj
 0001:000017d8       ?get_interface_info@RGenerator@stdio@media@modules@UModSys@@UEBAAEBUSUniquePointerInfo@core@5@XZ 00000001400027d8 f i umodsys_lib_libmedia:umodsys.mod.media.stdio.obj
 0001:000017e0       ?get_interface_type@RGenerator@stdio@media@modules@UModSys@@UEBAPEBUSUniquePointerInfo@core@5@XZ 00000001400027e0 f i umodsys_lib_libmedia:umodsys.mod.media.stdio.obj
 0001:000017e8       ?get_other_interface@RGenerator@stdio@media@modules@UModSys@@UEAAPEAUIRoot@core@5@PEBUSUniquePointerInfo@75@@Z 00000001400027e8 f i umodsys_lib_libmedia:umodsys.mod.media.stdio.obj
 0001:000017e8       ?get_other_interface@RGenerator@stdio@media@modules@UModSys@@UEBAPEBUIRoot@core@5@PEBUSUniquePointerInfo@75@@Z 00000001400027e8 f i umodsys_lib_libmedia:umodsys.mod.media.stdio.obj
 0001:00001820       ?ref_add@RStreamReader_FILE@stdio@media@modules@UModSys@@UEBAXXZ 0000000140002820 f i umodsys_lib_libmedia:umodsys.mod.media.stdio.obj
 0001:00001820       ?ref_add@RGenerator@stdio@media@modules@UModSys@@UEBAXXZ 0000000140002820 f i umodsys_lib_libmedia:umodsys.mod.media.stdio.obj
 0001:00001820       ?ref_add@RDataArchiver_OsDir@stdio@media@modules@UModSys@@UEBAXXZ 0000000140002820 f i umodsys_lib_libmedia:umodsys.mod.media.stdio.obj
 0001:00001820       ?ref_add@RStreamWriter_FILE@stdio@media@modules@UModSys@@UEBAXXZ 0000000140002820 f i umodsys_lib_libmedia:umodsys.mod.media.stdio.obj
 0001:00001824       ?get_uid@RGenerator@stdio@media@modules@UModSys@@UEBAPEBUSUniquePointerInfo@core@5@XZ 0000000140002824 f i umodsys_lib_libmedia:umodsys.mod.media.stdio.obj
 0001:0000182c       ?do_open@RModuleReg@stdio@media@modules@UModSys@@UEAA_NXZ 000000014000282c f i umodsys_lib_libmedia:umodsys.mod.media.stdio.obj
 0001:00001898       ?do_close@RModuleReg@stdio@media@modules@UModSys@@UEAA_NXZ 0000000140002898 f i umodsys_lib_libmedia:umodsys.mod.media.stdio.obj
 0001:000018f8       ?get_module@RGenerator@stdio@media@modules@UModSys@@UEBAPEAUIModule@base@5@XZ 00000001400028f8 f   umodsys_lib_libmedia:umodsys.mod.media.stdio.obj
 0001:00001900       ?mod_inc@RGenerator@stdio@media@modules@UModSys@@UEBA_NXZ 0000000140002900 f   umodsys_lib_libmedia:umodsys.mod.media.stdio.obj
 0001:00001910       ?mod_dec@RGenerator@stdio@media@modules@UModSys@@UEBA_NXZ 0000000140002910 f   umodsys_lib_libmedia:umodsys.mod.media.stdio.obj
 0001:00001920       ?s_holder@RGenerator@stdio@media@modules@UModSys@@SAAEAU?$TTypeStaticHolder@URGenerator@stdio@media@modules@UModSys@@@tl@5@XZ 0000000140002920 f   umodsys_lib_libmedia:umodsys.mod.media.stdio.obj
 0001:00001964       ??1?$TRefObject@URGenerator@stdio@media@modules@UModSys@@@tl@UModSys@@QEAA@XZ 0000000140002964 f i umodsys_lib_libmedia:umodsys.mod.media.stdio.obj
 0001:00001964       ??1?$TRefObject@UIRefObject@core@UModSys@@@tl@UModSys@@QEAA@XZ 0000000140002964 f i umodsys_lib_basesys:umodsys.basesys.rsystem_tests.obj
 0001:00001964       ??1?$TRefObject@URModuleLibrarySO@rsystem@base@UModSys@@@tl@UModSys@@QEAA@XZ 0000000140002964 f i umodsys_lib_basesys:umodsys.basesys.rmoduleloader.obj
 0001:00001964       ??1?$TRefObject@UIShell@base@UModSys@@@tl@UModSys@@QEAA@XZ 0000000140002964 f i umodsys_lib_basesys:umodsys.basesys.rsystem_tests.obj
 0001:00001964       ??1?$TRefObject@URStreamReader_FILE@stdio@media@modules@UModSys@@@tl@UModSys@@QEAA@XZ 0000000140002964 f i umodsys_lib_libmedia:umodsys.mod.media.stdio.obj
 0001:00001964       ??1?$TRefObject@UIModuleLibraryUni@rsystem@base@UModSys@@@tl@UModSys@@QEAA@XZ 0000000140002964 f i umodsys_lib_basesys:umodsys.basesys.rmodule.obj
 0001:00001964       ??1?$TRefObject@URDataArchiver_OsDir@stdio@media@modules@UModSys@@@tl@UModSys@@QEAA@XZ 0000000140002964 f i umodsys_lib_libmedia:umodsys.mod.media.stdio.obj
 0001:00001964       ??1?$TRefObject@UIStreamReader@libmedia@UModSys@@@tl@UModSys@@QEAA@XZ 0000000140002964 f i umodsys_lib_libmedia:umodsys.mod.media.stdio.obj
 0001:00001964       ??1?$TRefObject@UIStreamWriter@libmedia@UModSys@@@tl@UModSys@@QEAA@XZ 0000000140002964 f i umodsys_lib_libmedia:umodsys.mod.media.stdio.obj
 0001:00001964       ??1?$TRefObject@URStreamWriter_FILE@stdio@media@modules@UModSys@@@tl@UModSys@@QEAA@XZ 0000000140002964 f i umodsys_lib_libmedia:umodsys.mod.media.stdio.obj
 0001:00001964       ??1?$TRefObject@URParameters@rsystem@base@UModSys@@@tl@UModSys@@QEAA@XZ 0000000140002964 f i umodsys_lib_basesys:umodsys.basesys.rsystem_main.obj
 0001:00001988       ??_ERGenerator@stdio@media@modules@UModSys@@UEAAPEAXI@Z 0000000140002988 f i  CIL library: CIL module
 0001:00001988       ??_ERParameters@rsystem@base@UModSys@@UEAAPEAXI@Z 0000000140002988 f i  CIL library: CIL module
 0001:00001988       ??_GRParameters@rsystem@base@UModSys@@UEAAPEAXI@Z 0000000140002988 f i umodsys_lib_basesys:umodsys.basesys.rparameters.obj
 0001:00001988       ??_EIRoot@core@UModSys@@UEAAPEAXI@Z 0000000140002988 f i  CIL library: CIL module
 0001:00001988       ??_GIRoot@core@UModSys@@UEAAPEAXI@Z 0000000140002988 f i umodsys_lib_libmedia:umodsys.mod.media.stdio.obj
 0001:00001988       ??_GRGenerator@stdio@media@modules@UModSys@@UEAAPEAXI@Z 0000000140002988 f i umodsys_lib_libmedia:umodsys.mod.media.stdio.obj
 0001:00001998       ??$t_gen_param@URStreamWriter_FILE@stdio@media@modules@UModSys@@URGenerator@2345@@IGenerator@base@UModSys@@IEAA_NPEAURGenerator@stdio@media@modules@2@AEAU?$TRefObject@UIRefObject@core@UModSys@@@tl@2@PEBUSUniquePointerInfo@core@2@AEBUSParameters@core@2@@Z 0000000140002998 f i umodsys_lib_libmedia:umodsys.mod.media.stdio.obj
 0001:00001b0c       ??$t_gen_param@URDataArchiver_OsDir@stdio@media@modules@UModSys@@URGenerator@2345@@IGenerator@base@UModSys@@IEAA_NPEAURGenerator@stdio@media@modules@2@AEAU?$TRefObject@UIRefObject@core@UModSys@@@tl@2@PEBUSUniquePointerInfo@core@2@AEBUSParameters@core@2@@Z 0000000140002b0c f i umodsys_lib_libmedia:umodsys.mod.media.stdio.obj
 0001:00001c10       ??0SVFileName@libmedia@UModSys@@QEAA@AEBU?$TString@U?$TSCoreConst@D@su@tl@UModSys@@U?$TComparerBinaryHash@D@234@@tl@2@0_N@Z 0000000140002c10 f   umodsys_lib_libmedia:umodsys.lib.media.common.obj
 0001:00001cc0       ?init@SVFileName@libmedia@UModSys@@QEAAXPEBDH_N@Z 0000000140002cc0 f   umodsys_lib_libmedia:umodsys.lib.media.common.obj
 0001:00001e38       ??$safe_snprintf@D@syshlp@core@UModSys@@YA_KPEAD_KPEBDZZ 0000000140002e38 f i umodsys_lib_libmedia:umodsys.lib.media.common.obj
 0001:00001e6c       ?get_interface_info@RConsole_std@rsystem@base@UModSys@@UEBAAEBUSUniquePointerInfo@core@4@XZ 0000000140002e6c f i umodsys_lib_basesys:umodsys.basesys.rconsole_std.obj
 0001:00001e74       ?get_interface_type@RConsole_std@rsystem@base@UModSys@@UEBAPEBUSUniquePointerInfo@core@4@XZ 0000000140002e74 f i umodsys_lib_basesys:umodsys.basesys.rconsole_std.obj
 0001:00001e7c       ?get_other_interface@RConsole_std@rsystem@base@UModSys@@UEAAPEAUIRoot@core@4@PEBUSUniquePointerInfo@64@@Z 0000000140002e7c f i umodsys_lib_basesys:umodsys.basesys.rconsole_std.obj
 0001:00001e7c       ?get_other_interface@RConsole_std@rsystem@base@UModSys@@UEBAPEBUIRoot@core@4@PEBUSUniquePointerInfo@64@@Z 0000000140002e7c f i umodsys_lib_basesys:umodsys.basesys.rconsole_std.obj
 0001:00001eac       ?ref_add@RConsole_std@rsystem@base@UModSys@@UEBAXXZ 0000000140002eac f   umodsys_lib_basesys:umodsys.basesys.rconsole_std.obj
 0001:00001eac       ?ref_remove@RConsole_std@rsystem@base@UModSys@@UEBAXXZ 0000000140002eac f   umodsys_lib_basesys:umodsys.basesys.rconsole_std.obj
 0001:00001eac       ?suicide@RGenerator@stdio@media@modules@UModSys@@UEAAXXZ 0000000140002eac f   umodsys_lib_libmedia:umodsys.mod.media.stdio.obj
 0001:00001eac       ?suicide@IRoot@core@UModSys@@UEAAXXZ 0000000140002eac f   umodsys_lib_core:umodsys.core.objects.obj
 0001:00001eb0       ?vput@RConsole_std@rsystem@base@UModSys@@UEAA_NHPEBDPEAD@Z 0000000140002eb0 f   umodsys_lib_basesys:umodsys.basesys.rconsole_std.obj
 0001:00001f14       ?put@RConsole_std@rsystem@base@UModSys@@UEAA_NHPEBDZZ 0000000140002f14 f   umodsys_lib_basesys:umodsys.basesys.rconsole_std.obj
 0001:00001f70       ?moduledb_lib_drop@RModuleLoader@rsystem@base@UModSys@@UEAA_NPEAUIModuleLibrary@34@@Z 0000000140002f70 f   umodsys_lib_basesys:umodsys.basesys.rmoduleloader.obj
 0001:00001f70       ?get_s@RConsole_std@rsystem@base@UModSys@@UEAA_NPEAD_KPEBDZZ 0000000140002f70 f   umodsys_lib_basesys:umodsys.basesys.rconsole_std.obj
 0001:00001f70       ?vget_s@RConsole_std@rsystem@base@UModSys@@UEAA_NPEAD_KPEBD0@Z 0000000140002f70 f   umodsys_lib_basesys:umodsys.basesys.rconsole_std.obj
 0001:00001f70       ?vget_c@RConsole_std@rsystem@base@UModSys@@UEAA_NPEAHPEBDPEAD@Z 0000000140002f70 f   umodsys_lib_basesys:umodsys.basesys.rconsole_std.obj
 0001:00001f70       ?moduledb_load@RModuleLoader@rsystem@base@UModSys@@UEAA_NAEBU?$TString@U?$TSCoreConst@D@su@tl@UModSys@@U?$TComparerBinaryHash@D@234@@tl@4@@Z 0000000140002f70 f   umodsys_lib_basesys:umodsys.basesys.rmoduleloader.obj
 0001:00001f74       ?get_c@RConsole_std@rsystem@base@UModSys@@UEAA_NPEAHPEBDZZ 0000000140002f74 f   umodsys_lib_basesys:umodsys.basesys.rconsole_std.obj
 0001:00001f7c       ?reflect@RConsole_std@rsystem@base@UModSys@@QEAA_NPEBD@Z 0000000140002f7c f   umodsys_lib_basesys:umodsys.basesys.rconsole_std.obj
 0001:00001fe0       ??_GRConsole_std@rsystem@base@UModSys@@UEAAPEAXI@Z 0000000140002fe0 f i umodsys_lib_basesys:umodsys.basesys.rconsole_std.obj
 0001:00001fe0       ??_ERConsole_std@rsystem@base@UModSys@@UEAAPEAXI@Z 0000000140002fe0 f i  CIL library: CIL module
 0001:0000201c       ?decode_error@EExceptionBase@core@UModSys@@UEBAHPEAD_K@Z 000000014000301c f i umodsys_lib_basesys:umodsys.basesys.rsystem_main.obj
 0001:00002058       ??_GEExceptionBase@core@UModSys@@UEAAPEAXI@Z 0000000140003058 f i umodsys_lib_basesys:umodsys.basesys.rsystem_main.obj
 0001:00002058       ??_EEWarning@core@UModSys@@UEAAPEAXI@Z 0000000140003058 f i  CIL library: CIL module
 0001:00002058       ??_EEExceptionBase@core@UModSys@@UEAAPEAXI@Z 0000000140003058 f i  CIL library: CIL module
 0001:00002058       ??_EEFatal@core@UModSys@@UEAAPEAXI@Z 0000000140003058 f i  CIL library: CIL module
 0001:00002058       ??_GEWarning@core@UModSys@@UEAAPEAXI@Z 0000000140003058 f i umodsys_lib_basesys:umodsys.basesys.rsystem_main.obj
 0001:00002058       ??_GEFatal@core@UModSys@@UEAAPEAXI@Z 0000000140003058 f i umodsys_lib_basesys:umodsys.basesys.rsystem_main.obj
 0001:00002080       ?decode_error@EFatal@core@UModSys@@UEBAHPEAD_K@Z 0000000140003080 f i umodsys_lib_basesys:umodsys.basesys.rsystem_main.obj
 0001:000020bc       ?decode_error@EWarning@core@UModSys@@UEBAHPEAD_K@Z 00000001400030bc f i umodsys_lib_basesys:umodsys.basesys.rsystem_main.obj
 0001:000020f8       ??1EFatal@core@UModSys@@UEAA@XZ 00000001400030f8 f i umodsys_lib_basesys:umodsys.basesys.rsystem_main.obj
 0001:000020f8       ??1EWarning@core@UModSys@@UEAA@XZ 00000001400030f8 f i umodsys_lib_basesys:umodsys.basesys.rsystem_main.obj
 0001:00002104       ?get_interface_info@RSystem@rsystem@base@UModSys@@UEBAAEBUSUniquePointerInfo@core@4@XZ 0000000140003104 f i umodsys_lib_basesys:umodsys.basesys.rsystem_main.obj
 0001:0000210c       ?get_interface_type@RSystem@rsystem@base@UModSys@@UEBAPEBUSUniquePointerInfo@core@4@XZ 000000014000310c f i umodsys_lib_basesys:umodsys.basesys.rsystem_main.obj
 0001:00002114       ?get_other_interface@RSystem@rsystem@base@UModSys@@UEAAPEAUIRoot@core@4@PEBUSUniquePointerInfo@64@@Z 0000000140003114 f i umodsys_lib_basesys:umodsys.basesys.rsystem_main.obj
 0001:00002114       ?get_other_interface@RSystem@rsystem@base@UModSys@@UEBAPEBUIRoot@core@4@PEBUSUniquePointerInfo@64@@Z 0000000140003114 f i umodsys_lib_basesys:umodsys.basesys.rsystem_main.obj
 0001:00002134       ??_GRSystem@rsystem@base@UModSys@@UEAAPEAXI@Z 0000000140003134 f i umodsys_lib_basesys:umodsys.basesys.rsystem_main.obj
 0001:00002134       ??_ERSystem@rsystem@base@UModSys@@UEAAPEAXI@Z 0000000140003134 f i  CIL library: CIL module
 0001:0000214c       ??1RSystem@rsystem@base@UModSys@@UEAA@XZ 000000014000314c f   umodsys_lib_basesys:umodsys.basesys.rsystem_main.obj
 0001:00002294       ?dbg_put@rsystem@base@UModSys@@YAXW4eRSystemDebugLevels@123@PEBDZZ 0000000140003294 f   umodsys_lib_basesys:umodsys.basesys.rsystem_main.obj
 0001:000022d8       ?err_put@rsystem@base@UModSys@@YAXW4eRSystemDebugLevels@123@PEBDZZ 00000001400032d8 f   umodsys_lib_basesys:umodsys.basesys.rsystem_main.obj
 0001:0000231c       ??1?$TStaticStringPool@DU?$TComparerBinaryHash@D@su@tl@UModSys@@USMemAlloc_Malloc@core@4@@tl@UModSys@@QEAA@XZ 000000014000331c f i umodsys_lib_basesys:umodsys.basesys.rsystem_main.obj
 0001:00002324       ??1?$TQuantArrayUnique@USUniquePointerInfo@core@UModSys@@$0BAA@USMemAlloc_Malloc@23@@tl@UModSys@@QEAA@XZ 0000000140003324 f i umodsys_lib_basesys:umodsys.basesys.rsystem_main.obj
 0001:0000239c       ??1?$TTreeHoldRBD@U?$TQuantArrayNode@USSourceContext@core@UModSys@@$0BAA@@tl@UModSys@@U?$TNodeDeleter@U?$TQuantArrayNode@USSourceContext@core@UModSys@@$0BAA@@tl@UModSys@@USMemAlloc_Malloc@core@3@@23@@tl@UModSys@@QEAA@XZ 000000014000339c f i umodsys_lib_basesys:umodsys.basesys.rsystem_main.obj
 0001:0000239c       ??1?$TTreeHoldRBD@U?$TQuantArrayNode@USUniquePointerInfo@core@UModSys@@$0BAA@@tl@UModSys@@U?$TNodeDeleter@U?$TQuantArrayNode@USUniquePointerInfo@core@UModSys@@$0BAA@@tl@UModSys@@USMemAlloc_Malloc@core@3@@23@@tl@UModSys@@QEAA@XZ 000000014000339c f i umodsys_lib_basesys:umodsys.basesys.rsystem_main.obj
 0001:00002404       ?mem_alloc@?$TRMemAlloc_CC@U?$TMemAllocHeader@USMagic@mem_headers@rsystem@base@UModSys@@U?$TPool@X@2345@USDebug@2345@UVoid@core@5@@rsystem@base@UModSys@@USMemAlloc_Malloc@core@4@@rsystem@base@UModSys@@UEAAPEAX_KPEBUSSourceContext@core@4@@Z 0000000140003404 f i umodsys_lib_basesys:umodsys.basesys.rsystem_main.obj
 0001:00002454       ?mem_realloc@?$TRMemAlloc_CC@U?$TMemAllocHeader@USMagic@mem_headers@rsystem@base@UModSys@@U?$TPool@X@2345@USDebug@2345@UVoid@core@5@@rsystem@base@UModSys@@USMemAlloc_Malloc@core@4@@rsystem@base@UModSys@@UEAAPEAXPEAX_KPEBUSSourceContext@core@4@@Z 0000000140003454 f i umodsys_lib_basesys:umodsys.basesys.rsystem_main.obj
 0001:000026d8       ?mem_free@?$TRMemAlloc_CC@U?$TMemAllocHeader@USMagic@mem_headers@rsystem@base@UModSys@@U?$TPool@X@2345@USDebug@2345@UVoid@core@5@@rsystem@base@UModSys@@USMemAlloc_Malloc@core@4@@rsystem@base@UModSys@@UEAAXPEAXPEBUSSourceContext@core@4@@Z 00000001400036d8 f i umodsys_lib_basesys:umodsys.basesys.rsystem_main.obj
 0001:000027f0       ?free@?$TStaticStringPool@DU?$TComparerBinaryHash@D@su@tl@UModSys@@USMemAlloc_Malloc@core@4@@tl@UModSys@@QEAAXXZ 00000001400037f0 f i umodsys_lib_basesys:umodsys.basesys.rsystem_main.obj
 0001:00002844       ??$process_nodes_r@U?$TNodeDeleter@U?$TQuantArrayNode@USSourceContext@core@UModSys@@$0BAA@@tl@UModSys@@USMemAlloc_Malloc@core@3@@tl@UModSys@@@?$TTreeHoldRB@U?$TQuantArrayNode@USSourceContext@core@UModSys@@$0BAA@@tl@UModSys@@@tl@UModSys@@KAHPEAU?$TQuantArrayNode@USSourceContext@core@UModSys@@$0BAA@@12@AEBU?$TNodeDeleter@U?$TQuantArrayNode@USSourceContext@core@UModSys@@$0BAA@@tl@UModSys@@USMemAlloc_Malloc@core@3@@12@@Z 0000000140003844 f i umodsys_lib_basesys:umodsys.basesys.rsystem_main.obj
 0001:00002844       ??$process_nodes_r@U?$TNodeDeleter@U?$TQuantArrayNode@USUniquePointerInfo@core@UModSys@@$0BAA@@tl@UModSys@@USMemAlloc_Malloc@core@3@@tl@UModSys@@@?$TTreeHoldRB@U?$TQuantArrayNode@USUniquePointerInfo@core@UModSys@@$0BAA@@tl@UModSys@@@tl@UModSys@@KAHPEAU?$TQuantArrayNode@USUniquePointerInfo@core@UModSys@@$0BAA@@12@AEBU?$TNodeDeleter@U?$TQuantArrayNode@USUniquePointerInfo@core@UModSys@@$0BAA@@tl@UModSys@@USMemAlloc_Malloc@core@3@@12@@Z 0000000140003844 f i umodsys_lib_basesys:umodsys.basesys.rsystem_main.obj
 0001:000028a8       ??0EFatal@core@UModSys@@QEAA@AEBU012@@Z 00000001400038a8 f i umodsys_lib_basesys:umodsys.basesys.rsystem_main.obj
 0001:000028e8       ??0EExceptionBase@core@UModSys@@QEAA@AEBU012@@Z 00000001400038e8 f i umodsys_lib_basesys:umodsys.basesys.rsystem_main.obj
 0001:0000291c       ??0EWarning@core@UModSys@@QEAA@AEBU012@@Z 000000014000391c f i umodsys_lib_basesys:umodsys.basesys.rsystem_main.obj
 0001:0000295c       ?exec_test_shells@RSystem@rsystem@base@UModSys@@QEAA_NXZ 000000014000395c f   umodsys_lib_basesys:umodsys.basesys.rsystem_tests.obj
 0001:00002b44       ??1?$TParametersA@$0EAA@@core@UModSys@@QEAA@XZ 0000000140003b44 f i umodsys_lib_basesys:umodsys.basesys.rsystem_tests.obj
 0001:00002b60       ?moduledb_findobjname@RModuleLoader@rsystem@base@UModSys@@UEAA_KPEBUSUniquePointerInfo@core@4@QEAPEBU564@_KPEBD@Z 0000000140003b60 f   umodsys_lib_basesys:umodsys.basesys.rmoduleloader.obj
 0001:00002c10       ?moduledb_generate@RModuleLoader@rsystem@base@UModSys@@UEAA_NAEAU?$TRefObject@UIRefObject@core@UModSys@@@tl@4@PEBUSUniquePointerInfo@core@4@AEBUSParameters@84@@Z 0000000140003c10 f   umodsys_lib_basesys:umodsys.basesys.rmoduleloader.obj
 0001:00002c9c       ?moduledb_lib_count@RModuleLoader@rsystem@base@UModSys@@UEAA_KXZ 0000000140003c9c f   umodsys_lib_basesys:umodsys.basesys.rmoduleloader.obj
 0001:00002ca4       ?moduledb_lib_get@RModuleLoader@rsystem@base@UModSys@@UEBAPEAUIModuleLibrary@34@_K@Z 0000000140003ca4 f   umodsys_lib_basesys:umodsys.basesys.rmoduleloader.obj
 0001:00002cc4       ?moduledb_module_count@RModuleLoader@rsystem@base@UModSys@@UEAA_KXZ 0000000140003cc4 f   umodsys_lib_basesys:umodsys.basesys.rmoduleloader.obj
 0001:00002cf4       ?moduledb_module_get@RModuleLoader@rsystem@base@UModSys@@UEBAPEAUIModule@34@_K@Z 0000000140003cf4 f   umodsys_lib_basesys:umodsys.basesys.rmoduleloader.obj
 0001:00002d40       ?moduledb_find@RModuleLoader@rsystem@base@UModSys@@UEBAPEAUIModule@34@AEBU?$TString@U?$TSCoreConst@D@su@tl@UModSys@@U?$TComparerBinaryHash@D@234@@tl@4@AEBUSVersion@core@4@@Z 0000000140003d40 f   umodsys_lib_basesys:umodsys.basesys.rmoduleloader.obj
 0001:00002e78       ?moduledb_clear@RModuleLoader@rsystem@base@UModSys@@UEAAXXZ 0000000140003e78 f   umodsys_lib_basesys:umodsys.basesys.rmoduleloader.obj
 0001:00002f24       ?moduledb_cleanup@RModuleLoader@rsystem@base@UModSys@@UEAA_KXZ 0000000140003f24 f   umodsys_lib_basesys:umodsys.basesys.rmoduleloader.obj
 0001:00003090       ?moduledb_save@RModuleLoader@rsystem@base@UModSys@@UEAA_NAEBU?$TString@U?$TSCoreConst@D@su@tl@UModSys@@U?$TComparerBinaryHash@D@234@@tl@4@@Z 0000000140004090 f   umodsys_lib_basesys:umodsys.basesys.rmoduleloader.obj
 0001:00003140       ?moduledb_scan@RModuleLoader@rsystem@base@UModSys@@UEAA_KAEBU?$TString@U?$TSCoreConst@D@su@tl@UModSys@@U?$TComparerBinaryHash@D@234@@tl@4@_N@Z 0000000140004140 f   umodsys_lib_basesys:umodsys.basesys.rmoduleloader.obj
 0001:000032b4       ?moduledb_get_string@RModuleLoader@rsystem@base@UModSys@@UEAAAEBU?$TString@U?$TSCoreConst@D@su@tl@UModSys@@U?$TComparerBinaryHash@D@234@@tl@4@AEBU564@@Z 00000001400042b4 f   umodsys_lib_basesys:umodsys.basesys.rmoduleloader.obj
 0001:000032f0       ??_ERModuleLoader@rsystem@base@UModSys@@UEAAPEAXI@Z 00000001400042f0 f i  CIL library: CIL module
 0001:000032f0       ??_GRModuleLoader@rsystem@base@UModSys@@UEAAPEAXI@Z 00000001400042f0 f i umodsys_lib_basesys:umodsys.basesys.rmoduleloader.obj
 0001:00003320       ??_EIModuleLoader@base@UModSys@@UEAAPEAXI@Z 0000000140004320 f i  CIL library: CIL module
 0001:00003320       ??_GIModuleLoader@base@UModSys@@UEAAPEAXI@Z 0000000140004320 f i umodsys_lib_basesys:umodsys.basesys.rmoduleloader.obj
 0001:00003348       ??1RModuleLoader@rsystem@base@UModSys@@UEAA@XZ 0000000140004348 f   umodsys_lib_basesys:umodsys.basesys.rmoduleloader.obj
 0001:000033e0       ??1?$TDynarrayDynamic@U?$TRefObject@URModuleLibrarySO@rsystem@base@UModSys@@@tl@UModSys@@U?$TAllocator@USMemAlloc_Malloc@core@UModSys@@USCountCalcPower2@23@@23@@tl@UModSys@@QEAA@XZ 00000001400043e0 f i umodsys_lib_basesys:umodsys.basesys.rmoduleloader.obj
 0001:00003428       ?Resize@?$TDynarray@U?$TDynarrayHolderDynamic@U?$TRefObject@URModule@rsystem@base@UModSys@@@tl@UModSys@@U?$TAllocator@USMemAlloc_Malloc@core@UModSys@@USCountCalcPower2@23@@23@@tl@UModSys@@@tl@UModSys@@QEAA_N_K@Z 0000000140004428 f i umodsys_lib_basesys:umodsys.basesys.rmodulelib.obj
 0001:00003428       ?Resize@?$TDynarray@U?$TDynarrayHolderDynamic@U?$TRefObject@URModuleLibrarySO@rsystem@base@UModSys@@@tl@UModSys@@U?$TAllocator@USMemAlloc_Malloc@core@UModSys@@USCountCalcPower2@23@@23@@tl@UModSys@@@tl@UModSys@@QEAA_N_K@Z 0000000140004428 f i umodsys_lib_basesys:umodsys.basesys.rmoduleloader.obj
 0001:00003518       ?append@?$TStaticStringPool@DU?$TComparerBinaryHash@D@su@tl@UModSys@@USMemAlloc_Malloc@core@4@@tl@UModSys@@QEAAPEBU?$TString@U?$TSCoreConst@D@su@tl@UModSys@@U?$TComparerBinaryHash@D@234@@23@PEBD_K@Z 0000000140004518 f i umodsys_lib_basesys:umodsys.basesys.rmoduleloader.obj
 0001:000037f4       ?get_interface_info@RModuleLibraryThis@rsystem@base@UModSys@@UEBAAEBUSUniquePointerInfo@core@4@XZ 00000001400047f4 f i umodsys_lib_basesys:umodsys.basesys.rmodulelibthis.obj
 0001:000037fc       ?get_interface_type@RModuleLibraryThis@rsystem@base@UModSys@@UEBAPEBUSUniquePointerInfo@core@4@XZ 00000001400047fc f i umodsys_lib_basesys:umodsys.basesys.rmodulelibthis.obj
 0001:00003804       ?get_other_interface@RModuleLibraryThis@rsystem@base@UModSys@@UEAAPEAUIRoot@core@4@PEBUSUniquePointerInfo@64@@Z 0000000140004804 f i umodsys_lib_basesys:umodsys.basesys.rmodulelibthis.obj
 0001:00003804       ?get_other_interface@RModuleLibraryThis@rsystem@base@UModSys@@UEBAPEBUIRoot@core@4@PEBUSUniquePointerInfo@64@@Z 0000000140004804 f i umodsys_lib_basesys:umodsys.basesys.rmodulelibthis.obj
 0001:0000383c       ?ref_add@RModuleLibraryThis@rsystem@base@UModSys@@UEBAXXZ 000000014000483c f i umodsys_lib_basesys:umodsys.basesys.rmodulelibthis.obj
 0001:00003840       ?ref_remove@RModuleLibraryThis@rsystem@base@UModSys@@UEBAXXZ 0000000140004840 f i umodsys_lib_basesys:umodsys.basesys.rmodulelibthis.obj
 0001:00003858       ?ref_links@RModuleLibraryThis@rsystem@base@UModSys@@UEBAHXZ 0000000140004858 f i umodsys_lib_basesys:umodsys.basesys.rmodulelibthis.obj
 0001:0000385c       ?suicide@RModuleLibraryThis@rsystem@base@UModSys@@UEAAXXZ 000000014000485c f i umodsys_lib_basesys:umodsys.basesys.rmodulelibthis.obj
 0001:00003884       ?uni_load@RModuleLibraryThis@rsystem@base@UModSys@@UEAA_NXZ 0000000140004884 f   umodsys_lib_basesys:umodsys.basesys.rmodulelibthis.obj
 0001:00003894       ?uni_open@RModuleLibraryThis@rsystem@base@UModSys@@UEAA_NXZ 0000000140004894 f   umodsys_lib_basesys:umodsys.basesys.rmodulelibthis.obj
 0001:00003894       ?uni_unload@RModuleLibraryThis@rsystem@base@UModSys@@UEAA_NXZ 0000000140004894 f   umodsys_lib_basesys:umodsys.basesys.rmodulelibthis.obj
 0001:00003894       ?uni_close@RModuleLibraryThis@rsystem@base@UModSys@@UEAA_NXZ 0000000140004894 f   umodsys_lib_basesys:umodsys.basesys.rmodulelibthis.obj
 0001:00003898       ??_GRModuleLibraryThis@rsystem@base@UModSys@@UEAAPEAXI@Z 0000000140004898 f i umodsys_lib_basesys:umodsys.basesys.rmodulelibthis.obj
 0001:00003898       ??_ERModuleLibraryThis@rsystem@base@UModSys@@UEAAPEAXI@Z 0000000140004898 f i  CIL library: CIL module
 0001:000038d0       ?get_sys_libname@IModuleLibraryUni@rsystem@base@UModSys@@UEBA?AU?$TString@U?$TSCoreConst@D@su@tl@UModSys@@U?$TComparerBinaryHash@D@234@@tl@4@XZ 00000001400048d0 f   umodsys_lib_basesys:umodsys.basesys.rmodulelib.obj
 0001:000038e0       ?get_privmem@IModuleLibraryUni@rsystem@base@UModSys@@UEBAPEAUIMemAlloc@core@4@XZ 00000001400048e0 f   umodsys_lib_basesys:umodsys.basesys.rmodulelib.obj
 0001:000038e8       ?get_system@IModuleLibraryUni@rsystem@base@UModSys@@UEBAPEAUISystem@34@XZ 00000001400048e8 f   umodsys_lib_basesys:umodsys.basesys.rmodulelib.obj
 0001:000038f0       ?get_module@IModuleLibraryUni@rsystem@base@UModSys@@UEBAPEAUIModule@34@_K@Z 00000001400048f0 f   umodsys_lib_basesys:umodsys.basesys.rmodulelib.obj
 0001:00003904       ?lib_loaded@IModuleLibraryUni@rsystem@base@UModSys@@UEBA_NXZ 0000000140004904 f   umodsys_lib_basesys:umodsys.basesys.rmodulelib.obj
 0001:00003910       ?lib_load@IModuleLibraryUni@rsystem@base@UModSys@@UEAA_NXZ 0000000140004910 f   umodsys_lib_basesys:umodsys.basesys.rmodulelib.obj
 0001:0000393c       ?lib_unload@IModuleLibraryUni@rsystem@base@UModSys@@UEAA_NXZ 000000014000493c f   umodsys_lib_basesys:umodsys.basesys.rmodulelib.obj
 0001:00003950       ?lib_free@IModuleLibraryUni@rsystem@base@UModSys@@UEAA_NXZ 0000000140004950 f   umodsys_lib_basesys:umodsys.basesys.rmodulelib.obj
 0001:00003970       ?lib_findobjname@IModuleLibraryUni@rsystem@base@UModSys@@UEAA_KPEBUSUniquePointerInfo@core@4@QEAPEBU564@_KPEBD@Z 0000000140004970 f   umodsys_lib_basesys:umodsys.basesys.rmodulelib.obj
 0001:00003a14       ?lib_generate@IModuleLibraryUni@rsystem@base@UModSys@@UEAA_NAEAU?$TRefObject@UIRefObject@core@UModSys@@@tl@4@PEBUSUniquePointerInfo@core@4@AEBUSParameters@84@@Z 0000000140004a14 f   umodsys_lib_basesys:umodsys.basesys.rmodulelib.obj
 0001:00003a90       ?cleanup@IModuleLibraryUni@rsystem@base@UModSys@@QEAA_KXZ 0000000140004a90 f   umodsys_lib_basesys:umodsys.basesys.rmodulelib.obj
 0001:00003acc       ?load0@IModuleLibraryUni@rsystem@base@UModSys@@QEAA_NXZ 0000000140004acc f   umodsys_lib_basesys:umodsys.basesys.rmodulelib.obj
 0001:00003b20       ?link@IModuleLibraryUni@rsystem@base@UModSys@@QEAA_NXZ 0000000140004b20 f   umodsys_lib_basesys:umodsys.basesys.rmodulelib.obj
 0001:00003e10       ?unlink@IModuleLibraryUni@rsystem@base@UModSys@@QEAA_NXZ 0000000140004e10 f   umodsys_lib_basesys:umodsys.basesys.rmodulelib.obj
 0001:00003e60       ?scan@IModuleLibraryUni@rsystem@base@UModSys@@QEAA_NXZ 0000000140004e60 f   umodsys_lib_basesys:umodsys.basesys.rmodulelib.obj
 0001:00003ed4       ?save_db@IModuleLibraryUni@rsystem@base@UModSys@@QEAA_NPEAU_iobuf@@@Z 0000000140004ed4 f   umodsys_lib_basesys:umodsys.basesys.rmodulelib.obj
 0001:00003f5c       ??_GIModuleLibraryUni@rsystem@base@UModSys@@UEAAPEAXI@Z 0000000140004f5c f i umodsys_lib_basesys:umodsys.basesys.rmodulelib.obj
 0001:00003f5c       ??_EIModuleLibraryUni@rsystem@base@UModSys@@UEAAPEAXI@Z 0000000140004f5c f i  CIL library: CIL module
 0001:00003f74       ??1IModuleLibraryUni@rsystem@base@UModSys@@UEAA@XZ 0000000140004f74 f   umodsys_lib_basesys:umodsys.basesys.rmodulelib.obj
 0001:0000401c       ?upi_add@RSystem@rsystem@base@UModSys@@UEAAPEBUSUniquePointerInfo@core@4@PEBU564@@Z 000000014000501c f   umodsys_lib_basesys:umodsys.basesys.rsystem.obj
 0001:0000414c       ?upi_remove@RSystem@rsystem@base@UModSys@@UEAAHPEBUSUniquePointerInfo@core@4@@Z 000000014000514c f   umodsys_lib_basesys:umodsys.basesys.rsystem.obj
 0001:00004150       ?persist_ctx@RSystem@rsystem@base@UModSys@@UEAAPEBUSSourceContext@core@4@PEBU564@@Z 0000000140005150 f   umodsys_lib_basesys:umodsys.basesys.rsystem.obj
 0001:00004280       ?get_params@RSystem@rsystem@base@UModSys@@UEAAPEAUIParameters@core@4@XZ 0000000140005280 f   umodsys_lib_basesys:umodsys.basesys.rsystem.obj
 0001:00004288       ?get_console@RSystem@rsystem@base@UModSys@@UEAAPEAUIConsole@34@XZ 0000000140005288 f   umodsys_lib_basesys:umodsys.basesys.rsystem.obj
 0001:00004290       ?get_sysmem@RSystem@rsystem@base@UModSys@@UEAAPEAUIMemAlloc@core@4@XZ 0000000140005290 f   umodsys_lib_basesys:umodsys.basesys.rsystem.obj
 0001:00004298       ?get_sharemem@RSystem@rsystem@base@UModSys@@UEAAPEAUIMemAlloc@core@4@XZ 0000000140005298 f   umodsys_lib_basesys:umodsys.basesys.rsystem.obj
 0001:000042a0       ?ref_links@RConsole_std@rsystem@base@UModSys@@UEBAHXZ 00000001400052a0 f   umodsys_lib_basesys:umodsys.basesys.rconsole_std.obj
 0001:000042a0       _matherr                   00000001400052a0 f   MSVCRT:merr.obj
 0001:000042a0       ?get_syslib@RSystem@rsystem@base@UModSys@@UEAAPEAUIModuleLibrary@34@XZ 00000001400052a0 f   umodsys_lib_basesys:umodsys.basesys.rsystem.obj
 0001:000042a0       _setargv                   00000001400052a0 f   MSVCRT:dllargv.obj
 0001:000042a4       ?get_modloader@RSystem@rsystem@base@UModSys@@UEAAPEAUIModuleLoader@34@XZ 00000001400052a4 f   umodsys_lib_basesys:umodsys.basesys.rsystem.obj
 0001:000042ac       ?get_upr@RSystem@rsystem@base@UModSys@@UEAAPEAUIUniquePointerResolver@core@4@XZ 00000001400052ac f   umodsys_lib_basesys:umodsys.basesys.rsystem.obj
 0001:000042b8       ?get_sca@RSystem@rsystem@base@UModSys@@UEAAPEAUISourceContextAdapter@core@4@XZ 00000001400052b8 f   umodsys_lib_basesys:umodsys.basesys.rsystem.obj
 0001:000042c4       ?find@?$TQuantArrayUnique@USUniquePointerInfo@core@UModSys@@$0BAA@USMemAlloc_Malloc@23@@tl@UModSys@@QEAAPEBUSUniquePointerInfo@core@3@AEBU453@@Z 00000001400052c4 f i umodsys_lib_basesys:umodsys.basesys.rsystem.obj
 0001:000042c4       ?find@?$TQuantArrayUnique@USSourceContext@core@UModSys@@$0BAA@USMemAlloc_Malloc@23@@tl@UModSys@@QEAAPEBUSSourceContext@core@3@AEBU453@@Z 00000001400052c4 f i umodsys_lib_basesys:umodsys.basesys.rsystem.obj
 0001:000043a0       ?add@?$TQuantArrayUnique@USSourceContext@core@UModSys@@$0BAA@USMemAlloc_Malloc@23@@tl@UModSys@@QEAAPEAUSSourceContext@core@3@AEBU453@@Z 00000001400053a0 f i umodsys_lib_basesys:umodsys.basesys.rsystem.obj
 0001:000043a0       ?add@?$TQuantArrayUnique@USUniquePointerInfo@core@UModSys@@$0BAA@USMemAlloc_Malloc@23@@tl@UModSys@@QEAAPEAUSUniquePointerInfo@core@3@AEBU453@@Z 00000001400053a0 f i umodsys_lib_basesys:umodsys.basesys.rsystem.obj
 0001:000044e0       ?s_last@?$TQuantArrayUnique@USSourceContext@core@UModSys@@$0BAA@USMemAlloc_Malloc@23@@tl@UModSys@@KAHPEBU?$TQuantArrayNode@USSourceContext@core@UModSys@@$0BAA@@23@0@Z 00000001400054e0 f i umodsys_lib_basesys:umodsys.basesys.rsystem.obj
 0001:000044e0       ?s_last@?$TQuantArrayUnique@USUniquePointerInfo@core@UModSys@@$0BAA@USMemAlloc_Malloc@23@@tl@UModSys@@KAHPEBU?$TQuantArrayNode@USUniquePointerInfo@core@UModSys@@$0BAA@@23@0@Z 00000001400054e0 f i umodsys_lib_basesys:umodsys.basesys.rsystem.obj
 0001:000044e8       ??$insert_node_m@P6AHPEBU?$TQuantArrayNode@USSourceContext@core@UModSys@@$0BAA@@tl@UModSys@@0@Z@?$TTreeHoldRB@U?$TQuantArrayNode@USSourceContext@core@UModSys@@$0BAA@@tl@UModSys@@@tl@UModSys@@QEAAPEAU?$TQuantArrayNode@USSourceContext@core@UModSys@@$0BAA@@12@PEAU312@P6AHPEBU312@1@Z@Z 00000001400054e8 f i umodsys_lib_basesys:umodsys.basesys.rsystem.obj
 0001:000044e8       ??$insert_node_m@P6AHPEBU?$TQuantArrayNode@USUniquePointerInfo@core@UModSys@@$0BAA@@tl@UModSys@@0@Z@?$TTreeHoldRB@U?$TQuantArrayNode@USUniquePointerInfo@core@UModSys@@$0BAA@@tl@UModSys@@@tl@UModSys@@QEAAPEAU?$TQuantArrayNode@USUniquePointerInfo@core@UModSys@@$0BAA@@12@PEAU312@P6AHPEBU312@1@Z@Z 00000001400054e8 f i umodsys_lib_basesys:umodsys.basesys.rsystem.obj
 0001:000046ec       ?get_interface_info@RParameters@rsystem@base@UModSys@@UEBAAEBUSUniquePointerInfo@core@4@XZ 00000001400056ec f i umodsys_lib_basesys:umodsys.basesys.rparameters.obj
 0001:000046f4       ?get_interface_type@RParameters@rsystem@base@UModSys@@UEBAPEBUSUniquePointerInfo@core@4@XZ 00000001400056f4 f i umodsys_lib_basesys:umodsys.basesys.rparameters.obj
 0001:000046fc       ?get_other_interface@RParameters@rsystem@base@UModSys@@UEBAPEBUIRoot@core@4@PEBUSUniquePointerInfo@64@@Z 00000001400056fc f i umodsys_lib_basesys:umodsys.basesys.rparameters.obj
 0001:000046fc       ?get_other_interface@RParameters@rsystem@base@UModSys@@UEAAPEAUIRoot@core@4@PEBUSUniquePointerInfo@64@@Z 00000001400056fc f i umodsys_lib_basesys:umodsys.basesys.rparameters.obj
 0001:0000472c       ?ref_add@RParameters@rsystem@base@UModSys@@UEBAXXZ 000000014000572c f i umodsys_lib_basesys:umodsys.basesys.rparameters.obj
 0001:00004730       ?ref_remove@RParameters@rsystem@base@UModSys@@UEBAXXZ 0000000140005730 f i umodsys_lib_basesys:umodsys.basesys.rparameters.obj
 0001:00004748       ?ref_links@RParameters@rsystem@base@UModSys@@UEBAHXZ 0000000140005748 f i umodsys_lib_basesys:umodsys.basesys.rparameters.obj
 0001:0000474c       ?suicide@RParameters@rsystem@base@UModSys@@UEAAXXZ 000000014000574c f i umodsys_lib_basesys:umodsys.basesys.rparameters.obj
 0001:00004774       ?find_elem@RParameters@rsystem@base@UModSys@@IEAAPEBUElem@1234@PEBXHHHPEBD@Z 0000000140005774 f   umodsys_lib_basesys:umodsys.basesys.rparameters.obj
 0001:0000480c       ?free_elems@RParameters@rsystem@base@UModSys@@IEAAXPEAXH@Z 000000014000580c f   umodsys_lib_basesys:umodsys.basesys.rparameters.obj
 0001:000048a4       ?alloc_elems@RParameters@rsystem@base@UModSys@@IEAAXPEAXH@Z 00000001400058a4 f   umodsys_lib_basesys:umodsys.basesys.rparameters.obj
 0001:00004928       ?add_last@RParameters@rsystem@base@UModSys@@IEAA_NPEAUSParametersData@core@4@PEBDPEBXH@Z 0000000140005928 f   umodsys_lib_basesys:umodsys.basesys.rparameters.obj
 0001:00004bcc       ?p_deinit@RParameters@rsystem@base@UModSys@@UEAAXPEAUSParametersData@core@4@@Z 0000000140005bcc f   umodsys_lib_basesys:umodsys.basesys.rparameters.obj
 0001:00004c3c       ?p_init@RParameters@rsystem@base@UModSys@@UEAAXPEAUSParametersData@core@4@H@Z 0000000140005c3c f   umodsys_lib_basesys:umodsys.basesys.rparameters.obj
 0001:00004ce4       ?p_init@RParameters@rsystem@base@UModSys@@UEAAXPEAUSParametersData@core@4@AEBU564@@Z 0000000140005ce4 f   umodsys_lib_basesys:umodsys.basesys.rparameters.obj
 0001:00004dd8       ?p_copy@RParameters@rsystem@base@UModSys@@UEAAXPEAUSParametersData@core@4@AEBU564@@Z 0000000140005dd8 f   umodsys_lib_basesys:umodsys.basesys.rparameters.obj
 0001:00004f24       ?p_init_s@RParameters@rsystem@base@UModSys@@UEAAXPEAUSParametersData@core@4@PEAXH@Z 0000000140005f24 f   umodsys_lib_basesys:umodsys.basesys.rparameters.obj
 0001:00004f5c       ?p_init_s@RParameters@rsystem@base@UModSys@@UEAAXPEAUSParametersData@core@4@AEBU564@PEAXH@Z 0000000140005f5c f   umodsys_lib_basesys:umodsys.basesys.rparameters.obj
 0001:00004fdc       ?next@RParameters@rsystem@base@UModSys@@UEAA_NPEBUSParametersData@core@4@AEAPEBD@Z 0000000140005fdc f   umodsys_lib_basesys:umodsys.basesys.rparameters.obj
 0001:000050b4       ?next@RParameters@rsystem@base@UModSys@@UEAA_NPEBUSParametersData@core@4@AEAU?$TString@U?$TSCoreConst@D@su@tl@UModSys@@U?$TComparerBinaryHash@D@234@@tl@4@@Z 00000001400060b4 f   umodsys_lib_basesys:umodsys.basesys.rparameters.obj
 0001:000051e4       ?add@RParameters@rsystem@base@UModSys@@UEAA_NPEAUSParametersData@core@4@PEBD1@Z 00000001400061e4 f   umodsys_lib_basesys:umodsys.basesys.rparameters.obj
 0001:000051fc       ?add@RParameters@rsystem@base@UModSys@@UEAA_NPEAUSParametersData@core@4@PEBDH@Z 00000001400061fc f   umodsys_lib_basesys:umodsys.basesys.rparameters.obj
 0001:0000521c       ?add@RParameters@rsystem@base@UModSys@@UEAA_NPEAUSParametersData@core@4@PEBDAEBN@Z 000000014000621c f   umodsys_lib_basesys:umodsys.basesys.rparameters.obj
 0001:00005234       ?add@RParameters@rsystem@base@UModSys@@UEAA_NPEAUSParametersData@core@4@PEBDPEAUIRefObject@64@@Z 0000000140006234 f   umodsys_lib_basesys:umodsys.basesys.rparameters.obj
 0001:00005254       ?get@RParameters@rsystem@base@UModSys@@UEAA_NPEBUSParametersData@core@4@PEBDAEAPEBD@Z 0000000140006254 f   umodsys_lib_basesys:umodsys.basesys.rparameters.obj
 0001:000052cc       ?get@RParameters@rsystem@base@UModSys@@UEAA_NPEBUSParametersData@core@4@PEBDAEAH@Z 00000001400062cc f   umodsys_lib_basesys:umodsys.basesys.rparameters.obj
 0001:00005340       ?get@RParameters@rsystem@base@UModSys@@UEAA_NPEBUSParametersData@core@4@PEBDAEAN@Z 0000000140006340 f   umodsys_lib_basesys:umodsys.basesys.rparameters.obj
 0001:000053b8       ?get@RParameters@rsystem@base@UModSys@@UEAA_NPEBUSParametersData@core@4@PEBDAEAPEAUIRefObject@64@@Z 00000001400063b8 f   umodsys_lib_basesys:umodsys.basesys.rparameters.obj
 0001:000054d0       ?pfd_load@RModuleLibrarySO@rsystem@base@UModSys@@SAPEAUIModuleLibraryReg@34@PEAUPFD_Data@1234@AEBU?$TString@U?$TSCoreConst@D@su@tl@UModSys@@U?$TComparerBinaryHash@D@234@@tl@4@@Z 00000001400064d0 f   umodsys_lib_basesys:umodsys.basesys.rmodule.win32.obj
 0001:00005610       ?pfd_unload@RModuleLibrarySO@rsystem@base@UModSys@@SA_NPEAUPFD_Data@1234@@Z 0000000140006610 f   umodsys_lib_basesys:umodsys.basesys.rmodule.win32.obj
 0001:00005970       ??0?$WinPath@$0BAAA@@syshlp@core@UModSys@@QEAA@PEB_W0@Z 0000000140006970 f i umodsys_lib_basesys:umodsys.basesys.rmodule.win32.obj
 0001:00005a5c       ??0?$U16String@$0BAAA@@syshlp@core@UModSys@@QEAA@PEBD@Z 0000000140006a5c f i umodsys_lib_basesys:umodsys.basesys.rmodule.win32.obj
 0001:00005ad4       ?get_interface_info@RModule@rsystem@base@UModSys@@UEBAAEBUSUniquePointerInfo@core@4@XZ 0000000140006ad4 f i umodsys_lib_basesys:umodsys.basesys.rmodule.obj
 0001:00005adc       ?get_interface_type@RModule@rsystem@base@UModSys@@UEBAPEBUSUniquePointerInfo@core@4@XZ 0000000140006adc f i umodsys_lib_basesys:umodsys.basesys.rmodule.obj
 0001:00005ae4       ?get_other_interface@RModule@rsystem@base@UModSys@@UEBAPEBUIRoot@core@4@PEBUSUniquePointerInfo@64@@Z 0000000140006ae4 f i umodsys_lib_basesys:umodsys.basesys.rmodule.obj
 0001:00005ae4       ?get_other_interface@RModule@rsystem@base@UModSys@@UEAAPEAUIRoot@core@4@PEBUSUniquePointerInfo@64@@Z 0000000140006ae4 f i umodsys_lib_basesys:umodsys.basesys.rmodule.obj
 0001:00005b14       ?ref_add@RModule@rsystem@base@UModSys@@UEBAXXZ 0000000140006b14 f i umodsys_lib_basesys:umodsys.basesys.rmodule.obj
 0001:00005b1c       ?ref_remove@RModule@rsystem@base@UModSys@@UEBAXXZ 0000000140006b1c f i umodsys_lib_basesys:umodsys.basesys.rmodule.obj
 0001:00005b34       ?ref_links@RModule@rsystem@base@UModSys@@UEBAHXZ 0000000140006b34 f i umodsys_lib_basesys:umodsys.basesys.rmodule.obj
 0001:00005b3c       ?suicide@RModule@rsystem@base@UModSys@@UEAAXXZ 0000000140006b3c f i umodsys_lib_basesys:umodsys.basesys.rmodule.obj
 0001:00005b9c       ?get_library@RModule@rsystem@base@UModSys@@UEBAPEAUIModuleLibrary@34@XZ 0000000140006b9c f   umodsys_lib_basesys:umodsys.basesys.rmodule.obj
 0001:00005ba4       ?get_info@RModule@rsystem@base@UModSys@@UEBAAEBUSModuleInfo@34@XZ 0000000140006ba4 f   umodsys_lib_basesys:umodsys.basesys.rmodule.obj
 0001:00005bac       ?is_open@RModule@rsystem@base@UModSys@@UEBA_NXZ 0000000140006bac f   umodsys_lib_basesys:umodsys.basesys.rmodule.obj
 0001:00005bd8       ?open@RModule@rsystem@base@UModSys@@UEAA_NXZ 0000000140006bd8 f   umodsys_lib_basesys:umodsys.basesys.rmodule.obj
 0001:00005c50       ?close@RModule@rsystem@base@UModSys@@UEAA_NXZ 0000000140006c50 f   umodsys_lib_basesys:umodsys.basesys.rmodule.obj
 0001:00005ca8       ?reg@RModule@rsystem@base@UModSys@@UEAA_NPEAUIModObject@34@_N@Z 0000000140006ca8 f   umodsys_lib_basesys:umodsys.basesys.rmodule.obj
 0001:00005cc8       ?reg@RModule@rsystem@base@UModSys@@UEAA_NPEAUIGenerator@34@_N@Z 0000000140006cc8 f   umodsys_lib_basesys:umodsys.basesys.rmodule.obj
 0001:00005d14       ?mod_findobjname@RModule@rsystem@base@UModSys@@UEAA_KPEBUSUniquePointerInfo@core@4@QEAPEBU564@_KPEBD@Z 0000000140006d14 f   umodsys_lib_basesys:umodsys.basesys.rmodule.obj
 0001:00005e64       ?mod_generate@RModule@rsystem@base@UModSys@@UEAA_NAEAU?$TRefObject@UIRefObject@core@UModSys@@@tl@4@PEBUSUniquePointerInfo@core@4@AEBUSParameters@84@@Z 0000000140006e64 f   umodsys_lib_basesys:umodsys.basesys.rmodule.obj
 0001:00005fb8       ?reg_generator@RModule@rsystem@base@UModSys@@QEAA_NPEAUModuleObjInfo@1234@PEAUIGenerator@34@@Z 0000000140006fb8 f   umodsys_lib_basesys:umodsys.basesys.rmodule.obj
 0001:000061ac       ?reg_obj@RModule@rsystem@base@UModSys@@QEAAPEAUModuleObjInfo@1234@PEAUIModObject@34@@Z 00000001400071ac f   umodsys_lib_basesys:umodsys.basesys.rmodule.obj
 0001:00006338       ?unreg_obj@RModule@rsystem@base@UModSys@@QEAA_NPEAUIModObject@34@@Z 0000000140007338 f   umodsys_lib_basesys:umodsys.basesys.rmodule.obj
 0001:00006440       ?alloc_minfo@RModule@rsystem@base@UModSys@@QEAA_NAEBUSModuleInfo@34@@Z 0000000140007440 f   umodsys_lib_basesys:umodsys.basesys.rmodule.obj
 0001:00006504       ?save_db@RModule@rsystem@base@UModSys@@QEAA_NPEAU_iobuf@@@Z 0000000140007504 f   umodsys_lib_basesys:umodsys.basesys.rmodule.obj
 0001:000066f8       ??_ERModule@rsystem@base@UModSys@@UEAAPEAXI@Z 00000001400076f8 f i  CIL library: CIL module
 0001:000066f8       ??_GRModule@rsystem@base@UModSys@@UEAAPEAXI@Z 00000001400076f8 f i umodsys_lib_basesys:umodsys.basesys.rmodule.obj
 0001:0000682c       ??1?$TDynarrayDynamic@UModuleObjInfo@RModule@rsystem@base@UModSys@@U?$TAllocator@USMemAlloc_Malloc@core@UModSys@@USCountCalcPower2@23@@tl@5@@tl@UModSys@@QEAA@XZ 000000014000782c f i umodsys_lib_basesys:umodsys.basesys.rmodule.obj
 0001:0000687c       ??1?$TDynarrayDynamic@UGeneratedObjInfo@RModule@rsystem@base@UModSys@@U?$TAllocator@USMemAlloc_Malloc@core@UModSys@@USCountCalcPower2@23@@tl@5@@tl@UModSys@@QEAA@XZ 000000014000787c f i umodsys_lib_basesys:umodsys.basesys.rmodule.obj
 0001:000068c8       ??1?$TDynarrayDynamic@PEBUSUniquePointerInfo@core@UModSys@@U?$TAllocator@USMemAlloc_Malloc@core@UModSys@@USCountCalcPower2@23@@tl@3@@tl@UModSys@@QEAA@XZ 00000001400078c8 f i umodsys_lib_basesys:umodsys.basesys.rmodule.obj
 0001:00006914       ?ResizeRel@?$TDynarray@U?$TDynarrayHolderDynamic@UModuleObjInfo@RModule@rsystem@base@UModSys@@U?$TAllocator@USMemAlloc_Malloc@core@UModSys@@USCountCalcPower2@23@@tl@5@@tl@UModSys@@@tl@UModSys@@QEAA_N_J@Z 0000000140007914 f i umodsys_lib_basesys:umodsys.basesys.rmodule.obj
 0001:000069f8       ?ResizeRel@?$TDynarray@U?$TDynarrayHolderDynamic@UGeneratedObjInfo@RModule@rsystem@base@UModSys@@U?$TAllocator@USMemAlloc_Malloc@core@UModSys@@USCountCalcPower2@23@@tl@5@@tl@UModSys@@@tl@UModSys@@QEAA_N_J@Z 00000001400079f8 f i umodsys_lib_basesys:umodsys.basesys.rmodule.obj
 0001:00006ad4       ?ResizeRel@?$TDynarray@U?$TDynarrayHolderDynamic@PEBUSUniquePointerInfo@core@UModSys@@U?$TAllocator@USMemAlloc_Malloc@core@UModSys@@USCountCalcPower2@23@@tl@3@@tl@UModSys@@@tl@UModSys@@QEAA_N_J@Z 0000000140007ad4 f i umodsys_lib_basesys:umodsys.basesys.rmodule.obj
 0001:00006b6c       ??$wildcmp@D@su@tl@UModSys@@YA_NPEBD0@Z 0000000140007b6c f i umodsys_lib_basesys:umodsys.basesys.rmodule.obj
 0001:00006bf4       ?get_interface_info@RModuleLibrarySO@rsystem@base@UModSys@@UEBAAEBUSUniquePointerInfo@core@4@XZ 0000000140007bf4 f i umodsys_lib_basesys:umodsys.basesys.rmodulelibso.obj
 0001:00006bfc       ?get_interface_type@RModuleLibrarySO@rsystem@base@UModSys@@UEBAPEBUSUniquePointerInfo@core@4@XZ 0000000140007bfc f i umodsys_lib_basesys:umodsys.basesys.rmodulelibso.obj
 0001:00006c04       ?get_other_interface@RModuleLibrarySO@rsystem@base@UModSys@@UEBAPEBUIRoot@core@4@PEBUSUniquePointerInfo@64@@Z 0000000140007c04 f i umodsys_lib_basesys:umodsys.basesys.rmodulelibso.obj
 0001:00006c04       ?get_other_interface@RModuleLibrarySO@rsystem@base@UModSys@@UEAAPEAUIRoot@core@4@PEBUSUniquePointerInfo@64@@Z 0000000140007c04 f i umodsys_lib_basesys:umodsys.basesys.rmodulelibso.obj
 0001:00006c3c       ?ref_add@RModuleLibrarySO@rsystem@base@UModSys@@UEBAXXZ 0000000140007c3c f i umodsys_lib_basesys:umodsys.basesys.rmodulelibso.obj
 0001:00006c44       ?ref_remove@RModuleLibrarySO@rsystem@base@UModSys@@UEBAXXZ 0000000140007c44 f i umodsys_lib_basesys:umodsys.basesys.rmodulelibso.obj
 0001:00006c5c       ?ref_links@RModuleLibrarySO@rsystem@base@UModSys@@UEBAHXZ 0000000140007c5c f i umodsys_lib_basesys:umodsys.basesys.rmodulelibso.obj
 0001:00006c64       ?suicide@RModuleLibrarySO@rsystem@base@UModSys@@UEAAXXZ 0000000140007c64 f i umodsys_lib_basesys:umodsys.basesys.rmodulelibso.obj
 0001:00006c90       ?uni_load@RModuleLibrarySO@rsystem@base@UModSys@@UEAA_NXZ 0000000140007c90 f   umodsys_lib_basesys:umodsys.basesys.rmodulelibso.obj
 0001:00006cd4       ?uni_unload@RModuleLibrarySO@rsystem@base@UModSys@@UEAA_NXZ 0000000140007cd4 f   umodsys_lib_basesys:umodsys.basesys.rmodulelibso.obj
 0001:00006ce0       ?uni_open@RModuleLibrarySO@rsystem@base@UModSys@@UEAA_NXZ 0000000140007ce0 f   umodsys_lib_basesys:umodsys.basesys.rmodulelibso.obj
 0001:00006d1c       ?uni_close@RModuleLibrarySO@rsystem@base@UModSys@@UEAA_NXZ 0000000140007d1c f   umodsys_lib_basesys:umodsys.basesys.rmodulelibso.obj
 0001:00006d38       ?s_add@RModuleLibrarySO@rsystem@base@UModSys@@SA_NPEAUISystem@34@AEAU?$TDynarrayDynamic@U?$TRefObject@URModuleLibrarySO@rsystem@base@UModSys@@@tl@UModSys@@U?$TAllocator@USMemAlloc_Malloc@core@UModSys@@USCountCalcPower2@23@@23@@tl@4@PEBD@Z 0000000140007d38 f   umodsys_lib_basesys:umodsys.basesys.rmodulelibso.obj
 0001:00006fc4       ??_ERModuleLibrarySO@rsystem@base@UModSys@@UEAAPEAXI@Z 0000000140007fc4 f i  CIL library: CIL module
 0001:00006fc4       ??_GRModuleLibrarySO@rsystem@base@UModSys@@UEAAPEAXI@Z 0000000140007fc4 f i umodsys_lib_basesys:umodsys.basesys.rmodulelibso.obj
 0001:00007004       ??4?$TString@U?$TSCoreShared@USMemAlloc_Malloc@core@UModSys@@D@su@tl@UModSys@@U?$TComparerBinaryHash@D@234@@tl@UModSys@@QEAAAEBU012@PEBD@Z 0000000140008004 f i umodsys_lib_basesys:umodsys.basesys.rmodulelibso.obj
 0001:00007100       ?Link@SModuleContext@base@UModSys@@QEAAXPEAUISystem@23@PEAUIMemAlloc@core@3@@Z 0000000140008100 f   umodsys_lib_base:umodsys.base.modulecontext.obj
 0001:00007158       ?mlr_count@RModuleLibraryReg_Chain@base@UModSys@@UEBA_KXZ 0000000140008158 f   umodsys_lib_base:umodsys.base.moduleregchain.obj
 0001:00007190       ?mlr_get@RModuleLibraryReg_Chain@base@UModSys@@UEBAPEAUIModuleReg@23@_K@Z 0000000140008190 f   umodsys_lib_base:umodsys.base.moduleregchain.obj
 0001:000071bc       ?mlr_open@RModuleLibraryReg_Chain@base@UModSys@@UEAA_NPEAUISystem@23@PEAUIMemAlloc@core@3@@Z 00000001400081bc f   umodsys_lib_base:umodsys.base.moduleregchain.obj
 0001:000071e8       ?mlr_close@RModuleLibraryReg_Chain@base@UModSys@@UEAA_NXZ 00000001400081e8 f   umodsys_lib_base:umodsys.base.moduleregchain.obj
 0001:00007228       ?mlr_isopen@RModuleLibraryReg_Chain@base@UModSys@@UEBA_NXZ 0000000140008228 f   umodsys_lib_base:umodsys.base.moduleregchain.obj
 0001:00007238       ??_GRModuleLibraryReg_Chain@base@UModSys@@UEAAPEAXI@Z 0000000140008238 f i umodsys_lib_base:umodsys.base.moduleregchain.obj
 0001:00007238       ??_ERModuleLibraryReg_Chain@base@UModSys@@UEAAPEAXI@Z 0000000140008238 f i  CIL library: CIL module
 0001:00007238       ??_EIModuleLibraryReg@base@UModSys@@UEAAPEAXI@Z 0000000140008238 f i  CIL library: CIL module
 0001:00007238       ??_GIModuleLibraryReg@base@UModSys@@UEAAPEAXI@Z 0000000140008238 f i umodsys_lib_base:umodsys.base.modulereg.obj
 0001:00007260       UModSys_Plugin_Entry2      0000000140008260 f   umodsys_lib_base:umodsys.so_main.win32.obj
 0001:00007268       ??_GRModuleReg@stdio@media@modules@UModSys@@UEAAPEAXI@Z 0000000140008268 f i umodsys_lib_libmedia:umodsys.mod.media.stdio.obj
 0001:00007268       ??_EIModuleReg@base@UModSys@@UEAAPEAXI@Z 0000000140008268 f i  CIL library: CIL module
 0001:00007268       ??_GIModuleReg@base@UModSys@@UEAAPEAXI@Z 0000000140008268 f i umodsys_lib_base:umodsys.base.modulereg.obj
 0001:00007268       ??_ERModuleReg@stdio@media@modules@UModSys@@UEAAPEAXI@Z 0000000140008268 f i  CIL library: CIL module
 0001:00007290       ?mr_isopen@IModuleReg@base@UModSys@@UEBA_NXZ 0000000140008290 f   umodsys_lib_base:umodsys.base.modulereg.obj
 0001:0000729c       ?mr_open@IModuleReg@base@UModSys@@UEAA_NXZ 000000014000829c f   umodsys_lib_base:umodsys.base.modulereg.obj
 0001:000072c0       ?mr_close@IModuleReg@base@UModSys@@UEAA_NXZ 00000001400082c0 f   umodsys_lib_base:umodsys.base.modulereg.obj
 0001:000072dc       ??1IModuleLoader@base@UModSys@@UEAA@XZ 00000001400082dc f   umodsys_lib_base:umodsys.base.moduleloader.obj
 0001:000072e8       ??1IStreamWriter@libmedia@UModSys@@UEAA@XZ 00000001400082e8 f   umodsys_lib_libmedia:umodsys.mod.media.stdio.obj
 0001:000072e8       ??1IStreamReader@libmedia@UModSys@@UEAA@XZ 00000001400082e8 f   umodsys_lib_libmedia:umodsys.mod.media.stdio.obj
 0001:000072e8       ??1ISystem@base@UModSys@@UEAA@XZ 00000001400082e8 f   umodsys_lib_base:umodsys.base.system.obj
 0001:000072e8       ??1IModule@base@UModSys@@UEAA@XZ 00000001400082e8 f   umodsys_lib_base:umodsys.base.module.obj
 0001:000072e8       ??1IDataArchive@libmedia@UModSys@@UEAA@XZ 00000001400082e8 f   umodsys_lib_libmedia:umodsys.mod.media.stdio.obj
 0001:000072f4       ??0SUniquePointer@core@UModSys@@QEAA@PEBD0H@Z 00000001400082f4 f   umodsys_lib_core:umodsys.core.uniqueptr.obj
 0001:00007340       ??1SUniquePointer@core@UModSys@@QEAA@XZ 0000000140008340 f   umodsys_lib_core:umodsys.core.uniqueptr.obj
 0001:00007368       ?s_resolve@SUniquePointer@core@UModSys@@SAXPEAUIUniquePointerResolver@23@@Z 0000000140008368 f   umodsys_lib_core:umodsys.core.uniqueptr.obj
 0001:000073d0       ?s_unresolve@SUniquePointer@core@UModSys@@SAXPEAUIUniquePointerResolver@23@@Z 00000001400083d0 f   umodsys_lib_core:umodsys.core.uniqueptr.obj
 0001:00007424       ?c_fopen@syshlp@core@UModSys@@YAPEAU_iobuf@@PEBD0@Z 0000000140008424 f   umodsys_lib_core:umodsys.core.syshlp_files.win32.obj
 0001:000074f8       ?c_fopentemp@syshlp@core@UModSys@@YAPEAU_iobuf@@AEAPEADPEBD@Z 00000001400084f8 f   umodsys_lib_core:umodsys.core.syshlp_files.win32.obj
 0001:000075c0       ?c_fendtemp@syshlp@core@UModSys@@YA_NAEAPEAU_iobuf@@AEAPEAD_N@Z 00000001400085c0 f   umodsys_lib_core:umodsys.core.syshlp_files.win32.obj
 0001:00007694       ??3IRoot@core@UModSys@@SAXPEAXAEBUSIMemAlloc@12@@Z 0000000140008694 f   umodsys_lib_core:umodsys.core.objects.obj
 0001:000076a8       ?gracial_convert@syshlp@core@UModSys@@YA_NPEADHPEB_WH@Z 00000001400086a8 f   umodsys_lib_core:umodsys.core.syshlp_charcode.win32.obj
 0001:000076f0       _onexit                    00000001400086f0 f   MSVCRT:atonexit.obj
 0001:000077a0       atexit                     00000001400087a0 f   MSVCRT:atonexit.obj
 0001:00007a88       mainCRTStartup             0000000140008a88 f   MSVCRT:crtexe.obj
 0001:00007a9a       _purecall                  0000000140008a9a f   MSVCRT:MSVCR90.dll
 0001:00007aa0       ??3@YAXPEAX@Z              0000000140008aa0 f   MSVCRT:MSVCR90.dll
 0001:00007aa8       ??_Etype_info@@UEAAPEAXI@Z 0000000140008aa8 f i MSVCRT:ti_inst.obj
 0001:00007b12       __C_specific_handler       0000000140008b12 f   MSVCRT:MSVCR90.dll
 0001:00007b18       _unlock                    0000000140008b18 f   MSVCRT:MSVCR90.dll
 0001:00007b1e       __dllonexit                0000000140008b1e f   MSVCRT:MSVCR90.dll
 0001:00007b24       _lock                      0000000140008b24 f   MSVCRT:MSVCR90.dll
 0001:00007b2c       ?__CxxUnhandledExceptionFilter@@YAJPEAU_EXCEPTION_POINTERS@@@Z 0000000140008b2c f   MSVCRT:unhandld.obj
 0001:00007b70       __CxxSetUnhandledExceptionFilter 0000000140008b70 f   MSVCRT:unhandld.obj
 0001:00007b88       _amsg_exit                 0000000140008b88 f   MSVCRT:MSVCR90.dll
 0001:00007b90       _RTC_Initialize            0000000140008b90 f   MSVCRT:_initsect_.obj
 0001:00007bc8       _RTC_Terminate             0000000140008bc8 f   MSVCRT:_initsect_.obj
 0001:00007c00       _XcptFilter                0000000140008c00 f   MSVCRT:MSVCR90.dll
 0001:00007c10       _ValidateImageBase         0000000140008c10 f   MSVCRT:pesect.obj
 0001:00007c40       _FindPESection             0000000140008c40 f   MSVCRT:pesect.obj
 0001:00007c90       _IsNonwritableInCurrentImage 0000000140008c90 f   MSVCRT:pesect.obj
 0001:00007cd2       _initterm                  0000000140008cd2 f   MSVCRT:MSVCR90.dll
 0001:00007cd8       _initterm_e                0000000140008cd8 f   MSVCRT:MSVCR90.dll
 0001:00007ce0       __security_init_cookie     0000000140008ce0 f   MSVCRT:gs_support.obj
 0001:00007d94       ?__ArrayUnwind@@YAXPEAX_KHP6AX0@Z@Z 0000000140008d94 f   MSVCRT:ehvecdtr.obj
 0001:00007de0       ??_M@YAXPEAX_KHP6AX0@Z@Z   0000000140008de0 f   MSVCRT:ehvecdtr.obj
 0001:00007e3e       ?terminate@@YAXXZ          0000000140008e3e f   MSVCRT:MSVCR90.dll
 0001:00007e44       ??1type_info@@UEAA@XZ      0000000140008e44 f   MSVCRT:MSVCR90.dll
 0001:00007e44       ?_type_info_dtor_internal_method@type_info@@QEAAXXZ 0000000140008e44 f   MSVCRT:MSVCR90.dll
 0001:00007e4a       memcpy                     0000000140008e4a f   MSVCRT:MSVCR90.dll
 0001:00007e50       __CxxFrameHandler3         0000000140008e50 f   MSVCRT:MSVCR90.dll
 0001:00007e56       _CxxThrowException         0000000140008e56 f   MSVCRT:MSVCR90.dll
 0001:00007e70       __chkstk                   0000000140008e70 f   MSVCRT:chkstk.obj
 0001:00007e70       _alloca_probe              0000000140008e70     MSVCRT:chkstk.obj
 0002:00000000       __imp_GetCurrentProcessId  000000014000a000     kernel32:KERNEL32.dll
 0002:00000008       __imp_GetCurrentThreadId   000000014000a008     kernel32:KERNEL32.dll
 0002:00000010       __imp_GetTickCount         000000014000a010     kernel32:KERNEL32.dll
 0002:00000018       __imp_QueryPerformanceCounter 000000014000a018     kernel32:KERNEL32.dll
 0002:00000020       __imp_SetUnhandledExceptionFilter 000000014000a020     kernel32:KERNEL32.dll
 0002:00000028       __imp_Sleep                000000014000a028     kernel32:KERNEL32.dll
 0002:00000030       __imp_MultiByteToWideChar  000000014000a030     kernel32:KERNEL32.dll
 0002:00000038       __imp_WideCharToMultiByte  000000014000a038     kernel32:KERNEL32.dll
 0002:00000040       __imp_SetConsoleOutputCP   000000014000a040     kernel32:KERNEL32.dll
 0002:00000048       __imp_GetLastError         000000014000a048     kernel32:KERNEL32.dll
 0002:00000050       __imp_GetConsoleOutputCP   000000014000a050     kernel32:KERNEL32.dll
 0002:00000058       __imp_FindNextFileW        000000014000a058     kernel32:KERNEL32.dll
 0002:00000060       __imp_FindClose            000000014000a060     kernel32:KERNEL32.dll
 0002:00000068       __imp_GetProcAddress       000000014000a068     kernel32:KERNEL32.dll
 0002:00000070       __imp_GetModuleFileNameW   000000014000a070     kernel32:KERNEL32.dll
 0002:00000078       __imp_GetModuleHandleW     000000014000a078     kernel32:KERNEL32.dll
 0002:00000080       __imp_LoadLibraryExW       000000014000a080     kernel32:KERNEL32.dll
 0002:00000088       __imp_FreeLibrary          000000014000a088     kernel32:KERNEL32.dll
 0002:00000090       __imp_SetErrorMode         000000014000a090     kernel32:KERNEL32.dll
 0002:00000098       __imp_FindFirstFileW       000000014000a098     kernel32:KERNEL32.dll
 0002:000000a0       __imp_GetFullPathNameW     000000014000a0a0     kernel32:KERNEL32.dll
 0002:000000a8       __imp_GetSystemTimeAsFileTime 000000014000a0a8     kernel32:KERNEL32.dll
 0002:000000b0       \177KERNEL32_NULL_THUNK_DATA 000000014000a0b0     kernel32:KERNEL32.dll
 0002:000000b8       __imp__vsnprintf           000000014000a0b8     MSVCRT:MSVCR90.dll
 0002:000000c0       __imp___C_specific_handler 000000014000a0c0     MSVCRT:MSVCR90.dll
 0002:000000c8       __imp__unlock              000000014000a0c8     MSVCRT:MSVCR90.dll
 0002:000000d0       __imp___dllonexit          000000014000a0d0     MSVCRT:MSVCR90.dll
 0002:000000d8       __imp__encode_pointer      000000014000a0d8     MSVCRT:MSVCR90.dll
 0002:000000e0       __imp__lock                000000014000a0e0     MSVCRT:MSVCR90.dll
 0002:000000e8       __imp__onexit              000000014000a0e8     MSVCRT:MSVCR90.dll
 0002:000000f0       __imp__decode_pointer      000000014000a0f0     MSVCRT:MSVCR90.dll
 0002:000000f8       __imp__amsg_exit           000000014000a0f8     MSVCRT:MSVCR90.dll
 0002:00000100       __imp___getmainargs        000000014000a100     MSVCRT:MSVCR90.dll
 0002:00000108       __imp__XcptFilter          000000014000a108     MSVCRT:MSVCR90.dll
 0002:00000110       __imp__exit                000000014000a110     MSVCRT:MSVCR90.dll
 0002:00000118       __imp_exit                 000000014000a118     MSVCRT:MSVCR90.dll
 0002:00000120       __imp___initenv            000000014000a120     MSVCRT:MSVCR90.dll
 0002:00000128       __imp__initterm            000000014000a128     MSVCRT:MSVCR90.dll
 0002:00000130       __imp__initterm_e          000000014000a130     MSVCRT:MSVCR90.dll
 0002:00000138       __imp__configthreadlocale  000000014000a138     MSVCRT:MSVCR90.dll
 0002:00000140       __imp___setusermatherr     000000014000a140     MSVCRT:MSVCR90.dll
 0002:00000148       __imp__commode             000000014000a148     MSVCRT:MSVCR90.dll
 0002:00000150       __imp__fmode               000000014000a150     MSVCRT:MSVCR90.dll
 0002:00000158       __imp___set_app_type       000000014000a158     MSVCRT:MSVCR90.dll
 0002:00000160       __imp_?terminate@@YAXXZ    000000014000a160     MSVCRT:MSVCR90.dll
 0002:00000168       __imp_?_type_info_dtor_internal_method@type_info@@QEAAXXZ 000000014000a168     MSVCRT:MSVCR90.dll
 0002:00000170       __imp_remove               000000014000a170     MSVCRT:MSVCR90.dll
 0002:00000178       __imp__wfopen              000000014000a178     MSVCRT:MSVCR90.dll
 0002:00000180       __imp_rename               000000014000a180     MSVCRT:MSVCR90.dll
 0002:00000188       __imp_realloc              000000014000a188     MSVCRT:MSVCR90.dll
 0002:00000190       __imp_fprintf              000000014000a190     MSVCRT:MSVCR90.dll
 0002:00000198       __imp_strncpy              000000014000a198     MSVCRT:MSVCR90.dll
 0002:000001a0       __imp_strncmp              000000014000a1a0     MSVCRT:MSVCR90.dll
 0002:000001a8       __imp__snprintf            000000014000a1a8     MSVCRT:MSVCR90.dll
 0002:000001b0       __imp_malloc               000000014000a1b0     MSVCRT:MSVCR90.dll
 0002:000001b8       __imp_free                 000000014000a1b8     MSVCRT:MSVCR90.dll
 0002:000001c0       __imp_vfprintf             000000014000a1c0     MSVCRT:MSVCR90.dll
 0002:000001c8       __imp___iob_func           000000014000a1c8     MSVCRT:MSVCR90.dll
 0002:000001d0       __imp_strstr               000000014000a1d0     MSVCRT:MSVCR90.dll
 0002:000001d8       __imp_fclose               000000014000a1d8     MSVCRT:MSVCR90.dll
 0002:000001e0       __imp_fseek                000000014000a1e0     MSVCRT:MSVCR90.dll
 0002:000001e8       __imp_ftell                000000014000a1e8     MSVCRT:MSVCR90.dll
 0002:000001f0       __imp_fwrite               000000014000a1f0     MSVCRT:MSVCR90.dll
 0002:000001f8       __imp__fileno              000000014000a1f8     MSVCRT:MSVCR90.dll
 0002:00000200       __imp_??3@YAXPEAX@Z        000000014000a200     MSVCRT:MSVCR90.dll
 0002:00000208       __imp__purecall            000000014000a208     MSVCRT:MSVCR90.dll
 0002:00000210       __imp_fread                000000014000a210     MSVCRT:MSVCR90.dll
 0002:00000218       __imp__chsize              000000014000a218     MSVCRT:MSVCR90.dll
 0002:00000220       __imp__cexit               000000014000a220     MSVCRT:MSVCR90.dll
 0002:00000228       __imp_fflush               000000014000a228     MSVCRT:MSVCR90.dll
 0002:00000230       __imp_memcpy               000000014000a230     MSVCRT:MSVCR90.dll
 0002:00000238       __imp___CxxFrameHandler3   000000014000a238     MSVCRT:MSVCR90.dll
 0002:00000240       __imp__CxxThrowException   000000014000a240     MSVCRT:MSVCR90.dll
 0002:00000248       \177MSVCR90_NULL_THUNK_DATA 000000014000a248     MSVCRT:MSVCR90.dll
 0002:00000250       __xc_a                     000000014000a250     MSVCRT:cinitexe.obj
 0002:00000418       __xc_z                     000000014000a418     MSVCRT:cinitexe.obj
 0002:00000420       __xi_a                     000000014000a420     MSVCRT:cinitexe.obj
 0002:00000438       __xi_z                     000000014000a438     MSVCRT:cinitexe.obj
 0002:00000448       ??_7type_info@@6B@         000000014000a448     MSVCRT:ti_inst.obj
 0002:00000450       ??_C@_0P@GHFPNOJB@bad?5allocation?$AA@ 000000014000a450     umodsys.c_main.obj
 0002:00000460       ??_C@_0BF@OCNNAADO@UModSys?3?3core?3?3IRoot?$AA@ 000000014000a460     umodsys.c_main.obj
 0002:00000478       ??_C@_0BK@EMIJFOPA@UModSys?3?3core?3?3IRefObject?$AA@ 000000014000a478     umodsys.c_main.obj
 0002:00000498       ??_C@_0BL@IOMMHELF@UModSys?3?3core?3?3IParameters?$AA@ 000000014000a498     umodsys.c_main.obj
 0002:000004b8       ??_C@_0BH@LKDEEPPM@UModSys?3?3base?3?3IModule?$AA@ 000000014000a4b8     umodsys.c_main.obj
 0002:000004d0       ??_C@_0BO@PHJOHFCB@UModSys?3?3base?3?3IModuleLibrary?$AA@ 000000014000a4d0     umodsys.c_main.obj
 0002:000004f0       ??_C@_0BK@FDPIOPHG@UModSys?3?3base?3?3IModObject?$AA@ 000000014000a4f0     umodsys.c_main.obj
 0002:00000510       ??_C@_0BK@OIBKNCKJ@UModSys?3?3base?3?3IGenerator?$AA@ 000000014000a510     umodsys.c_main.obj
 0002:00000530       ??_C@_0BG@PJBGCMEC@UModSys?3?3base?3?3IShell?$AA@ 000000014000a530     umodsys.c_main.obj
 0002:00000548       ??_C@_0BI@IKAOEFAP@UModSys?3?3base?3?3IConsole?$AA@ 000000014000a548     umodsys.c_main.obj
 0002:00000560       ??_C@_0BH@PFCONEJJ@UModSys?3?3base?3?3ISystem?$AA@ 000000014000a560     umodsys.c_main.obj
 0002:00000578       ??_C@_0CA@MDFMKLLN@UModSys?3?3base?3?3rsystem?3?3RModule?$AA@ 000000014000a578     umodsys.c_main.obj
 0002:00000598       ??_C@_0CK@MJPNGLHN@UModSys?3?3base?3?3rsystem?3?3IModuleL@ 000000014000a598     umodsys.c_main.obj
 0002:000005c8       ??_C@_0CJ@OPOMMGLJ@UModSys?3?3base?3?3rsystem?3?3RModuleL@ 000000014000a5c8     umodsys.c_main.obj
 0002:000005f8       ??_C@_0CL@ILNBAMJF@UModSys?3?3base?3?3rsystem?3?3RModuleL@ 000000014000a5f8     umodsys.c_main.obj
 0002:00000628       ??_C@_0CE@IHGMMEEA@UModSys?3?3base?3?3rsystem?3?3RParamet@ 000000014000a628     umodsys.c_main.obj
 0002:00000650       ??_C@_0CA@IMEGDANI@UModSys?3?3base?3?3rsystem?3?3RSystem?$AA@ 000000014000a650     umodsys.c_main.obj
 0002:00000670       ??_C@_0CF@KIMLNODL@UModSys?3?3base?3?3rsystem?3?3RConsole@ 000000014000a670     umodsys.c_main.obj
 0002:00000698       ??_C@_0M@DCEPEPFJ@umodsys?4log?$AA@ 000000014000a698     umodsys.c_main.obj
 0002:000006a4       ??_C@_00CNPNBAHC@?$AA@     000000014000a6a4     umodsys.c_main.obj
 0002:000006a8       ??_C@_01NBENCBCI@?$CK?$AA@ 000000014000a6a8     umodsys.c_main.obj
 0002:000006b0       ??_C@_0BC@JABDEAFI@moduledb?4conf?9hdb?$AA@ 000000014000a6b0     umodsys.c_main.obj
 0002:000006c8       ??_C@_08FCBDOIAH@typeinfo?$AA@ 000000014000a6c8     umodsys.c_main.obj
 0002:000006d8       ??_C@_0CB@CLGNFEGF@UModSys?3?3libmedia?3?3IStreamReader@ 000000014000a6d8     umodsys_lib_libmedia:umodsys.mod.media.stdio.obj
 0002:00000700       ??_C@_0CB@HOPFFLP@UModSys?3?3libmedia?3?3IStreamWriter@ 000000014000a700     umodsys_lib_libmedia:umodsys.mod.media.stdio.obj
 0002:00000728       ??_C@_0CA@BFJGGLCC@UModSys?3?3libmedia?3?3IDataArchive?$AA@ 000000014000a728     umodsys_lib_libmedia:umodsys.mod.media.stdio.obj
 0002:00000748       ??_C@_0DD@HMDIDEEB@UModSys?3?3modules?3?3media?3?3stdio?3?3@ 000000014000a748     umodsys_lib_libmedia:umodsys.mod.media.stdio.obj
 0002:00000780       ??_C@_08BABJIOEM@filename?$AA@ 000000014000a780     umodsys_lib_libmedia:umodsys.mod.media.stdio.obj
 0002:0000078c       ??_C@_02JDPG@rb?$AA@       000000014000a78c     umodsys_lib_libmedia:umodsys.mod.media.stdio.obj
 0002:00000790       ??_C@_0DD@NMEBJAJM@UModSys?3?3modules?3?3media?3?3stdio?3?3@ 000000014000a790     umodsys_lib_libmedia:umodsys.mod.media.stdio.obj
 0002:000007c4       ??_C@_04FAOFCKOL@safe?$AA@ 000000014000a7c4     umodsys_lib_libmedia:umodsys.mod.media.stdio.obj
 0002:000007cc       ??_C@_02GMLFBBN@wb?$AA@    000000014000a7cc     umodsys_lib_libmedia:umodsys.mod.media.stdio.obj
 0002:000007d0       ??_C@_0DE@KBMIHBCD@UModSys?3?3modules?3?3media?3?3stdio?3?3@ 000000014000a7d0     umodsys_lib_libmedia:umodsys.mod.media.stdio.obj
 0002:00000804       ??_C@_01LFCBOECM@?4?$AA@   000000014000a804     umodsys_lib_libmedia:umodsys.mod.media.stdio.obj
 0002:00000808       ??_C@_04LNEJFJGI@path?$AA@ 000000014000a808     umodsys_lib_libmedia:umodsys.mod.media.stdio.obj
 0002:00000810       ??_C@_08PEIJGPHF@pathname?$AA@ 000000014000a810     umodsys_lib_libmedia:umodsys.mod.media.stdio.obj
 0002:00000820       ??_C@_0M@PANNIBHH@permissions?$AA@ 000000014000a820     umodsys_lib_libmedia:umodsys.mod.media.stdio.obj
 0002:00000830       ??_C@_0CL@IOBDHHMI@UModSys?3?3modules?3?3media?3?3stdio?3?3@ 000000014000a830     umodsys_lib_libmedia:umodsys.mod.media.stdio.obj
 0002:00000860       ??_C@_0DE@OOLAIIHN@UMODSYS_MODULE_NAME?$CImedia?0stdio?$CJ@ 000000014000a860     umodsys_lib_libmedia:umodsys.mod.media.stdio.obj
 0002:00000898       ??_C@_09JGNMLHG@modobject?$AA@ 000000014000a898     umodsys_lib_libmedia:umodsys.mod.media.stdio.obj
 0002:000008b8       ??_7IRoot@core@UModSys@@6B@ 000000014000a8b8     umodsys_lib_libmedia:umodsys.mod.media.stdio.obj
[...]
 0001:00008146       ?dtor$0@?0???$t_gen_param@URStreamWriter_FILE@stdio@media@modules@UModSys@@URGenerator@2345@@IGenerator@base@UModSys@@IEAA_NPEAURGenerator@stdio@media@modules@2@AEAU?$TRefObject@UIRefObject@core@UModSys@@@tl@2@PEBUSUniquePointerInfo@core@2@AEBUSParameters@core@2@@Z@4HA 0000000140009146 f    CIL library: CIL module
 0001:00008166       ?dtor$1@?0???$t_gen_param@URStreamWriter_FILE@stdio@media@modules@UModSys@@URGenerator@2345@@IGenerator@base@UModSys@@IEAA_NPEAURGenerator@stdio@media@modules@2@AEAU?$TRefObject@UIRefObject@core@UModSys@@@tl@2@PEBUSUniquePointerInfo@core@2@AEBUSParameters@core@2@@Z@4HA 0000000140009166 f    CIL library: CIL module
 0001:00008186       ?dtor$2@?0???$t_gen_param@URStreamWriter_FILE@stdio@media@modules@UModSys@@URGenerator@2345@@IGenerator@base@UModSys@@IEAA_NPEAURGenerator@stdio@media@modules@2@AEAU?$TRefObject@UIRefObject@core@UModSys@@@tl@2@PEBUSUniquePointerInfo@core@2@AEBUSParameters@core@2@@Z@4HA 0000000140009186 f    CIL library: CIL module
 0001:0000819e       ?dtor$0@?0???_GRStreamWriter_FILE@stdio@media@modules@UModSys@@UEAAPEAXI@Z@4HA 000000014000919e f    CIL library: CIL module
 0001:0000819e       ?dtor$0@?0???_GRDataArchiver_OsDir@stdio@media@modules@UModSys@@UEAAPEAXI@Z@4HA 000000014000919e f    CIL library: CIL module
 0001:000081b6       ?dtor$0@?0??load_reader@RDataArchiver_OsDir@stdio@media@modules@UModSys@@UEAA?AU?$TRefObject@UIStreamReader@libmedia@UModSys@@@tl@5@AEBU?$TString@U?$TSCoreConst@D@su@tl@UModSys@@U?$TComparerBinaryHash@D@234@@75@H@Z@4HA 00000001400091b6 f    CIL library: CIL module
 0001:000081b6       ?dtor$0@?0??save_writer@RDataArchiver_OsDir@stdio@media@modules@UModSys@@UEAA?AU?$TRefObject@UIStreamWriter@libmedia@UModSys@@@tl@5@AEBU?$TString@U?$TSCoreConst@D@su@tl@UModSys@@U?$TComparerBinaryHash@D@234@@75@H@Z@4HA 00000001400091b6 f    CIL library: CIL module
 0001:000081e6       ?dtor$1@?0??load_reader@RDataArchiver_OsDir@stdio@media@modules@UModSys@@UEAA?AU?$TRefObject@UIStreamReader@libmedia@UModSys@@@tl@5@AEBU?$TString@U?$TSCoreConst@D@su@tl@UModSys@@U?$TComparerBinaryHash@D@234@@75@H@Z@4HA 00000001400091e6 f    CIL library: CIL module
 0001:000081e6       ?dtor$1@?0??save_writer@RDataArchiver_OsDir@stdio@media@modules@UModSys@@UEAA?AU?$TRefObject@UIStreamWriter@libmedia@UModSys@@@tl@5@AEBU?$TString@U?$TSCoreConst@D@su@tl@UModSys@@U?$TComparerBinaryHash@D@234@@75@H@Z@4HA 00000001400091e6 f    CIL library: CIL module
 0001:00008206       ?dtor$2@?0??save_writer@RDataArchiver_OsDir@stdio@media@modules@UModSys@@UEAA?AU?$TRefObject@UIStreamWriter@libmedia@UModSys@@@tl@5@AEBU?$TString@U?$TSCoreConst@D@su@tl@UModSys@@U?$TComparerBinaryHash@D@234@@75@H@Z@4HA 0000000140009206 f    CIL library: CIL module
 0001:00008206       ?dtor$2@?0??load_reader@RDataArchiver_OsDir@stdio@media@modules@UModSys@@UEAA?AU?$TRefObject@UIStreamReader@libmedia@UModSys@@@tl@5@AEBU?$TString@U?$TSCoreConst@D@su@tl@UModSys@@U?$TComparerBinaryHash@D@234@@75@H@Z@4HA 0000000140009206 f    CIL library: CIL module
 0001:00008226       ?dtor$3@?0??load_reader@RDataArchiver_OsDir@stdio@media@modules@UModSys@@UEAA?AU?$TRefObject@UIStreamReader@libmedia@UModSys@@@tl@5@AEBU?$TString@U?$TSCoreConst@D@su@tl@UModSys@@U?$TComparerBinaryHash@D@234@@75@H@Z@4HA 0000000140009226 f    CIL library: CIL module
 0001:00008226       ?dtor$3@?0??save_writer@RDataArchiver_OsDir@stdio@media@modules@UModSys@@UEAA?AU?$TRefObject@UIStreamWriter@libmedia@UModSys@@@tl@5@AEBU?$TString@U?$TSCoreConst@D@su@tl@UModSys@@U?$TComparerBinaryHash@D@234@@75@H@Z@4HA 0000000140009226 f    CIL library: CIL module
 0001:00008246       ?dtor$4@?0??load_reader@RDataArchiver_OsDir@stdio@media@modules@UModSys@@UEAA?AU?$TRefObject@UIStreamReader@libmedia@UModSys@@@tl@5@AEBU?$TString@U?$TSCoreConst@D@su@tl@UModSys@@U?$TComparerBinaryHash@D@234@@75@H@Z@4HA 0000000140009246 f    CIL library: CIL module
 0001:00008246       ?dtor$4@?0??save_writer@RDataArchiver_OsDir@stdio@media@modules@UModSys@@UEAA?AU?$TRefObject@UIStreamWriter@libmedia@UModSys@@@tl@5@AEBU?$TString@U?$TSCoreConst@D@su@tl@UModSys@@U?$TComparerBinaryHash@D@234@@75@H@Z@4HA 0000000140009246 f    CIL library: CIL module
 0001:0000825e       ?dtor$0@?0??suicide@RDataArchiver_OsDir@stdio@media@modules@UModSys@@UEAAXXZ@4HA 000000014000925e f    CIL library: CIL module
 0001:0000825e       ?dtor$0@?0??suicide@RStreamWriter_FILE@stdio@media@modules@UModSys@@UEAAXXZ@4HA 000000014000925e f    CIL library: CIL module
 0001:0000825e       ?dtor$0@?0??suicide@RStreamReader_FILE@stdio@media@modules@UModSys@@UEAAXXZ@4HA 000000014000925e f    CIL library: CIL module
 0001:0000825e       ?dtor$0@?0??suicide@RModule@rsystem@base@UModSys@@UEAAXXZ@4HA 000000014000925e f    CIL library: CIL module
 0001:00008276       ?dtor$0@?0???_GRModuleLibraryThis@rsystem@base@UModSys@@UEAAPEAXI@Z@4HA 0000000140009276 f    CIL library: CIL module
 0001:00008276       ?dtor$0@?0???_GRModuleLibrarySO@rsystem@base@UModSys@@UEAAPEAXI@Z@4HA 0000000140009276 f    CIL library: CIL module
 0001:0000828e       ?dtor$0@?0??link@IModuleLibraryUni@rsystem@base@UModSys@@QEAA_NXZ@4HA 000000014000928e f    CIL library: CIL module
 0001:000082ae       ?dtor$2@?0??link@IModuleLibraryUni@rsystem@base@UModSys@@QEAA_NXZ@4HA 00000001400092ae f    CIL library: CIL module
 0001:000082ce       ?dtor$3@?0??link@IModuleLibraryUni@rsystem@base@UModSys@@QEAA_NXZ@4HA 00000001400092ce f    CIL library: CIL module
 0001:000082ee       ?dtor$4@?0??link@IModuleLibraryUni@rsystem@base@UModSys@@QEAA_NXZ@4HA 00000001400092ee f    CIL library: CIL module
 0001:0000830e       ?dtor$5@?0??link@IModuleLibraryUni@rsystem@base@UModSys@@QEAA_NXZ@4HA 000000014000930e f    CIL library: CIL module
 0001:0000832d       ?dtor$0@?0??exec_test_shells@RSystem@rsystem@base@UModSys@@QEAA_NXZ@4HA 000000014000932d f    CIL library: CIL module
 0001:0000834d       ?dtor$1@?0??exec_test_shells@RSystem@rsystem@base@UModSys@@QEAA_NXZ@4HA 000000014000934d f    CIL library: CIL module
 0001:0000836d       ?dtor$3@?0??exec_test_shells@RSystem@rsystem@base@UModSys@@QEAA_NXZ@4HA 000000014000936d f    CIL library: CIL module
 0001:00008388       ?dtor$0@?0???$t_gen_param@URDataArchiver_OsDir@stdio@media@modules@UModSys@@URGenerator@2345@@IGenerator@base@UModSys@@IEAA_NPEAURGenerator@stdio@media@modules@2@AEAU?$TRefObject@UIRefObject@core@UModSys@@@tl@2@PEBUSUniquePointerInfo@core@2@AEBUSParameters@core@2@@Z@4HA 0000000140009388 f    CIL library: CIL module
 0001:000083a8       ?dtor$1@?0???$t_gen_param@URDataArchiver_OsDir@stdio@media@modules@UModSys@@URGenerator@2345@@IGenerator@base@UModSys@@IEAA_NPEAURGenerator@stdio@media@modules@2@AEAU?$TRefObject@UIRefObject@core@UModSys@@@tl@2@PEBUSUniquePointerInfo@core@2@AEBUSParameters@core@2@@Z@4HA 00000001400093a8 f    CIL library: CIL module
 0001:000083c8       ?dtor$2@?0???$t_gen_param@URDataArchiver_OsDir@stdio@media@modules@UModSys@@URGenerator@2345@@IGenerator@base@UModSys@@IEAA_NPEAURGenerator@stdio@media@modules@2@AEAU?$TRefObject@UIRefObject@core@UModSys@@@tl@2@PEBUSUniquePointerInfo@core@2@AEBUSParameters@core@2@@Z@4HA 00000001400093c8 f    CIL library: CIL module
 0001:000083e8       ?dtor$3@?0???$t_gen_param@URDataArchiver_OsDir@stdio@media@modules@UModSys@@URGenerator@2345@@IGenerator@base@UModSys@@IEAA_NPEAURGenerator@stdio@media@modules@2@AEAU?$TRefObject@UIRefObject@core@UModSys@@@tl@2@PEBUSUniquePointerInfo@core@2@AEBUSParameters@core@2@@Z@4HA 00000001400093e8 f    CIL library: CIL module
 0001:00008400       ?dtor$0@?0??generate@RGenerator@stdio@media@modules@UModSys@@UEAA_NAEAU?$TRefObject@UIRefObject@core@UModSys@@@tl@5@PEBUSUniquePointerInfo@core@5@AEBUSParameters@95@@Z@4HA 0000000140009400 f    CIL library: CIL module
 0001:00008420       ?dtor$1@?0??generate@RGenerator@stdio@media@modules@UModSys@@UEAA_NAEAU?$TRefObject@UIRefObject@core@UModSys@@@tl@5@PEBUSUniquePointerInfo@core@5@AEBUSParameters@95@@Z@4HA 0000000140009420 f    CIL library: CIL module
 0001:00008440       ?dtor$2@?0??generate@RGenerator@stdio@media@modules@UModSys@@UEAA_NAEAU?$TRefObject@UIRefObject@core@UModSys@@@tl@5@PEBUSUniquePointerInfo@core@5@AEBUSParameters@95@@Z@4HA 0000000140009440 f    CIL library: CIL module
 0001:0000845b       ?dtor$1@?0??s_add@RModuleLibrarySO@rsystem@base@UModSys@@SA_NPEAUISystem@34@AEAU?$TDynarrayDynamic@U?$TRefObject@URModuleLibrarySO@rsystem@base@UModSys@@@tl@UModSys@@U?$TAllocator@USMemAlloc_Malloc@core@UModSys@@USCountCalcPower2@23@@23@@tl@4@PEBD@Z@4HA 000000014000945b f    CIL library: CIL module
 0001:00008478       ??__E?s_id@?$TObjectUniqueID@UIRoot@core@UModSys@@@tl@UModSys@@2USUniquePointer@core@3@A@@YAXXZ 0000000140009478 f    CIL library: CIL module
 0001:000084ac       ??__E?s_id@?$TObjectUniqueID@UIRefObject@core@UModSys@@@tl@UModSys@@2USUniquePointer@core@3@A@@YAXXZ 00000001400094ac f    CIL library: CIL module
 0001:000084e0       ??__E?s_id@?$TObjectUniqueID@UIParameters@core@UModSys@@@tl@UModSys@@2USUniquePointer@core@3@A@@YAXXZ 00000001400094e0 f    CIL library: CIL module
 0001:00008514       ??__E?s_id@?$TObjectUniqueID@UIModule@base@UModSys@@@tl@UModSys@@2USUniquePointer@core@3@A@@YAXXZ 0000000140009514 f    CIL library: CIL module
 0001:00008548       ??__E?s_id@?$TObjectUniqueID@UIModuleLibrary@base@UModSys@@@tl@UModSys@@2USUniquePointer@core@3@A@@YAXXZ 0000000140009548 f    CIL library: CIL module
 0001:0000857c       ??__E?s_id@?$TObjectUniqueID@UIModObject@base@UModSys@@@tl@UModSys@@2USUniquePointer@core@3@A@@YAXXZ 000000014000957c f    CIL library: CIL module
 0001:000085b0       ??__E?s_id@?$TObjectUniqueID@UIGenerator@base@UModSys@@@tl@UModSys@@2USUniquePointer@core@3@A@@YAXXZ 00000001400095b0 f    CIL library: CIL module
 0001:000085e4       ??__E?s_id@?$TObjectUniqueID@UIShell@base@UModSys@@@tl@UModSys@@2USUniquePointer@core@3@A@@YAXXZ 00000001400095e4 f    CIL library: CIL module
 0001:00008618       ??__E?s_id@?$TObjectUniqueID@UIConsole@base@UModSys@@@tl@UModSys@@2USUniquePointer@core@3@A@@YAXXZ 0000000140009618 f    CIL library: CIL module
 0001:0000864c       ??__E?s_id@?$TObjectUniqueID@UISystem@base@UModSys@@@tl@UModSys@@2USUniquePointer@core@3@A@@YAXXZ 000000014000964c f    CIL library: CIL module
 0001:00008680       ??__E?s_id@?$TObjectUniqueID@URModule@rsystem@base@UModSys@@@tl@UModSys@@2USUniquePointer@core@3@A@@YAXXZ 0000000140009680 f    CIL library: CIL module
 0001:000086b4       ??__E?s_id@?$TObjectUniqueID@UIModuleLibraryUni@rsystem@base@UModSys@@@tl@UModSys@@2USUniquePointer@core@3@A@@YAXXZ 00000001400096b4 f    CIL library: CIL module
 0001:000086e8       ??__E?s_id@?$TObjectUniqueID@URModuleLibrarySO@rsystem@base@UModSys@@@tl@UModSys@@2USUniquePointer@core@3@A@@YAXXZ 00000001400096e8 f    CIL library: CIL module
 0001:0000871c       ??__E?s_id@?$TObjectUniqueID@URModuleLibraryThis@rsystem@base@UModSys@@@tl@UModSys@@2USUniquePointer@core@3@A@@YAXXZ 000000014000971c f    CIL library: CIL module
 0001:00008750       ??__E?s_id@?$TObjectUniqueID@URParameters@rsystem@base@UModSys@@@tl@UModSys@@2USUniquePointer@core@3@A@@YAXXZ 0000000140009750 f    CIL library: CIL module
 0001:00008784       ??__E?s_id@?$TObjectUniqueID@URSystem@rsystem@base@UModSys@@@tl@UModSys@@2USUniquePointer@core@3@A@@YAXXZ 0000000140009784 f    CIL library: CIL module
 0001:000087b8       ??__E?s_id@?$TObjectUniqueID@URConsole_std@rsystem@base@UModSys@@@tl@UModSys@@2USUniquePointer@core@3@A@@YAXXZ 00000001400097b8 f    CIL library: CIL module
 0001:000087ec       ??__E?s_modreg@RModuleReg@stdio@media@modules@UModSys@@2U12345@A@@YAXXZ 00000001400097ec f    CIL library: CIL module
 0001:000087f8       ??__E?s_modreg_chain@RModuleReg@stdio@media@modules@UModSys@@2USModuleRegChain@base@5@A@@YAXXZ 00000001400097f8 f    CIL library: CIL module
 0001:00008834       ??__E?s_uid@RGenerator@stdio@media@modules@UModSys@@2USUniquePointer@core@5@A@@YAXXZ 0000000140009834 f    CIL library: CIL module
 0001:00008868       ??__E?s_id@?$TObjectUniqueID@UIStreamReader@libmedia@UModSys@@@tl@UModSys@@2USUniquePointer@core@3@A@@YAXXZ 0000000140009868 f    CIL library: CIL module
 0001:0000889c       ??__E?s_id@?$TObjectUniqueID@UIStreamWriter@libmedia@UModSys@@@tl@UModSys@@2USUniquePointer@core@3@A@@YAXXZ 000000014000989c f    CIL library: CIL module
 0001:000088d0       ??__E?s_id@?$TObjectUniqueID@UIDataArchive@libmedia@UModSys@@@tl@UModSys@@2USUniquePointer@core@3@A@@YAXXZ 00000001400098d0 f    CIL library: CIL module
 0001:00008904       ??__E?s_id@?$TObjectUniqueID@URStreamReader_FILE@stdio@media@modules@UModSys@@@tl@UModSys@@2USUniquePointer@core@3@A@@YAXXZ 0000000140009904 f    CIL library: CIL module
 0001:00008938       ??__E?s_id@?$TObjectUniqueID@URStreamWriter_FILE@stdio@media@modules@UModSys@@@tl@UModSys@@2USUniquePointer@core@3@A@@YAXXZ 0000000140009938 f    CIL library: CIL module
 0001:0000896c       ??__E?s_id@?$TObjectUniqueID@URDataArchiver_OsDir@stdio@media@modules@UModSys@@@tl@UModSys@@2USUniquePointer@core@3@A@@YAXXZ 000000014000996c f    CIL library: CIL module
 0001:000089a0       ??__E?s_id@?$TObjectUniqueID@URGenerator@stdio@media@modules@UModSys@@@tl@UModSys@@2USUniquePointer@core@3@A@@YAXXZ 00000001400099a0 f    CIL library: CIL module
 0001:000089d4       ??__E?s_console@RConsole_std@rsystem@base@UModSys@@2U1234@A@@YAXXZ 00000001400099d4 f    CIL library: CIL module
 0001:000089e0       ??__E?s_sys@RSystem@rsystem@base@UModSys@@2U1234@A@@YAXXZ 00000001400099e0 f    CIL library: CIL module
 0001:000089ec       ??__Ersys_dbg@rsystem@base@UModSys@@YAXXZ 00000001400099ec f    CIL library: CIL module
 0001:000089f8       ??__EM@UModSys@@YAXXZ      00000001400099f8 f    CIL library: CIL module
 0001:00008a04       ??__E?root@SModuleRegChain@base@UModSys@@2U123@A@@YAXXZ 0000000140009a04 f    CIL library: CIL module
 0001:00008a10       ??__E?s_library@RModuleLibraryReg_Chain@base@UModSys@@2U123@A@@YAXXZ 0000000140009a10 f    CIL library: CIL module
 0001:00008a1c       ??__E?root@SUniquePointer@core@UModSys@@2U123@A@@YAXXZ 0000000140009a1c f    CIL library: CIL module
 0001:00008a28       ??__F?s_id@?$TObjectUniqueID@URConsole_std@rsystem@base@UModSys@@@tl@UModSys@@2USUniquePointer@core@3@A@@YAXXZ 0000000140009a28 f    CIL library: CIL module
 0001:00008a34       ??__F?s_id@?$TObjectUniqueID@URSystem@rsystem@base@UModSys@@@tl@UModSys@@2USUniquePointer@core@3@A@@YAXXZ 0000000140009a34 f    CIL library: CIL module
 0001:00008a40       ??__F?s_id@?$TObjectUniqueID@URParameters@rsystem@base@UModSys@@@tl@UModSys@@2USUniquePointer@core@3@A@@YAXXZ 0000000140009a40 f    CIL library: CIL module
 0001:00008a4c       ??__F?s_id@?$TObjectUniqueID@URModuleLibraryThis@rsystem@base@UModSys@@@tl@UModSys@@2USUniquePointer@core@3@A@@YAXXZ 0000000140009a4c f    CIL library: CIL module
 0001:00008a58       ??__F?s_id@?$TObjectUniqueID@URModuleLibrarySO@rsystem@base@UModSys@@@tl@UModSys@@2USUniquePointer@core@3@A@@YAXXZ 0000000140009a58 f    CIL library: CIL module
 0001:00008a64       ??__F?s_id@?$TObjectUniqueID@UIModuleLibraryUni@rsystem@base@UModSys@@@tl@UModSys@@2USUniquePointer@core@3@A@@YAXXZ 0000000140009a64 f    CIL library: CIL module
 0001:00008a70       ??__F?s_id@?$TObjectUniqueID@URModule@rsystem@base@UModSys@@@tl@UModSys@@2USUniquePointer@core@3@A@@YAXXZ 0000000140009a70 f    CIL library: CIL module
 0001:00008a7c       ??__F?s_id@?$TObjectUniqueID@UISystem@base@UModSys@@@tl@UModSys@@2USUniquePointer@core@3@A@@YAXXZ 0000000140009a7c f    CIL library: CIL module
 0001:00008a88       ??__F?s_id@?$TObjectUniqueID@UIConsole@base@UModSys@@@tl@UModSys@@2USUniquePointer@core@3@A@@YAXXZ 0000000140009a88 f    CIL library: CIL module
 0001:00008a94       ??__F?s_id@?$TObjectUniqueID@UIShell@base@UModSys@@@tl@UModSys@@2USUniquePointer@core@3@A@@YAXXZ 0000000140009a94 f    CIL library: CIL module
 0001:00008aa0       ??__F?s_id@?$TObjectUniqueID@UIGenerator@base@UModSys@@@tl@UModSys@@2USUniquePointer@core@3@A@@YAXXZ 0000000140009aa0 f    CIL library: CIL module
 0001:00008aac       ??__F?s_id@?$TObjectUniqueID@UIModObject@base@UModSys@@@tl@UModSys@@2USUniquePointer@core@3@A@@YAXXZ 0000000140009aac f    CIL library: CIL module
 0001:00008ab8       ??__F?s_id@?$TObjectUniqueID@UIModuleLibrary@base@UModSys@@@tl@UModSys@@2USUniquePointer@core@3@A@@YAXXZ 0000000140009ab8 f    CIL library: CIL module
 0001:00008ac4       ??__F?s_id@?$TObjectUniqueID@UIModule@base@UModSys@@@tl@UModSys@@2USUniquePointer@core@3@A@@YAXXZ 0000000140009ac4 f    CIL library: CIL module
 0001:00008ad0       ??__F?s_id@?$TObjectUniqueID@UIParameters@core@UModSys@@@tl@UModSys@@2USUniquePointer@core@3@A@@YAXXZ 0000000140009ad0 f    CIL library: CIL module
 0001:00008adc       ??__F?s_id@?$TObjectUniqueID@UIRefObject@core@UModSys@@@tl@UModSys@@2USUniquePointer@core@3@A@@YAXXZ 0000000140009adc f    CIL library: CIL module
 0001:00008ae8       ??__F?s_id@?$TObjectUniqueID@UIRoot@core@UModSys@@@tl@UModSys@@2USUniquePointer@core@3@A@@YAXXZ 0000000140009ae8 f    CIL library: CIL module
 0001:00008af4       ??__F?s_modreg@RModuleReg@stdio@media@modules@UModSys@@2U12345@A@@YAXXZ 0000000140009af4 f    CIL library: CIL module
 0001:00008b04       ??__F?s_modreg_chain@RModuleReg@stdio@media@modules@UModSys@@2USModuleRegChain@base@5@A@@YAXXZ 0000000140009b04 f    CIL library: CIL module
 0001:00008b44       ??__F?s_uid@RGenerator@stdio@media@modules@UModSys@@2USUniquePointer@core@5@A@@YAXXZ 0000000140009b44 f    CIL library: CIL module
 0001:00008b50       ??__Fh@?1??s_holder@RGenerator@stdio@media@modules@UModSys@@SAAEAU?$TTypeStaticHolder@URGenerator@stdio@media@modules@UModSys@@@tl@5@XZ@YAXXZ 0000000140009b50 f    CIL library: CIL module
 0001:00008b78       ??__F?s_id@?$TObjectUniqueID@URGenerator@stdio@media@modules@UModSys@@@tl@UModSys@@2USUniquePointer@core@3@A@@YAXXZ 0000000140009b78 f    CIL library: CIL module
 0001:00008b84       ??__F?s_id@?$TObjectUniqueID@URDataArchiver_OsDir@stdio@media@modules@UModSys@@@tl@UModSys@@2USUniquePointer@core@3@A@@YAXXZ 0000000140009b84 f    CIL library: CIL module
 0001:00008b90       ??__F?s_id@?$TObjectUniqueID@URStreamWriter_FILE@stdio@media@modules@UModSys@@@tl@UModSys@@2USUniquePointer@core@3@A@@YAXXZ 0000000140009b90 f    CIL library: CIL module
 0001:00008b9c       ??__F?s_id@?$TObjectUniqueID@URStreamReader_FILE@stdio@media@modules@UModSys@@@tl@UModSys@@2USUniquePointer@core@3@A@@YAXXZ 0000000140009b9c f    CIL library: CIL module
 0001:00008ba8       ??__F?s_id@?$TObjectUniqueID@UIDataArchive@libmedia@UModSys@@@tl@UModSys@@2USUniquePointer@core@3@A@@YAXXZ 0000000140009ba8 f    CIL library: CIL module
 0001:00008bb4       ??__F?s_id@?$TObjectUniqueID@UIStreamWriter@libmedia@UModSys@@@tl@UModSys@@2USUniquePointer@core@3@A@@YAXXZ 0000000140009bb4 f    CIL library: CIL module
 0001:00008bc0       ??__F?s_id@?$TObjectUniqueID@UIStreamReader@libmedia@UModSys@@@tl@UModSys@@2USUniquePointer@core@3@A@@YAXXZ 0000000140009bc0 f    CIL library: CIL module
 0001:00008bcc       ??__F?s_console@RConsole_std@rsystem@base@UModSys@@2U1234@A@@YAXXZ 0000000140009bcc f    CIL library: CIL module
 0001:00008c0c       ??__F?s_sys@RSystem@rsystem@base@UModSys@@2U1234@A@@YAXXZ 0000000140009c0c f    CIL library: CIL module
 0001:00008c18       ??__Frsys_dbg@rsystem@base@UModSys@@YAXXZ 0000000140009c18 f    CIL library: CIL module
 0001:00008c3c       ??__FM@UModSys@@YAXXZ      0000000140009c3c f    CIL library: CIL module
 0001:00008c40       ??__F?root@SModuleRegChain@base@UModSys@@2U123@A@@YAXXZ 0000000140009c40 f    CIL library: CIL module
 0001:00008c80       ??__F?s_library@RModuleLibraryReg_Chain@base@UModSys@@2U123@A@@YAXXZ 0000000140009c80 f    CIL library: CIL module
 0001:00008c90       ??__F?root@SUniquePointer@core@UModSys@@2U123@A@@YAXXZ 0000000140009c90 f    CIL library: CIL module

 Exports

  ordinal    name

        1    UModSys_Plugin_Entry2
