 umodsysc

 Timestamp is 532c20c4 (Fri Mar 21 14:21:40 2014)

 Preferred load address is 0000000140000000

 Start         Length     Name                   Class
 0001:00000000 0001329cH .text                   CODE
 0001:000132a0 0000005eH .text$00                CODE
 0001:00013300 00000e70H .text$x                 CODE
 0001:00014170 00000ae0H .text$yc                CODE
 0001:00014c50 00000424H .text$yd                CODE
 0002:00000000 00000268H .idata$5                DATA
 0002:00000268 00000008H .CRT$XCA                DATA
 0002:00000270 00000008H .CRT$XCAA               DATA
 0002:00000278 000006f0H .CRT$XCU                DATA
 0002:00000968 00000008H .CRT$XCZ                DATA
 0002:00000970 00000008H .CRT$XIA                DATA
 0002:00000978 00000008H .CRT$XIAA               DATA
 0002:00000980 00000008H .CRT$XIY                DATA
 0002:00000988 00000008H .CRT$XIZ                DATA
 0002:00000990 000033e8H .rdata                  DATA
 0002:00003d80 0000207cH .rdata$r                DATA
 0002:00005e00 00000008H .rtc$IAA                DATA
 0002:00005e08 00000008H .rtc$IZZ                DATA
 0002:00005e10 00000008H .rtc$TAA                DATA
 0002:00005e18 00000008H .rtc$TZZ                DATA
 0002:00005e20 00001ef8H .xdata                  DATA
 0002:00007d18 000000e4H .xdata$x                DATA
 0002:00007dfc 00000028H .idata$2                DATA
 0002:00007e24 00000014H .idata$3                DATA
 0002:00007e38 00000268H .idata$4                DATA
 0002:000080a0 000004a4H .idata$6                DATA
 0002:00008550 00000055H .edata                  DATA
 0003:00000000 000012a4H .data                   DATA
 0003:000012b0 00002b50H .bss                    DATA
 0004:00000000 000017e8H .pdata                  DATA

  Address         Publics by Value              Rva+Base               Lib:Object

 0000:00000000       ___safe_se_handler_count   0000000000000000     <absolute>
 0000:00000000       ___safe_se_handler_table   0000000000000000     <absolute>
 0000:00000000       __ImageBase                0000000140000000     <linker-defined>
 0001:00000000       main                       0000000140001000 f   umodsys.c_main.obj
 0001:000004ec       ??0?$TString@U?$TSCoreConst@D@su@tl@UModSys@@U?$TComparerBinaryHash@D@234@@tl@UModSys@@QEAA@PEBD@Z 00000001400014ec f i umodsys.c_main.obj
 0001:0000056c       ??1SCMemShared@core@UModSys@@QEAA@XZ 000000014000156c f i umodsys_lib_libmedia:umodsys.mod.media.stdlib.obj
 0001:0000056c       ??1SMemShared@core@UModSys@@QEAA@XZ 000000014000156c f i umodsys_lib_libmedia:umodsys.mod.media.stdio.obj
 0001:0000056c       ??1SInfo@IBinObjFilter@libmedia@UModSys@@QEAA@XZ 000000014000156c f i umodsys_lib_libmedia:umodsys.mod.media.stdlib.obj
 0001:0000059c       ??6SUniquePtrList@core@UModSys@@QEAAAEAU012@PEBUSUniquePointerInfo@12@@Z 000000014000159c f i umodsys_lib_libmedia:umodsys.mod.media.stdio.obj
 0001:00000654       ??3IRoot@core@UModSys@@SAXPEAXAEBUSIMemAlloc@12@@Z 0000000140001654 f i umodsys_lib_libmedia:umodsys.mod.media.stdio.obj
 0001:00000680       ??1?$TSCoreShared@USIMemAlloc@core@UModSys@@D@su@tl@UModSys@@QEAA@XZ 0000000140001680 f i umodsys_lib_libmedia:umodsys.mod.media.stdio.obj
 0001:00000680       ??1?$TStringBuf@U?$TSCoreShared@USIMemAlloc@core@UModSys@@D@su@tl@UModSys@@U?$TComparerBinaryHash@D@234@@tl@UModSys@@QEAA@XZ 0000000140001680 f i umodsys_lib_libmedia:umodsys.mod.media.stdlib.obj
 0001:00000680       ??1?$TString@U?$TSCoreShared@USIMemAlloc@core@UModSys@@D@su@tl@UModSys@@U?$TComparerBinaryHash@D@234@@tl@UModSys@@QEAA@XZ 0000000140001680 f i umodsys_lib_libmedia:umodsys.mod.media.stdio.obj
 0001:00000688       ?archive_load_data@libmedia@UModSys@@YA_NAEAUIBinArchive@12@AEBU?$TString@U?$TSCoreConst@D@su@tl@UModSys@@U?$TComparerBinaryHash@D@234@@tl@2@AEAUSCMemShared@core@2@AEBUSFlags@12@@Z 0000000140001688 f i umodsys_lib_libmedia:umodsys.mod.media.stdio.obj
 0001:0000087c       ?root_get_interface_info@RStreamReader_FILE@stdio@media@modules@UModSys@@UEBAAEBUSUniquePointerInfo@core@5@XZ 000000014000187c f i umodsys_lib_libmedia:umodsys.mod.media.stdio.obj
 0001:00000884       ?root_get_interface_type@RStreamReader_FILE@stdio@media@modules@UModSys@@UEBAPEBUSUniquePointerInfo@core@5@XZ 0000000140001884 f i umodsys_lib_libmedia:umodsys.mod.media.stdio.obj
 0001:0000088c       ?root_get_other_interface@RStreamReader_FILE@stdio@media@modules@UModSys@@UEBAPEBUIRoot@core@5@PEBUSUniquePointerInfo@75@@Z 000000014000188c f i umodsys_lib_libmedia:umodsys.mod.media.stdio.obj
 0001:0000088c       ?root_get_other_interface@RStreamReader_FILE@stdio@media@modules@UModSys@@UEAAPEAUIRoot@core@5@PEBUSUniquePointerInfo@75@@Z 000000014000188c f i umodsys_lib_libmedia:umodsys.mod.media.stdio.obj
 0001:000008bc       ?root_is_interface_supported@RStreamReader_FILE@stdio@media@modules@UModSys@@UEBA_NPEBUSUniquePointerInfo@core@5@@Z 00000001400018bc f i umodsys_lib_libmedia:umodsys.mod.media.stdio.obj
 0001:000008ec       ?ref_add@RStreamReader_FILE@stdio@media@modules@UModSys@@UEBAXXZ 00000001400018ec f i umodsys_lib_libmedia:umodsys.mod.media.stdio.obj
 0001:000008ec       ?ref_add@RGenerator@stdio@media@modules@UModSys@@UEBAXXZ 00000001400018ec f i umodsys_lib_libmedia:umodsys.mod.media.stdio.obj
 0001:000008ec       ?ref_add@RGenerator@stdlib@media@modules@UModSys@@UEBAXXZ 00000001400018ec f i umodsys_lib_libmedia:umodsys.mod.media.stdlib.obj
 0001:000008ec       ?ref_add@RStreamWriter_FILE@stdio@media@modules@UModSys@@UEBAXXZ 00000001400018ec f i umodsys_lib_libmedia:umodsys.mod.media.stdio.obj
 0001:000008ec       ?ref_add@RUtilities@stdlib@media@modules@UModSys@@UEBAXXZ 00000001400018ec f i umodsys_lib_libmedia:umodsys.mod.media.stdlib.obj
 0001:000008f0       ??0RStreamReader_FILE@stdio@media@modules@UModSys@@QEAA@PEAUIModObject@base@4@AEBUSParameters@core@4@@Z 00000001400018f0 f i umodsys_lib_libmedia:umodsys.mod.media.stdio.obj
 0001:000009ec       ?reader_seek@RStreamReader_FILE@stdio@media@modules@UModSys@@UEAA_N_J@Z 00000001400019ec f i umodsys_lib_libmedia:umodsys.mod.media.stdio.obj
 0001:00000a18       ?reader_seekend@RStreamReader_FILE@stdio@media@modules@UModSys@@UEAA_N_J@Z 0000000140001a18 f i umodsys_lib_libmedia:umodsys.mod.media.stdio.obj
 0001:00000a48       ?reader_seekdelta@RStreamReader_FILE@stdio@media@modules@UModSys@@UEAA_N_J@Z 0000000140001a48 f i umodsys_lib_libmedia:umodsys.mod.media.stdio.obj
 0001:00000a74       ?reader_pos@RStreamReader_FILE@stdio@media@modules@UModSys@@UEAA_JXZ 0000000140001a74 f i umodsys_lib_libmedia:umodsys.mod.media.stdio.obj
 0001:00000a90       ?reader_size@RStreamReader_FILE@stdio@media@modules@UModSys@@UEAA_JXZ 0000000140001a90 f i umodsys_lib_libmedia:umodsys.mod.media.stdio.obj
 0001:00000a98       ?reader_read@RStreamReader_FILE@stdio@media@modules@UModSys@@UEAA_NPEAX_K@Z 0000000140001a98 f i umodsys_lib_libmedia:umodsys.mod.media.stdio.obj
 0001:00000b18       ?reader_close@RStreamReader_FILE@stdio@media@modules@UModSys@@UEAAXXZ 0000000140001b18 f i umodsys_lib_libmedia:umodsys.mod.media.stdio.obj
 0001:00000b3c       ??_GRStreamReader_FILE@stdio@media@modules@UModSys@@UEAAPEAXI@Z 0000000140001b3c f i umodsys_lib_libmedia:umodsys.mod.media.stdio.obj
 0001:00000b3c       ??_ERStreamReader_FILE@stdio@media@modules@UModSys@@UEAAPEAXI@Z 0000000140001b3c f i  CIL library: CIL module
 0001:00000b90       ?root_get_interface_info@RStreamWriter_FILE@stdio@media@modules@UModSys@@UEBAAEBUSUniquePointerInfo@core@5@XZ 0000000140001b90 f i umodsys_lib_libmedia:umodsys.mod.media.stdio.obj
 0001:00000b98       ?root_get_interface_type@RStreamWriter_FILE@stdio@media@modules@UModSys@@UEBAPEBUSUniquePointerInfo@core@5@XZ 0000000140001b98 f i umodsys_lib_libmedia:umodsys.mod.media.stdio.obj
 0001:00000ba0       ?root_get_interface_types@RBinArchiveFrame@stdlib@media@modules@UModSys@@UEBA_KAEAUSUniquePtrList@core@5@@Z 0000000140001ba0 f i umodsys_lib_libmedia:umodsys.mod.media.stdlib.obj
 0001:00000ba0       ?root_get_interface_types@RDataArchiver_OsDir@stdio@media@modules@UModSys@@UEBA_KAEAUSUniquePtrList@core@5@@Z 0000000140001ba0 f i umodsys_lib_libmedia:umodsys.mod.media.stdio.obj
 0001:00000ba0       ?root_get_interface_types@RGenerator@stdlib@media@modules@UModSys@@UEBA_KAEAUSUniquePtrList@core@5@@Z 0000000140001ba0 f i umodsys_lib_libmedia:umodsys.mod.media.stdlib.obj
 0001:00000ba0       ?root_get_interface_types@RGenerator@stdio@media@modules@UModSys@@UEBA_KAEAUSUniquePtrList@core@5@@Z 0000000140001ba0 f i umodsys_lib_libmedia:umodsys.mod.media.stdio.obj
 0001:00000ba0       ?root_get_interface_types@RUtilities@stdlib@media@modules@UModSys@@UEBA_KAEAUSUniquePtrList@core@5@@Z 0000000140001ba0 f i umodsys_lib_libmedia:umodsys.mod.media.stdlib.obj
 0001:00000ba0       ?root_get_interface_types@RStreamReader_FILE@stdio@media@modules@UModSys@@UEBA_KAEAUSUniquePtrList@core@5@@Z 0000000140001ba0 f i umodsys_lib_libmedia:umodsys.mod.media.stdio.obj
 0001:00000ba0       ?root_get_interface_types@RStreamWriter_FILE@stdio@media@modules@UModSys@@UEBA_KAEAUSUniquePtrList@core@5@@Z 0000000140001ba0 f i umodsys_lib_libmedia:umodsys.mod.media.stdio.obj
 0001:00000ba0       ?root_get_interface_types@RModuleLibrarySO@rsystem@base@UModSys@@UEBA_KAEAUSUniquePtrList@core@4@@Z 0000000140001ba0 f i umodsys_lib_basesys:umodsys.basesys.rmodulelibso.obj
 0001:00000ba0       ?root_get_interface_types@RLibraryBinTree@stdlib@media@modules@UModSys@@UEBA_KAEAUSUniquePtrList@core@5@@Z 0000000140001ba0 f i umodsys_lib_libmedia:umodsys.mod.media.stdlib.obj
 0001:00000ba0       ?root_get_interface_types@RLibraryLayered@stdlib@media@modules@UModSys@@UEBA_KAEAUSUniquePtrList@core@5@@Z 0000000140001ba0 f i umodsys_lib_libmedia:umodsys.mod.media.stdlib.obj
 0001:00000ba0       ?root_get_interface_types@RConsole_std@rsystem@base@UModSys@@UEBA_KAEAUSUniquePtrList@core@4@@Z 0000000140001ba0 f i umodsys_lib_basesys:umodsys.basesys.rconsole_std.obj
 0001:00000ba0       ?root_get_interface_types@RSystem@rsystem@base@UModSys@@UEBA_KAEAUSUniquePtrList@core@4@@Z 0000000140001ba0 f i umodsys_lib_basesys:umodsys.basesys.rsystem_main.obj
 0001:00000ba0       ?root_get_interface_types@RLibraryBinCache@stdlib@media@modules@UModSys@@UEBA_KAEAUSUniquePtrList@core@5@@Z 0000000140001ba0 f i umodsys_lib_libmedia:umodsys.mod.media.stdlib.obj
 0001:00000ba0       ?root_get_interface_types@RParameters@rsystem@base@UModSys@@UEBA_KAEAUSUniquePtrList@core@4@@Z 0000000140001ba0 f i umodsys_lib_basesys:umodsys.basesys.rparameters.obj
 0001:00000ba0       ?root_get_interface_types@RLibraryObjCache@stdlib@media@modules@UModSys@@UEBA_KAEAUSUniquePtrList@core@5@@Z 0000000140001ba0 f i umodsys_lib_libmedia:umodsys.mod.media.stdlib.obj
 0001:00000ba0       ?root_get_interface_types@RModuleLibraryThis@rsystem@base@UModSys@@UEBA_KAEAUSUniquePtrList@core@4@@Z 0000000140001ba0 f i umodsys_lib_basesys:umodsys.basesys.rmodulelibthis.obj
 0001:00000ba0       ?root_get_interface_types@RLibraryObjFilter@stdlib@media@modules@UModSys@@UEBA_KAEAUSUniquePtrList@core@5@@Z 0000000140001ba0 f i umodsys_lib_libmedia:umodsys.mod.media.stdlib.obj
 0001:00000ba0       ?root_get_interface_types@RModule@rsystem@base@UModSys@@UEBA_KAEAUSUniquePtrList@core@4@@Z 0000000140001ba0 f i umodsys_lib_basesys:umodsys.basesys.rmodule.obj
 0001:00000ba8       ?root_get_other_interface@RStreamWriter_FILE@stdio@media@modules@UModSys@@UEAAPEAUIRoot@core@5@PEBUSUniquePointerInfo@75@@Z 0000000140001ba8 f i umodsys_lib_libmedia:umodsys.mod.media.stdio.obj
 0001:00000ba8       ?root_get_other_interface@RStreamWriter_FILE@stdio@media@modules@UModSys@@UEBAPEBUIRoot@core@5@PEBUSUniquePointerInfo@75@@Z 0000000140001ba8 f i umodsys_lib_libmedia:umodsys.mod.media.stdio.obj
 0001:00000bd8       ?root_is_interface_supported@RStreamWriter_FILE@stdio@media@modules@UModSys@@UEBA_NPEBUSUniquePointerInfo@core@5@@Z 0000000140001bd8 f i umodsys_lib_libmedia:umodsys.mod.media.stdio.obj
 0001:00000c08       ?ref_links@RGenerator@stdlib@media@modules@UModSys@@UEBAHXZ 0000000140001c08 f i umodsys_lib_libmedia:umodsys.mod.media.stdlib.obj
 0001:00000c08       ?ref_links@RStreamReader_FILE@stdio@media@modules@UModSys@@UEBAHXZ 0000000140001c08 f i umodsys_lib_libmedia:umodsys.mod.media.stdio.obj
 0001:00000c08       ?ref_links@RUtilities@stdlib@media@modules@UModSys@@UEBAHXZ 0000000140001c08 f i umodsys_lib_libmedia:umodsys.mod.media.stdlib.obj
 0001:00000c08       ?ref_links@RStreamWriter_FILE@stdio@media@modules@UModSys@@UEBAHXZ 0000000140001c08 f i umodsys_lib_libmedia:umodsys.mod.media.stdio.obj
 0001:00000c08       ?ref_links@RGenerator@stdio@media@modules@UModSys@@UEBAHXZ 0000000140001c08 f i umodsys_lib_libmedia:umodsys.mod.media.stdio.obj
 0001:00000c0c       ?ref_weak@RStreamReader_FILE@stdio@media@modules@UModSys@@UEBA_NAEAUWeakPointer@IRefObject@core@5@@Z 0000000140001c0c f i umodsys_lib_libmedia:umodsys.mod.media.stdio.obj
 0001:00000c0c       ?ref_weak@RGenerator@stdlib@media@modules@UModSys@@UEBA_NAEAUWeakPointer@IRefObject@core@5@@Z 0000000140001c0c f i umodsys_lib_libmedia:umodsys.mod.media.stdlib.obj
 0001:00000c0c       ?ref_weak@RStreamWriter_FILE@stdio@media@modules@UModSys@@UEBA_NAEAUWeakPointer@IRefObject@core@5@@Z 0000000140001c0c f i umodsys_lib_libmedia:umodsys.mod.media.stdio.obj
 0001:00000c0c       ?ref_weak@RUtilities@stdlib@media@modules@UModSys@@UEBA_NAEAUWeakPointer@IRefObject@core@5@@Z 0000000140001c0c f i umodsys_lib_libmedia:umodsys.mod.media.stdlib.obj
 0001:00000c0c       ?ref_weak@RGenerator@stdio@media@modules@UModSys@@UEBA_NAEAUWeakPointer@IRefObject@core@5@@Z 0000000140001c0c f i umodsys_lib_libmedia:umodsys.mod.media.stdio.obj
 0001:00000c2c       ?suicide@RUtilities@stdlib@media@modules@UModSys@@UEAAXXZ 0000000140001c2c f i umodsys_lib_libmedia:umodsys.mod.media.stdlib.obj
 0001:00000c2c       ?suicide@RStreamWriter_FILE@stdio@media@modules@UModSys@@UEAAXXZ 0000000140001c2c f i umodsys_lib_libmedia:umodsys.mod.media.stdio.obj
 0001:00000c2c       ?suicide@RStreamReader_FILE@stdio@media@modules@UModSys@@UEAAXXZ 0000000140001c2c f i umodsys_lib_libmedia:umodsys.mod.media.stdio.obj
 0001:00000c78       ??0RStreamWriter_FILE@stdio@media@modules@UModSys@@QEAA@PEAUIModObject@base@4@AEBUSParameters@core@4@@Z 0000000140001c78 f i umodsys_lib_libmedia:umodsys.mod.media.stdio.obj
 0001:00000d68       ?open@RStreamWriter_FILE@stdio@media@modules@UModSys@@QEAAXPEBD_N@Z 0000000140001d68 f i umodsys_lib_libmedia:umodsys.mod.media.stdio.obj
 0001:00000e0c       ?writer_seek@RStreamWriter_FILE@stdio@media@modules@UModSys@@UEAA_N_J@Z 0000000140001e0c f i umodsys_lib_libmedia:umodsys.mod.media.stdio.obj
 0001:00000e38       ?writer_seekend@RStreamWriter_FILE@stdio@media@modules@UModSys@@UEAA_N_J@Z 0000000140001e38 f i umodsys_lib_libmedia:umodsys.mod.media.stdio.obj
 0001:00000e68       ?writer_seekdelta@RStreamWriter_FILE@stdio@media@modules@UModSys@@UEAA_N_J@Z 0000000140001e68 f i umodsys_lib_libmedia:umodsys.mod.media.stdio.obj
 0001:00000e94       ?writer_setsize@RStreamWriter_FILE@stdio@media@modules@UModSys@@UEAA_N_J@Z 0000000140001e94 f i umodsys_lib_libmedia:umodsys.mod.media.stdio.obj
 0001:00000ee8       ?writer_pos@RStreamWriter_FILE@stdio@media@modules@UModSys@@UEAA_JXZ 0000000140001ee8 f i umodsys_lib_libmedia:umodsys.mod.media.stdio.obj
 0001:00000f04       ?writer_size@RStreamWriter_FILE@stdio@media@modules@UModSys@@UEAA_JXZ 0000000140001f04 f i umodsys_lib_libmedia:umodsys.mod.media.stdio.obj
 0001:00000f84       ?writer_write@RStreamWriter_FILE@stdio@media@modules@UModSys@@UEAA_NPEBX_K@Z 0000000140001f84 f i umodsys_lib_libmedia:umodsys.mod.media.stdio.obj
 0001:00001004       ?writer_copy@RStreamWriter_FILE@stdio@media@modules@UModSys@@UEAA_NPEAUIStreamReader@libmedia@5@_J@Z 0000000140002004 f i umodsys_lib_libmedia:umodsys.mod.media.stdio.obj
 0001:000010a4       ?writer_copy@RStreamWriter_FILE@stdio@media@modules@UModSys@@UEAA_NPEAUIStreamReader@libmedia@5@_J1@Z 00000001400020a4 f i umodsys_lib_libmedia:umodsys.mod.media.stdio.obj
 0001:000010f8       ?writer_close@RStreamWriter_FILE@stdio@media@modules@UModSys@@UEAAXXZ 00000001400020f8 f i umodsys_lib_libmedia:umodsys.mod.media.stdio.obj
 0001:00001134       ?writer_abort@RStreamWriter_FILE@stdio@media@modules@UModSys@@UEAAXXZ 0000000140002134 f i umodsys_lib_libmedia:umodsys.mod.media.stdio.obj
 0001:00001170       ??_ERStreamWriter_FILE@stdio@media@modules@UModSys@@UEAAPEAXI@Z 0000000140002170 f i  CIL library: CIL module
 0001:00001170       ??_GRStreamWriter_FILE@stdio@media@modules@UModSys@@UEAAPEAXI@Z 0000000140002170 f i umodsys_lib_libmedia:umodsys.mod.media.stdio.obj
 0001:000011e8       ?root_get_interface_info@RDataArchiver_OsDir@stdio@media@modules@UModSys@@UEBAAEBUSUniquePointerInfo@core@5@XZ 00000001400021e8 f i umodsys_lib_libmedia:umodsys.mod.media.stdio.obj
 0001:000011f0       ?root_get_interface_type@RDataArchiver_OsDir@stdio@media@modules@UModSys@@UEBAPEBUSUniquePointerInfo@core@5@XZ 00000001400021f0 f i umodsys_lib_libmedia:umodsys.mod.media.stdio.obj
 0001:000011f8       ?root_get_other_interface@RDataArchiver_OsDir@stdio@media@modules@UModSys@@UEBAPEBUIRoot@core@5@PEBUSUniquePointerInfo@75@@Z 00000001400021f8 f i umodsys_lib_libmedia:umodsys.mod.media.stdio.obj
 0001:000011f8       ?root_get_other_interface@RDataArchiver_OsDir@stdio@media@modules@UModSys@@UEAAPEAUIRoot@core@5@PEBUSUniquePointerInfo@75@@Z 00000001400021f8 f i umodsys_lib_libmedia:umodsys.mod.media.stdio.obj
 0001:00001230       ?root_is_interface_supported@RDataArchiver_OsDir@stdio@media@modules@UModSys@@UEBA_NPEBUSUniquePointerInfo@core@5@@Z 0000000140002230 f i umodsys_lib_libmedia:umodsys.mod.media.stdio.obj
 0001:00001268       ??0RDataArchiver_OsDir@stdio@media@modules@UModSys@@QEAA@PEAUIModObject@base@4@AEBUSParameters@core@4@U?$TFlags4State@USMediaFlagUid@libmedia@UModSys@@I@tl@4@@Z 0000000140002268 f i umodsys_lib_libmedia:umodsys.mod.media.stdio.obj
 0001:000014dc       ?get_flag@RDataArchiver_OsDir@stdio@media@modules@UModSys@@UEBA?AW4eStates@?$TFlags4State@USMediaFlagUid@libmedia@UModSys@@I@tl@5@H@Z 00000001400024dc f i umodsys_lib_libmedia:umodsys.mod.media.stdio.obj
 0001:000014e8       ?get_flags_auto@RDataArchiver_OsDir@stdio@media@modules@UModSys@@UEBA?AU?$TFlags4State@USMediaFlagUid@libmedia@UModSys@@I@tl@5@XZ 00000001400024e8 f i umodsys_lib_libmedia:umodsys.mod.media.stdio.obj
 0001:000014f4       ?set_flag@RDataArchiver_OsDir@stdio@media@modules@UModSys@@UEAA?AW4eStates@?$TFlags4State@USMediaFlagUid@libmedia@UModSys@@I@tl@5@HW46785@@Z 00000001400024f4 f i umodsys_lib_libmedia:umodsys.mod.media.stdio.obj
 0001:0000151c       ?data_load@RDataArchiver_OsDir@stdio@media@modules@UModSys@@UEAA_NAEBU?$TString@U?$TSCoreConst@D@su@tl@UModSys@@U?$TComparerBinaryHash@D@234@@tl@5@AEAUSCMemShared@core@5@AEBUSFlags@libmedia@5@@Z 000000014000251c f i umodsys_lib_libmedia:umodsys.mod.media.stdio.obj
 0001:00001584       ?data_save@RDataArchiver_OsDir@stdio@media@modules@UModSys@@UEAA_NAEBU?$TString@U?$TSCoreConst@D@su@tl@UModSys@@U?$TComparerBinaryHash@D@234@@tl@5@AEBUSCMem@core@5@AEBUSFlags@libmedia@5@@Z 0000000140002584 f i umodsys_lib_libmedia:umodsys.mod.media.stdio.obj
 0001:0000161c       ?data_reader@RDataArchiver_OsDir@stdio@media@modules@UModSys@@UEAA?AU?$TRefObject@UIStreamReader@libmedia@UModSys@@U?$TRefObjectFunc@UIStreamReader@libmedia@UModSys@@@tl@3@@tl@5@AEBU?$TString@U?$TSCoreConst@D@su@tl@UModSys@@U?$TComparerBinaryHash@D@234@@75@AEBUSFlags@libmedia@5@@Z 000000014000261c f i umodsys_lib_libmedia:umodsys.mod.media.stdio.obj
 0001:00001830       ?data_writer@RDataArchiver_OsDir@stdio@media@modules@UModSys@@UEAA?AU?$TRefObject@UIStreamWriter@libmedia@UModSys@@U?$TRefObjectFunc@UIStreamWriter@libmedia@UModSys@@@tl@3@@tl@5@AEBU?$TString@U?$TSCoreConst@D@su@tl@UModSys@@U?$TComparerBinaryHash@D@234@@75@AEBUSFlags@libmedia@5@@Z 0000000140002830 f i umodsys_lib_libmedia:umodsys.mod.media.stdio.obj
 0001:00001a7c       ?data_list@RDataArchiver_OsDir@stdio@media@modules@UModSys@@UEAA_NAEBU?$TString@U?$TSCoreConst@D@su@tl@UModSys@@U?$TComparerBinaryHash@D@234@@tl@5@_KAEAU?$TIStackSocket@USFileInfo@libmedia@UModSys@@@75@AEBUSFlags@libmedia@5@@Z 0000000140002a7c f i umodsys_lib_libmedia:umodsys.mod.media.stdio.obj
 0001:00001a7c       ?data_info@RDataArchiver_OsDir@stdio@media@modules@UModSys@@UEAA_NAEBU?$TString@U?$TSCoreConst@D@su@tl@UModSys@@U?$TComparerBinaryHash@D@234@@tl@5@_KAEAUSFileInfo@libmedia@5@AEBUSFlags@95@@Z 0000000140002a7c f i umodsys_lib_libmedia:umodsys.mod.media.stdio.obj
 0001:00001ad0       ?get_permissions@RDataArchiver_OsDir@stdio@media@modules@UModSys@@UEAAHXZ 0000000140002ad0 f i umodsys_lib_libmedia:umodsys.mod.media.stdio.obj
 0001:00001ad4       ??_ERDataArchiver_OsDir@stdio@media@modules@UModSys@@UEAAPEAXI@Z 0000000140002ad4 f i  CIL library: CIL module
 0001:00001ad4       ??_GRDataArchiver_OsDir@stdio@media@modules@UModSys@@UEAAPEAXI@Z 0000000140002ad4 f i umodsys_lib_libmedia:umodsys.mod.media.stdio.obj
 0001:00001b4c       ?get_generated_names@RGenerator@stdio@media@modules@UModSys@@UEBAHAEAUSUniquePtrList@core@5@@Z 0000000140002b4c f i umodsys_lib_libmedia:umodsys.mod.media.stdio.obj
 0001:00001b90       ?get_generated_types@RGenerator@stdio@media@modules@UModSys@@UEBAHAEAUSUniquePtrList@core@5@PEBUSUniquePointerInfo@75@@Z 0000000140002b90 f i umodsys_lib_libmedia:umodsys.mod.media.stdio.obj
 0001:00001c5c       ?generate@RGenerator@stdio@media@modules@UModSys@@UEAA_NAEAU?$TRefObject@UIRefObject@core@UModSys@@U?$TRefObjectFunc@UIRefObject@core@UModSys@@@tl@3@@tl@5@PEBUSUniquePointerInfo@core@5@AEBUSParameters@95@@Z 0000000140002c5c f i umodsys_lib_libmedia:umodsys.mod.media.stdio.obj
 0001:00001e3c       ?root_get_interface_info@RGenerator@stdio@media@modules@UModSys@@UEBAAEBUSUniquePointerInfo@core@5@XZ 0000000140002e3c f i umodsys_lib_libmedia:umodsys.mod.media.stdio.obj
 0001:00001e44       ?root_get_interface_type@RGenerator@stdio@media@modules@UModSys@@UEBAPEBUSUniquePointerInfo@core@5@XZ 0000000140002e44 f i umodsys_lib_libmedia:umodsys.mod.media.stdio.obj
 0001:00001e4c       ?root_get_other_interface@RGenerator@stdio@media@modules@UModSys@@UEBAPEBUIRoot@core@5@PEBUSUniquePointerInfo@75@@Z 0000000140002e4c f i umodsys_lib_libmedia:umodsys.mod.media.stdio.obj
 0001:00001e4c       ?root_get_other_interface@RGenerator@stdio@media@modules@UModSys@@UEAAPEAUIRoot@core@5@PEBUSUniquePointerInfo@75@@Z 0000000140002e4c f i umodsys_lib_libmedia:umodsys.mod.media.stdio.obj
 0001:00001e84       ?root_is_interface_supported@RGenerator@stdio@media@modules@UModSys@@UEBA_NPEBUSUniquePointerInfo@core@5@@Z 0000000140002e84 f i umodsys_lib_libmedia:umodsys.mod.media.stdio.obj
 0001:00001ebc       ?get_uid@RGenerator@stdio@media@modules@UModSys@@UEBAPEBUSUniquePointerInfo@core@5@XZ 0000000140002ebc f i umodsys_lib_libmedia:umodsys.mod.media.stdio.obj
 0001:00001ec4       ?do_open@RModuleReg@stdio@media@modules@UModSys@@UEAA_NXZ 0000000140002ec4 f i umodsys_lib_libmedia:umodsys.mod.media.stdio.obj
 0001:00001f38       ?do_close@RModuleReg@stdio@media@modules@UModSys@@UEAA_NXZ 0000000140002f38 f i umodsys_lib_libmedia:umodsys.mod.media.stdio.obj
 0001:00001f88       ?get_module@RGenerator@stdio@media@modules@UModSys@@UEBAPEAUIModule@base@5@XZ 0000000140002f88 f   umodsys_lib_libmedia:umodsys.mod.media.stdio.obj
 0001:00001f90       ?mod_inc@RGenerator@stdio@media@modules@UModSys@@UEBA_NXZ 0000000140002f90 f   umodsys_lib_libmedia:umodsys.mod.media.stdio.obj
 0001:00001fa4       ?mod_dec@RGenerator@stdio@media@modules@UModSys@@UEBA_NXZ 0000000140002fa4 f   umodsys_lib_libmedia:umodsys.mod.media.stdio.obj
 0001:00001fb8       ?s_holder@RGenerator@stdio@media@modules@UModSys@@SAAEAU?$TTypeStaticHolder@URGenerator@stdio@media@modules@UModSys@@@tl@5@XZ 0000000140002fb8 f   umodsys_lib_libmedia:umodsys.mod.media.stdio.obj
 0001:00001ffc       ??_ERParameters@rsystem@base@UModSys@@UEAAPEAXI@Z 0000000140002ffc f i  CIL library: CIL module
 0001:00001ffc       ??_GRParameters@rsystem@base@UModSys@@UEAAPEAXI@Z 0000000140002ffc f i umodsys_lib_basesys:umodsys.basesys.rparameters.obj
 0001:00001ffc       ??_GIRoot@core@UModSys@@UEAAPEAXI@Z 0000000140002ffc f i umodsys_lib_libmedia:umodsys.mod.media.stdio.obj
 0001:00001ffc       ??_EIRoot@core@UModSys@@UEAAPEAXI@Z 0000000140002ffc f i  CIL library: CIL module
 0001:00001ffc       ??_GRGenerator@stdlib@media@modules@UModSys@@UEAAPEAXI@Z 0000000140002ffc f i umodsys_lib_libmedia:umodsys.mod.media.stdlib.obj
 0001:00001ffc       ??_ERGenerator@stdlib@media@modules@UModSys@@UEAAPEAXI@Z 0000000140002ffc f i  CIL library: CIL module
 0001:00001ffc       ??_ERGenerator@stdio@media@modules@UModSys@@UEAAPEAXI@Z 0000000140002ffc f i  CIL library: CIL module
 0001:00001ffc       ??_GRGenerator@stdio@media@modules@UModSys@@UEAAPEAXI@Z 0000000140002ffc f i umodsys_lib_libmedia:umodsys.mod.media.stdio.obj
 0001:00002024       ?info_release@?$TSCoreShared@USIMemAlloc@core@UModSys@@D@su@tl@UModSys@@QEAAXXZ 0000000140003024 f i umodsys_lib_libmedia:umodsys.mod.media.stdio.obj
 0001:000020f8       ?info_new@?$TSCoreShared@USIMemAlloc@core@UModSys@@D@su@tl@UModSys@@QEAA_NPEBD_K@Z 00000001400030f8 f i umodsys_lib_libmedia:umodsys.mod.media.stdio.obj
 0001:000021cc       ??$t_gen_param@URStreamWriter_FILE@stdio@media@modules@UModSys@@URGenerator@2345@@IGenerator@base@UModSys@@IEAA_NPEAURGenerator@stdio@media@modules@2@AEAU?$TRefObject@UIRefObject@core@UModSys@@U?$TRefObjectFunc@UIRefObject@core@UModSys@@@tl@3@@tl@2@PEBUSUniquePointerInfo@core@2@AEBUSParameters@core@2@@Z 00000001400031cc f i umodsys_lib_libmedia:umodsys.mod.media.stdio.obj
 0001:000022c0       ??1?$TRefObject@UIModObject@base@UModSys@@U?$TModObjectFunc@UIModObject@base@UModSys@@@tl@3@@tl@UModSys@@QEAA@XZ 00000001400032c0 f i umodsys_lib_libmedia:umodsys.mod.media.stdio.obj
 0001:000022ec       ??1SFileInfo@libmedia@UModSys@@QEAA@XZ 00000001400032ec f i umodsys_lib_libmedia:umodsys.mod.media.stdlib.obj
 0001:00002330       ?get_flag@RResolverChain@SFlagsChain@libmedia@UModSys@@UEBA?AW4eStates@?$TFlags4State@USMediaFlagUid@libmedia@UModSys@@I@tl@4@H@Z 0000000140003330 f i umodsys_lib_libmedia:umodsys.mod.media.stdlib.obj
 0001:00002370       ?bin_reader@ILibrary@libmedia@UModSys@@QEAA?AU?$TRefObject@UIStreamReader@libmedia@UModSys@@U?$TRefObjectFunc@UIStreamReader@libmedia@UModSys@@@tl@3@@tl@3@AEBU?$TString@U?$TSCoreConst@D@su@tl@UModSys@@U?$TComparerBinaryHash@D@234@@53@AEBU?$TFlags4State@USMediaFlagUid@libmedia@UModSys@@I@53@@Z 0000000140003370 f i umodsys_lib_libmedia:umodsys.mod.media.stdlib.obj
 0001:000023ac       ?bin_writer@ILibrary@libmedia@UModSys@@QEAA?AU?$TRefObject@UIStreamWriter@libmedia@UModSys@@U?$TRefObjectFunc@UIStreamWriter@libmedia@UModSys@@@tl@3@@tl@3@AEBU?$TString@U?$TSCoreConst@D@su@tl@UModSys@@U?$TComparerBinaryHash@D@234@@53@AEBU?$TFlags4State@USMediaFlagUid@libmedia@UModSys@@I@53@@Z 00000001400033ac f i umodsys_lib_libmedia:umodsys.mod.media.stdlib.obj
 0001:000023e8       ??1SPoint@ILibraryBinTree@libmedia@UModSys@@QEAA@XZ 00000001400033e8 f i umodsys_lib_libmedia:umodsys.mod.media.stdlib.obj
 0001:0000240c       ??0NameNodeCmpUC@IBinArchiveFrame@libmedia@UModSys@@QEAA@AEBU?$TString@U?$TSCoreConst@D@su@tl@UModSys@@U?$TComparerBinaryHash@D@234@@tl@3@@Z 000000014000340c f i umodsys_lib_libmedia:umodsys.mod.media.stdlib.obj
 0001:00002488       ?root_get_interface_info@RUtilities@stdlib@media@modules@UModSys@@UEBAAEBUSUniquePointerInfo@core@5@XZ 0000000140003488 f i umodsys_lib_libmedia:umodsys.mod.media.stdlib.obj
 0001:00002490       ?root_get_interface_type@RUtilities@stdlib@media@modules@UModSys@@UEBAPEBUSUniquePointerInfo@core@5@XZ 0000000140003490 f i umodsys_lib_libmedia:umodsys.mod.media.stdlib.obj
 0001:00002498       ?root_get_other_interface@RUtilities@stdlib@media@modules@UModSys@@UEAAPEAUIRoot@core@5@PEBUSUniquePointerInfo@75@@Z 0000000140003498 f i umodsys_lib_libmedia:umodsys.mod.media.stdlib.obj
 0001:00002498       ?root_get_other_interface@RUtilities@stdlib@media@modules@UModSys@@UEBAPEBUIRoot@core@5@PEBUSUniquePointerInfo@75@@Z 0000000140003498 f i umodsys_lib_libmedia:umodsys.mod.media.stdlib.obj
 0001:000024c8       ?root_is_interface_supported@RUtilities@stdlib@media@modules@UModSys@@UEBA_NPEBUSUniquePointerInfo@core@5@@Z 00000001400034c8 f i umodsys_lib_libmedia:umodsys.mod.media.stdlib.obj
 0001:000024f8       ?ref_remove@RGenerator@stdio@media@modules@UModSys@@UEBAXXZ 00000001400034f8 f i umodsys_lib_libmedia:umodsys.mod.media.stdio.obj
 0001:000024f8       ?ref_remove@RUtilities@stdlib@media@modules@UModSys@@UEBAXXZ 00000001400034f8 f i umodsys_lib_libmedia:umodsys.mod.media.stdlib.obj
 0001:000024f8       ?ref_remove@RStreamWriter_FILE@stdio@media@modules@UModSys@@UEBAXXZ 00000001400034f8 f i umodsys_lib_libmedia:umodsys.mod.media.stdio.obj
 0001:000024f8       ?ref_remove@RStreamReader_FILE@stdio@media@modules@UModSys@@UEBAXXZ 00000001400034f8 f i umodsys_lib_libmedia:umodsys.mod.media.stdio.obj
 0001:000024f8       ?ref_remove@RGenerator@stdlib@media@modules@UModSys@@UEBAXXZ 00000001400034f8 f i umodsys_lib_libmedia:umodsys.mod.media.stdlib.obj
 0001:00002510       ?root_get_interface_info@RBinArchiveFrame@stdlib@media@modules@UModSys@@UEBAAEBUSUniquePointerInfo@core@5@XZ 0000000140003510 f i umodsys_lib_libmedia:umodsys.mod.media.stdlib.obj
 0001:00002518       ?root_get_interface_type@RBinArchiveFrame@stdlib@media@modules@UModSys@@UEBAPEBUSUniquePointerInfo@core@5@XZ 0000000140003518 f i umodsys_lib_libmedia:umodsys.mod.media.stdlib.obj
 0001:00002520       ?root_get_other_interface@RBinArchiveFrame@stdlib@media@modules@UModSys@@UEBAPEBUIRoot@core@5@PEBUSUniquePointerInfo@75@@Z 0000000140003520 f i umodsys_lib_libmedia:umodsys.mod.media.stdlib.obj
 0001:00002520       ?root_get_other_interface@RBinArchiveFrame@stdlib@media@modules@UModSys@@UEAAPEAUIRoot@core@5@PEBUSUniquePointerInfo@75@@Z 0000000140003520 f i umodsys_lib_libmedia:umodsys.mod.media.stdlib.obj
 0001:00002564       ?root_is_interface_supported@RBinArchiveFrame@stdlib@media@modules@UModSys@@UEBA_NPEBUSUniquePointerInfo@core@5@@Z 0000000140003564 f i umodsys_lib_libmedia:umodsys.mod.media.stdlib.obj
 0001:000025a4       ?ref_add@RBinArchiveFrame@stdlib@media@modules@UModSys@@UEBAXXZ 00000001400035a4 f i umodsys_lib_libmedia:umodsys.mod.media.stdlib.obj
 0001:000025a8       ?ref_remove@RBinArchiveFrame@stdlib@media@modules@UModSys@@UEBAXXZ 00000001400035a8 f i umodsys_lib_libmedia:umodsys.mod.media.stdlib.obj
 0001:000025c0       ?ref_links@RBinArchiveFrame@stdlib@media@modules@UModSys@@UEBAHXZ 00000001400035c0 f i umodsys_lib_libmedia:umodsys.mod.media.stdlib.obj
 0001:000025c4       ?ref_weak@RBinArchiveFrame@stdlib@media@modules@UModSys@@UEBA_NAEAUWeakPointer@IRefObject@core@5@@Z 00000001400035c4 f i umodsys_lib_libmedia:umodsys.mod.media.stdlib.obj
 0001:000025e4       ?suicide@RBinArchiveFrame@stdlib@media@modules@UModSys@@UEAAXXZ 00000001400035e4 f i umodsys_lib_libmedia:umodsys.mod.media.stdlib.obj
 0001:00002630       ??RNN_Add@RBinArchiveFrame@stdlib@media@modules@UModSys@@QEBAPEAUNameNode@IBinArchiveFrame@libmedia@5@AEAUNameNodeCmpUC@785@@Z 0000000140003630 f i umodsys_lib_libmedia:umodsys.mod.media.stdlib.obj
 0001:00002790       ??RNN_Add@RBinArchiveFrame@stdlib@media@modules@UModSys@@QEBAPEAUNameNode@IBinArchiveFrame@libmedia@5@AEAUNameNodeCmpC@785@@Z 0000000140003790 f i umodsys_lib_libmedia:umodsys.mod.media.stdlib.obj
 0001:000028f4       ?root_get_interface_info@RLibraryBinTree@stdlib@media@modules@UModSys@@UEBAAEBUSUniquePointerInfo@core@5@XZ 00000001400038f4 f i umodsys_lib_libmedia:umodsys.mod.media.stdlib.obj
 0001:000028fc       ?root_get_interface_type@RLibraryBinTree@stdlib@media@modules@UModSys@@UEBAPEBUSUniquePointerInfo@core@5@XZ 00000001400038fc f i umodsys_lib_libmedia:umodsys.mod.media.stdlib.obj
 0001:00002904       ?root_get_other_interface@RLibraryBinTree@stdlib@media@modules@UModSys@@UEAAPEAUIRoot@core@5@PEBUSUniquePointerInfo@75@@Z 0000000140003904 f i umodsys_lib_libmedia:umodsys.mod.media.stdlib.obj
 0001:00002904       ?root_get_other_interface@RLibraryBinTree@stdlib@media@modules@UModSys@@UEBAPEBUIRoot@core@5@PEBUSUniquePointerInfo@75@@Z 0000000140003904 f i umodsys_lib_libmedia:umodsys.mod.media.stdlib.obj
 0001:00002948       ?root_is_interface_supported@RLibraryBinTree@stdlib@media@modules@UModSys@@UEBA_NPEBUSUniquePointerInfo@core@5@@Z 0000000140003948 f i umodsys_lib_libmedia:umodsys.mod.media.stdlib.obj
 0001:00002988       ?ref_links@RLibraryObjCache@stdlib@media@modules@UModSys@@UEBAHXZ 0000000140003988 f i umodsys_lib_libmedia:umodsys.mod.media.stdlib.obj
 0001:00002988       ?ref_links@RLibraryBinCache@stdlib@media@modules@UModSys@@UEBAHXZ 0000000140003988 f i umodsys_lib_libmedia:umodsys.mod.media.stdlib.obj
 0001:00002988       ?ref_links@RParameters@rsystem@base@UModSys@@UEBAHXZ 0000000140003988 f i umodsys_lib_basesys:umodsys.basesys.rparameters.obj
 0001:00002988       ?ref_links@RLibraryLayered@stdlib@media@modules@UModSys@@UEBAHXZ 0000000140003988 f i umodsys_lib_libmedia:umodsys.mod.media.stdlib.obj
 0001:00002988       ?ref_links@RLibraryObjFilter@stdlib@media@modules@UModSys@@UEBAHXZ 0000000140003988 f i umodsys_lib_libmedia:umodsys.mod.media.stdlib.obj
 0001:00002988       ?ref_links@RLibraryBinTree@stdlib@media@modules@UModSys@@UEBAHXZ 0000000140003988 f i umodsys_lib_libmedia:umodsys.mod.media.stdlib.obj
 0001:00002988       ?ref_links@RDataArchiver_OsDir@stdio@media@modules@UModSys@@UEBAHXZ 0000000140003988 f i umodsys_lib_libmedia:umodsys.mod.media.stdio.obj
 0001:0000298c       ?suicide@RLibraryObjFilter@stdlib@media@modules@UModSys@@UEAAXXZ 000000014000398c f i umodsys_lib_libmedia:umodsys.mod.media.stdlib.obj
 0001:0000298c       ?suicide@RLibraryBinCache@stdlib@media@modules@UModSys@@UEAAXXZ 000000014000398c f i umodsys_lib_libmedia:umodsys.mod.media.stdlib.obj
 0001:0000298c       ?suicide@RLibraryLayered@stdlib@media@modules@UModSys@@UEAAXXZ 000000014000398c f i umodsys_lib_libmedia:umodsys.mod.media.stdlib.obj
 0001:0000298c       ?suicide@RDataArchiver_OsDir@stdio@media@modules@UModSys@@UEAAXXZ 000000014000398c f i umodsys_lib_libmedia:umodsys.mod.media.stdio.obj
 0001:0000298c       ?suicide@RLibraryObjCache@stdlib@media@modules@UModSys@@UEAAXXZ 000000014000398c f i umodsys_lib_libmedia:umodsys.mod.media.stdlib.obj
 0001:0000298c       ?suicide@RLibraryBinTree@stdlib@media@modules@UModSys@@UEAAXXZ 000000014000398c f i umodsys_lib_libmedia:umodsys.mod.media.stdlib.obj
 0001:000029d8       ?root_get_interface_info@RLibraryBinCache@stdlib@media@modules@UModSys@@UEBAAEBUSUniquePointerInfo@core@5@XZ 00000001400039d8 f i umodsys_lib_libmedia:umodsys.mod.media.stdlib.obj
 0001:000029e0       ?root_get_interface_type@RLibraryBinCache@stdlib@media@modules@UModSys@@UEBAPEBUSUniquePointerInfo@core@5@XZ 00000001400039e0 f i umodsys_lib_libmedia:umodsys.mod.media.stdlib.obj
 0001:000029e8       ?root_get_other_interface@RLibraryBinCache@stdlib@media@modules@UModSys@@UEAAPEAUIRoot@core@5@PEBUSUniquePointerInfo@75@@Z 00000001400039e8 f i umodsys_lib_libmedia:umodsys.mod.media.stdlib.obj
 0001:000029e8       ?root_get_other_interface@RLibraryBinCache@stdlib@media@modules@UModSys@@UEBAPEBUIRoot@core@5@PEBUSUniquePointerInfo@75@@Z 00000001400039e8 f i umodsys_lib_libmedia:umodsys.mod.media.stdlib.obj
 0001:00002a2c       ?root_is_interface_supported@RLibraryBinCache@stdlib@media@modules@UModSys@@UEBA_NPEBUSUniquePointerInfo@core@5@@Z 0000000140003a2c f i umodsys_lib_libmedia:umodsys.mod.media.stdlib.obj
 0001:00002a6c       ?ref_weak@RLibraryBinTree@stdlib@media@modules@UModSys@@UEBA_NAEAUWeakPointer@IRefObject@core@5@@Z 0000000140003a6c f i umodsys_lib_libmedia:umodsys.mod.media.stdlib.obj
 0001:00002a6c       ?ref_weak@RDataArchiver_OsDir@stdio@media@modules@UModSys@@UEBA_NAEAUWeakPointer@IRefObject@core@5@@Z 0000000140003a6c f i umodsys_lib_libmedia:umodsys.mod.media.stdio.obj
 0001:00002a6c       ?ref_weak@RLibraryBinCache@stdlib@media@modules@UModSys@@UEBA_NAEAUWeakPointer@IRefObject@core@5@@Z 0000000140003a6c f i umodsys_lib_libmedia:umodsys.mod.media.stdlib.obj
 0001:00002a6c       ?ref_weak@RLibraryObjFilter@stdlib@media@modules@UModSys@@UEBA_NAEAUWeakPointer@IRefObject@core@5@@Z 0000000140003a6c f i umodsys_lib_libmedia:umodsys.mod.media.stdlib.obj
 0001:00002a6c       ?ref_weak@RLibraryObjCache@stdlib@media@modules@UModSys@@UEBA_NAEAUWeakPointer@IRefObject@core@5@@Z 0000000140003a6c f i umodsys_lib_libmedia:umodsys.mod.media.stdlib.obj
 0001:00002a6c       ?ref_weak@RLibraryLayered@stdlib@media@modules@UModSys@@UEBA_NAEAUWeakPointer@IRefObject@core@5@@Z 0000000140003a6c f i umodsys_lib_libmedia:umodsys.mod.media.stdlib.obj
 0001:00002a6c       ?ref_weak@RParameters@rsystem@base@UModSys@@UEBA_NAEAUWeakPointer@IRefObject@core@4@@Z 0000000140003a6c f i umodsys_lib_basesys:umodsys.basesys.rparameters.obj
 0001:00002a8c       ?root_get_interface_info@RLibraryLayered@stdlib@media@modules@UModSys@@UEBAAEBUSUniquePointerInfo@core@5@XZ 0000000140003a8c f i umodsys_lib_libmedia:umodsys.mod.media.stdlib.obj
 0001:00002a94       ?root_get_interface_type@RLibraryLayered@stdlib@media@modules@UModSys@@UEBAPEBUSUniquePointerInfo@core@5@XZ 0000000140003a94 f i umodsys_lib_libmedia:umodsys.mod.media.stdlib.obj
 0001:00002a9c       ?root_get_other_interface@RLibraryLayered@stdlib@media@modules@UModSys@@UEAAPEAUIRoot@core@5@PEBUSUniquePointerInfo@75@@Z 0000000140003a9c f i umodsys_lib_libmedia:umodsys.mod.media.stdlib.obj
 0001:00002a9c       ?root_get_other_interface@RLibraryLayered@stdlib@media@modules@UModSys@@UEBAPEBUIRoot@core@5@PEBUSUniquePointerInfo@75@@Z 0000000140003a9c f i umodsys_lib_libmedia:umodsys.mod.media.stdlib.obj
 0001:00002ae0       ?root_is_interface_supported@RLibraryLayered@stdlib@media@modules@UModSys@@UEBA_NPEBUSUniquePointerInfo@core@5@@Z 0000000140003ae0 f i umodsys_lib_libmedia:umodsys.mod.media.stdlib.obj
 0001:00002b20       ?ref_add@RLibraryObjFilter@stdlib@media@modules@UModSys@@UEBAXXZ 0000000140003b20 f i umodsys_lib_libmedia:umodsys.mod.media.stdlib.obj
 0001:00002b20       ?ref_add@RLibraryObjCache@stdlib@media@modules@UModSys@@UEBAXXZ 0000000140003b20 f i umodsys_lib_libmedia:umodsys.mod.media.stdlib.obj
 0001:00002b20       ?ref_add@RLibraryBinTree@stdlib@media@modules@UModSys@@UEBAXXZ 0000000140003b20 f i umodsys_lib_libmedia:umodsys.mod.media.stdlib.obj
 0001:00002b20       ?ref_add@RLibraryLayered@stdlib@media@modules@UModSys@@UEBAXXZ 0000000140003b20 f i umodsys_lib_libmedia:umodsys.mod.media.stdlib.obj
 0001:00002b20       ?ref_add@RParameters@rsystem@base@UModSys@@UEBAXXZ 0000000140003b20 f i umodsys_lib_basesys:umodsys.basesys.rparameters.obj
 0001:00002b20       ?ref_add@RDataArchiver_OsDir@stdio@media@modules@UModSys@@UEBAXXZ 0000000140003b20 f i umodsys_lib_libmedia:umodsys.mod.media.stdio.obj
 0001:00002b20       ?ref_add@RLibraryBinCache@stdlib@media@modules@UModSys@@UEBAXXZ 0000000140003b20 f i umodsys_lib_libmedia:umodsys.mod.media.stdlib.obj
 0001:00002b24       ?root_get_interface_info@RLibraryObjCache@stdlib@media@modules@UModSys@@UEBAAEBUSUniquePointerInfo@core@5@XZ 0000000140003b24 f i umodsys_lib_libmedia:umodsys.mod.media.stdlib.obj
 0001:00002b2c       ?root_get_interface_type@RLibraryObjCache@stdlib@media@modules@UModSys@@UEBAPEBUSUniquePointerInfo@core@5@XZ 0000000140003b2c f i umodsys_lib_libmedia:umodsys.mod.media.stdlib.obj
 0001:00002b34       ?root_get_other_interface@RLibraryObjCache@stdlib@media@modules@UModSys@@UEAAPEAUIRoot@core@5@PEBUSUniquePointerInfo@75@@Z 0000000140003b34 f i umodsys_lib_libmedia:umodsys.mod.media.stdlib.obj
 0001:00002b34       ?root_get_other_interface@RLibraryObjCache@stdlib@media@modules@UModSys@@UEBAPEBUIRoot@core@5@PEBUSUniquePointerInfo@75@@Z 0000000140003b34 f i umodsys_lib_libmedia:umodsys.mod.media.stdlib.obj
 0001:00002b78       ?root_is_interface_supported@RLibraryObjCache@stdlib@media@modules@UModSys@@UEBA_NPEBUSUniquePointerInfo@core@5@@Z 0000000140003b78 f i umodsys_lib_libmedia:umodsys.mod.media.stdlib.obj
 0001:00002bb8       ?ref_remove@RParameters@rsystem@base@UModSys@@UEBAXXZ 0000000140003bb8 f i umodsys_lib_basesys:umodsys.basesys.rparameters.obj
 0001:00002bb8       ?ref_remove@RLibraryBinCache@stdlib@media@modules@UModSys@@UEBAXXZ 0000000140003bb8 f i umodsys_lib_libmedia:umodsys.mod.media.stdlib.obj
 0001:00002bb8       ?ref_remove@RLibraryBinTree@stdlib@media@modules@UModSys@@UEBAXXZ 0000000140003bb8 f i umodsys_lib_libmedia:umodsys.mod.media.stdlib.obj
 0001:00002bb8       ?ref_remove@RDataArchiver_OsDir@stdio@media@modules@UModSys@@UEBAXXZ 0000000140003bb8 f i umodsys_lib_libmedia:umodsys.mod.media.stdio.obj
 0001:00002bb8       ?ref_remove@RLibraryObjFilter@stdlib@media@modules@UModSys@@UEBAXXZ 0000000140003bb8 f i umodsys_lib_libmedia:umodsys.mod.media.stdlib.obj
 0001:00002bb8       ?ref_remove@RLibraryObjCache@stdlib@media@modules@UModSys@@UEBAXXZ 0000000140003bb8 f i umodsys_lib_libmedia:umodsys.mod.media.stdlib.obj
 0001:00002bb8       ?ref_remove@RLibraryLayered@stdlib@media@modules@UModSys@@UEBAXXZ 0000000140003bb8 f i umodsys_lib_libmedia:umodsys.mod.media.stdlib.obj
 0001:00002bd0       ?root_get_interface_info@RLibraryObjFilter@stdlib@media@modules@UModSys@@UEBAAEBUSUniquePointerInfo@core@5@XZ 0000000140003bd0 f i umodsys_lib_libmedia:umodsys.mod.media.stdlib.obj
 0001:00002bd8       ?root_get_interface_type@RLibraryObjFilter@stdlib@media@modules@UModSys@@UEBAPEBUSUniquePointerInfo@core@5@XZ 0000000140003bd8 f i umodsys_lib_libmedia:umodsys.mod.media.stdlib.obj
 0001:00002be0       ?root_get_other_interface@RLibraryObjFilter@stdlib@media@modules@UModSys@@UEAAPEAUIRoot@core@5@PEBUSUniquePointerInfo@75@@Z 0000000140003be0 f i umodsys_lib_libmedia:umodsys.mod.media.stdlib.obj
 0001:00002be0       ?root_get_other_interface@RLibraryObjFilter@stdlib@media@modules@UModSys@@UEBAPEBUIRoot@core@5@PEBUSUniquePointerInfo@75@@Z 0000000140003be0 f i umodsys_lib_libmedia:umodsys.mod.media.stdlib.obj
 0001:00002c24       ?root_is_interface_supported@RLibraryObjFilter@stdlib@media@modules@UModSys@@UEBA_NPEBUSUniquePointerInfo@core@5@@Z 0000000140003c24 f i umodsys_lib_libmedia:umodsys.mod.media.stdlib.obj
 0001:00002c64       ?get_generated_names@RGenerator@stdlib@media@modules@UModSys@@UEBAHAEAUSUniquePtrList@core@5@@Z 0000000140003c64 f i umodsys_lib_libmedia:umodsys.mod.media.stdlib.obj
 0001:00002ce4       ?get_generated_types@RGenerator@stdlib@media@modules@UModSys@@UEBAHAEAUSUniquePtrList@core@5@PEBUSUniquePointerInfo@75@@Z 0000000140003ce4 f i umodsys_lib_libmedia:umodsys.mod.media.stdlib.obj
 0001:00002e50       ?generate@RGenerator@stdlib@media@modules@UModSys@@UEAA_NAEAU?$TRefObject@UIRefObject@core@UModSys@@U?$TRefObjectFunc@UIRefObject@core@UModSys@@@tl@3@@tl@5@PEBUSUniquePointerInfo@core@5@AEBUSParameters@95@@Z 0000000140003e50 f i umodsys_lib_libmedia:umodsys.mod.media.stdlib.obj
 0001:000030cc       ?root_get_interface_info@RGenerator@stdlib@media@modules@UModSys@@UEBAAEBUSUniquePointerInfo@core@5@XZ 00000001400040cc f i umodsys_lib_libmedia:umodsys.mod.media.stdlib.obj
 0001:000030d4       ?root_get_interface_type@RGenerator@stdlib@media@modules@UModSys@@UEBAPEBUSUniquePointerInfo@core@5@XZ 00000001400040d4 f i umodsys_lib_libmedia:umodsys.mod.media.stdlib.obj
 0001:000030dc       ?root_get_other_interface@RGenerator@stdlib@media@modules@UModSys@@UEBAPEBUIRoot@core@5@PEBUSUniquePointerInfo@75@@Z 00000001400040dc f i umodsys_lib_libmedia:umodsys.mod.media.stdlib.obj
 0001:000030dc       ?root_get_other_interface@RGenerator@stdlib@media@modules@UModSys@@UEAAPEAUIRoot@core@5@PEBUSUniquePointerInfo@75@@Z 00000001400040dc f i umodsys_lib_libmedia:umodsys.mod.media.stdlib.obj
 0001:00003114       ?root_is_interface_supported@RGenerator@stdlib@media@modules@UModSys@@UEBA_NPEBUSUniquePointerInfo@core@5@@Z 0000000140004114 f i umodsys_lib_libmedia:umodsys.mod.media.stdlib.obj
 0001:0000314c       ?get_uid@RGenerator@stdlib@media@modules@UModSys@@UEBAPEBUSUniquePointerInfo@core@5@XZ 000000014000414c f i umodsys_lib_libmedia:umodsys.mod.media.stdlib.obj
 0001:00003154       ?buffer_free@RUtilities@stdlib@media@modules@UModSys@@UEAA_NAEAUSBuffer@libmedia@5@PEBUSSourceContext@core@5@@Z 0000000140004154 f   umodsys_lib_libmedia:umodsys.mod.media.stdlib.obj
 0001:000031a0       ?buffer_alloc@RUtilities@stdlib@media@modules@UModSys@@UEAA_NAEAUSBuffer@libmedia@5@_KPEBUSSourceContext@core@5@@Z 00000001400041a0 f   umodsys_lib_libmedia:umodsys.mod.media.stdlib.obj
 0001:000032a8       ??_ERUtilities@stdlib@media@modules@UModSys@@UEAAPEAXI@Z 00000001400042a8 f i  CIL library: CIL module
 0001:000032a8       ??_GRUtilities@stdlib@media@modules@UModSys@@UEAAPEAXI@Z 00000001400042a8 f i umodsys_lib_libmedia:umodsys.mod.media.stdlib.obj
 0001:00003350       ?get_flag@RBinArchiveFrame@stdlib@media@modules@UModSys@@UEBA?AW4eStates@?$TFlags4State@USMediaFlagUid@libmedia@UModSys@@I@tl@5@H@Z 0000000140004350 f   umodsys_lib_libmedia:umodsys.mod.media.stdlib.obj
 0001:00003360       ?get_flags_auto@RBinArchiveFrame@stdlib@media@modules@UModSys@@UEBA?AU?$TFlags4State@USMediaFlagUid@libmedia@UModSys@@I@tl@5@XZ 0000000140004360 f   umodsys_lib_libmedia:umodsys.mod.media.stdlib.obj
 0001:0000336c       ?set_flag@RBinArchiveFrame@stdlib@media@modules@UModSys@@UEAA?AW4eStates@?$TFlags4State@USMediaFlagUid@libmedia@UModSys@@I@tl@5@HW46785@@Z 000000014000436c f   umodsys_lib_libmedia:umodsys.mod.media.stdlib.obj
 0001:000033a0       ?data_reader@RBinArchiveFrame@stdlib@media@modules@UModSys@@UEAA?AU?$TRefObject@UIStreamReader@libmedia@UModSys@@U?$TRefObjectFunc@UIStreamReader@libmedia@UModSys@@@tl@3@@tl@5@AEBU?$TString@U?$TSCoreConst@D@su@tl@UModSys@@U?$TComparerBinaryHash@D@234@@75@AEBUSFlags@libmedia@5@@Z 00000001400043a0 f   umodsys_lib_libmedia:umodsys.mod.media.stdlib.obj
 0001:00003460       ?data_writer@RBinArchiveFrame@stdlib@media@modules@UModSys@@UEAA?AU?$TRefObject@UIStreamWriter@libmedia@UModSys@@U?$TRefObjectFunc@UIStreamWriter@libmedia@UModSys@@@tl@3@@tl@5@AEBU?$TString@U?$TSCoreConst@D@su@tl@UModSys@@U?$TComparerBinaryHash@D@234@@75@AEBUSFlags@libmedia@5@@Z 0000000140004460 f   umodsys_lib_libmedia:umodsys.mod.media.stdlib.obj
 0001:000034a8       ?data_load@RBinArchiveFrame@stdlib@media@modules@UModSys@@UEAA_NAEBU?$TString@U?$TSCoreConst@D@su@tl@UModSys@@U?$TComparerBinaryHash@D@234@@tl@5@AEAUSCMemShared@core@5@AEBUSFlags@libmedia@5@@Z 00000001400044a8 f   umodsys_lib_libmedia:umodsys.mod.media.stdlib.obj
 0001:0000351c       ?data_save@RBinArchiveFrame@stdlib@media@modules@UModSys@@UEAA_NAEBU?$TString@U?$TSCoreConst@D@su@tl@UModSys@@U?$TComparerBinaryHash@D@234@@tl@5@AEBUSCMem@core@5@AEBUSFlags@libmedia@5@@Z 000000014000451c f   umodsys_lib_libmedia:umodsys.mod.media.stdlib.obj
 0001:00003554       ?data_list@RBinArchiveFrame@stdlib@media@modules@UModSys@@UEAA_NAEBU?$TString@U?$TSCoreConst@D@su@tl@UModSys@@U?$TComparerBinaryHash@D@234@@tl@5@_KAEAU?$TIStackSocket@USFileInfo@libmedia@UModSys@@@75@AEBUSFlags@libmedia@5@@Z 0000000140004554 f   umodsys_lib_libmedia:umodsys.mod.media.stdlib.obj
 0001:000037fc       ?data_info@RBinArchiveFrame@stdlib@media@modules@UModSys@@UEAA_NAEBU?$TString@U?$TSCoreConst@D@su@tl@UModSys@@U?$TComparerBinaryHash@D@234@@tl@5@_KAEAUSFileInfo@libmedia@5@AEBUSFlags@95@@Z 00000001400047fc f   umodsys_lib_libmedia:umodsys.mod.media.stdlib.obj
 0001:0000391c       ?get_permissions@RBinArchiveFrame@stdlib@media@modules@UModSys@@UEAAHXZ 000000014000491c f   umodsys_lib_libmedia:umodsys.mod.media.stdlib.obj
 0001:00003930       ?open@RBinArchiveFrame@stdlib@media@modules@UModSys@@UEAA_NPEAUIClient@IBinArchiveFrame@libmedia@5@PEBUSParameters@core@5@@Z 0000000140004930 f   umodsys_lib_libmedia:umodsys.mod.media.stdlib.obj
 0001:00003d88       ?close@RBinArchiveFrame@stdlib@media@modules@UModSys@@UEAA_NXZ 0000000140004d88 f   umodsys_lib_libmedia:umodsys.mod.media.stdlib.obj
 0001:00003e94       ?add_node_r@RBinArchiveFrame@stdlib@media@modules@UModSys@@UEAAPEAUNameNode@IBinArchiveFrame@libmedia@5@AEBU?$TString@U?$TSCoreConst@D@su@tl@UModSys@@U?$TComparerBinaryHash@D@234@@tl@5@_KAEAUSMem@core@5@@Z 0000000140004e94 f   umodsys_lib_libmedia:umodsys.mod.media.stdlib.obj
 0001:00003f4c       ?add_node_w@RBinArchiveFrame@stdlib@media@modules@UModSys@@UEAAPEAUNameNode@IBinArchiveFrame@libmedia@5@AEBU?$TString@U?$TSCoreConst@D@su@tl@UModSys@@U?$TComparerBinaryHash@D@234@@tl@5@_K@Z 0000000140004f4c f   umodsys_lib_libmedia:umodsys.mod.media.stdlib.obj
 0001:00004040       ?remove_node@RBinArchiveFrame@stdlib@media@modules@UModSys@@UEAA_NPEAUNameNode@IBinArchiveFrame@libmedia@5@@Z 0000000140005040 f   umodsys_lib_libmedia:umodsys.mod.media.stdlib.obj
 0001:0000406c       ?find_node@RBinArchiveFrame@stdlib@media@modules@UModSys@@UEAAPEAUNameNode@IBinArchiveFrame@libmedia@5@AEBU?$TString@U?$TSCoreConst@D@su@tl@UModSys@@U?$TComparerBinaryHash@D@234@@tl@5@@Z 000000014000506c f   umodsys_lib_libmedia:umodsys.mod.media.stdlib.obj
 0001:000041a4       ?node_size@RBinArchiveFrame@stdlib@media@modules@UModSys@@UEAA_KAEBU?$TString@U?$TSCoreConst@D@su@tl@UModSys@@U?$TComparerBinaryHash@D@234@@tl@5@H@Z 00000001400051a4 f   umodsys_lib_libmedia:umodsys.mod.media.stdlib.obj
 0001:000041bc       ?kill_node@RBinArchiveFrame@stdlib@media@modules@UModSys@@SA_NPEAUNameNode@IBinArchiveFrame@libmedia@5@@Z 00000001400051bc f   umodsys_lib_libmedia:umodsys.mod.media.stdlib.obj
 0001:000041e4       ?fill_info@RBinArchiveFrame@stdlib@media@modules@UModSys@@QEAA_NAEAUSFileInfo@libmedia@5@PEAUNameNode@IBinArchiveFrame@75@AEBU?$TString@U?$TSCoreConst@D@su@tl@UModSys@@U?$TComparerBinaryHash@D@234@@tl@5@_K@Z 00000001400051e4 f   umodsys_lib_libmedia:umodsys.mod.media.stdlib.obj
 0001:00004500       ?openr@RBinArchiveFrame@stdlib@media@modules@UModSys@@QEAA_NPEAUILibrary@libmedia@5@AEBU?$TString@U?$TSCoreConst@D@su@tl@UModSys@@U?$TComparerBinaryHash@D@234@@tl@5@PEBUSParameters@core@5@@Z 0000000140005500 f   umodsys_lib_libmedia:umodsys.mod.media.stdlib.obj
 0001:00004678       ?closew@RBinArchiveFrame@stdlib@media@modules@UModSys@@QEAA_N_N@Z 0000000140005678 f   umodsys_lib_libmedia:umodsys.mod.media.stdlib.obj
 0001:00004820       ??0RBinArchiveFrame@stdlib@media@modules@UModSys@@QEAA@PEAUIModObject@base@4@AEBUSParameters@core@4@U?$TFlags4State@USMediaFlagUid@libmedia@UModSys@@I@tl@4@@Z 0000000140005820 f   umodsys_lib_libmedia:umodsys.mod.media.stdlib.obj
 0001:0000492c       ??_ERBinArchiveFrame@stdlib@media@modules@UModSys@@UEAAPEAXI@Z 000000014000592c f i  CIL library: CIL module
 0001:0000492c       ??_GRBinArchiveFrame@stdlib@media@modules@UModSys@@UEAAPEAXI@Z 000000014000592c f i umodsys_lib_libmedia:umodsys.mod.media.stdlib.obj
 0001:00004a24       ??1IBinArchiveFrame@libmedia@UModSys@@UEAA@XZ 0000000140005a24 f i umodsys_lib_libmedia:umodsys.mod.media.stdlib.obj
 0001:00004a9c       ??_ERLibraryBinTree@stdlib@media@modules@UModSys@@UEAAPEAXI@Z 0000000140005a9c f i  CIL library: CIL module
 0001:00004a9c       ??_GRLibraryBinTree@stdlib@media@modules@UModSys@@UEAAPEAXI@Z 0000000140005a9c f i umodsys_lib_libmedia:umodsys.mod.media.stdlib.obj
 0001:00004b20       ?get_flags_auto@RLibraryBinTree@stdlib@media@modules@UModSys@@UEBA?AU?$TFlags4State@USMediaFlagUid@libmedia@UModSys@@I@tl@5@XZ 0000000140005b20 f   umodsys_lib_libmedia:umodsys.mod.media.stdlib.obj
 0001:00004b2c       ?bin_reader@RLibraryBinTree@stdlib@media@modules@UModSys@@UEAA?AU?$TRefObject@UIStreamReader@libmedia@UModSys@@U?$TRefObjectFunc@UIStreamReader@libmedia@UModSys@@@tl@3@@tl@5@AEBU?$TString@U?$TSCoreConst@D@su@tl@UModSys@@U?$TComparerBinaryHash@D@234@@75@AEBUSFlags@libmedia@5@@Z 0000000140005b2c f   umodsys_lib_libmedia:umodsys.mod.media.stdlib.obj
 0001:00004c8c       ?bin_writer@RLibraryBinTree@stdlib@media@modules@UModSys@@UEAA?AU?$TRefObject@UIStreamWriter@libmedia@UModSys@@U?$TRefObjectFunc@UIStreamWriter@libmedia@UModSys@@@tl@3@@tl@5@AEBU?$TString@U?$TSCoreConst@D@su@tl@UModSys@@U?$TComparerBinaryHash@D@234@@75@AEBUSFlags@libmedia@5@@Z 0000000140005c8c f   umodsys_lib_libmedia:umodsys.mod.media.stdlib.obj
 0001:00004dec       ?bin_load@RLibraryBinTree@stdlib@media@modules@UModSys@@UEAA_NAEBU?$TString@U?$TSCoreConst@D@su@tl@UModSys@@U?$TComparerBinaryHash@D@234@@tl@5@AEAUSCMemShared@core@5@AEBUSFlags@libmedia@5@@Z 0000000140005dec f   umodsys_lib_libmedia:umodsys.mod.media.stdlib.obj
 0001:00004f18       ?bin_save@RLibraryBinTree@stdlib@media@modules@UModSys@@UEAA_NAEBU?$TString@U?$TSCoreConst@D@su@tl@UModSys@@U?$TComparerBinaryHash@D@234@@tl@5@AEBUSCMem@core@5@AEBUSFlags@libmedia@5@@Z 0000000140005f18 f   umodsys_lib_libmedia:umodsys.mod.media.stdlib.obj
 0001:00005020       ?bin_info@RLibraryBinTree@stdlib@media@modules@UModSys@@UEAA_NAEBU?$TString@U?$TSCoreConst@D@su@tl@UModSys@@U?$TComparerBinaryHash@D@234@@tl@5@AEAUSFileInfo@libmedia@5@AEBUSFlags@95@@Z 0000000140006020 f   umodsys_lib_libmedia:umodsys.mod.media.stdlib.obj
 0001:0000511c       ?bin_list@RLibraryBinTree@stdlib@media@modules@UModSys@@UEAA_NAEBU?$TString@U?$TSCoreConst@D@su@tl@UModSys@@U?$TComparerBinaryHash@D@234@@tl@5@AEAU?$TIStackSocket@USFileInfo@libmedia@UModSys@@@75@AEBUSFlags@libmedia@5@@Z 000000014000611c f   umodsys_lib_libmedia:umodsys.mod.media.stdlib.obj
 0001:00005228       ?mount_get@RLibraryBinTree@stdlib@media@modules@UModSys@@UEBA?AUSPoint@ILibraryBinTree@libmedia@5@AEBUSId@785@@Z 0000000140006228 f   umodsys_lib_libmedia:umodsys.mod.media.stdlib.obj
 0001:0000528c       ?mount_add@RLibraryBinTree@stdlib@media@modules@UModSys@@UEAA_NAEBUSId@ILibraryBinTree@libmedia@5@AEBUSPoint@785@@Z 000000014000628c f   umodsys_lib_libmedia:umodsys.mod.media.stdlib.obj
 0001:000053b4       ?mount_remove@RLibraryBinTree@stdlib@media@modules@UModSys@@UEAA_NAEBUSId@ILibraryBinTree@libmedia@5@@Z 00000001400063b4 f   umodsys_lib_libmedia:umodsys.mod.media.stdlib.obj
 0001:000053e0       ?mount_clear@RLibraryBinTree@stdlib@media@modules@UModSys@@UEAA_NXZ 00000001400063e0 f   umodsys_lib_libmedia:umodsys.mod.media.stdlib.obj
 0001:00005408       ??_ERLibraryBinCache@stdlib@media@modules@UModSys@@UEAAPEAXI@Z 0000000140006408 f i  CIL library: CIL module
 0001:00005408       ??_GRLibraryBinCache@stdlib@media@modules@UModSys@@UEAAPEAXI@Z 0000000140006408 f i umodsys_lib_libmedia:umodsys.mod.media.stdlib.obj
 0001:0000548c       ?get_flags_auto@RLibraryBinCache@stdlib@media@modules@UModSys@@UEBA?AU?$TFlags4State@USMediaFlagUid@libmedia@UModSys@@I@tl@5@XZ 000000014000648c f   umodsys_lib_libmedia:umodsys.mod.media.stdlib.obj
 0001:00005498       ?set_flag@RLibraryBinTree@stdlib@media@modules@UModSys@@UEAA?AW4eStates@?$TFlags4State@USMediaFlagUid@libmedia@UModSys@@I@tl@5@HW46785@@Z 0000000140006498 f   umodsys_lib_libmedia:umodsys.mod.media.stdlib.obj
 0001:00005498       ?set_flag@RLibraryBinCache@stdlib@media@modules@UModSys@@UEAA?AW4eStates@?$TFlags4State@USMediaFlagUid@libmedia@UModSys@@I@tl@5@HW46785@@Z 0000000140006498 f   umodsys_lib_libmedia:umodsys.mod.media.stdlib.obj
 0001:00005498       ?set_flag@RLibraryObjFilter@stdlib@media@modules@UModSys@@UEAA?AW4eStates@?$TFlags4State@USMediaFlagUid@libmedia@UModSys@@I@tl@5@HW46785@@Z 0000000140006498 f   umodsys_lib_libmedia:umodsys.mod.media.stdlib.obj
 0001:00005498       ?set_flag@RLibraryObjCache@stdlib@media@modules@UModSys@@UEAA?AW4eStates@?$TFlags4State@USMediaFlagUid@libmedia@UModSys@@I@tl@5@HW46785@@Z 0000000140006498 f   umodsys_lib_libmedia:umodsys.mod.media.stdlib.obj
 0001:000054c0       ?sub_writer@RUtilities@stdlib@media@modules@UModSys@@UEAA?AU?$TRefObject@UIStreamWriter@libmedia@UModSys@@U?$TRefObjectFunc@UIStreamWriter@libmedia@UModSys@@@tl@3@@tl@5@PEAUIStreamWriter@libmedia@5@_J1@Z 00000001400064c0 f   umodsys_lib_libmedia:umodsys.mod.media.stdlib.obj
 0001:000054c0       ?bin_reader@RLibraryBinCache@stdlib@media@modules@UModSys@@UEAA?AU?$TRefObject@UIStreamReader@libmedia@UModSys@@U?$TRefObjectFunc@UIStreamReader@libmedia@UModSys@@@tl@3@@tl@5@AEBU?$TString@U?$TSCoreConst@D@su@tl@UModSys@@U?$TComparerBinaryHash@D@234@@75@AEBUSFlags@libmedia@5@@Z 00000001400064c0 f   umodsys_lib_libmedia:umodsys.mod.media.stdlib.obj
 0001:000054c0       ?sub_reader@RUtilities@stdlib@media@modules@UModSys@@UEAA?AU?$TRefObject@UIStreamReader@libmedia@UModSys@@U?$TRefObjectFunc@UIStreamReader@libmedia@UModSys@@@tl@3@@tl@5@PEAUIStreamReader@libmedia@5@_J1@Z 00000001400064c0 f   umodsys_lib_libmedia:umodsys.mod.media.stdlib.obj
 0001:000054c0       ?bin_writer@ILibrary@libmedia@UModSys@@UEAA?AU?$TRefObject@UIStreamWriter@libmedia@UModSys@@U?$TRefObjectFunc@UIStreamWriter@libmedia@UModSys@@@tl@3@@tl@3@AEBU?$TString@U?$TSCoreConst@D@su@tl@UModSys@@U?$TComparerBinaryHash@D@234@@53@AEBUSFlags@23@@Z 00000001400064c0 f   umodsys_lib_libmedia:umodsys.lib.media.library.obj
 0001:000054c0       ?bin_writer@RLibraryBinCache@stdlib@media@modules@UModSys@@UEAA?AU?$TRefObject@UIStreamWriter@libmedia@UModSys@@U?$TRefObjectFunc@UIStreamWriter@libmedia@UModSys@@@tl@3@@tl@5@AEBU?$TString@U?$TSCoreConst@D@su@tl@UModSys@@U?$TComparerBinaryHash@D@234@@75@AEBUSFlags@libmedia@5@@Z 00000001400064c0 f   umodsys_lib_libmedia:umodsys.mod.media.stdlib.obj
 0001:000054c0       ?mem_reader@RUtilities@stdlib@media@modules@UModSys@@UEAA?AU?$TRefObject@UIStreamReader@libmedia@UModSys@@U?$TRefObjectFunc@UIStreamReader@libmedia@UModSys@@@tl@3@@tl@5@AEBUSCMem@core@5@@Z 00000001400064c0 f   umodsys_lib_libmedia:umodsys.mod.media.stdlib.obj
 0001:000054c0       ?mem_reader@RUtilities@stdlib@media@modules@UModSys@@UEAA?AU?$TRefObject@UIStreamReader@libmedia@UModSys@@U?$TRefObjectFunc@UIStreamReader@libmedia@UModSys@@@tl@3@@tl@5@AEBUSCMemShared@core@5@@Z 00000001400064c0 f   umodsys_lib_libmedia:umodsys.mod.media.stdlib.obj
 0001:000054c0       ?bin_reader@ILibrary@libmedia@UModSys@@UEAA?AU?$TRefObject@UIStreamReader@libmedia@UModSys@@U?$TRefObjectFunc@UIStreamReader@libmedia@UModSys@@@tl@3@@tl@3@AEBU?$TString@U?$TSCoreConst@D@su@tl@UModSys@@U?$TComparerBinaryHash@D@234@@53@AEBUSFlags@23@@Z 00000001400064c0 f   umodsys_lib_libmedia:umodsys.lib.media.library.obj
 0001:000054c0       ?mem_writer@RUtilities@stdlib@media@modules@UModSys@@UEAA?AU?$TRefObject@UIStreamWriter@libmedia@UModSys@@U?$TRefObjectFunc@UIStreamWriter@libmedia@UModSys@@@tl@3@@tl@5@PEBUSMem@core@5@PEAUIMemWriterCompleted@IUtilities@libmedia@5@PEAUIRefObject@95@@Z 00000001400064c0 f   umodsys_lib_libmedia:umodsys.mod.media.stdlib.obj
 0001:000054d0       ?bin_load@RLibraryBinCache@stdlib@media@modules@UModSys@@UEAA_NAEBU?$TString@U?$TSCoreConst@D@su@tl@UModSys@@U?$TComparerBinaryHash@D@234@@tl@5@AEAUSCMemShared@core@5@AEBUSFlags@libmedia@5@@Z 00000001400064d0 f   umodsys_lib_libmedia:umodsys.mod.media.stdlib.obj
 0001:000055f4       ?bin_get@RLibraryBinCache@stdlib@media@modules@UModSys@@UEAA_NAEBU?$TString@U?$TSCoreConst@D@su@tl@UModSys@@U?$TComparerBinaryHash@D@234@@tl@5@AEAUSCMemShared@core@5@_N@Z 00000001400065f4 f   umodsys_lib_libmedia:umodsys.mod.media.stdlib.obj
 0001:000055f4       ?obj_cget@RLibraryObjCache@stdlib@media@modules@UModSys@@UEAA_NAEBU?$TString@U?$TSCoreConst@D@su@tl@UModSys@@U?$TComparerBinaryHash@D@234@@tl@5@AEAU?$TRefObject@UIRefObject@core@UModSys@@U?$TRefObjectFunc@UIRefObject@core@UModSys@@@tl@3@@75@_N@Z 00000001400065f4 f   umodsys_lib_libmedia:umodsys.mod.media.stdlib.obj
 0001:00005628       ?bin_put@RLibraryBinCache@stdlib@media@modules@UModSys@@UEAA_NAEBU?$TString@U?$TSCoreConst@D@su@tl@UModSys@@U?$TComparerBinaryHash@D@234@@tl@5@PEBUSCMemShared@core@5@@Z 0000000140006628 f   umodsys_lib_libmedia:umodsys.mod.media.stdlib.obj
 0001:00005648       ?bincache_get@RLibraryBinCache@stdlib@media@modules@UModSys@@UEBA_NAEBU?$TString@U?$TSCoreConst@D@su@tl@UModSys@@U?$TComparerBinaryHash@D@234@@tl@5@PEAUSCMemShared@core@5@PEA_N@Z 0000000140006648 f   umodsys_lib_libmedia:umodsys.mod.media.stdlib.obj
 0001:00005700       ?bincache_add@RLibraryBinCache@stdlib@media@modules@UModSys@@UEAA_NAEBU?$TString@U?$TSCoreConst@D@su@tl@UModSys@@U?$TComparerBinaryHash@D@234@@tl@5@@Z 0000000140006700 f   umodsys_lib_libmedia:umodsys.mod.media.stdlib.obj
 0001:00005728       ?bincache_add@RLibraryBinCache@stdlib@media@modules@UModSys@@UEAA_NAEBU?$TString@U?$TSCoreConst@D@su@tl@UModSys@@U?$TComparerBinaryHash@D@234@@tl@5@AEBUSCMemShared@core@5@@Z 0000000140006728 f   umodsys_lib_libmedia:umodsys.mod.media.stdlib.obj
 0001:00005730       ?bincache_remove@RLibraryBinCache@stdlib@media@modules@UModSys@@UEAA_NAEBU?$TString@U?$TSCoreConst@D@su@tl@UModSys@@U?$TComparerBinaryHash@D@234@@tl@5@@Z 0000000140006730 f   umodsys_lib_libmedia:umodsys.mod.media.stdlib.obj
 0001:0000575c       ?bincache_clear@RLibraryBinCache@stdlib@media@modules@UModSys@@UEAA_NXZ 000000014000675c f   umodsys_lib_libmedia:umodsys.mod.media.stdlib.obj
 0001:00005784       ?bincache_add@RLibraryBinCache@stdlib@media@modules@UModSys@@QEAA_NAEBU?$TString@U?$TSCoreConst@D@su@tl@UModSys@@U?$TComparerBinaryHash@D@234@@tl@5@AEBUSCMemShared@core@5@_N@Z 0000000140006784 f   umodsys_lib_libmedia:umodsys.mod.media.stdlib.obj
 0001:00005890       ??0RLibraryLayered@stdlib@media@modules@UModSys@@QEAA@PEAUIModObject@base@4@AEBUSParameters@core@4@U?$TFlags4State@USMediaFlagUid@libmedia@UModSys@@I@tl@4@@Z 0000000140006890 f   umodsys_lib_libmedia:umodsys.mod.media.stdlib.obj
 0001:00005950       ??_GRLibraryLayered@stdlib@media@modules@UModSys@@UEAAPEAXI@Z 0000000140006950 f i umodsys_lib_libmedia:umodsys.mod.media.stdlib.obj
 0001:00005950       ??_ERLibraryLayered@stdlib@media@modules@UModSys@@UEAAPEAXI@Z 0000000140006950 f i  CIL library: CIL module
 0001:00005a1c       ??1IBinArchive@libmedia@UModSys@@UEAA@XZ 0000000140006a1c f i umodsys_lib_libmedia:umodsys.mod.media.stdio.obj
 0001:00005a1c       ??1ILibraryObjCache@libmedia@UModSys@@UEAA@XZ 0000000140006a1c f i umodsys_lib_libmedia:umodsys.mod.media.stdlib.obj
 0001:00005a1c       ??1ILibraryBinTree@libmedia@UModSys@@UEAA@XZ 0000000140006a1c f i umodsys_lib_libmedia:umodsys.mod.media.stdlib.obj
 0001:00005a1c       ??1ILibraryLayered@libmedia@UModSys@@UEAA@XZ 0000000140006a1c f i umodsys_lib_libmedia:umodsys.mod.media.stdlib.obj
 0001:00005a1c       ??1ILibraryBinCache@libmedia@UModSys@@UEAA@XZ 0000000140006a1c f i umodsys_lib_libmedia:umodsys.mod.media.stdlib.obj
 0001:00005a1c       ??1ILibraryObjFilter@libmedia@UModSys@@UEAA@XZ 0000000140006a1c f i umodsys_lib_libmedia:umodsys.mod.media.stdlib.obj
 0001:00005a58       ?get_flag@RLibraryLayered@stdlib@media@modules@UModSys@@UEBA?AW4eStates@?$TFlags4State@USMediaFlagUid@libmedia@UModSys@@I@tl@5@H@Z 0000000140006a58 f   umodsys_lib_libmedia:umodsys.mod.media.stdlib.obj
 0001:00005a64       ?get_flags_auto@RLibraryLayered@stdlib@media@modules@UModSys@@UEBA?AU?$TFlags4State@USMediaFlagUid@libmedia@UModSys@@I@tl@5@XZ 0000000140006a64 f   umodsys_lib_libmedia:umodsys.mod.media.stdlib.obj
 0001:00005a70       ?set_flag@RLibraryLayered@stdlib@media@modules@UModSys@@UEAA?AW4eStates@?$TFlags4State@USMediaFlagUid@libmedia@UModSys@@I@tl@5@HW46785@@Z 0000000140006a70 f   umodsys_lib_libmedia:umodsys.mod.media.stdlib.obj
 0001:00005a98       ?bin_reader@RLibraryLayered@stdlib@media@modules@UModSys@@UEAA?AU?$TRefObject@UIStreamReader@libmedia@UModSys@@U?$TRefObjectFunc@UIStreamReader@libmedia@UModSys@@@tl@3@@tl@5@AEBU?$TString@U?$TSCoreConst@D@su@tl@UModSys@@U?$TComparerBinaryHash@D@234@@75@AEBUSFlags@libmedia@5@@Z 0000000140006a98 f   umodsys_lib_libmedia:umodsys.mod.media.stdlib.obj
 0001:00005b80       ?bin_writer@RLibraryLayered@stdlib@media@modules@UModSys@@UEAA?AU?$TRefObject@UIStreamWriter@libmedia@UModSys@@U?$TRefObjectFunc@UIStreamWriter@libmedia@UModSys@@@tl@3@@tl@5@AEBU?$TString@U?$TSCoreConst@D@su@tl@UModSys@@U?$TComparerBinaryHash@D@234@@75@AEBUSFlags@libmedia@5@@Z 0000000140006b80 f   umodsys_lib_libmedia:umodsys.mod.media.stdlib.obj
 0001:00005c68       ?bin_load@RLibraryLayered@stdlib@media@modules@UModSys@@UEAA_NAEBU?$TString@U?$TSCoreConst@D@su@tl@UModSys@@U?$TComparerBinaryHash@D@234@@tl@5@AEAUSCMemShared@core@5@AEBUSFlags@libmedia@5@@Z 0000000140006c68 f   umodsys_lib_libmedia:umodsys.mod.media.stdlib.obj
 0001:00005f10       ?bin_save@RLibraryLayered@stdlib@media@modules@UModSys@@UEAA_NAEBU?$TString@U?$TSCoreConst@D@su@tl@UModSys@@U?$TComparerBinaryHash@D@234@@tl@5@AEBUSCMem@core@5@AEBUSFlags@libmedia@5@@Z 0000000140006f10 f   umodsys_lib_libmedia:umodsys.mod.media.stdlib.obj
 0001:0000616c       ?bin_info@RLibraryLayered@stdlib@media@modules@UModSys@@UEAA_NAEBU?$TString@U?$TSCoreConst@D@su@tl@UModSys@@U?$TComparerBinaryHash@D@234@@tl@5@AEAUSFileInfo@libmedia@5@AEBUSFlags@95@@Z 000000014000716c f   umodsys_lib_libmedia:umodsys.mod.media.stdlib.obj
 0001:0000621c       ?bin_list@RLibraryLayered@stdlib@media@modules@UModSys@@UEAA_NAEBU?$TString@U?$TSCoreConst@D@su@tl@UModSys@@U?$TComparerBinaryHash@D@234@@tl@5@AEAU?$TIStackSocket@USFileInfo@libmedia@UModSys@@@75@AEBUSFlags@libmedia@5@@Z 000000014000721c f   umodsys_lib_libmedia:umodsys.mod.media.stdlib.obj
 0001:000062e0       ?bin_get@RLibraryLayered@stdlib@media@modules@UModSys@@UEAA_NAEBU?$TString@U?$TSCoreConst@D@su@tl@UModSys@@U?$TComparerBinaryHash@D@234@@tl@5@AEAUSCMemShared@core@5@_N@Z 00000001400072e0 f   umodsys_lib_libmedia:umodsys.mod.media.stdlib.obj
 0001:00006364       ?bin_put@RLibraryLayered@stdlib@media@modules@UModSys@@UEAA_NAEBU?$TString@U?$TSCoreConst@D@su@tl@UModSys@@U?$TComparerBinaryHash@D@234@@tl@5@PEBUSCMemShared@core@5@@Z 0000000140007364 f   umodsys_lib_libmedia:umodsys.mod.media.stdlib.obj
 0001:000063d4       ?obj_fget@RLibraryLayered@stdlib@media@modules@UModSys@@UEAA_NAEBUSInfo@IBinObjFilter@libmedia@5@AEAU?$TRefObject@UIRefObject@core@UModSys@@U?$TRefObjectFunc@UIRefObject@core@UModSys@@@tl@3@@tl@5@@Z 00000001400073d4 f   umodsys_lib_libmedia:umodsys.mod.media.stdlib.obj
 0001:00006444       ?obj_fload@RLibraryLayered@stdlib@media@modules@UModSys@@UEAA_NAEBUSInfo@IBinObjFilter@libmedia@5@PEAUIRefObject@core@5@@Z 0000000140007444 f   umodsys_lib_libmedia:umodsys.mod.media.stdlib.obj
 0001:000064b4       ?obj_fsave@RLibraryLayered@stdlib@media@modules@UModSys@@UEAA_NAEAUSInfo@IBinObjFilter@libmedia@5@PEBUIRefObject@core@5@@Z 00000001400074b4 f   umodsys_lib_libmedia:umodsys.mod.media.stdlib.obj
 0001:00006524       ?obj_cget@RLibraryLayered@stdlib@media@modules@UModSys@@UEAA_NAEBU?$TString@U?$TSCoreConst@D@su@tl@UModSys@@U?$TComparerBinaryHash@D@234@@tl@5@AEAU?$TRefObject@UIRefObject@core@UModSys@@U?$TRefObjectFunc@UIRefObject@core@UModSys@@@tl@3@@75@_N@Z 0000000140007524 f   umodsys_lib_libmedia:umodsys.mod.media.stdlib.obj
 0001:000065a8       ?obj_cput@RLibraryLayered@stdlib@media@modules@UModSys@@UEAA_NAEBU?$TString@U?$TSCoreConst@D@su@tl@UModSys@@U?$TComparerBinaryHash@D@234@@tl@5@PEAUIRefObject@core@5@@Z 00000001400075a8 f   umodsys_lib_libmedia:umodsys.mod.media.stdlib.obj
 0001:00006618       ?obj_get@RLibraryLayered@stdlib@media@modules@UModSys@@UEAA_NAEBU?$TString@U?$TSCoreConst@D@su@tl@UModSys@@U?$TComparerBinaryHash@D@234@@tl@5@AEAU?$TRefObject@UIRefObject@core@UModSys@@U?$TRefObjectFunc@UIRefObject@core@UModSys@@@tl@3@@75@AEBUSObjOptions@ILibrary@libmedia@5@@Z 0000000140007618 f   umodsys_lib_libmedia:umodsys.mod.media.stdlib.obj
 0001:00006a6c       ?obj_load@RLibraryLayered@stdlib@media@modules@UModSys@@UEAA_NAEBU?$TString@U?$TSCoreConst@D@su@tl@UModSys@@U?$TComparerBinaryHash@D@234@@tl@5@PEAUIRefObject@core@5@AEBUSObjOptions@ILibrary@libmedia@5@@Z 0000000140007a6c f   umodsys_lib_libmedia:umodsys.mod.media.stdlib.obj
 0001:00006c44       ?obj_save@RLibraryLayered@stdlib@media@modules@UModSys@@UEAA_NAEBU?$TString@U?$TSCoreConst@D@su@tl@UModSys@@U?$TComparerBinaryHash@D@234@@tl@5@PEBUIRefObject@core@5@AEBUSObjOptions@ILibrary@libmedia@5@@Z 0000000140007c44 f   umodsys_lib_libmedia:umodsys.mod.media.stdlib.obj
 0001:00006e90       ?layer_get@RLibraryLayered@stdlib@media@modules@UModSys@@UEBA?AUSLayer@ILibraryLayered@libmedia@5@_K@Z 0000000140007e90 f   umodsys_lib_libmedia:umodsys.mod.media.stdlib.obj
 0001:00006ef8       ?layer_find@RLibraryLayered@stdlib@media@modules@UModSys@@UEBA_KAEBU?$TString@U?$TSCoreConst@D@su@tl@UModSys@@U?$TComparerBinaryHash@D@234@@tl@5@_K@Z 0000000140007ef8 f   umodsys_lib_libmedia:umodsys.mod.media.stdlib.obj
 0001:00006f94       ?layer_insert@RLibraryLayered@stdlib@media@modules@UModSys@@UEAA_NAEBUSLayer@ILibraryLayered@libmedia@5@_K@Z 0000000140007f94 f   umodsys_lib_libmedia:umodsys.mod.media.stdlib.obj
 0001:000071b8       ?layer_remove@RLibraryLayered@stdlib@media@modules@UModSys@@UEAA_N_K@Z 00000001400081b8 f   umodsys_lib_libmedia:umodsys.mod.media.stdlib.obj
 0001:000072e8       ?layer_clear@RLibraryLayered@stdlib@media@modules@UModSys@@UEAA_NXZ 00000001400082e8 f   umodsys_lib_libmedia:umodsys.mod.media.stdlib.obj
 0001:000072f4       ??_ERLibraryObjCache@stdlib@media@modules@UModSys@@UEAAPEAXI@Z 00000001400082f4 f i  CIL library: CIL module
 0001:000072f4       ??_GRLibraryObjCache@stdlib@media@modules@UModSys@@UEAAPEAXI@Z 00000001400082f4 f i umodsys_lib_libmedia:umodsys.mod.media.stdlib.obj
 0001:00007378       ?get_flags_auto@RLibraryObjCache@stdlib@media@modules@UModSys@@UEBA?AU?$TFlags4State@USMediaFlagUid@libmedia@UModSys@@I@tl@5@XZ 0000000140008378 f   umodsys_lib_libmedia:umodsys.mod.media.stdlib.obj
 0001:00007384       ?obj_cput@RLibraryObjCache@stdlib@media@modules@UModSys@@UEAA_NAEBU?$TString@U?$TSCoreConst@D@su@tl@UModSys@@U?$TComparerBinaryHash@D@234@@tl@5@PEAUIRefObject@core@5@@Z 0000000140008384 f   umodsys_lib_libmedia:umodsys.mod.media.stdlib.obj
 0001:00007390       ?obj_get@RLibraryObjCache@stdlib@media@modules@UModSys@@UEAA_NAEBU?$TString@U?$TSCoreConst@D@su@tl@UModSys@@U?$TComparerBinaryHash@D@234@@tl@5@AEAU?$TRefObject@UIRefObject@core@UModSys@@U?$TRefObjectFunc@UIRefObject@core@UModSys@@@tl@3@@75@AEBUSObjOptions@ILibrary@libmedia@5@@Z 0000000140008390 f   umodsys_lib_libmedia:umodsys.mod.media.stdlib.obj
 0001:000074fc       ?objcache_get@RLibraryObjCache@stdlib@media@modules@UModSys@@UEBA_NAEBU?$TString@U?$TSCoreConst@D@su@tl@UModSys@@U?$TComparerBinaryHash@D@234@@tl@5@PEAU?$TRefObject@UIRefObject@core@UModSys@@U?$TRefObjectFunc@UIRefObject@core@UModSys@@@tl@3@@75@PEA_N@Z 00000001400084fc f   umodsys_lib_libmedia:umodsys.mod.media.stdlib.obj
 0001:0000759c       ?objcache_add@RLibraryObjCache@stdlib@media@modules@UModSys@@UEAA_NAEBU?$TString@U?$TSCoreConst@D@su@tl@UModSys@@U?$TComparerBinaryHash@D@234@@tl@5@PEAUIRefObject@core@5@@Z 000000014000859c f   umodsys_lib_libmedia:umodsys.mod.media.stdlib.obj
 0001:00007690       ?objcache_remove@RLibraryObjCache@stdlib@media@modules@UModSys@@UEAA_NAEBU?$TString@U?$TSCoreConst@D@su@tl@UModSys@@U?$TComparerBinaryHash@D@234@@tl@5@@Z 0000000140008690 f   umodsys_lib_libmedia:umodsys.mod.media.stdlib.obj
 0001:000076bc       ?objcache_clear@RLibraryObjCache@stdlib@media@modules@UModSys@@UEAA_NXZ 00000001400086bc f   umodsys_lib_libmedia:umodsys.mod.media.stdlib.obj
 0001:000076e4       ??_GRLibraryObjFilter@stdlib@media@modules@UModSys@@UEAAPEAXI@Z 00000001400086e4 f i umodsys_lib_libmedia:umodsys.mod.media.stdlib.obj
 0001:000076e4       ??_ERLibraryObjFilter@stdlib@media@modules@UModSys@@UEAAPEAXI@Z 00000001400086e4 f i  CIL library: CIL module
 0001:000077b4       ?get_flag@RLibraryObjCache@stdlib@media@modules@UModSys@@UEBA?AW4eStates@?$TFlags4State@USMediaFlagUid@libmedia@UModSys@@I@tl@5@H@Z 00000001400087b4 f   umodsys_lib_libmedia:umodsys.mod.media.stdlib.obj
 0001:000077b4       ?get_flag@RLibraryBinCache@stdlib@media@modules@UModSys@@UEBA?AW4eStates@?$TFlags4State@USMediaFlagUid@libmedia@UModSys@@I@tl@5@H@Z 00000001400087b4 f   umodsys_lib_libmedia:umodsys.mod.media.stdlib.obj
 0001:000077b4       ?get_flag@RLibraryBinTree@stdlib@media@modules@UModSys@@UEBA?AW4eStates@?$TFlags4State@USMediaFlagUid@libmedia@UModSys@@I@tl@5@H@Z 00000001400087b4 f   umodsys_lib_libmedia:umodsys.mod.media.stdlib.obj
 0001:000077b4       ?get_flag@RLibraryObjFilter@stdlib@media@modules@UModSys@@UEBA?AW4eStates@?$TFlags4State@USMediaFlagUid@libmedia@UModSys@@I@tl@5@H@Z 00000001400087b4 f   umodsys_lib_libmedia:umodsys.mod.media.stdlib.obj
 0001:000077c0       ?get_flags_auto@RLibraryObjFilter@stdlib@media@modules@UModSys@@UEBA?AU?$TFlags4State@USMediaFlagUid@libmedia@UModSys@@I@tl@5@XZ 00000001400087c0 f   umodsys_lib_libmedia:umodsys.mod.media.stdlib.obj
 0001:000077cc       ?obj_fget@RLibraryObjFilter@stdlib@media@modules@UModSys@@UEAA_NAEBUSInfo@IBinObjFilter@libmedia@5@AEAU?$TRefObject@UIRefObject@core@UModSys@@U?$TRefObjectFunc@UIRefObject@core@UModSys@@@tl@3@@tl@5@@Z 00000001400087cc f   umodsys_lib_libmedia:umodsys.mod.media.stdlib.obj
 0001:000077d8       ?obj_fload@RLibraryObjFilter@stdlib@media@modules@UModSys@@UEAA_NAEBUSInfo@IBinObjFilter@libmedia@5@PEAUIRefObject@core@5@@Z 00000001400087d8 f   umodsys_lib_libmedia:umodsys.mod.media.stdlib.obj
 0001:000077e4       ?obj_fsave@RLibraryObjFilter@stdlib@media@modules@UModSys@@UEAA_NAEAUSInfo@IBinObjFilter@libmedia@5@PEBUIRefObject@core@5@@Z 00000001400087e4 f   umodsys_lib_libmedia:umodsys.mod.media.stdlib.obj
 0001:000077f0       ?filters_add@RLibraryObjFilter@stdlib@media@modules@UModSys@@UEAA_NU?$TRefObject@UIBinObjFilter@libmedia@UModSys@@U?$TRefObjectFunc@UIBinObjFilter@libmedia@UModSys@@@tl@3@@tl@5@PEBUSParameters@core@5@H@Z 00000001400087f0 f   umodsys_lib_libmedia:umodsys.mod.media.stdlib.obj
 0001:000078ec       ?filters_remove@RLibraryObjFilter@stdlib@media@modules@UModSys@@UEAA_NPEAUIBinObjFilter@libmedia@5@H@Z 00000001400088ec f   umodsys_lib_libmedia:umodsys.mod.media.stdlib.obj
 0001:00007960       ?filters_clear@RLibraryObjFilter@stdlib@media@modules@UModSys@@UEAA_NXZ 0000000140008960 f   umodsys_lib_libmedia:umodsys.mod.media.stdlib.obj
 0001:000079e0       ?filters_load@RLibraryObjFilter@stdlib@media@modules@UModSys@@UEAA_NAEBUSInfo@IBinObjFilter@libmedia@5@AEAU?$TRefObject@UIRefObject@core@UModSys@@U?$TRefObjectFunc@UIRefObject@core@UModSys@@@tl@3@@tl@5@@Z 00000001400089e0 f   umodsys_lib_libmedia:umodsys.mod.media.stdlib.obj
 0001:00007a78       ?filters_load@RLibraryObjFilter@stdlib@media@modules@UModSys@@UEAA_NAEBUSInfo@IBinObjFilter@libmedia@5@PEAUIRefObject@core@5@@Z 0000000140008a78 f   umodsys_lib_libmedia:umodsys.mod.media.stdlib.obj
 0001:00007b10       ?filters_save@RLibraryObjFilter@stdlib@media@modules@UModSys@@UEAA_NAEAUSInfo@IBinObjFilter@libmedia@5@PEBUIRefObject@core@5@@Z 0000000140008b10 f   umodsys_lib_libmedia:umodsys.mod.media.stdlib.obj
 0001:00007ba8       ?do_open@RModuleReg@stdlib@media@modules@UModSys@@UEAA_NXZ 0000000140008ba8 f i umodsys_lib_libmedia:umodsys.mod.media.stdlib.obj
 0001:00007c1c       ?do_close@RModuleReg@stdlib@media@modules@UModSys@@UEAA_NXZ 0000000140008c1c f i umodsys_lib_libmedia:umodsys.mod.media.stdlib.obj
 0001:00007c6c       ?get_module@RGenerator@stdlib@media@modules@UModSys@@UEBAPEAUIModule@base@5@XZ 0000000140008c6c f   umodsys_lib_libmedia:umodsys.mod.media.stdlib.obj
 0001:00007c74       ?mod_inc@RGenerator@stdlib@media@modules@UModSys@@UEBA_NXZ 0000000140008c74 f   umodsys_lib_libmedia:umodsys.mod.media.stdlib.obj
 0001:00007c88       ?mod_dec@RGenerator@stdlib@media@modules@UModSys@@UEBA_NXZ 0000000140008c88 f   umodsys_lib_libmedia:umodsys.mod.media.stdlib.obj
 0001:00007c9c       ?s_holder@RGenerator@stdlib@media@modules@UModSys@@SAAEAU?$TTypeStaticHolder@URGenerator@stdlib@media@modules@UModSys@@@tl@5@XZ 0000000140008c9c f   umodsys_lib_libmedia:umodsys.mod.media.stdlib.obj
 0001:00007ce0       ??4?$TString@U?$TSCoreConst@D@su@tl@UModSys@@U?$TComparerBinaryHash@D@234@@tl@UModSys@@QEAAAEBU012@PEBD@Z 0000000140008ce0 f i umodsys_lib_libmedia:umodsys.mod.media.stdlib.obj
 0001:00007d58       ??0?$TString@U?$TSCoreShared@USIMemAlloc@core@UModSys@@D@su@tl@UModSys@@U?$TComparerBinaryHash@D@234@@tl@UModSys@@QEAA@AEBU?$TSCoreConst@D@su@12@@Z 0000000140008d58 f i umodsys_lib_libmedia:umodsys.mod.media.stdlib.obj
 0001:00007e04       ?Resize@?$TDynarray@U?$TDynarrayHolderDynamic@EU?$TAllocator@USIMemAlloc@core@UModSys@@USCountCalcPower2@23@@tl@UModSys@@@tl@UModSys@@@tl@UModSys@@QEAA_N_K@Z 0000000140008e04 f i umodsys_lib_libmedia:umodsys.mod.media.stdlib.obj
 0001:00007e9c       ??1?$TTreeHoldRBD@UNameNode@IBinArchiveFrame@libmedia@UModSys@@U?$TNodeDeleter0@UNameNode@IBinArchiveFrame@libmedia@UModSys@@@tl@4@@tl@UModSys@@QEAA@XZ 0000000140008e9c f i umodsys_lib_libmedia:umodsys.mod.media.stdlib.obj
 0001:00007f04       ?remove_node@?$TTreeHoldRB@UNameNode@IBinArchiveFrame@libmedia@UModSys@@@tl@UModSys@@QEAAXPEAUNameNode@IBinArchiveFrame@libmedia@3@@Z 0000000140008f04 f i umodsys_lib_libmedia:umodsys.mod.media.stdlib.obj
 0001:00008018       ??R?$TScatterArray@USMountInfo@RLibraryBinTree@stdlib@media@modules@UModSys@@USId@ILibraryBinTree@libmedia@6@U7896@U?$TNodeDeleter0@U?$TScatterArrayNode@USMountInfo@RLibraryBinTree@stdlib@media@modules@UModSys@@USId@ILibraryBinTree@libmedia@6@@tl@UModSys@@@tl@6@@tl@UModSys@@QEAAPEAUSMountInfo@RLibraryBinTree@stdlib@media@modules@2@AEBUSId@ILibraryBinTree@libmedia@2@PEAUVoid@core@2@@Z 0000000140009018 f i umodsys_lib_libmedia:umodsys.mod.media.stdlib.obj
 0001:0000813c       ??R?$TScatterArray@USCacheElem@RLibraryBinCache@stdlib@media@modules@UModSys@@U?$TString@U?$TSCoreConst@D@su@tl@UModSys@@U?$TComparerBinaryHash@D@234@@tl@6@U?$TObjectCompare@U?$TString@U?$TSCoreConst@D@su@tl@UModSys@@U?$TComparerBinaryHash@D@234@@tl@UModSys@@@core@6@U?$TNodeDeleter0@U?$TScatterArrayNode@USCacheElem@RLibraryBinCache@stdlib@media@modules@UModSys@@U?$TString@U?$TSCoreConst@D@su@tl@UModSys@@U?$TComparerBinaryHash@D@234@@tl@6@@tl@UModSys@@@86@@tl@UModSys@@QEAAPEAUSCacheElem@RLibraryBinCache@stdlib@media@modules@2@AEBU?$TString@U?$TSCoreConst@D@su@tl@UModSys@@U?$TComparerBinaryHash@D@234@@12@PEAUVoid@core@2@@Z 000000014000913c f i umodsys_lib_libmedia:umodsys.mod.media.stdlib.obj
 0001:00008238       ??R?$TScatterArray@USCacheElem@RLibraryObjCache@stdlib@media@modules@UModSys@@U?$TString@U?$TSCoreConst@D@su@tl@UModSys@@U?$TComparerBinaryHash@D@234@@tl@6@U?$TObjectCompare@U?$TString@U?$TSCoreConst@D@su@tl@UModSys@@U?$TComparerBinaryHash@D@234@@tl@UModSys@@@core@6@U?$TNodeDeleter0@U?$TScatterArrayNode@USCacheElem@RLibraryObjCache@stdlib@media@modules@UModSys@@U?$TString@U?$TSCoreConst@D@su@tl@UModSys@@U?$TComparerBinaryHash@D@234@@tl@6@@tl@UModSys@@@86@@tl@UModSys@@QEAAPEAUSCacheElem@RLibraryObjCache@stdlib@media@modules@2@AEBU?$TString@U?$TSCoreConst@D@su@tl@UModSys@@U?$TComparerBinaryHash@D@234@@12@PEAUVoid@core@2@@Z 0000000140009238 f i umodsys_lib_libmedia:umodsys.mod.media.stdlib.obj
 0001:00008334       ??R?$TScatterArray@USFilter@RLibraryObjFilter@stdlib@media@modules@UModSys@@USId@23456@U723456@U?$TNodeDeleter0@U?$TScatterArrayNode@USFilter@RLibraryObjFilter@stdlib@media@modules@UModSys@@USId@23456@@tl@UModSys@@@tl@6@@tl@UModSys@@QEAAPEAUSFilter@RLibraryObjFilter@stdlib@media@modules@2@AEBUSId@45672@PEAUVoid@core@2@@Z 0000000140009334 f i umodsys_lib_libmedia:umodsys.mod.media.stdlib.obj
 0001:00008424       ??1?$TDynarray@U?$TDynarrayHolderDynamic@EU?$TAllocator@USIMemAlloc@core@UModSys@@USCountCalcPower2@23@@tl@UModSys@@@tl@UModSys@@@tl@UModSys@@QEAA@XZ 0000000140009424 f i umodsys_lib_libmedia:umodsys.mod.media.stdlib.obj
 0001:000084ec       ?delete_node@?$TTreeHoldRBD@U?$TScatterArrayNode@USMountInfo@RLibraryBinTree@stdlib@media@modules@UModSys@@USId@ILibraryBinTree@libmedia@6@@tl@UModSys@@U?$TNodeDeleter0@U?$TScatterArrayNode@USMountInfo@RLibraryBinTree@stdlib@media@modules@UModSys@@USId@ILibraryBinTree@libmedia@6@@tl@UModSys@@@23@@tl@UModSys@@QEAAXPEAU?$TScatterArrayNode@USMountInfo@RLibraryBinTree@stdlib@media@modules@UModSys@@USId@ILibraryBinTree@libmedia@6@@23@@Z 00000001400094ec f i umodsys_lib_libmedia:umodsys.mod.media.stdlib.obj
[...]
 0001:00014170       ??__E?s_id@?$TObjectUniqueID@UIRoot@core@UModSys@@@tl@UModSys@@2USUniquePointer@core@3@A@@YAXXZ 0000000140015170 f    CIL library: CIL module
 0001:000141a4       ??__E?s_id@?$TObjectUniqueID@UIRefObject@core@UModSys@@@tl@UModSys@@2USUniquePointer@core@3@A@@YAXXZ 00000001400151a4 f    CIL library: CIL module
 0001:000141d8       ??__E?s_id@?$TObjectUniqueID@UIParameters@core@UModSys@@@tl@UModSys@@2USUniquePointer@core@3@A@@YAXXZ 00000001400151d8 f    CIL library: CIL module
 0001:0001420c       ??__E?s_id@?$TObjectUniqueID@UIConsole@base@UModSys@@@tl@UModSys@@2USUniquePointer@core@3@A@@YAXXZ 000000014001520c f    CIL library: CIL module
 0001:00014240       ??__E?s_id@?$TObjectUniqueID@UIModule@base@UModSys@@@tl@UModSys@@2USUniquePointer@core@3@A@@YAXXZ 0000000140015240 f    CIL library: CIL module
 0001:00014274       ??__E?s_id@?$TObjectUniqueID@UIModuleLibrary@base@UModSys@@@tl@UModSys@@2USUniquePointer@core@3@A@@YAXXZ 0000000140015274 f    CIL library: CIL module
 0001:000142a8       ??__E?s_id@?$TObjectUniqueID@UIModObject@base@UModSys@@@tl@UModSys@@2USUniquePointer@core@3@A@@YAXXZ 00000001400152a8 f    CIL library: CIL module
 0001:000142dc       ??__E?s_id@?$TObjectUniqueID@UIGenerator@base@UModSys@@@tl@UModSys@@2USUniquePointer@core@3@A@@YAXXZ 00000001400152dc f    CIL library: CIL module
 0001:00014310       ??__E?s_id@?$TObjectUniqueID@UIShell@base@UModSys@@@tl@UModSys@@2USUniquePointer@core@3@A@@YAXXZ 0000000140015310 f    CIL library: CIL module
 0001:00014344       ??__E?s_id@?$TObjectUniqueID@UISystem@base@UModSys@@@tl@UModSys@@2USUniquePointer@core@3@A@@YAXXZ 0000000140015344 f    CIL library: CIL module
 0001:00014378       ??__E?s_id@?$TObjectUniqueID@URModule@rsystem@base@UModSys@@@tl@UModSys@@2USUniquePointer@core@3@A@@YAXXZ 0000000140015378 f    CIL library: CIL module
 0001:000143ac       ??__E?s_id@?$TObjectUniqueID@UIModuleLibraryUni@rsystem@base@UModSys@@@tl@UModSys@@2USUniquePointer@core@3@A@@YAXXZ 00000001400153ac f    CIL library: CIL module
 0001:000143e0       ??__E?s_id@?$TObjectUniqueID@URModuleLibrarySO@rsystem@base@UModSys@@@tl@UModSys@@2USUniquePointer@core@3@A@@YAXXZ 00000001400153e0 f    CIL library: CIL module
 0001:00014414       ??__E?s_id@?$TObjectUniqueID@URModuleLibraryThis@rsystem@base@UModSys@@@tl@UModSys@@2USUniquePointer@core@3@A@@YAXXZ 0000000140015414 f    CIL library: CIL module
 0001:00014448       ??__E?s_id@?$TObjectUniqueID@URParameters@rsystem@base@UModSys@@@tl@UModSys@@2USUniquePointer@core@3@A@@YAXXZ 0000000140015448 f    CIL library: CIL module
 0001:0001447c       ??__E?s_id@?$TObjectUniqueID@URSystem@rsystem@base@UModSys@@@tl@UModSys@@2USUniquePointer@core@3@A@@YAXXZ 000000014001547c f    CIL library: CIL module
 0001:000144b0       ??__E?s_id@?$TObjectUniqueID@URConsole_std@rsystem@base@UModSys@@@tl@UModSys@@2USUniquePointer@core@3@A@@YAXXZ 00000001400154b0 f    CIL library: CIL module
 0001:000144e4       ??__Es_dbg@stdio@media@modules@UModSys@@YAXXZ 00000001400154e4 f    CIL library: CIL module
 0001:000144f0       ??__E?s_modreg@RModuleReg@stdio@media@modules@UModSys@@2U12345@A@@YAXXZ 00000001400154f0 f    CIL library: CIL module
 0001:00014558       ??__E?s_modreg_chain@RModuleReg@stdio@media@modules@UModSys@@2USModuleRegChain@base@5@A@@YAXXZ 0000000140015558 f    CIL library: CIL module
 0001:00014598       ??__E?s_uid@RGenerator@stdio@media@modules@UModSys@@2USUniquePointer@core@5@A@@YAXXZ 0000000140015598 f    CIL library: CIL module
 0001:000145cc       ??__E?s_id@?$TObjectUniqueID@UIStreamReader@libmedia@UModSys@@@tl@UModSys@@2USUniquePointer@core@3@A@@YAXXZ 00000001400155cc f    CIL library: CIL module
 0001:00014600       ??__E?s_id@?$TObjectUniqueID@UIStreamWriter@libmedia@UModSys@@@tl@UModSys@@2USUniquePointer@core@3@A@@YAXXZ 0000000140015600 f    CIL library: CIL module
 0001:00014634       ??__E?s_id@?$TObjectUniqueID@UIUtilities@libmedia@UModSys@@@tl@UModSys@@2USUniquePointer@core@3@A@@YAXXZ 0000000140015634 f    CIL library: CIL module
 0001:00014668       ??__E?s_id@?$TObjectUniqueID@UILibObject@libmedia@UModSys@@@tl@UModSys@@2USUniquePointer@core@3@A@@YAXXZ 0000000140015668 f    CIL library: CIL module
 0001:0001469c       ??__E?s_id@?$TObjectUniqueID@UIBinArchive@libmedia@UModSys@@@tl@UModSys@@2USUniquePointer@core@3@A@@YAXXZ 000000014001569c f    CIL library: CIL module
 0001:000146d0       ??__E?s_id@?$TObjectUniqueID@UIBinObjFilter@libmedia@UModSys@@@tl@UModSys@@2USUniquePointer@core@3@A@@YAXXZ 00000001400156d0 f    CIL library: CIL module
 0001:00014704       ??__E?s_id@?$TObjectUniqueID@UILibrary@libmedia@UModSys@@@tl@UModSys@@2USUniquePointer@core@3@A@@YAXXZ 0000000140015704 f    CIL library: CIL module
 0001:00014738       ??__E?s_id@?$TObjectUniqueID@URStreamReader_FILE@stdio@media@modules@UModSys@@@tl@UModSys@@2USUniquePointer@core@3@A@@YAXXZ 0000000140015738 f    CIL library: CIL module
 0001:0001476c       ??__E?s_id@?$TObjectUniqueID@URStreamWriter_FILE@stdio@media@modules@UModSys@@@tl@UModSys@@2USUniquePointer@core@3@A@@YAXXZ 000000014001576c f    CIL library: CIL module
 0001:000147a0       ??__E?s_id@?$TObjectUniqueID@URDataArchiver_OsDir@stdio@media@modules@UModSys@@@tl@UModSys@@2USUniquePointer@core@3@A@@YAXXZ 00000001400157a0 f    CIL library: CIL module
 0001:000147d4       ??__E?s_id@?$TObjectUniqueID@URGenerator@stdio@media@modules@UModSys@@@tl@UModSys@@2USUniquePointer@core@3@A@@YAXXZ 00000001400157d4 f    CIL library: CIL module
 0001:00014808       ??__Es_dbg@stdlib@media@modules@UModSys@@YAXXZ 0000000140015808 f    CIL library: CIL module
 0001:00014814       ??__E?s_modreg@RModuleReg@stdlib@media@modules@UModSys@@2U12345@A@@YAXXZ 0000000140015814 f    CIL library: CIL module
 0001:0001487c       ??__E?s_modreg_chain@RModuleReg@stdlib@media@modules@UModSys@@2USModuleRegChain@base@5@A@@YAXXZ 000000014001587c f    CIL library: CIL module
 0001:000148bc       ??__E?s_uid@RGenerator@stdlib@media@modules@UModSys@@2USUniquePointer@core@5@A@@YAXXZ 00000001400158bc f    CIL library: CIL module
 0001:000148f0       ??__E?s_id@?$TObjectUniqueID@UILibraryBinTree@libmedia@UModSys@@@tl@UModSys@@2USUniquePointer@core@3@A@@YAXXZ 00000001400158f0 f    CIL library: CIL module
 0001:00014924       ??__E?s_id@?$TObjectUniqueID@UILibraryBinCache@libmedia@UModSys@@@tl@UModSys@@2USUniquePointer@core@3@A@@YAXXZ 0000000140015924 f    CIL library: CIL module
 0001:00014958       ??__E?s_id@?$TObjectUniqueID@UILibraryObjFilter@libmedia@UModSys@@@tl@UModSys@@2USUniquePointer@core@3@A@@YAXXZ 0000000140015958 f    CIL library: CIL module
 0001:0001498c       ??__E?s_id@?$TObjectUniqueID@UILibraryObjCache@libmedia@UModSys@@@tl@UModSys@@2USUniquePointer@core@3@A@@YAXXZ 000000014001598c f    CIL library: CIL module
 0001:000149c0       ??__E?s_id@?$TObjectUniqueID@UILibraryLayered@libmedia@UModSys@@@tl@UModSys@@2USUniquePointer@core@3@A@@YAXXZ 00000001400159c0 f    CIL library: CIL module
 0001:000149f4       ??__E?s_id@?$TObjectUniqueID@UIBinArchiveFrame@libmedia@UModSys@@@tl@UModSys@@2USUniquePointer@core@3@A@@YAXXZ 00000001400159f4 f    CIL library: CIL module
 0001:00014a28       ??__E?s_id@?$TObjectUniqueID@UIClient@IBinArchiveFrame@libmedia@UModSys@@@tl@UModSys@@2USUniquePointer@core@3@A@@YAXXZ 0000000140015a28 f    CIL library: CIL module
 0001:00014a5c       ??__E?s_id@?$TObjectUniqueID@URUtilities@stdlib@media@modules@UModSys@@@tl@UModSys@@2USUniquePointer@core@3@A@@YAXXZ 0000000140015a5c f    CIL library: CIL module
 0001:00014a90       ??__E?s_id@?$TObjectUniqueID@URBinArchiveFrame@stdlib@media@modules@UModSys@@@tl@UModSys@@2USUniquePointer@core@3@A@@YAXXZ 0000000140015a90 f    CIL library: CIL module
 0001:00014ac4       ??__E?s_id@?$TObjectUniqueID@URLibraryBinTree@stdlib@media@modules@UModSys@@@tl@UModSys@@2USUniquePointer@core@3@A@@YAXXZ 0000000140015ac4 f    CIL library: CIL module
 0001:00014af8       ??__E?s_id@?$TObjectUniqueID@URLibraryBinCache@stdlib@media@modules@UModSys@@@tl@UModSys@@2USUniquePointer@core@3@A@@YAXXZ 0000000140015af8 f    CIL library: CIL module
 0001:00014b2c       ??__E?s_id@?$TObjectUniqueID@URLibraryLayered@stdlib@media@modules@UModSys@@@tl@UModSys@@2USUniquePointer@core@3@A@@YAXXZ 0000000140015b2c f    CIL library: CIL module
 0001:00014b60       ??__E?s_id@?$TObjectUniqueID@URLibraryObjCache@stdlib@media@modules@UModSys@@@tl@UModSys@@2USUniquePointer@core@3@A@@YAXXZ 0000000140015b60 f    CIL library: CIL module
 0001:00014b94       ??__E?s_id@?$TObjectUniqueID@URLibraryObjFilter@stdlib@media@modules@UModSys@@@tl@UModSys@@2USUniquePointer@core@3@A@@YAXXZ 0000000140015b94 f    CIL library: CIL module
 0001:00014bc8       ??__E?s_id@?$TObjectUniqueID@URGenerator@stdlib@media@modules@UModSys@@@tl@UModSys@@2USUniquePointer@core@3@A@@YAXXZ 0000000140015bc8 f    CIL library: CIL module
 0001:00014bfc       ??__E?s_console@RConsole_std@rsystem@base@UModSys@@2U1234@A@@YAXXZ 0000000140015bfc f    CIL library: CIL module
 0001:00014c08       ??__E?s_sys@RSystem@rsystem@base@UModSys@@2U1234@A@@YAXXZ 0000000140015c08 f    CIL library: CIL module
 0001:00014c14       ??__Ersys_dbg@rsystem@base@UModSys@@YAXXZ 0000000140015c14 f    CIL library: CIL module
 0001:00014c20       ??__EM@UModSys@@YAXXZ      0000000140015c20 f    CIL library: CIL module
 0001:00014c2c       ??__E?root@SModuleRegChain@base@UModSys@@2U123@A@@YAXXZ 0000000140015c2c f    CIL library: CIL module
 0001:00014c38       ??__E?s_library@RModuleLibraryReg_Chain@base@UModSys@@2U123@A@@YAXXZ 0000000140015c38 f    CIL library: CIL module
 0001:00014c44       ??__E?root@SUniquePointer@core@UModSys@@2U123@A@@YAXXZ 0000000140015c44 f    CIL library: CIL module
 0001:00014c50       ??__F?s_id@?$TObjectUniqueID@URConsole_std@rsystem@base@UModSys@@@tl@UModSys@@2USUniquePointer@core@3@A@@YAXXZ 0000000140015c50 f    CIL library: CIL module
 0001:00014c5c       ??__F?s_id@?$TObjectUniqueID@URSystem@rsystem@base@UModSys@@@tl@UModSys@@2USUniquePointer@core@3@A@@YAXXZ 0000000140015c5c f    CIL library: CIL module
 0001:00014c68       ??__F?s_id@?$TObjectUniqueID@URParameters@rsystem@base@UModSys@@@tl@UModSys@@2USUniquePointer@core@3@A@@YAXXZ 0000000140015c68 f    CIL library: CIL module
 0001:00014c74       ??__F?s_id@?$TObjectUniqueID@URModuleLibraryThis@rsystem@base@UModSys@@@tl@UModSys@@2USUniquePointer@core@3@A@@YAXXZ 0000000140015c74 f    CIL library: CIL module
 0001:00014c80       ??__F?s_id@?$TObjectUniqueID@URModuleLibrarySO@rsystem@base@UModSys@@@tl@UModSys@@2USUniquePointer@core@3@A@@YAXXZ 0000000140015c80 f    CIL library: CIL module
 0001:00014c8c       ??__F?s_id@?$TObjectUniqueID@UIModuleLibraryUni@rsystem@base@UModSys@@@tl@UModSys@@2USUniquePointer@core@3@A@@YAXXZ 0000000140015c8c f    CIL library: CIL module
 0001:00014c98       ??__F?s_id@?$TObjectUniqueID@URModule@rsystem@base@UModSys@@@tl@UModSys@@2USUniquePointer@core@3@A@@YAXXZ 0000000140015c98 f    CIL library: CIL module
 0001:00014ca4       ??__F?s_id@?$TObjectUniqueID@UISystem@base@UModSys@@@tl@UModSys@@2USUniquePointer@core@3@A@@YAXXZ 0000000140015ca4 f    CIL library: CIL module
 0001:00014cb0       ??__F?s_id@?$TObjectUniqueID@UIShell@base@UModSys@@@tl@UModSys@@2USUniquePointer@core@3@A@@YAXXZ 0000000140015cb0 f    CIL library: CIL module
 0001:00014cbc       ??__F?s_id@?$TObjectUniqueID@UIGenerator@base@UModSys@@@tl@UModSys@@2USUniquePointer@core@3@A@@YAXXZ 0000000140015cbc f    CIL library: CIL module
 0001:00014cc8       ??__F?s_id@?$TObjectUniqueID@UIModObject@base@UModSys@@@tl@UModSys@@2USUniquePointer@core@3@A@@YAXXZ 0000000140015cc8 f    CIL library: CIL module
 0001:00014cd4       ??__F?s_id@?$TObjectUniqueID@UIModuleLibrary@base@UModSys@@@tl@UModSys@@2USUniquePointer@core@3@A@@YAXXZ 0000000140015cd4 f    CIL library: CIL module
 0001:00014ce0       ??__F?s_id@?$TObjectUniqueID@UIModule@base@UModSys@@@tl@UModSys@@2USUniquePointer@core@3@A@@YAXXZ 0000000140015ce0 f    CIL library: CIL module
 0001:00014cec       ??__F?s_id@?$TObjectUniqueID@UIConsole@base@UModSys@@@tl@UModSys@@2USUniquePointer@core@3@A@@YAXXZ 0000000140015cec f    CIL library: CIL module
 0001:00014cf8       ??__F?s_id@?$TObjectUniqueID@UIParameters@core@UModSys@@@tl@UModSys@@2USUniquePointer@core@3@A@@YAXXZ 0000000140015cf8 f    CIL library: CIL module
 0001:00014d04       ??__F?s_id@?$TObjectUniqueID@UIRefObject@core@UModSys@@@tl@UModSys@@2USUniquePointer@core@3@A@@YAXXZ 0000000140015d04 f    CIL library: CIL module
 0001:00014d10       ??__F?s_id@?$TObjectUniqueID@UIRoot@core@UModSys@@@tl@UModSys@@2USUniquePointer@core@3@A@@YAXXZ 0000000140015d10 f    CIL library: CIL module
 0001:00014d1c       ??__Fs_dbg@stdio@media@modules@UModSys@@YAXXZ 0000000140015d1c f    CIL library: CIL module
 0001:00014d40       ??__F?s_modreg@RModuleReg@stdio@media@modules@UModSys@@2U12345@A@@YAXXZ 0000000140015d40 f    CIL library: CIL module
 0001:00014d50       ??__F?s_modreg_chain@RModuleReg@stdio@media@modules@UModSys@@2USModuleRegChain@base@5@A@@YAXXZ 0000000140015d50 f    CIL library: CIL module
 0001:00014d90       ??__F?s_uid@RGenerator@stdio@media@modules@UModSys@@2USUniquePointer@core@5@A@@YAXXZ 0000000140015d90 f    CIL library: CIL module
 0001:00014d9c       ??__Fh@?1??s_holder@RGenerator@stdio@media@modules@UModSys@@SAAEAU?$TTypeStaticHolder@URGenerator@stdio@media@modules@UModSys@@@tl@5@XZ@YAXXZ 0000000140015d9c f    CIL library: CIL module
 0001:00014dc4       ??__F?s_id@?$TObjectUniqueID@URGenerator@stdio@media@modules@UModSys@@@tl@UModSys@@2USUniquePointer@core@3@A@@YAXXZ 0000000140015dc4 f    CIL library: CIL module
 0001:00014dd0       ??__F?s_id@?$TObjectUniqueID@URDataArchiver_OsDir@stdio@media@modules@UModSys@@@tl@UModSys@@2USUniquePointer@core@3@A@@YAXXZ 0000000140015dd0 f    CIL library: CIL module
 0001:00014ddc       ??__F?s_id@?$TObjectUniqueID@URStreamWriter_FILE@stdio@media@modules@UModSys@@@tl@UModSys@@2USUniquePointer@core@3@A@@YAXXZ 0000000140015ddc f    CIL library: CIL module
 0001:00014de8       ??__F?s_id@?$TObjectUniqueID@URStreamReader_FILE@stdio@media@modules@UModSys@@@tl@UModSys@@2USUniquePointer@core@3@A@@YAXXZ 0000000140015de8 f    CIL library: CIL module
 0001:00014df4       ??__F?s_id@?$TObjectUniqueID@UILibrary@libmedia@UModSys@@@tl@UModSys@@2USUniquePointer@core@3@A@@YAXXZ 0000000140015df4 f    CIL library: CIL module
 0001:00014e00       ??__F?s_id@?$TObjectUniqueID@UIBinObjFilter@libmedia@UModSys@@@tl@UModSys@@2USUniquePointer@core@3@A@@YAXXZ 0000000140015e00 f    CIL library: CIL module
 0001:00014e0c       ??__F?s_id@?$TObjectUniqueID@UIBinArchive@libmedia@UModSys@@@tl@UModSys@@2USUniquePointer@core@3@A@@YAXXZ 0000000140015e0c f    CIL library: CIL module
 0001:00014e18       ??__F?s_id@?$TObjectUniqueID@UILibObject@libmedia@UModSys@@@tl@UModSys@@2USUniquePointer@core@3@A@@YAXXZ 0000000140015e18 f    CIL library: CIL module
 0001:00014e24       ??__F?s_id@?$TObjectUniqueID@UIUtilities@libmedia@UModSys@@@tl@UModSys@@2USUniquePointer@core@3@A@@YAXXZ 0000000140015e24 f    CIL library: CIL module
 0001:00014e30       ??__F?s_id@?$TObjectUniqueID@UIStreamWriter@libmedia@UModSys@@@tl@UModSys@@2USUniquePointer@core@3@A@@YAXXZ 0000000140015e30 f    CIL library: CIL module
 0001:00014e3c       ??__F?s_id@?$TObjectUniqueID@UIStreamReader@libmedia@UModSys@@@tl@UModSys@@2USUniquePointer@core@3@A@@YAXXZ 0000000140015e3c f    CIL library: CIL module
 0001:00014e48       ??__Fs_dbg@stdlib@media@modules@UModSys@@YAXXZ 0000000140015e48 f    CIL library: CIL module
 0001:00014e6c       ??__F?s_modreg@RModuleReg@stdlib@media@modules@UModSys@@2U12345@A@@YAXXZ 0000000140015e6c f    CIL library: CIL module
 0001:00014e7c       ??__F?s_modreg_chain@RModuleReg@stdlib@media@modules@UModSys@@2USModuleRegChain@base@5@A@@YAXXZ 0000000140015e7c f    CIL library: CIL module
 0001:00014ebc       ??__F?s_uid@RGenerator@stdlib@media@modules@UModSys@@2USUniquePointer@core@5@A@@YAXXZ 0000000140015ebc f    CIL library: CIL module
 0001:00014ec8       ??__Fh@?1??s_holder@RGenerator@stdlib@media@modules@UModSys@@SAAEAU?$TTypeStaticHolder@URGenerator@stdlib@media@modules@UModSys@@@tl@5@XZ@YAXXZ 0000000140015ec8 f    CIL library: CIL module
 0001:00014ef0       ??__F?s_id@?$TObjectUniqueID@URGenerator@stdlib@media@modules@UModSys@@@tl@UModSys@@2USUniquePointer@core@3@A@@YAXXZ 0000000140015ef0 f    CIL library: CIL module
 0001:00014efc       ??__F?s_id@?$TObjectUniqueID@URLibraryObjFilter@stdlib@media@modules@UModSys@@@tl@UModSys@@2USUniquePointer@core@3@A@@YAXXZ 0000000140015efc f    CIL library: CIL module
 0001:00014f08       ??__F?s_id@?$TObjectUniqueID@URLibraryObjCache@stdlib@media@modules@UModSys@@@tl@UModSys@@2USUniquePointer@core@3@A@@YAXXZ 0000000140015f08 f    CIL library: CIL module
 0001:00014f14       ??__F?s_id@?$TObjectUniqueID@URLibraryLayered@stdlib@media@modules@UModSys@@@tl@UModSys@@2USUniquePointer@core@3@A@@YAXXZ 0000000140015f14 f    CIL library: CIL module
 0001:00014f20       ??__F?s_id@?$TObjectUniqueID@URLibraryBinCache@stdlib@media@modules@UModSys@@@tl@UModSys@@2USUniquePointer@core@3@A@@YAXXZ 0000000140015f20 f    CIL library: CIL module
 0001:00014f2c       ??__F?s_id@?$TObjectUniqueID@URLibraryBinTree@stdlib@media@modules@UModSys@@@tl@UModSys@@2USUniquePointer@core@3@A@@YAXXZ 0000000140015f2c f    CIL library: CIL module
 0001:00014f38       ??__F?s_id@?$TObjectUniqueID@URBinArchiveFrame@stdlib@media@modules@UModSys@@@tl@UModSys@@2USUniquePointer@core@3@A@@YAXXZ 0000000140015f38 f    CIL library: CIL module
 0001:00014f44       ??__F?s_id@?$TObjectUniqueID@URUtilities@stdlib@media@modules@UModSys@@@tl@UModSys@@2USUniquePointer@core@3@A@@YAXXZ 0000000140015f44 f    CIL library: CIL module
 0001:00014f50       ??__F?s_id@?$TObjectUniqueID@UIClient@IBinArchiveFrame@libmedia@UModSys@@@tl@UModSys@@2USUniquePointer@core@3@A@@YAXXZ 0000000140015f50 f    CIL library: CIL module
 0001:00014f5c       ??__F?s_id@?$TObjectUniqueID@UIBinArchiveFrame@libmedia@UModSys@@@tl@UModSys@@2USUniquePointer@core@3@A@@YAXXZ 0000000140015f5c f    CIL library: CIL module
 0001:00014f68       ??__F?s_id@?$TObjectUniqueID@UILibraryLayered@libmedia@UModSys@@@tl@UModSys@@2USUniquePointer@core@3@A@@YAXXZ 0000000140015f68 f    CIL library: CIL module
 0001:00014f74       ??__F?s_id@?$TObjectUniqueID@UILibraryObjCache@libmedia@UModSys@@@tl@UModSys@@2USUniquePointer@core@3@A@@YAXXZ 0000000140015f74 f    CIL library: CIL module
 0001:00014f80       ??__F?s_id@?$TObjectUniqueID@UILibraryObjFilter@libmedia@UModSys@@@tl@UModSys@@2USUniquePointer@core@3@A@@YAXXZ 0000000140015f80 f    CIL library: CIL module
 0001:00014f8c       ??__F?s_id@?$TObjectUniqueID@UILibraryBinCache@libmedia@UModSys@@@tl@UModSys@@2USUniquePointer@core@3@A@@YAXXZ 0000000140015f8c f    CIL library: CIL module
 0001:00014f98       ??__F?s_id@?$TObjectUniqueID@UILibraryBinTree@libmedia@UModSys@@@tl@UModSys@@2USUniquePointer@core@3@A@@YAXXZ 0000000140015f98 f    CIL library: CIL module
 0001:00014fa4       ??__F?s_console@RConsole_std@rsystem@base@UModSys@@2U1234@A@@YAXXZ 0000000140015fa4 f    CIL library: CIL module
 0001:00014fe4       ??__F?s_sys@RSystem@rsystem@base@UModSys@@2U1234@A@@YAXXZ 0000000140015fe4 f    CIL library: CIL module
 0001:00014ff0       ??__Frsys_dbg@rsystem@base@UModSys@@YAXXZ 0000000140015ff0 f    CIL library: CIL module
 0001:00015014       ??__FM@UModSys@@YAXXZ      0000000140016014 f    CIL library: CIL module
 0001:00015018       ??__F?root@SModuleRegChain@base@UModSys@@2U123@A@@YAXXZ 0000000140016018 f    CIL library: CIL module
 0001:00015058       ??__F?s_library@RModuleLibraryReg_Chain@base@UModSys@@2U123@A@@YAXXZ 0000000140016058 f    CIL library: CIL module
 0001:00015068       ??__F?root@SUniquePointer@core@UModSys@@2U123@A@@YAXXZ 0000000140016068 f    CIL library: CIL module

 Exports

  ordinal    name

        1    UModSys_Plugin_Entry2
