 umodsysc

 Timestamp is 5257f03b (Fri Oct 11 15:34:03 2013)

 Preferred load address is 0000000140000000

 Start         Length     Name                   Class
 0001:00000000 000071acH .text                   CODE
 0001:000071b0 0000005eH .text$00                CODE
 0001:00007210 00000496H .text$x                 CODE
 0001:000076a8 0000057cH .text$yc                CODE
 0001:00007c24 00000268H .text$yd                CODE
 0002:00000000 00000240H .idata$5                DATA
 0002:00000240 00000008H .CRT$XCA                DATA
 0002:00000248 00000008H .CRT$XCAA               DATA
 0002:00000250 00000198H .CRT$XCU                DATA
 0002:000003e8 00000008H .CRT$XCZ                DATA
 0002:000003f0 00000008H .CRT$XIA                DATA
 0002:000003f8 00000008H .CRT$XIAA               DATA
 0002:00000400 00000008H .CRT$XIY                DATA
 0002:00000408 00000008H .CRT$XIZ                DATA
 0002:00000410 000016e8H .rdata                  DATA
 0002:00001af8 00001154H .rdata$r                DATA
 0002:00002c50 00000008H .rtc$IAA                DATA
 0002:00002c58 00000008H .rtc$IZZ                DATA
 0002:00002c60 00000008H .rtc$TAA                DATA
 0002:00002c68 00000008H .rtc$TZZ                DATA
 0002:00002c70 00000948H .xdata                  DATA
 0002:000035b8 000000e4H .xdata$x                DATA
 0002:0000369c 00000028H .idata$2                DATA
 0002:000036c4 00000014H .idata$3                DATA
 0002:000036d8 00000240H .idata$4                DATA
 0002:00003918 0000044eH .idata$6                DATA
 0002:00003d70 00000055H .edata                  DATA
 0003:00000000 00000ba4H .data                   DATA
 0003:00000bb0 000025b8H .bss                    DATA
 0004:00000000 00000b10H .pdata                  DATA

  Address         Publics by Value              Rva+Base               Lib:Object

 0000:00000000       ___safe_se_handler_count   0000000000000000     <absolute>
 0000:00000000       ___safe_se_handler_table   0000000000000000     <absolute>
 0000:00000000       __ImageBase                0000000140000000     <linker-defined>
 0001:00000000       main                       0000000140001000 f   umodsys.c_main.obj
 0001:000004a0       ??6SUniquePtrList@core@UModSys@@QEAAAEAU012@PEBUSUniquePointerInfo@12@@Z 00000001400014a0 f i umodsys_lib_libmedia:umodsys.mod.media.stdio.obj
 0001:00000558       ?get_interface_info@RStreamReader_FILE@stdio@media@modules@UModSys@@UEBAAEBUSUniquePointerInfo@core@5@XZ 0000000140001558 f i umodsys_lib_libmedia:umodsys.mod.media.stdio.obj
 0001:00000560       ?get_interface_type@RStreamReader_FILE@stdio@media@modules@UModSys@@UEBAPEBUSUniquePointerInfo@core@5@XZ 0000000140001560 f i umodsys_lib_libmedia:umodsys.mod.media.stdio.obj
 0001:00000568       ?get_other_interface@RStreamReader_FILE@stdio@media@modules@UModSys@@UEBAPEBUIRoot@core@5@PEBUSUniquePointerInfo@75@@Z 0000000140001568 f i umodsys_lib_libmedia:umodsys.mod.media.stdio.obj
 0001:00000568       ?get_other_interface@RStreamReader_FILE@stdio@media@modules@UModSys@@UEAAPEAUIRoot@core@5@PEBUSUniquePointerInfo@75@@Z 0000000140001568 f i umodsys_lib_libmedia:umodsys.mod.media.stdio.obj
 0001:00000598       ?ref_add@RStreamReader_FILE@stdio@media@modules@UModSys@@UEBAXXZ 0000000140001598 f i umodsys_lib_libmedia:umodsys.mod.media.stdio.obj
 0001:00000598       ?ref_add@RStreamWriter_FILE@stdio@media@modules@UModSys@@UEBAXXZ 0000000140001598 f i umodsys_lib_libmedia:umodsys.mod.media.stdio.obj
 0001:00000598       ?ref_add@RGenerator@stdio@media@modules@UModSys@@UEBAXXZ 0000000140001598 f i umodsys_lib_libmedia:umodsys.mod.media.stdio.obj
 0001:0000059c       ?ref_remove@RStreamWriter_FILE@stdio@media@modules@UModSys@@UEBAXXZ 000000014000159c f i umodsys_lib_libmedia:umodsys.mod.media.stdio.obj
 0001:0000059c       ?ref_remove@RGenerator@stdio@media@modules@UModSys@@UEBAXXZ 000000014000159c f i umodsys_lib_libmedia:umodsys.mod.media.stdio.obj
 0001:0000059c       ?ref_remove@RStreamReader_FILE@stdio@media@modules@UModSys@@UEBAXXZ 000000014000159c f i umodsys_lib_libmedia:umodsys.mod.media.stdio.obj
 0001:000005b4       ?reader_seek@RStreamReader_FILE@stdio@media@modules@UModSys@@UEAA_N_J@Z 00000001400015b4 f i umodsys_lib_libmedia:umodsys.mod.media.stdio.obj
 0001:000005e0       ?reader_seekend@RStreamReader_FILE@stdio@media@modules@UModSys@@UEAA_N_J@Z 00000001400015e0 f i umodsys_lib_libmedia:umodsys.mod.media.stdio.obj
 0001:00000610       ?reader_seekdelta@RStreamReader_FILE@stdio@media@modules@UModSys@@UEAA_N_J@Z 0000000140001610 f i umodsys_lib_libmedia:umodsys.mod.media.stdio.obj
 0001:0000063c       ?reader_pos@RStreamReader_FILE@stdio@media@modules@UModSys@@UEAA_JXZ 000000014000163c f i umodsys_lib_libmedia:umodsys.mod.media.stdio.obj
 0001:00000658       ?reader_size@RStreamReader_FILE@stdio@media@modules@UModSys@@UEAA_JXZ 0000000140001658 f i umodsys_lib_libmedia:umodsys.mod.media.stdio.obj
 0001:00000658       ?get_module_count@IModuleLibraryUni@rsystem@base@UModSys@@UEBA_KXZ 0000000140001658 f i umodsys_lib_basesys:umodsys.basesys.rmodulelib.obj
 0001:00000660       ?reader_read@RStreamReader_FILE@stdio@media@modules@UModSys@@UEAA_NPEAX_K@Z 0000000140001660 f i umodsys_lib_libmedia:umodsys.mod.media.stdio.obj
 0001:000006e0       ?reader_close@RStreamReader_FILE@stdio@media@modules@UModSys@@UEAAXXZ 00000001400016e0 f i umodsys_lib_libmedia:umodsys.mod.media.stdio.obj
 0001:00000704       ??_ERStreamReader_FILE@stdio@media@modules@UModSys@@UEAAPEAXI@Z 0000000140001704 f i  CIL library: CIL module
 0001:00000704       ??_GRStreamReader_FILE@stdio@media@modules@UModSys@@UEAAPEAXI@Z 0000000140001704 f i umodsys_lib_libmedia:umodsys.mod.media.stdio.obj
 0001:00000740       ??_GRGenerator@stdio@media@modules@UModSys@@UEAAPEAXI@Z 0000000140001740 f i umodsys_lib_libmedia:umodsys.mod.media.stdio.obj
 0001:00000740       ??_ERGenerator@stdio@media@modules@UModSys@@UEAAPEAXI@Z 0000000140001740 f i  CIL library: CIL module
 0001:00000740       ??_GIRoot@core@UModSys@@UEAAPEAXI@Z 0000000140001740 f i umodsys_lib_libmedia:umodsys.mod.media.stdio.obj
 0001:00000740       ??_EIRoot@core@UModSys@@UEAAPEAXI@Z 0000000140001740 f i  CIL library: CIL module
 0001:00000740       ??_ERParameters@rsystem@base@UModSys@@UEAAPEAXI@Z 0000000140001740 f i  CIL library: CIL module
 0001:00000740       ??_GRParameters@rsystem@base@UModSys@@UEAAPEAXI@Z 0000000140001740 f i umodsys_lib_basesys:umodsys.basesys.rparameters.obj
 0001:00000750       ?get_interface_info@RStreamWriter_FILE@stdio@media@modules@UModSys@@UEBAAEBUSUniquePointerInfo@core@5@XZ 0000000140001750 f i umodsys_lib_libmedia:umodsys.mod.media.stdio.obj
 0001:00000758       ?get_interface_type@RStreamWriter_FILE@stdio@media@modules@UModSys@@UEBAPEBUSUniquePointerInfo@core@5@XZ 0000000140001758 f i umodsys_lib_libmedia:umodsys.mod.media.stdio.obj
 0001:00000760       ?get_other_interface@RStreamWriter_FILE@stdio@media@modules@UModSys@@UEAAPEAUIRoot@core@5@PEBUSUniquePointerInfo@75@@Z 0000000140001760 f i umodsys_lib_libmedia:umodsys.mod.media.stdio.obj
 0001:00000760       ?get_other_interface@RStreamWriter_FILE@stdio@media@modules@UModSys@@UEBAPEBUIRoot@core@5@PEBUSUniquePointerInfo@75@@Z 0000000140001760 f i umodsys_lib_libmedia:umodsys.mod.media.stdio.obj
 0001:00000790       ?ref_links@RGenerator@stdio@media@modules@UModSys@@UEBAHXZ 0000000140001790 f i umodsys_lib_libmedia:umodsys.mod.media.stdio.obj
 0001:00000790       ?ref_links@RStreamWriter_FILE@stdio@media@modules@UModSys@@UEBAHXZ 0000000140001790 f i umodsys_lib_libmedia:umodsys.mod.media.stdio.obj
 0001:00000790       ?ref_links@RStreamReader_FILE@stdio@media@modules@UModSys@@UEBAHXZ 0000000140001790 f i umodsys_lib_libmedia:umodsys.mod.media.stdio.obj
 0001:00000794       ?suicide@RStreamWriter_FILE@stdio@media@modules@UModSys@@UEAAXXZ 0000000140001794 f i umodsys_lib_libmedia:umodsys.mod.media.stdio.obj
 0001:00000794       ?suicide@RStreamReader_FILE@stdio@media@modules@UModSys@@UEAAXXZ 0000000140001794 f i umodsys_lib_libmedia:umodsys.mod.media.stdio.obj
 0001:000007ec       ??0RStreamWriter_FILE@stdio@media@modules@UModSys@@QEAA@PEAURGenerator@1234@AEBUSParameters@core@4@@Z 00000001400017ec f i umodsys_lib_libmedia:umodsys.mod.media.stdio.obj
 0001:0000092c       ?writer_seek@RStreamWriter_FILE@stdio@media@modules@UModSys@@UEAA_N_J@Z 000000014000192c f i umodsys_lib_libmedia:umodsys.mod.media.stdio.obj
 0001:00000958       ?writer_seekend@RStreamWriter_FILE@stdio@media@modules@UModSys@@UEAA_N_J@Z 0000000140001958 f i umodsys_lib_libmedia:umodsys.mod.media.stdio.obj
 0001:00000988       ?writer_seekdelta@RStreamWriter_FILE@stdio@media@modules@UModSys@@UEAA_N_J@Z 0000000140001988 f i umodsys_lib_libmedia:umodsys.mod.media.stdio.obj
 0001:000009b4       ?writer_setsize@RStreamWriter_FILE@stdio@media@modules@UModSys@@UEAA_N_J@Z 00000001400019b4 f i umodsys_lib_libmedia:umodsys.mod.media.stdio.obj
 0001:00000a14       ?writer_pos@RStreamWriter_FILE@stdio@media@modules@UModSys@@UEAA_JXZ 0000000140001a14 f i umodsys_lib_libmedia:umodsys.mod.media.stdio.obj
 0001:00000a30       ?writer_size@RStreamWriter_FILE@stdio@media@modules@UModSys@@UEAA_JXZ 0000000140001a30 f i umodsys_lib_libmedia:umodsys.mod.media.stdio.obj
 0001:00000ab0       ?writer_write@RStreamWriter_FILE@stdio@media@modules@UModSys@@UEAA_NPEBX_K@Z 0000000140001ab0 f i umodsys_lib_libmedia:umodsys.mod.media.stdio.obj
 0001:00000b30       ?writer_copy@RStreamWriter_FILE@stdio@media@modules@UModSys@@UEAA_NPEAUIStreamReader@libmedia@5@_J@Z 0000000140001b30 f i umodsys_lib_libmedia:umodsys.mod.media.stdio.obj
 0001:00000bcc       ?writer_copy@RStreamWriter_FILE@stdio@media@modules@UModSys@@UEAA_NPEAUIStreamReader@libmedia@5@_J1@Z 0000000140001bcc f i umodsys_lib_libmedia:umodsys.mod.media.stdio.obj
 0001:00000c20       ?writer_close@RStreamWriter_FILE@stdio@media@modules@UModSys@@UEAAXXZ 0000000140001c20 f i umodsys_lib_libmedia:umodsys.mod.media.stdio.obj
 0001:00000c5c       ?writer_abort@RStreamWriter_FILE@stdio@media@modules@UModSys@@UEAAXXZ 0000000140001c5c f i umodsys_lib_libmedia:umodsys.mod.media.stdio.obj
 0001:00000c98       ??_GRStreamWriter_FILE@stdio@media@modules@UModSys@@UEAAPEAXI@Z 0000000140001c98 f i umodsys_lib_libmedia:umodsys.mod.media.stdio.obj
 0001:00000c98       ??_ERStreamWriter_FILE@stdio@media@modules@UModSys@@UEAAPEAXI@Z 0000000140001c98 f i  CIL library: CIL module
 0001:00000cf8       ?get_generated_names@RGenerator@stdio@media@modules@UModSys@@UEBAHAEAUSUniquePtrList@core@5@@Z 0000000140001cf8 f i umodsys_lib_libmedia:umodsys.mod.media.stdio.obj
 0001:00000d2c       ?get_generated_types@RGenerator@stdio@media@modules@UModSys@@UEBAHAEAUSUniquePtrList@core@5@PEBUSUniquePointerInfo@75@@Z 0000000140001d2c f i umodsys_lib_libmedia:umodsys.mod.media.stdio.obj
 0001:00000da0       ?generate@RGenerator@stdio@media@modules@UModSys@@UEAA_NAEAU?$TRefObject@UIRefObject@core@UModSys@@@tl@5@PEBUSUniquePointerInfo@core@5@AEBUSParameters@95@@Z 0000000140001da0 f i umodsys_lib_libmedia:umodsys.mod.media.stdio.obj
 0001:00001004       ?get_interface_info@RGenerator@stdio@media@modules@UModSys@@UEBAAEBUSUniquePointerInfo@core@5@XZ 0000000140002004 f i umodsys_lib_libmedia:umodsys.mod.media.stdio.obj
 0001:0000100c       ?get_interface_type@RGenerator@stdio@media@modules@UModSys@@UEBAPEBUSUniquePointerInfo@core@5@XZ 000000014000200c f i umodsys_lib_libmedia:umodsys.mod.media.stdio.obj
 0001:00001014       ?get_other_interface@RGenerator@stdio@media@modules@UModSys@@UEAAPEAUIRoot@core@5@PEBUSUniquePointerInfo@75@@Z 0000000140002014 f i umodsys_lib_libmedia:umodsys.mod.media.stdio.obj
 0001:00001014       ?get_other_interface@RGenerator@stdio@media@modules@UModSys@@UEBAPEBUIRoot@core@5@PEBUSUniquePointerInfo@75@@Z 0000000140002014 f i umodsys_lib_libmedia:umodsys.mod.media.stdio.obj
 0001:0000104c       ?get_uid@RGenerator@stdio@media@modules@UModSys@@UEBAPEBUSUniquePointerInfo@core@5@XZ 000000014000204c f i umodsys_lib_libmedia:umodsys.mod.media.stdio.obj
 0001:00001054       ?do_open@RModuleReg@stdio@media@modules@UModSys@@UEAA_NXZ 0000000140002054 f i umodsys_lib_libmedia:umodsys.mod.media.stdio.obj
 0001:000010c0       ?do_close@RModuleReg@stdio@media@modules@UModSys@@UEAA_NXZ 00000001400020c0 f i umodsys_lib_libmedia:umodsys.mod.media.stdio.obj
 0001:00001120       ??_EIModuleReg@base@UModSys@@UEAAPEAXI@Z 0000000140002120 f i  CIL library: CIL module
 0001:00001120       ??_GIModuleReg@base@UModSys@@UEAAPEAXI@Z 0000000140002120 f i umodsys_lib_base:umodsys.base.modulereg.obj
 0001:00001120       ??_GRModuleReg@stdio@media@modules@UModSys@@UEAAPEAXI@Z 0000000140002120 f i umodsys_lib_libmedia:umodsys.mod.media.stdio.obj
 0001:00001120       ??_ERModuleReg@stdio@media@modules@UModSys@@UEAAPEAXI@Z 0000000140002120 f i  CIL library: CIL module
 0001:00001148       ?get_module@RGenerator@stdio@media@modules@UModSys@@UEBAPEAUIModule@base@5@XZ 0000000140002148 f   umodsys_lib_libmedia:umodsys.mod.media.stdio.obj
 0001:00001150       ?mod_inc@RGenerator@stdio@media@modules@UModSys@@UEBA_NXZ 0000000140002150 f   umodsys_lib_libmedia:umodsys.mod.media.stdio.obj
 0001:00001160       ?mod_dec@RGenerator@stdio@media@modules@UModSys@@UEBA_NXZ 0000000140002160 f   umodsys_lib_libmedia:umodsys.mod.media.stdio.obj
 0001:00001170       ?s_holder@RGenerator@stdio@media@modules@UModSys@@SAAEAU?$TTypeStaticHolder@URGenerator@stdio@media@modules@UModSys@@@tl@5@XZ 0000000140002170 f   umodsys_lib_libmedia:umodsys.mod.media.stdio.obj
 0001:000011b4       ?get_interface_info@RConsole_std@rsystem@base@UModSys@@UEBAAEBUSUniquePointerInfo@core@4@XZ 00000001400021b4 f i umodsys_lib_basesys:umodsys.basesys.rconsole_std.obj
 0001:000011bc       ?get_interface_type@RConsole_std@rsystem@base@UModSys@@UEBAPEBUSUniquePointerInfo@core@4@XZ 00000001400021bc f i umodsys_lib_basesys:umodsys.basesys.rconsole_std.obj
 0001:000011c4       ?get_other_interface@RConsole_std@rsystem@base@UModSys@@UEBAPEBUIRoot@core@4@PEBUSUniquePointerInfo@64@@Z 00000001400021c4 f i umodsys_lib_basesys:umodsys.basesys.rconsole_std.obj
 0001:000011c4       ?get_other_interface@RConsole_std@rsystem@base@UModSys@@UEAAPEAUIRoot@core@4@PEBUSUniquePointerInfo@64@@Z 00000001400021c4 f i umodsys_lib_basesys:umodsys.basesys.rconsole_std.obj
 0001:000011f4       ?suicide@RGenerator@stdio@media@modules@UModSys@@UEAAXXZ 00000001400021f4 f   umodsys_lib_libmedia:umodsys.mod.media.stdio.obj
 0001:000011f4       ?suicide@IRoot@core@UModSys@@UEAAXXZ 00000001400021f4 f   umodsys_lib_core:umodsys.core.objects.obj
 0001:000011f4       ?ref_remove@RConsole_std@rsystem@base@UModSys@@UEBAXXZ 00000001400021f4 f   umodsys_lib_basesys:umodsys.basesys.rconsole_std.obj
 0001:000011f4       ?ref_add@RConsole_std@rsystem@base@UModSys@@UEBAXXZ 00000001400021f4 f   umodsys_lib_basesys:umodsys.basesys.rconsole_std.obj
 0001:000011f8       ?vput@RConsole_std@rsystem@base@UModSys@@UEAA_NHPEBDPEAD@Z 00000001400021f8 f   umodsys_lib_basesys:umodsys.basesys.rconsole_std.obj
 0001:0000125c       ?put@RConsole_std@rsystem@base@UModSys@@UEAA_NHPEBDZZ 000000014000225c f   umodsys_lib_basesys:umodsys.basesys.rconsole_std.obj
 0001:000012b8       ?moduledb_load@RModuleLoader@rsystem@base@UModSys@@UEAA_NAEBU?$TString@U?$TSCoreConst@D@su@tl@UModSys@@U?$TComparerBinaryHash@D@234@@tl@4@@Z 00000001400022b8 f   umodsys_lib_basesys:umodsys.basesys.rmoduleloader.obj
 0001:000012b8       ?get_s@RConsole_std@rsystem@base@UModSys@@UEAA_NPEAD_KPEBDZZ 00000001400022b8 f   umodsys_lib_basesys:umodsys.basesys.rconsole_std.obj
 0001:000012b8       ?moduledb_lib_drop@RModuleLoader@rsystem@base@UModSys@@UEAA_NPEAUIModuleLibrary@34@@Z 00000001400022b8 f   umodsys_lib_basesys:umodsys.basesys.rmoduleloader.obj
 0001:000012b8       ?vget_c@RConsole_std@rsystem@base@UModSys@@UEAA_NPEAHPEBDPEAD@Z 00000001400022b8 f   umodsys_lib_basesys:umodsys.basesys.rconsole_std.obj
 0001:000012b8       ?vget_s@RConsole_std@rsystem@base@UModSys@@UEAA_NPEAD_KPEBD0@Z 00000001400022b8 f   umodsys_lib_basesys:umodsys.basesys.rconsole_std.obj
 0001:000012bc       ?get_c@RConsole_std@rsystem@base@UModSys@@UEAA_NPEAHPEBDZZ 00000001400022bc f   umodsys_lib_basesys:umodsys.basesys.rconsole_std.obj
 0001:000012c4       ?reflect@RConsole_std@rsystem@base@UModSys@@QEAA_NPEBD@Z 00000001400022c4 f   umodsys_lib_basesys:umodsys.basesys.rconsole_std.obj
 0001:00001328       ??_ERConsole_std@rsystem@base@UModSys@@UEAAPEAXI@Z 0000000140002328 f i  CIL library: CIL module
 0001:00001328       ??_GRConsole_std@rsystem@base@UModSys@@UEAAPEAXI@Z 0000000140002328 f i umodsys_lib_basesys:umodsys.basesys.rconsole_std.obj
 0001:00001364       ?decode_error@EExceptionBase@core@UModSys@@UEBAHPEAD_K@Z 0000000140002364 f i umodsys_lib_basesys:umodsys.basesys.rsystem_main.obj
 0001:000013a0       ??_GEExceptionBase@core@UModSys@@UEAAPEAXI@Z 00000001400023a0 f i umodsys_lib_basesys:umodsys.basesys.rsystem_main.obj
 0001:000013a0       ??_GEWarning@core@UModSys@@UEAAPEAXI@Z 00000001400023a0 f i umodsys_lib_basesys:umodsys.basesys.rsystem_main.obj
 0001:000013a0       ??_EEFatal@core@UModSys@@UEAAPEAXI@Z 00000001400023a0 f i  CIL library: CIL module
 0001:000013a0       ??_EEExceptionBase@core@UModSys@@UEAAPEAXI@Z 00000001400023a0 f i  CIL library: CIL module
 0001:000013a0       ??_GEFatal@core@UModSys@@UEAAPEAXI@Z 00000001400023a0 f i umodsys_lib_basesys:umodsys.basesys.rsystem_main.obj
 0001:000013a0       ??_EEWarning@core@UModSys@@UEAAPEAXI@Z 00000001400023a0 f i  CIL library: CIL module
 0001:000013c8       ?decode_error@EFatal@core@UModSys@@UEBAHPEAD_K@Z 00000001400023c8 f i umodsys_lib_basesys:umodsys.basesys.rsystem_main.obj
 0001:00001404       ?decode_error@EWarning@core@UModSys@@UEBAHPEAD_K@Z 0000000140002404 f i umodsys_lib_basesys:umodsys.basesys.rsystem_main.obj
 0001:00001440       ??1EFatal@core@UModSys@@UEAA@XZ 0000000140002440 f i umodsys_lib_basesys:umodsys.basesys.rsystem_main.obj
 0001:00001440       ??1EWarning@core@UModSys@@UEAA@XZ 0000000140002440 f i umodsys_lib_basesys:umodsys.basesys.rsystem_main.obj
 0001:0000144c       ?get_interface_info@RSystem@rsystem@base@UModSys@@UEBAAEBUSUniquePointerInfo@core@4@XZ 000000014000244c f i umodsys_lib_basesys:umodsys.basesys.rsystem_main.obj
 0001:00001454       ?get_interface_type@RSystem@rsystem@base@UModSys@@UEBAPEBUSUniquePointerInfo@core@4@XZ 0000000140002454 f i umodsys_lib_basesys:umodsys.basesys.rsystem_main.obj
 0001:0000145c       ?get_other_interface@RSystem@rsystem@base@UModSys@@UEBAPEBUIRoot@core@4@PEBUSUniquePointerInfo@64@@Z 000000014000245c f i umodsys_lib_basesys:umodsys.basesys.rsystem_main.obj
 0001:0000145c       ?get_other_interface@RSystem@rsystem@base@UModSys@@UEAAPEAUIRoot@core@4@PEBUSUniquePointerInfo@64@@Z 000000014000245c f i umodsys_lib_basesys:umodsys.basesys.rsystem_main.obj
 0001:0000147c       ??_ERSystem@rsystem@base@UModSys@@UEAAPEAXI@Z 000000014000247c f i  CIL library: CIL module
 0001:0000147c       ??_GRSystem@rsystem@base@UModSys@@UEAAPEAXI@Z 000000014000247c f i umodsys_lib_basesys:umodsys.basesys.rsystem_main.obj
 0001:00001494       ??1RSystem@rsystem@base@UModSys@@UEAA@XZ 0000000140002494 f   umodsys_lib_basesys:umodsys.basesys.rsystem_main.obj
 0001:000015dc       ?dbg_put@rsystem@base@UModSys@@YAXW4eRSystemDebugLevels@123@PEBDZZ 00000001400025dc f   umodsys_lib_basesys:umodsys.basesys.rsystem_main.obj
 0001:00001620       ?err_put@rsystem@base@UModSys@@YAXW4eRSystemDebugLevels@123@PEBDZZ 0000000140002620 f   umodsys_lib_basesys:umodsys.basesys.rsystem_main.obj
 0001:00001664       ??1?$TStaticStringPool@DU?$TComparerBinaryHash@D@su@tl@UModSys@@USMemAlloc_Malloc@core@4@@tl@UModSys@@QEAA@XZ 0000000140002664 f i umodsys_lib_basesys:umodsys.basesys.rsystem_main.obj
 0001:0000166c       ??1?$TQuantArrayUnique@USUniquePointerInfo@core@UModSys@@$0BAA@USMemAlloc_Malloc@23@@tl@UModSys@@QEAA@XZ 000000014000266c f i umodsys_lib_basesys:umodsys.basesys.rsystem_main.obj
 0001:000016e4       ??1?$TTreeHoldRBD@U?$TQuantArrayNode@USSourceContext@core@UModSys@@$0BAA@@tl@UModSys@@U?$TNodeDeleter@U?$TQuantArrayNode@USSourceContext@core@UModSys@@$0BAA@@tl@UModSys@@USMemAlloc_Malloc@core@3@@23@@tl@UModSys@@QEAA@XZ 00000001400026e4 f i umodsys_lib_basesys:umodsys.basesys.rsystem_main.obj
 0001:000016e4       ??1?$TTreeHoldRBD@U?$TQuantArrayNode@USUniquePointerInfo@core@UModSys@@$0BAA@@tl@UModSys@@U?$TNodeDeleter@U?$TQuantArrayNode@USUniquePointerInfo@core@UModSys@@$0BAA@@tl@UModSys@@USMemAlloc_Malloc@core@3@@23@@tl@UModSys@@QEAA@XZ 00000001400026e4 f i umodsys_lib_basesys:umodsys.basesys.rsystem_main.obj
 0001:0000174c       ?mem_alloc@?$TRMemAlloc_CC@U?$TMemAllocHeader@USMagic@mem_headers@rsystem@base@UModSys@@U?$TPool@X@2345@USDebug@2345@UVoid@core@5@@rsystem@base@UModSys@@USMemAlloc_Malloc@core@4@@rsystem@base@UModSys@@UEAAPEAX_KPEBUSSourceContext@core@4@@Z 000000014000274c f i umodsys_lib_basesys:umodsys.basesys.rsystem_main.obj
 0001:0000179c       ?mem_realloc@?$TRMemAlloc_CC@U?$TMemAllocHeader@USMagic@mem_headers@rsystem@base@UModSys@@U?$TPool@X@2345@USDebug@2345@UVoid@core@5@@rsystem@base@UModSys@@USMemAlloc_Malloc@core@4@@rsystem@base@UModSys@@UEAAPEAXPEAX_KPEBUSSourceContext@core@4@@Z 000000014000279c f i umodsys_lib_basesys:umodsys.basesys.rsystem_main.obj
 0001:00001a20       ?mem_free@?$TRMemAlloc_CC@U?$TMemAllocHeader@USMagic@mem_headers@rsystem@base@UModSys@@U?$TPool@X@2345@USDebug@2345@UVoid@core@5@@rsystem@base@UModSys@@USMemAlloc_Malloc@core@4@@rsystem@base@UModSys@@UEAAXPEAXPEBUSSourceContext@core@4@@Z 0000000140002a20 f i umodsys_lib_basesys:umodsys.basesys.rsystem_main.obj
 0001:00001b38       ?free@?$TStaticStringPool@DU?$TComparerBinaryHash@D@su@tl@UModSys@@USMemAlloc_Malloc@core@4@@tl@UModSys@@QEAAXXZ 0000000140002b38 f i umodsys_lib_basesys:umodsys.basesys.rsystem_main.obj
 0001:00001b8c       ??$process_nodes_r@U?$TNodeDeleter@U?$TQuantArrayNode@USSourceContext@core@UModSys@@$0BAA@@tl@UModSys@@USMemAlloc_Malloc@core@3@@tl@UModSys@@@?$TTreeHoldRB@U?$TQuantArrayNode@USSourceContext@core@UModSys@@$0BAA@@tl@UModSys@@@tl@UModSys@@KAHPEAU?$TQuantArrayNode@USSourceContext@core@UModSys@@$0BAA@@12@AEBU?$TNodeDeleter@U?$TQuantArrayNode@USSourceContext@core@UModSys@@$0BAA@@tl@UModSys@@USMemAlloc_Malloc@core@3@@12@@Z 0000000140002b8c f i umodsys_lib_basesys:umodsys.basesys.rsystem_main.obj
 0001:00001b8c       ??$process_nodes_r@U?$TNodeDeleter@U?$TQuantArrayNode@USUniquePointerInfo@core@UModSys@@$0BAA@@tl@UModSys@@USMemAlloc_Malloc@core@3@@tl@UModSys@@@?$TTreeHoldRB@U?$TQuantArrayNode@USUniquePointerInfo@core@UModSys@@$0BAA@@tl@UModSys@@@tl@UModSys@@KAHPEAU?$TQuantArrayNode@USUniquePointerInfo@core@UModSys@@$0BAA@@12@AEBU?$TNodeDeleter@U?$TQuantArrayNode@USUniquePointerInfo@core@UModSys@@$0BAA@@tl@UModSys@@USMemAlloc_Malloc@core@3@@12@@Z 0000000140002b8c f i umodsys_lib_basesys:umodsys.basesys.rsystem_main.obj
 0001:00001bf0       ??0EFatal@core@UModSys@@QEAA@AEBU012@@Z 0000000140002bf0 f i umodsys_lib_basesys:umodsys.basesys.rsystem_main.obj
 0001:00001c30       ??0EExceptionBase@core@UModSys@@QEAA@AEBU012@@Z 0000000140002c30 f i umodsys_lib_basesys:umodsys.basesys.rsystem_main.obj
 0001:00001c64       ??0EWarning@core@UModSys@@QEAA@AEBU012@@Z 0000000140002c64 f i umodsys_lib_basesys:umodsys.basesys.rsystem_main.obj
 0001:00001ca4       ?exec_test_shells@RSystem@rsystem@base@UModSys@@QEAA_NXZ 0000000140002ca4 f   umodsys_lib_basesys:umodsys.basesys.rsystem_tests.obj
 0001:00001e8c       ??1?$TParametersA@$0EAA@@core@UModSys@@QEAA@XZ 0000000140002e8c f i umodsys_lib_basesys:umodsys.basesys.rsystem_tests.obj
 0001:00001ea8       ?moduledb_findobjname@RModuleLoader@rsystem@base@UModSys@@UEAA_KPEBUSUniquePointerInfo@core@4@QEAPEBU564@_KPEBD@Z 0000000140002ea8 f   umodsys_lib_basesys:umodsys.basesys.rmoduleloader.obj
 0001:00001f58       ?moduledb_generate@RModuleLoader@rsystem@base@UModSys@@UEAA_NAEAU?$TRefObject@UIRefObject@core@UModSys@@@tl@4@PEBUSUniquePointerInfo@core@4@AEBUSParameters@84@@Z 0000000140002f58 f   umodsys_lib_basesys:umodsys.basesys.rmoduleloader.obj
 0001:00001fe4       ?moduledb_lib_count@RModuleLoader@rsystem@base@UModSys@@UEAA_KXZ 0000000140002fe4 f   umodsys_lib_basesys:umodsys.basesys.rmoduleloader.obj
 0001:00001fec       ?moduledb_lib_get@RModuleLoader@rsystem@base@UModSys@@UEBAPEAUIModuleLibrary@34@_K@Z 0000000140002fec f   umodsys_lib_basesys:umodsys.basesys.rmoduleloader.obj
 0001:0000200c       ?moduledb_module_count@RModuleLoader@rsystem@base@UModSys@@UEAA_KXZ 000000014000300c f   umodsys_lib_basesys:umodsys.basesys.rmoduleloader.obj
 0001:0000203c       ?moduledb_module_get@RModuleLoader@rsystem@base@UModSys@@UEBAPEAUIModule@34@_K@Z 000000014000303c f   umodsys_lib_basesys:umodsys.basesys.rmoduleloader.obj
 0001:00002088       ?moduledb_find@RModuleLoader@rsystem@base@UModSys@@UEBAPEAUIModule@34@AEBU?$TString@U?$TSCoreConst@D@su@tl@UModSys@@U?$TComparerBinaryHash@D@234@@tl@4@AEBUSVersion@core@4@@Z 0000000140003088 f   umodsys_lib_basesys:umodsys.basesys.rmoduleloader.obj
 0001:000021c0       ?moduledb_clear@RModuleLoader@rsystem@base@UModSys@@UEAAXXZ 00000001400031c0 f   umodsys_lib_basesys:umodsys.basesys.rmoduleloader.obj
 0001:0000226c       ?moduledb_cleanup@RModuleLoader@rsystem@base@UModSys@@UEAA_KXZ 000000014000326c f   umodsys_lib_basesys:umodsys.basesys.rmoduleloader.obj
 0001:000023d8       ?moduledb_save@RModuleLoader@rsystem@base@UModSys@@UEAA_NAEBU?$TString@U?$TSCoreConst@D@su@tl@UModSys@@U?$TComparerBinaryHash@D@234@@tl@4@@Z 00000001400033d8 f   umodsys_lib_basesys:umodsys.basesys.rmoduleloader.obj
 0001:00002488       ?moduledb_scan@RModuleLoader@rsystem@base@UModSys@@UEAA_KAEBU?$TString@U?$TSCoreConst@D@su@tl@UModSys@@U?$TComparerBinaryHash@D@234@@tl@4@_N@Z 0000000140003488 f   umodsys_lib_basesys:umodsys.basesys.rmoduleloader.obj
 0001:000025fc       ?moduledb_get_string@RModuleLoader@rsystem@base@UModSys@@UEAAAEBU?$TString@U?$TSCoreConst@D@su@tl@UModSys@@U?$TComparerBinaryHash@D@234@@tl@4@AEBU564@@Z 00000001400035fc f   umodsys_lib_basesys:umodsys.basesys.rmoduleloader.obj
 0001:00002638       ??_GRModuleLoader@rsystem@base@UModSys@@UEAAPEAXI@Z 0000000140003638 f i umodsys_lib_basesys:umodsys.basesys.rmoduleloader.obj
 0001:00002638       ??_ERModuleLoader@rsystem@base@UModSys@@UEAAPEAXI@Z 0000000140003638 f i  CIL library: CIL module
 0001:00002668       ??_EIModuleLoader@base@UModSys@@UEAAPEAXI@Z 0000000140003668 f i  CIL library: CIL module
 0001:00002668       ??_GIModuleLoader@base@UModSys@@UEAAPEAXI@Z 0000000140003668 f i umodsys_lib_basesys:umodsys.basesys.rmoduleloader.obj
 0001:00002690       ??1RModuleLoader@rsystem@base@UModSys@@UEAA@XZ 0000000140003690 f   umodsys_lib_basesys:umodsys.basesys.rmoduleloader.obj
 0001:00002728       ??1?$TDynarrayDynamic@U?$TRefObject@URModuleLibrarySO@rsystem@base@UModSys@@@tl@UModSys@@U?$TAllocator@USMemAlloc_Malloc@core@UModSys@@USCountCalcPower2@23@@23@@tl@UModSys@@QEAA@XZ 0000000140003728 f i umodsys_lib_basesys:umodsys.basesys.rmoduleloader.obj
 0001:00002770       ?append@?$TStaticStringPool@DU?$TComparerBinaryHash@D@su@tl@UModSys@@USMemAlloc_Malloc@core@4@@tl@UModSys@@QEAAPEBU?$TString@U?$TSCoreConst@D@su@tl@UModSys@@U?$TComparerBinaryHash@D@234@@23@PEBD_K@Z 0000000140003770 f i umodsys_lib_basesys:umodsys.basesys.rmoduleloader.obj
 0001:00002a4c       ??1?$TRefObject@URParameters@rsystem@base@UModSys@@@tl@UModSys@@QEAA@XZ 0000000140003a4c f i umodsys_lib_basesys:umodsys.basesys.rsystem_main.obj
 0001:00002a4c       ??1?$TRefObject@UIModuleLibraryUni@rsystem@base@UModSys@@@tl@UModSys@@QEAA@XZ 0000000140003a4c f i umodsys_lib_basesys:umodsys.basesys.rmodule.obj
 0001:00002a4c       ??1?$TRefObject@URStreamReader_FILE@stdio@media@modules@UModSys@@@tl@UModSys@@QEAA@XZ 0000000140003a4c f i umodsys_lib_libmedia:umodsys.mod.media.stdio.obj
 0001:00002a4c       ??1?$TRefObject@URGenerator@stdio@media@modules@UModSys@@@tl@UModSys@@QEAA@XZ 0000000140003a4c f i umodsys_lib_libmedia:umodsys.mod.media.stdio.obj
 0001:00002a4c       ??1?$TRefObject@URStreamWriter_FILE@stdio@media@modules@UModSys@@@tl@UModSys@@QEAA@XZ 0000000140003a4c f i umodsys_lib_libmedia:umodsys.mod.media.stdio.obj
 0001:00002a4c       ??1?$TRefObject@UIShell@base@UModSys@@@tl@UModSys@@QEAA@XZ 0000000140003a4c f i umodsys_lib_basesys:umodsys.basesys.rsystem_tests.obj
 0001:00002a4c       ??1?$TRefObject@URModuleLibrarySO@rsystem@base@UModSys@@@tl@UModSys@@QEAA@XZ 0000000140003a4c f i umodsys_lib_basesys:umodsys.basesys.rmoduleloader.obj
 0001:00002a4c       ??1?$TRefObject@UIRefObject@core@UModSys@@@tl@UModSys@@QEAA@XZ 0000000140003a4c f i umodsys_lib_basesys:umodsys.basesys.rsystem_tests.obj
 0001:00002a70       ?get_interface_info@RModuleLibraryThis@rsystem@base@UModSys@@UEBAAEBUSUniquePointerInfo@core@4@XZ 0000000140003a70 f i umodsys_lib_basesys:umodsys.basesys.rmodulelibthis.obj
 0001:00002a78       ?get_interface_type@RModuleLibraryThis@rsystem@base@UModSys@@UEBAPEBUSUniquePointerInfo@core@4@XZ 0000000140003a78 f i umodsys_lib_basesys:umodsys.basesys.rmodulelibthis.obj
 0001:00002a80       ?get_interface_types@RStreamWriter_FILE@stdio@media@modules@UModSys@@UEBA_KAEAUSUniquePtrList@core@5@@Z 0000000140003a80 f i umodsys_lib_libmedia:umodsys.mod.media.stdio.obj
 0001:00002a80       ?get_interface_types@RParameters@rsystem@base@UModSys@@UEBA_KAEAUSUniquePtrList@core@4@@Z 0000000140003a80 f i umodsys_lib_basesys:umodsys.basesys.rparameters.obj
 0001:00002a80       ?get_interface_types@RGenerator@stdio@media@modules@UModSys@@UEBA_KAEAUSUniquePtrList@core@5@@Z 0000000140003a80 f i umodsys_lib_libmedia:umodsys.mod.media.stdio.obj
 0001:00002a80       ?get_interface_types@RModuleLibraryThis@rsystem@base@UModSys@@UEBA_KAEAUSUniquePtrList@core@4@@Z 0000000140003a80 f i umodsys_lib_basesys:umodsys.basesys.rmodulelibthis.obj
 0001:00002a80       ?get_interface_types@RModule@rsystem@base@UModSys@@UEBA_KAEAUSUniquePtrList@core@4@@Z 0000000140003a80 f i umodsys_lib_basesys:umodsys.basesys.rmodule.obj
 0001:00002a80       ?get_interface_types@RConsole_std@rsystem@base@UModSys@@UEBA_KAEAUSUniquePtrList@core@4@@Z 0000000140003a80 f i umodsys_lib_basesys:umodsys.basesys.rconsole_std.obj
 0001:00002a80       ?get_interface_types@RSystem@rsystem@base@UModSys@@UEBA_KAEAUSUniquePtrList@core@4@@Z 0000000140003a80 f i umodsys_lib_basesys:umodsys.basesys.rsystem_main.obj
 0001:00002a80       ?get_interface_types@RModuleLibrarySO@rsystem@base@UModSys@@UEBA_KAEAUSUniquePtrList@core@4@@Z 0000000140003a80 f i umodsys_lib_basesys:umodsys.basesys.rmodulelibso.obj
 0001:00002a80       ?get_interface_types@RStreamReader_FILE@stdio@media@modules@UModSys@@UEBA_KAEAUSUniquePtrList@core@5@@Z 0000000140003a80 f i umodsys_lib_libmedia:umodsys.mod.media.stdio.obj
 0001:00002a88       ?get_other_interface@RModuleLibraryThis@rsystem@base@UModSys@@UEAAPEAUIRoot@core@4@PEBUSUniquePointerInfo@64@@Z 0000000140003a88 f i umodsys_lib_basesys:umodsys.basesys.rmodulelibthis.obj
 0001:00002a88       ?get_other_interface@RModuleLibraryThis@rsystem@base@UModSys@@UEBAPEBUIRoot@core@4@PEBUSUniquePointerInfo@64@@Z 0000000140003a88 f i umodsys_lib_basesys:umodsys.basesys.rmodulelibthis.obj
 0001:00002ac0       ?ref_add@RModuleLibraryThis@rsystem@base@UModSys@@UEBAXXZ 0000000140003ac0 f i umodsys_lib_basesys:umodsys.basesys.rmodulelibthis.obj
 0001:00002ac4       ?ref_remove@RModuleLibraryThis@rsystem@base@UModSys@@UEBAXXZ 0000000140003ac4 f i umodsys_lib_basesys:umodsys.basesys.rmodulelibthis.obj
 0001:00002adc       ?ref_links@RModuleLibraryThis@rsystem@base@UModSys@@UEBAHXZ 0000000140003adc f i umodsys_lib_basesys:umodsys.basesys.rmodulelibthis.obj
 0001:00002ae0       ?suicide@RModuleLibraryThis@rsystem@base@UModSys@@UEAAXXZ 0000000140003ae0 f i umodsys_lib_basesys:umodsys.basesys.rmodulelibthis.obj
 0001:00002b08       ?uni_load@RModuleLibraryThis@rsystem@base@UModSys@@UEAA_NXZ 0000000140003b08 f   umodsys_lib_basesys:umodsys.basesys.rmodulelibthis.obj
 0001:00002b18       ?uni_unload@RModuleLibraryThis@rsystem@base@UModSys@@UEAA_NXZ 0000000140003b18 f   umodsys_lib_basesys:umodsys.basesys.rmodulelibthis.obj
 0001:00002b18       ?uni_close@RModuleLibraryThis@rsystem@base@UModSys@@UEAA_NXZ 0000000140003b18 f   umodsys_lib_basesys:umodsys.basesys.rmodulelibthis.obj
 0001:00002b18       ?uni_open@RModuleLibraryThis@rsystem@base@UModSys@@UEAA_NXZ 0000000140003b18 f   umodsys_lib_basesys:umodsys.basesys.rmodulelibthis.obj
 0001:00002b1c       ??_GRModuleLibraryThis@rsystem@base@UModSys@@UEAAPEAXI@Z 0000000140003b1c f i umodsys_lib_basesys:umodsys.basesys.rmodulelibthis.obj
 0001:00002b1c       ??_ERModuleLibraryThis@rsystem@base@UModSys@@UEAAPEAXI@Z 0000000140003b1c f i  CIL library: CIL module
 0001:00002b54       ?get_sys_libname@IModuleLibraryUni@rsystem@base@UModSys@@UEBA?AU?$TString@U?$TSCoreConst@D@su@tl@UModSys@@U?$TComparerBinaryHash@D@234@@tl@4@XZ 0000000140003b54 f   umodsys_lib_basesys:umodsys.basesys.rmodulelib.obj
 0001:00002b64       ?get_privmem@IModuleLibraryUni@rsystem@base@UModSys@@UEBAPEAUIMemAlloc@core@4@XZ 0000000140003b64 f   umodsys_lib_basesys:umodsys.basesys.rmodulelib.obj
 0001:00002b6c       ?get_system@IModuleLibraryUni@rsystem@base@UModSys@@UEBAPEAUISystem@34@XZ 0000000140003b6c f   umodsys_lib_basesys:umodsys.basesys.rmodulelib.obj
 0001:00002b74       ?get_module@IModuleLibraryUni@rsystem@base@UModSys@@UEBAPEAUIModule@34@_K@Z 0000000140003b74 f   umodsys_lib_basesys:umodsys.basesys.rmodulelib.obj
 0001:00002b88       ?lib_loaded@IModuleLibraryUni@rsystem@base@UModSys@@UEBA_NXZ 0000000140003b88 f   umodsys_lib_basesys:umodsys.basesys.rmodulelib.obj
 0001:00002b94       ?lib_load@IModuleLibraryUni@rsystem@base@UModSys@@UEAA_NXZ 0000000140003b94 f   umodsys_lib_basesys:umodsys.basesys.rmodulelib.obj
 0001:00002bc0       ?lib_unload@IModuleLibraryUni@rsystem@base@UModSys@@UEAA_NXZ 0000000140003bc0 f   umodsys_lib_basesys:umodsys.basesys.rmodulelib.obj
 0001:00002bd4       ?lib_free@IModuleLibraryUni@rsystem@base@UModSys@@UEAA_NXZ 0000000140003bd4 f   umodsys_lib_basesys:umodsys.basesys.rmodulelib.obj
 0001:00002bf4       ?lib_findobjname@IModuleLibraryUni@rsystem@base@UModSys@@UEAA_KPEBUSUniquePointerInfo@core@4@QEAPEBU564@_KPEBD@Z 0000000140003bf4 f   umodsys_lib_basesys:umodsys.basesys.rmodulelib.obj
 0001:00002c98       ?lib_generate@IModuleLibraryUni@rsystem@base@UModSys@@UEAA_NAEAU?$TRefObject@UIRefObject@core@UModSys@@@tl@4@PEBUSUniquePointerInfo@core@4@AEBUSParameters@84@@Z 0000000140003c98 f   umodsys_lib_basesys:umodsys.basesys.rmodulelib.obj
 0001:00002d14       ?cleanup@IModuleLibraryUni@rsystem@base@UModSys@@QEAA_KXZ 0000000140003d14 f   umodsys_lib_basesys:umodsys.basesys.rmodulelib.obj
 0001:00002d50       ?load0@IModuleLibraryUni@rsystem@base@UModSys@@QEAA_NXZ 0000000140003d50 f   umodsys_lib_basesys:umodsys.basesys.rmodulelib.obj
 0001:00002da4       ?link@IModuleLibraryUni@rsystem@base@UModSys@@QEAA_NXZ 0000000140003da4 f   umodsys_lib_basesys:umodsys.basesys.rmodulelib.obj
 0001:00003094       ?unlink@IModuleLibraryUni@rsystem@base@UModSys@@QEAA_NXZ 0000000140004094 f   umodsys_lib_basesys:umodsys.basesys.rmodulelib.obj
 0001:000030e4       ?scan@IModuleLibraryUni@rsystem@base@UModSys@@QEAA_NXZ 00000001400040e4 f   umodsys_lib_basesys:umodsys.basesys.rmodulelib.obj
 0001:00003158       ?save_db@IModuleLibraryUni@rsystem@base@UModSys@@QEAA_NPEAU_iobuf@@@Z 0000000140004158 f   umodsys_lib_basesys:umodsys.basesys.rmodulelib.obj
 0001:000031e0       ??_EIModuleLibraryUni@rsystem@base@UModSys@@UEAAPEAXI@Z 00000001400041e0 f i  CIL library: CIL module
 0001:000031e0       ??_GIModuleLibraryUni@rsystem@base@UModSys@@UEAAPEAXI@Z 00000001400041e0 f i umodsys_lib_basesys:umodsys.basesys.rmodulelib.obj
 0001:000031f8       ??1IModuleLibraryUni@rsystem@base@UModSys@@UEAA@XZ 00000001400041f8 f   umodsys_lib_basesys:umodsys.basesys.rmodulelib.obj
 0001:000032a0       ?Resize@?$TDynarray@U?$TDynarrayHolderDynamic@U?$TRefObject@URModule@rsystem@base@UModSys@@@tl@UModSys@@U?$TAllocator@USMemAlloc_Malloc@core@UModSys@@USCountCalcPower2@23@@23@@tl@UModSys@@@tl@UModSys@@QEAA_N_K@Z 00000001400042a0 f i umodsys_lib_basesys:umodsys.basesys.rmodulelib.obj
 0001:000032a0       ?Resize@?$TDynarray@U?$TDynarrayHolderDynamic@U?$TRefObject@URModuleLibrarySO@rsystem@base@UModSys@@@tl@UModSys@@U?$TAllocator@USMemAlloc_Malloc@core@UModSys@@USCountCalcPower2@23@@23@@tl@UModSys@@@tl@UModSys@@QEAA_N_K@Z 00000001400042a0 f i umodsys_lib_basesys:umodsys.basesys.rmoduleloader.obj
 0001:00003390       ?upi_add@RSystem@rsystem@base@UModSys@@UEAAPEBUSUniquePointerInfo@core@4@PEBU564@@Z 0000000140004390 f   umodsys_lib_basesys:umodsys.basesys.rsystem.obj
 0001:000034c0       ?upi_remove@RSystem@rsystem@base@UModSys@@UEAAHPEBUSUniquePointerInfo@core@4@@Z 00000001400044c0 f   umodsys_lib_basesys:umodsys.basesys.rsystem.obj
 0001:000034c4       ?persist_ctx@RSystem@rsystem@base@UModSys@@UEAAPEBUSSourceContext@core@4@PEBU564@@Z 00000001400044c4 f   umodsys_lib_basesys:umodsys.basesys.rsystem.obj
 0001:000035f4       ?get_params@RSystem@rsystem@base@UModSys@@UEAAPEAUIParameters@core@4@XZ 00000001400045f4 f   umodsys_lib_basesys:umodsys.basesys.rsystem.obj
 0001:000035fc       ?get_console@RSystem@rsystem@base@UModSys@@UEAAPEAUIConsole@34@XZ 00000001400045fc f   umodsys_lib_basesys:umodsys.basesys.rsystem.obj
 0001:00003604       ?get_sysmem@RSystem@rsystem@base@UModSys@@UEAAPEAUIMemAlloc@core@4@XZ 0000000140004604 f   umodsys_lib_basesys:umodsys.basesys.rsystem.obj
 0001:0000360c       ?get_sharemem@RSystem@rsystem@base@UModSys@@UEAAPEAUIMemAlloc@core@4@XZ 000000014000460c f   umodsys_lib_basesys:umodsys.basesys.rsystem.obj
 0001:00003614       ?ref_links@RConsole_std@rsystem@base@UModSys@@UEBAHXZ 0000000140004614 f   umodsys_lib_basesys:umodsys.basesys.rconsole_std.obj
 0001:00003614       _matherr                   0000000140004614 f   MSVCRT:merr.obj
 0001:00003614       _setargv                   0000000140004614 f   MSVCRT:dllargv.obj
 0001:00003614       ?get_syslib@RSystem@rsystem@base@UModSys@@UEAAPEAUIModuleLibrary@34@XZ 0000000140004614 f   umodsys_lib_basesys:umodsys.basesys.rsystem.obj
 0001:00003618       ?get_modloader@RSystem@rsystem@base@UModSys@@UEAAPEAUIModuleLoader@34@XZ 0000000140004618 f   umodsys_lib_basesys:umodsys.basesys.rsystem.obj
 0001:00003620       ?get_upr@RSystem@rsystem@base@UModSys@@UEAAPEAUIUniquePointerResolver@core@4@XZ 0000000140004620 f   umodsys_lib_basesys:umodsys.basesys.rsystem.obj
 0001:0000362c       ?get_sca@RSystem@rsystem@base@UModSys@@UEAAPEAUISourceContextAdapter@core@4@XZ 000000014000462c f   umodsys_lib_basesys:umodsys.basesys.rsystem.obj
 0001:00003638       ?find@?$TQuantArrayUnique@USSourceContext@core@UModSys@@$0BAA@USMemAlloc_Malloc@23@@tl@UModSys@@QEAAPEBUSSourceContext@core@3@AEBU453@@Z 0000000140004638 f i umodsys_lib_basesys:umodsys.basesys.rsystem.obj
 0001:00003638       ?find@?$TQuantArrayUnique@USUniquePointerInfo@core@UModSys@@$0BAA@USMemAlloc_Malloc@23@@tl@UModSys@@QEAAPEBUSUniquePointerInfo@core@3@AEBU453@@Z 0000000140004638 f i umodsys_lib_basesys:umodsys.basesys.rsystem.obj
 0001:00003714       ?add@?$TQuantArrayUnique@USSourceContext@core@UModSys@@$0BAA@USMemAlloc_Malloc@23@@tl@UModSys@@QEAAPEAUSSourceContext@core@3@AEBU453@@Z 0000000140004714 f i umodsys_lib_basesys:umodsys.basesys.rsystem.obj
 0001:00003714       ?add@?$TQuantArrayUnique@USUniquePointerInfo@core@UModSys@@$0BAA@USMemAlloc_Malloc@23@@tl@UModSys@@QEAAPEAUSUniquePointerInfo@core@3@AEBU453@@Z 0000000140004714 f i umodsys_lib_basesys:umodsys.basesys.rsystem.obj
 0001:00003854       ?s_last@?$TQuantArrayUnique@USSourceContext@core@UModSys@@$0BAA@USMemAlloc_Malloc@23@@tl@UModSys@@KAHPEBU?$TQuantArrayNode@USSourceContext@core@UModSys@@$0BAA@@23@0@Z 0000000140004854 f i umodsys_lib_basesys:umodsys.basesys.rsystem.obj
 0001:00003854       ?s_last@?$TQuantArrayUnique@USUniquePointerInfo@core@UModSys@@$0BAA@USMemAlloc_Malloc@23@@tl@UModSys@@KAHPEBU?$TQuantArrayNode@USUniquePointerInfo@core@UModSys@@$0BAA@@23@0@Z 0000000140004854 f i umodsys_lib_basesys:umodsys.basesys.rsystem.obj
 0001:0000385c       ??$insert_node_m@P6AHPEBU?$TQuantArrayNode@USUniquePointerInfo@core@UModSys@@$0BAA@@tl@UModSys@@0@Z@?$TTreeHoldRB@U?$TQuantArrayNode@USUniquePointerInfo@core@UModSys@@$0BAA@@tl@UModSys@@@tl@UModSys@@QEAAPEAU?$TQuantArrayNode@USUniquePointerInfo@core@UModSys@@$0BAA@@12@PEAU312@P6AHPEBU312@1@Z@Z 000000014000485c f i umodsys_lib_basesys:umodsys.basesys.rsystem.obj
 0001:0000385c       ??$insert_node_m@P6AHPEBU?$TQuantArrayNode@USSourceContext@core@UModSys@@$0BAA@@tl@UModSys@@0@Z@?$TTreeHoldRB@U?$TQuantArrayNode@USSourceContext@core@UModSys@@$0BAA@@tl@UModSys@@@tl@UModSys@@QEAAPEAU?$TQuantArrayNode@USSourceContext@core@UModSys@@$0BAA@@12@PEAU312@P6AHPEBU312@1@Z@Z 000000014000485c f i umodsys_lib_basesys:umodsys.basesys.rsystem.obj
 0001:00003a60       ?get_interface_info@RParameters@rsystem@base@UModSys@@UEBAAEBUSUniquePointerInfo@core@4@XZ 0000000140004a60 f i umodsys_lib_basesys:umodsys.basesys.rparameters.obj
 0001:00003a68       ?get_interface_type@RParameters@rsystem@base@UModSys@@UEBAPEBUSUniquePointerInfo@core@4@XZ 0000000140004a68 f i umodsys_lib_basesys:umodsys.basesys.rparameters.obj
 0001:00003a70       ?get_other_interface@RParameters@rsystem@base@UModSys@@UEBAPEBUIRoot@core@4@PEBUSUniquePointerInfo@64@@Z 0000000140004a70 f i umodsys_lib_basesys:umodsys.basesys.rparameters.obj
 0001:00003a70       ?get_other_interface@RParameters@rsystem@base@UModSys@@UEAAPEAUIRoot@core@4@PEBUSUniquePointerInfo@64@@Z 0000000140004a70 f i umodsys_lib_basesys:umodsys.basesys.rparameters.obj
 0001:00003aa0       ?ref_add@RParameters@rsystem@base@UModSys@@UEBAXXZ 0000000140004aa0 f i umodsys_lib_basesys:umodsys.basesys.rparameters.obj
 0001:00003aa4       ?ref_remove@RParameters@rsystem@base@UModSys@@UEBAXXZ 0000000140004aa4 f i umodsys_lib_basesys:umodsys.basesys.rparameters.obj
 0001:00003abc       ?ref_links@RParameters@rsystem@base@UModSys@@UEBAHXZ 0000000140004abc f i umodsys_lib_basesys:umodsys.basesys.rparameters.obj
 0001:00003ac0       ?suicide@RParameters@rsystem@base@UModSys@@UEAAXXZ 0000000140004ac0 f i umodsys_lib_basesys:umodsys.basesys.rparameters.obj
 0001:00003ae8       ?find_elem@RParameters@rsystem@base@UModSys@@IEAAPEBUElem@1234@PEBXHHHPEBD@Z 0000000140004ae8 f   umodsys_lib_basesys:umodsys.basesys.rparameters.obj
 0001:00003b80       ?free_elems@RParameters@rsystem@base@UModSys@@IEAAXPEAXH@Z 0000000140004b80 f   umodsys_lib_basesys:umodsys.basesys.rparameters.obj
 0001:00003c18       ?alloc_elems@RParameters@rsystem@base@UModSys@@IEAAXPEAXH@Z 0000000140004c18 f   umodsys_lib_basesys:umodsys.basesys.rparameters.obj
 0001:00003c9c       ?add_last@RParameters@rsystem@base@UModSys@@IEAA_NPEAUSParametersData@core@4@PEBDPEBXH@Z 0000000140004c9c f   umodsys_lib_basesys:umodsys.basesys.rparameters.obj
 0001:00003f40       ?p_deinit@RParameters@rsystem@base@UModSys@@UEAAXPEAUSParametersData@core@4@@Z 0000000140004f40 f   umodsys_lib_basesys:umodsys.basesys.rparameters.obj
 0001:00003fb0       ?p_init@RParameters@rsystem@base@UModSys@@UEAAXPEAUSParametersData@core@4@H@Z 0000000140004fb0 f   umodsys_lib_basesys:umodsys.basesys.rparameters.obj
 0001:00004058       ?p_init@RParameters@rsystem@base@UModSys@@UEAAXPEAUSParametersData@core@4@AEBU564@@Z 0000000140005058 f   umodsys_lib_basesys:umodsys.basesys.rparameters.obj
 0001:0000414c       ?p_copy@RParameters@rsystem@base@UModSys@@UEAAXPEAUSParametersData@core@4@AEBU564@@Z 000000014000514c f   umodsys_lib_basesys:umodsys.basesys.rparameters.obj
 0001:00004298       ?p_init_s@RParameters@rsystem@base@UModSys@@UEAAXPEAUSParametersData@core@4@PEAXH@Z 0000000140005298 f   umodsys_lib_basesys:umodsys.basesys.rparameters.obj
 0001:000042d0       ?p_init_s@RParameters@rsystem@base@UModSys@@UEAAXPEAUSParametersData@core@4@AEBU564@PEAXH@Z 00000001400052d0 f   umodsys_lib_basesys:umodsys.basesys.rparameters.obj
 0001:00004350       ?next@RParameters@rsystem@base@UModSys@@UEAA_NPEBUSParametersData@core@4@AEAPEBD@Z 0000000140005350 f   umodsys_lib_basesys:umodsys.basesys.rparameters.obj
 0001:00004428       ?next@RParameters@rsystem@base@UModSys@@UEAA_NPEBUSParametersData@core@4@AEAU?$TString@U?$TSCoreConst@D@su@tl@UModSys@@U?$TComparerBinaryHash@D@234@@tl@4@@Z 0000000140005428 f   umodsys_lib_basesys:umodsys.basesys.rparameters.obj
 0001:00004558       ?add@RParameters@rsystem@base@UModSys@@UEAA_NPEAUSParametersData@core@4@PEBD1@Z 0000000140005558 f   umodsys_lib_basesys:umodsys.basesys.rparameters.obj
 0001:00004570       ?add@RParameters@rsystem@base@UModSys@@UEAA_NPEAUSParametersData@core@4@PEBDH@Z 0000000140005570 f   umodsys_lib_basesys:umodsys.basesys.rparameters.obj
 0001:00004590       ?add@RParameters@rsystem@base@UModSys@@UEAA_NPEAUSParametersData@core@4@PEBDAEBN@Z 0000000140005590 f   umodsys_lib_basesys:umodsys.basesys.rparameters.obj
 0001:000045a8       ?add@RParameters@rsystem@base@UModSys@@UEAA_NPEAUSParametersData@core@4@PEBDPEAUIRefObject@64@@Z 00000001400055a8 f   umodsys_lib_basesys:umodsys.basesys.rparameters.obj
 0001:000045c8       ?get@RParameters@rsystem@base@UModSys@@UEAA_NPEBUSParametersData@core@4@PEBDAEAPEBD@Z 00000001400055c8 f   umodsys_lib_basesys:umodsys.basesys.rparameters.obj
 0001:00004640       ?get@RParameters@rsystem@base@UModSys@@UEAA_NPEBUSParametersData@core@4@PEBDAEAH@Z 0000000140005640 f   umodsys_lib_basesys:umodsys.basesys.rparameters.obj
 0001:000046b4       ?get@RParameters@rsystem@base@UModSys@@UEAA_NPEBUSParametersData@core@4@PEBDAEAN@Z 00000001400056b4 f   umodsys_lib_basesys:umodsys.basesys.rparameters.obj
 0001:0000472c       ?get@RParameters@rsystem@base@UModSys@@UEAA_NPEBUSParametersData@core@4@PEBDAEAPEAUIRefObject@64@@Z 000000014000572c f   umodsys_lib_basesys:umodsys.basesys.rparameters.obj
 0001:00004844       ?pfd_load@RModuleLibrarySO@rsystem@base@UModSys@@SAPEAUIModuleLibraryReg@34@PEAUPFD_Data@1234@AEBU?$TString@U?$TSCoreConst@D@su@tl@UModSys@@U?$TComparerBinaryHash@D@234@@tl@4@@Z 0000000140005844 f   umodsys_lib_basesys:umodsys.basesys.rmodule.win32.obj
 0001:00004984       ?pfd_unload@RModuleLibrarySO@rsystem@base@UModSys@@SA_NPEAUPFD_Data@1234@@Z 0000000140005984 f   umodsys_lib_basesys:umodsys.basesys.rmodule.win32.obj
 0001:00004ce4       ??0?$WinPath@$0BAAA@@syshlp@core@UModSys@@QEAA@PEB_W0@Z 0000000140005ce4 f i umodsys_lib_basesys:umodsys.basesys.rmodule.win32.obj
 0001:00004dd0       ??0?$U16String@$0BAAA@@syshlp@core@UModSys@@QEAA@PEBD@Z 0000000140005dd0 f i umodsys_lib_basesys:umodsys.basesys.rmodule.win32.obj
 0001:00004e48       ?get_interface_info@RModule@rsystem@base@UModSys@@UEBAAEBUSUniquePointerInfo@core@4@XZ 0000000140005e48 f i umodsys_lib_basesys:umodsys.basesys.rmodule.obj
 0001:00004e50       ?get_interface_type@RModule@rsystem@base@UModSys@@UEBAPEBUSUniquePointerInfo@core@4@XZ 0000000140005e50 f i umodsys_lib_basesys:umodsys.basesys.rmodule.obj
 0001:00004e58       ?get_other_interface@RModule@rsystem@base@UModSys@@UEBAPEBUIRoot@core@4@PEBUSUniquePointerInfo@64@@Z 0000000140005e58 f i umodsys_lib_basesys:umodsys.basesys.rmodule.obj
 0001:00004e58       ?get_other_interface@RModule@rsystem@base@UModSys@@UEAAPEAUIRoot@core@4@PEBUSUniquePointerInfo@64@@Z 0000000140005e58 f i umodsys_lib_basesys:umodsys.basesys.rmodule.obj
 0001:00004e88       ?ref_add@RModule@rsystem@base@UModSys@@UEBAXXZ 0000000140005e88 f i umodsys_lib_basesys:umodsys.basesys.rmodule.obj
 0001:00004e90       ?ref_remove@RModule@rsystem@base@UModSys@@UEBAXXZ 0000000140005e90 f i umodsys_lib_basesys:umodsys.basesys.rmodule.obj
 0001:00004ea8       ?ref_links@RModule@rsystem@base@UModSys@@UEBAHXZ 0000000140005ea8 f i umodsys_lib_basesys:umodsys.basesys.rmodule.obj
 0001:00004eb0       ?suicide@RModule@rsystem@base@UModSys@@UEAAXXZ 0000000140005eb0 f i umodsys_lib_basesys:umodsys.basesys.rmodule.obj
 0001:00004f10       ?get_library@RModule@rsystem@base@UModSys@@UEBAPEAUIModuleLibrary@34@XZ 0000000140005f10 f   umodsys_lib_basesys:umodsys.basesys.rmodule.obj
 0001:00004f18       ?get_info@RModule@rsystem@base@UModSys@@UEBAAEBUSModuleInfo@34@XZ 0000000140005f18 f   umodsys_lib_basesys:umodsys.basesys.rmodule.obj
 0001:00004f20       ?is_open@RModule@rsystem@base@UModSys@@UEBA_NXZ 0000000140005f20 f   umodsys_lib_basesys:umodsys.basesys.rmodule.obj
 0001:00004f4c       ?open@RModule@rsystem@base@UModSys@@UEAA_NXZ 0000000140005f4c f   umodsys_lib_basesys:umodsys.basesys.rmodule.obj
 0001:00004fc4       ?close@RModule@rsystem@base@UModSys@@UEAA_NXZ 0000000140005fc4 f   umodsys_lib_basesys:umodsys.basesys.rmodule.obj
 0001:0000501c       ?reg@RModule@rsystem@base@UModSys@@UEAA_NPEAUIModObject@34@_N@Z 000000014000601c f   umodsys_lib_basesys:umodsys.basesys.rmodule.obj
 0001:0000503c       ?reg@RModule@rsystem@base@UModSys@@UEAA_NPEAUIGenerator@34@_N@Z 000000014000603c f   umodsys_lib_basesys:umodsys.basesys.rmodule.obj
 0001:00005088       ?mod_findobjname@RModule@rsystem@base@UModSys@@UEAA_KPEBUSUniquePointerInfo@core@4@QEAPEBU564@_KPEBD@Z 0000000140006088 f   umodsys_lib_basesys:umodsys.basesys.rmodule.obj
 0001:000051d8       ?mod_generate@RModule@rsystem@base@UModSys@@UEAA_NAEAU?$TRefObject@UIRefObject@core@UModSys@@@tl@4@PEBUSUniquePointerInfo@core@4@AEBUSParameters@84@@Z 00000001400061d8 f   umodsys_lib_basesys:umodsys.basesys.rmodule.obj
 0001:0000532c       ?reg_generator@RModule@rsystem@base@UModSys@@QEAA_NPEAUModuleObjInfo@1234@PEAUIGenerator@34@@Z 000000014000632c f   umodsys_lib_basesys:umodsys.basesys.rmodule.obj
 0001:00005520       ?reg_obj@RModule@rsystem@base@UModSys@@QEAAPEAUModuleObjInfo@1234@PEAUIModObject@34@@Z 0000000140006520 f   umodsys_lib_basesys:umodsys.basesys.rmodule.obj
 0001:000056ac       ?unreg_obj@RModule@rsystem@base@UModSys@@QEAA_NPEAUIModObject@34@@Z 00000001400066ac f   umodsys_lib_basesys:umodsys.basesys.rmodule.obj
 0001:000057b4       ?alloc_minfo@RModule@rsystem@base@UModSys@@QEAA_NAEBUSModuleInfo@34@@Z 00000001400067b4 f   umodsys_lib_basesys:umodsys.basesys.rmodule.obj
 0001:00005878       ?save_db@RModule@rsystem@base@UModSys@@QEAA_NPEAU_iobuf@@@Z 0000000140006878 f   umodsys_lib_basesys:umodsys.basesys.rmodule.obj
 0001:00005a6c       ??_ERModule@rsystem@base@UModSys@@UEAAPEAXI@Z 0000000140006a6c f i  CIL library: CIL module
 0001:00005a6c       ??_GRModule@rsystem@base@UModSys@@UEAAPEAXI@Z 0000000140006a6c f i umodsys_lib_basesys:umodsys.basesys.rmodule.obj
 0001:00005ba0       ??1?$TDynarrayDynamic@UModuleObjInfo@RModule@rsystem@base@UModSys@@U?$TAllocator@USMemAlloc_Malloc@core@UModSys@@USCountCalcPower2@23@@tl@5@@tl@UModSys@@QEAA@XZ 0000000140006ba0 f i umodsys_lib_basesys:umodsys.basesys.rmodule.obj
 0001:00005bf0       ??1?$TDynarrayDynamic@UGeneratedObjInfo@RModule@rsystem@base@UModSys@@U?$TAllocator@USMemAlloc_Malloc@core@UModSys@@USCountCalcPower2@23@@tl@5@@tl@UModSys@@QEAA@XZ 0000000140006bf0 f i umodsys_lib_basesys:umodsys.basesys.rmodule.obj
 0001:00005c3c       ??1?$TDynarrayDynamic@PEBUSUniquePointerInfo@core@UModSys@@U?$TAllocator@USMemAlloc_Malloc@core@UModSys@@USCountCalcPower2@23@@tl@3@@tl@UModSys@@QEAA@XZ 0000000140006c3c f i umodsys_lib_basesys:umodsys.basesys.rmodule.obj
 0001:00005c88       ?ResizeRel@?$TDynarray@U?$TDynarrayHolderDynamic@UModuleObjInfo@RModule@rsystem@base@UModSys@@U?$TAllocator@USMemAlloc_Malloc@core@UModSys@@USCountCalcPower2@23@@tl@5@@tl@UModSys@@@tl@UModSys@@QEAA_N_J@Z 0000000140006c88 f i umodsys_lib_basesys:umodsys.basesys.rmodule.obj
 0001:00005d6c       ?ResizeRel@?$TDynarray@U?$TDynarrayHolderDynamic@UGeneratedObjInfo@RModule@rsystem@base@UModSys@@U?$TAllocator@USMemAlloc_Malloc@core@UModSys@@USCountCalcPower2@23@@tl@5@@tl@UModSys@@@tl@UModSys@@QEAA_N_J@Z 0000000140006d6c f i umodsys_lib_basesys:umodsys.basesys.rmodule.obj
 0001:00005e48       ?ResizeRel@?$TDynarray@U?$TDynarrayHolderDynamic@PEBUSUniquePointerInfo@core@UModSys@@U?$TAllocator@USMemAlloc_Malloc@core@UModSys@@USCountCalcPower2@23@@tl@3@@tl@UModSys@@@tl@UModSys@@QEAA_N_J@Z 0000000140006e48 f i umodsys_lib_basesys:umodsys.basesys.rmodule.obj
 0001:00005ee0       ??$wildcmp@D@su@tl@UModSys@@YA_NPEBD0@Z 0000000140006ee0 f i umodsys_lib_basesys:umodsys.basesys.rmodule.obj
 0001:00005f68       ?get_interface_info@RModuleLibrarySO@rsystem@base@UModSys@@UEBAAEBUSUniquePointerInfo@core@4@XZ 0000000140006f68 f i umodsys_lib_basesys:umodsys.basesys.rmodulelibso.obj
 0001:00005f70       ?get_interface_type@RModuleLibrarySO@rsystem@base@UModSys@@UEBAPEBUSUniquePointerInfo@core@4@XZ 0000000140006f70 f i umodsys_lib_basesys:umodsys.basesys.rmodulelibso.obj
 0001:00005f78       ?get_other_interface@RModuleLibrarySO@rsystem@base@UModSys@@UEAAPEAUIRoot@core@4@PEBUSUniquePointerInfo@64@@Z 0000000140006f78 f i umodsys_lib_basesys:umodsys.basesys.rmodulelibso.obj
 0001:00005f78       ?get_other_interface@RModuleLibrarySO@rsystem@base@UModSys@@UEBAPEBUIRoot@core@4@PEBUSUniquePointerInfo@64@@Z 0000000140006f78 f i umodsys_lib_basesys:umodsys.basesys.rmodulelibso.obj
 0001:00005fb0       ?ref_add@RModuleLibrarySO@rsystem@base@UModSys@@UEBAXXZ 0000000140006fb0 f i umodsys_lib_basesys:umodsys.basesys.rmodulelibso.obj
 0001:00005fb8       ?ref_remove@RModuleLibrarySO@rsystem@base@UModSys@@UEBAXXZ 0000000140006fb8 f i umodsys_lib_basesys:umodsys.basesys.rmodulelibso.obj
 0001:00005fd0       ?ref_links@RModuleLibrarySO@rsystem@base@UModSys@@UEBAHXZ 0000000140006fd0 f i umodsys_lib_basesys:umodsys.basesys.rmodulelibso.obj
 0001:00005fd8       ?suicide@RModuleLibrarySO@rsystem@base@UModSys@@UEAAXXZ 0000000140006fd8 f i umodsys_lib_basesys:umodsys.basesys.rmodulelibso.obj
 0001:00006004       ?uni_load@RModuleLibrarySO@rsystem@base@UModSys@@UEAA_NXZ 0000000140007004 f   umodsys_lib_basesys:umodsys.basesys.rmodulelibso.obj
 0001:00006048       ?uni_unload@RModuleLibrarySO@rsystem@base@UModSys@@UEAA_NXZ 0000000140007048 f   umodsys_lib_basesys:umodsys.basesys.rmodulelibso.obj
 0001:00006054       ?uni_open@RModuleLibrarySO@rsystem@base@UModSys@@UEAA_NXZ 0000000140007054 f   umodsys_lib_basesys:umodsys.basesys.rmodulelibso.obj
 0001:00006090       ?uni_close@RModuleLibrarySO@rsystem@base@UModSys@@UEAA_NXZ 0000000140007090 f   umodsys_lib_basesys:umodsys.basesys.rmodulelibso.obj
 0001:000060ac       ?s_add@RModuleLibrarySO@rsystem@base@UModSys@@SA_NPEAUISystem@34@AEAU?$TDynarrayDynamic@U?$TRefObject@URModuleLibrarySO@rsystem@base@UModSys@@@tl@UModSys@@U?$TAllocator@USMemAlloc_Malloc@core@UModSys@@USCountCalcPower2@23@@23@@tl@4@PEBD@Z 00000001400070ac f   umodsys_lib_basesys:umodsys.basesys.rmodulelibso.obj
 0001:00006338       ??_GRModuleLibrarySO@rsystem@base@UModSys@@UEAAPEAXI@Z 0000000140007338 f i umodsys_lib_basesys:umodsys.basesys.rmodulelibso.obj
 0001:00006338       ??_ERModuleLibrarySO@rsystem@base@UModSys@@UEAAPEAXI@Z 0000000140007338 f i  CIL library: CIL module
 0001:00006378       ??4?$TString@U?$TSCoreShared@USMemAlloc_Malloc@core@UModSys@@D@su@tl@UModSys@@U?$TComparerBinaryHash@D@234@@tl@UModSys@@QEAAAEBU012@PEBD@Z 0000000140007378 f i umodsys_lib_basesys:umodsys.basesys.rmodulelibso.obj
 0001:00006474       ?Link@SModuleContext@base@UModSys@@QEAAXPEAUISystem@23@PEAUIMemAlloc@core@3@@Z 0000000140007474 f   umodsys_lib_base:umodsys.base.modulecontext.obj
 0001:000064cc       ?mlr_count@RModuleLibraryReg_Chain@base@UModSys@@UEBA_KXZ 00000001400074cc f   umodsys_lib_base:umodsys.base.moduleregchain.obj
 0001:00006504       ?mlr_get@RModuleLibraryReg_Chain@base@UModSys@@UEBAPEAUIModuleReg@23@_K@Z 0000000140007504 f   umodsys_lib_base:umodsys.base.moduleregchain.obj
 0001:00006530       ?mlr_open@RModuleLibraryReg_Chain@base@UModSys@@UEAA_NPEAUISystem@23@PEAUIMemAlloc@core@3@@Z 0000000140007530 f   umodsys_lib_base:umodsys.base.moduleregchain.obj
 0001:0000655c       ?mlr_close@RModuleLibraryReg_Chain@base@UModSys@@UEAA_NXZ 000000014000755c f   umodsys_lib_base:umodsys.base.moduleregchain.obj
 0001:0000659c       ?mlr_isopen@RModuleLibraryReg_Chain@base@UModSys@@UEBA_NXZ 000000014000759c f   umodsys_lib_base:umodsys.base.moduleregchain.obj
 0001:000065ac       ??_EIModuleLibraryReg@base@UModSys@@UEAAPEAXI@Z 00000001400075ac f i  CIL library: CIL module
 0001:000065ac       ??_ERModuleLibraryReg_Chain@base@UModSys@@UEAAPEAXI@Z 00000001400075ac f i  CIL library: CIL module
 0001:000065ac       ??_GIModuleLibraryReg@base@UModSys@@UEAAPEAXI@Z 00000001400075ac f i umodsys_lib_base:umodsys.base.modulereg.obj
 0001:000065ac       ??_GRModuleLibraryReg_Chain@base@UModSys@@UEAAPEAXI@Z 00000001400075ac f i umodsys_lib_base:umodsys.base.moduleregchain.obj
 0001:000065d4       UModSys_Plugin_Entry2      00000001400075d4 f   umodsys_lib_base:umodsys.so_main.win32.obj
 0001:000065dc       ?mr_isopen@IModuleReg@base@UModSys@@UEBA_NXZ 00000001400075dc f   umodsys_lib_base:umodsys.base.modulereg.obj
 0001:000065e8       ?mr_open@IModuleReg@base@UModSys@@UEAA_NXZ 00000001400075e8 f   umodsys_lib_base:umodsys.base.modulereg.obj
 0001:0000660c       ?mr_close@IModuleReg@base@UModSys@@UEAA_NXZ 000000014000760c f   umodsys_lib_base:umodsys.base.modulereg.obj
 0001:00006628       ??1IStreamReader@libmedia@UModSys@@UEAA@XZ 0000000140007628 f   umodsys_lib_libmedia:umodsys.mod.media.stdio.obj
 0001:00006628       ??1IStreamWriter@libmedia@UModSys@@UEAA@XZ 0000000140007628 f   umodsys_lib_libmedia:umodsys.mod.media.stdio.obj
 0001:00006628       ??1ISystem@base@UModSys@@UEAA@XZ 0000000140007628 f   umodsys_lib_base:umodsys.base.system.obj
 0001:00006628       ??1IModule@base@UModSys@@UEAA@XZ 0000000140007628 f   umodsys_lib_base:umodsys.base.module.obj
 0001:00006634       ??1IModuleLoader@base@UModSys@@UEAA@XZ 0000000140007634 f   umodsys_lib_base:umodsys.base.moduleloader.obj
 0001:00006640       ??0SUniquePointer@core@UModSys@@QEAA@PEBD0H@Z 0000000140007640 f   umodsys_lib_core:umodsys.core.uniqueptr.obj
 0001:0000668c       ??1SUniquePointer@core@UModSys@@QEAA@XZ 000000014000768c f   umodsys_lib_core:umodsys.core.uniqueptr.obj
 0001:000066b4       ?s_resolve@SUniquePointer@core@UModSys@@SAXPEAUIUniquePointerResolver@23@@Z 00000001400076b4 f   umodsys_lib_core:umodsys.core.uniqueptr.obj
 0001:0000671c       ?s_unresolve@SUniquePointer@core@UModSys@@SAXPEAUIUniquePointerResolver@23@@Z 000000014000771c f   umodsys_lib_core:umodsys.core.uniqueptr.obj
 0001:00006770       ?c_fopen@syshlp@core@UModSys@@YAPEAU_iobuf@@PEBD0@Z 0000000140007770 f   umodsys_lib_core:umodsys.core.syshlp_files.win32.obj
 0001:00006844       ?c_fopentemp@syshlp@core@UModSys@@YAPEAU_iobuf@@AEAPEADPEBD@Z 0000000140007844 f   umodsys_lib_core:umodsys.core.syshlp_files.win32.obj
 0001:0000690c       ?c_fendtemp@syshlp@core@UModSys@@YA_NAEAPEAU_iobuf@@AEAPEAD_N@Z 000000014000790c f   umodsys_lib_core:umodsys.core.syshlp_files.win32.obj
 0001:000069e0       ??3IRoot@core@UModSys@@SAXPEAXAEBUSIMemAlloc@12@@Z 00000001400079e0 f   umodsys_lib_core:umodsys.core.objects.obj
 0001:000069f4       ?gracial_convert@syshlp@core@UModSys@@YA_NPEADHPEB_WH@Z 00000001400079f4 f   umodsys_lib_core:umodsys.core.syshlp_charcode.win32.obj
 0001:00006a3c       _onexit                    0000000140007a3c f   MSVCRT:atonexit.obj
 0001:00006aec       atexit                     0000000140007aec f   MSVCRT:atonexit.obj
 0001:00006dd4       mainCRTStartup             0000000140007dd4 f   MSVCRT:crtexe.obj
 0001:00006de6       _purecall                  0000000140007de6 f   MSVCRT:MSVCR90.dll
 0001:00006dec       ??3@YAXPEAX@Z              0000000140007dec f   MSVCRT:MSVCR90.dll
 0001:00006df4       ??_Etype_info@@UEAAPEAXI@Z 0000000140007df4 f i MSVCRT:ti_inst.obj
 0001:00006e5e       __C_specific_handler       0000000140007e5e f   MSVCRT:MSVCR90.dll
 0001:00006e64       _unlock                    0000000140007e64 f   MSVCRT:MSVCR90.dll
 0001:00006e6a       __dllonexit                0000000140007e6a f   MSVCRT:MSVCR90.dll
 0001:00006e70       _lock                      0000000140007e70 f   MSVCRT:MSVCR90.dll
 0001:00006e78       ?__CxxUnhandledExceptionFilter@@YAJPEAU_EXCEPTION_POINTERS@@@Z 0000000140007e78 f   MSVCRT:unhandld.obj
 0001:00006ebc       __CxxSetUnhandledExceptionFilter 0000000140007ebc f   MSVCRT:unhandld.obj
 0001:00006ed4       _amsg_exit                 0000000140007ed4 f   MSVCRT:MSVCR90.dll
 0001:00006edc       _RTC_Initialize            0000000140007edc f   MSVCRT:_initsect_.obj
 0001:00006f14       _RTC_Terminate             0000000140007f14 f   MSVCRT:_initsect_.obj
 0001:00006f4c       _XcptFilter                0000000140007f4c f   MSVCRT:MSVCR90.dll
 0001:00006f60       _ValidateImageBase         0000000140007f60 f   MSVCRT:pesect.obj
 0001:00006f90       _FindPESection             0000000140007f90 f   MSVCRT:pesect.obj
 0001:00006fe0       _IsNonwritableInCurrentImage 0000000140007fe0 f   MSVCRT:pesect.obj
 0001:00007022       _initterm                  0000000140008022 f   MSVCRT:MSVCR90.dll
 0001:00007028       _initterm_e                0000000140008028 f   MSVCRT:MSVCR90.dll
 0001:00007030       __security_init_cookie     0000000140008030 f   MSVCRT:gs_support.obj
 0001:000070e4       ?__ArrayUnwind@@YAXPEAX_KHP6AX0@Z@Z 00000001400080e4 f   MSVCRT:ehvecdtr.obj
 0001:00007130       ??_M@YAXPEAX_KHP6AX0@Z@Z   0000000140008130 f   MSVCRT:ehvecdtr.obj
 0001:0000718e       ?terminate@@YAXXZ          000000014000818e f   MSVCRT:MSVCR90.dll
 0001:00007194       ??1type_info@@UEAA@XZ      0000000140008194 f   MSVCRT:MSVCR90.dll
 0001:00007194       ?_type_info_dtor_internal_method@type_info@@QEAAXXZ 0000000140008194 f   MSVCRT:MSVCR90.dll
 0001:0000719a       memcpy                     000000014000819a f   MSVCRT:MSVCR90.dll
 0001:000071a0       __CxxFrameHandler3         00000001400081a0 f   MSVCRT:MSVCR90.dll
 0001:000071a6       _CxxThrowException         00000001400081a6 f   MSVCRT:MSVCR90.dll
 0001:000071c0       __chkstk                   00000001400081c0 f   MSVCRT:chkstk.obj
 0001:000071c0       _alloca_probe              00000001400081c0     MSVCRT:chkstk.obj
 0002:00000000       __imp_GetCurrentProcessId  0000000140009000     kernel32:KERNEL32.dll
 0002:00000008       __imp_GetCurrentThreadId   0000000140009008     kernel32:KERNEL32.dll
 0002:00000010       __imp_GetTickCount         0000000140009010     kernel32:KERNEL32.dll
 0002:00000018       __imp_QueryPerformanceCounter 0000000140009018     kernel32:KERNEL32.dll
 0002:00000020       __imp_SetUnhandledExceptionFilter 0000000140009020     kernel32:KERNEL32.dll
 0002:00000028       __imp_Sleep                0000000140009028     kernel32:KERNEL32.dll
 0002:00000030       __imp_MultiByteToWideChar  0000000140009030     kernel32:KERNEL32.dll
 0002:00000038       __imp_WideCharToMultiByte  0000000140009038     kernel32:KERNEL32.dll
 0002:00000040       __imp_SetConsoleOutputCP   0000000140009040     kernel32:KERNEL32.dll
 0002:00000048       __imp_GetLastError         0000000140009048     kernel32:KERNEL32.dll
 0002:00000050       __imp_GetConsoleOutputCP   0000000140009050     kernel32:KERNEL32.dll
 0002:00000058       __imp_FindNextFileW        0000000140009058     kernel32:KERNEL32.dll
 0002:00000060       __imp_FindClose            0000000140009060     kernel32:KERNEL32.dll
 0002:00000068       __imp_GetProcAddress       0000000140009068     kernel32:KERNEL32.dll
 0002:00000070       __imp_GetModuleFileNameW   0000000140009070     kernel32:KERNEL32.dll
 0002:00000078       __imp_GetModuleHandleW     0000000140009078     kernel32:KERNEL32.dll
 0002:00000080       __imp_LoadLibraryExW       0000000140009080     kernel32:KERNEL32.dll
 0002:00000088       __imp_FreeLibrary          0000000140009088     kernel32:KERNEL32.dll
 0002:00000090       __imp_SetErrorMode         0000000140009090     kernel32:KERNEL32.dll
 0002:00000098       __imp_FindFirstFileW       0000000140009098     kernel32:KERNEL32.dll
 0002:000000a0       __imp_GetFullPathNameW     00000001400090a0     kernel32:KERNEL32.dll
 0002:000000a8       __imp_GetSystemTimeAsFileTime 00000001400090a8     kernel32:KERNEL32.dll
 0002:000000b0       \177KERNEL32_NULL_THUNK_DATA 00000001400090b0     kernel32:KERNEL32.dll
 0002:000000b8       __imp__lock                00000001400090b8     MSVCRT:MSVCR90.dll
 0002:000000c0       __imp__onexit              00000001400090c0     MSVCRT:MSVCR90.dll
 0002:000000c8       __imp__decode_pointer      00000001400090c8     MSVCRT:MSVCR90.dll
 0002:000000d0       __imp__amsg_exit           00000001400090d0     MSVCRT:MSVCR90.dll
 0002:000000d8       __imp___getmainargs        00000001400090d8     MSVCRT:MSVCR90.dll
 0002:000000e0       __imp__XcptFilter          00000001400090e0     MSVCRT:MSVCR90.dll
 0002:000000e8       __imp__exit                00000001400090e8     MSVCRT:MSVCR90.dll
 0002:000000f0       __imp__cexit               00000001400090f0     MSVCRT:MSVCR90.dll
 0002:000000f8       __imp_exit                 00000001400090f8     MSVCRT:MSVCR90.dll
 0002:00000100       __imp__encode_pointer      0000000140009100     MSVCRT:MSVCR90.dll
 0002:00000108       __imp__initterm            0000000140009108     MSVCRT:MSVCR90.dll
 0002:00000110       __imp__initterm_e          0000000140009110     MSVCRT:MSVCR90.dll
 0002:00000118       __imp__configthreadlocale  0000000140009118     MSVCRT:MSVCR90.dll
 0002:00000120       __imp___setusermatherr     0000000140009120     MSVCRT:MSVCR90.dll
 0002:00000128       __imp__commode             0000000140009128     MSVCRT:MSVCR90.dll
 0002:00000130       __imp__fmode               0000000140009130     MSVCRT:MSVCR90.dll
 0002:00000138       __imp___set_app_type       0000000140009138     MSVCRT:MSVCR90.dll
 0002:00000140       __imp_?terminate@@YAXXZ    0000000140009140     MSVCRT:MSVCR90.dll
 0002:00000148       __imp_?_type_info_dtor_internal_method@type_info@@QEAAXXZ 0000000140009148     MSVCRT:MSVCR90.dll
 0002:00000150       __imp___dllonexit          0000000140009150     MSVCRT:MSVCR90.dll
 0002:00000158       __imp__unlock              0000000140009158     MSVCRT:MSVCR90.dll
 0002:00000160       __imp___C_specific_handler 0000000140009160     MSVCRT:MSVCR90.dll
 0002:00000168       __imp_remove               0000000140009168     MSVCRT:MSVCR90.dll
 0002:00000170       __imp__wfopen              0000000140009170     MSVCRT:MSVCR90.dll
 0002:00000178       __imp_rename               0000000140009178     MSVCRT:MSVCR90.dll
 0002:00000180       __imp_realloc              0000000140009180     MSVCRT:MSVCR90.dll
 0002:00000188       __imp_fprintf              0000000140009188     MSVCRT:MSVCR90.dll
 0002:00000190       __imp_strncpy              0000000140009190     MSVCRT:MSVCR90.dll
 0002:00000198       __imp_strncmp              0000000140009198     MSVCRT:MSVCR90.dll
 0002:000001a0       __imp__snprintf            00000001400091a0     MSVCRT:MSVCR90.dll
 0002:000001a8       __imp_malloc               00000001400091a8     MSVCRT:MSVCR90.dll
 0002:000001b0       __imp_free                 00000001400091b0     MSVCRT:MSVCR90.dll
 0002:000001b8       __imp_vfprintf             00000001400091b8     MSVCRT:MSVCR90.dll
 0002:000001c0       __imp___iob_func           00000001400091c0     MSVCRT:MSVCR90.dll
 0002:000001c8       __imp_fclose               00000001400091c8     MSVCRT:MSVCR90.dll
 0002:000001d0       __imp_fseek                00000001400091d0     MSVCRT:MSVCR90.dll
 0002:000001d8       __imp_ftell                00000001400091d8     MSVCRT:MSVCR90.dll
 0002:000001e0       __imp_fwrite               00000001400091e0     MSVCRT:MSVCR90.dll
 0002:000001e8       __imp__fileno              00000001400091e8     MSVCRT:MSVCR90.dll
 0002:000001f0       __imp_??3@YAXPEAX@Z        00000001400091f0     MSVCRT:MSVCR90.dll
 0002:000001f8       __imp__purecall            00000001400091f8     MSVCRT:MSVCR90.dll
 0002:00000200       __imp_fread                0000000140009200     MSVCRT:MSVCR90.dll
 0002:00000208       __imp__chsize              0000000140009208     MSVCRT:MSVCR90.dll
 0002:00000210       __imp___initenv            0000000140009210     MSVCRT:MSVCR90.dll
 0002:00000218       __imp_fflush               0000000140009218     MSVCRT:MSVCR90.dll
 0002:00000220       __imp_memcpy               0000000140009220     MSVCRT:MSVCR90.dll
 0002:00000228       __imp___CxxFrameHandler3   0000000140009228     MSVCRT:MSVCR90.dll
 0002:00000230       __imp__CxxThrowException   0000000140009230     MSVCRT:MSVCR90.dll
 0002:00000238       \177MSVCR90_NULL_THUNK_DATA 0000000140009238     MSVCRT:MSVCR90.dll
 0002:00000240       __xc_a                     0000000140009240     MSVCRT:cinitexe.obj
 0002:000003e8       __xc_z                     00000001400093e8     MSVCRT:cinitexe.obj
 0002:000003f0       __xi_a                     00000001400093f0     MSVCRT:cinitexe.obj
 0002:00000408       __xi_z                     0000000140009408     MSVCRT:cinitexe.obj
 0002:00000418       ??_7type_info@@6B@         0000000140009418     MSVCRT:ti_inst.obj
 0002:00000420       ??_C@_0P@GHFPNOJB@bad?5allocation?$AA@ 0000000140009420     umodsys.c_main.obj
 0002:00000430       ??_C@_0BF@OCNNAADO@UModSys?3?3core?3?3IRoot?$AA@ 0000000140009430     umodsys.c_main.obj
 0002:00000448       ??_C@_0BK@EMIJFOPA@UModSys?3?3core?3?3IRefObject?$AA@ 0000000140009448     umodsys.c_main.obj
 0002:00000468       ??_C@_0BL@IOMMHELF@UModSys?3?3core?3?3IParameters?$AA@ 0000000140009468     umodsys.c_main.obj
 0002:00000488       ??_C@_0BH@LKDEEPPM@UModSys?3?3base?3?3IModule?$AA@ 0000000140009488     umodsys.c_main.obj
 0002:000004a0       ??_C@_0BO@PHJOHFCB@UModSys?3?3base?3?3IModuleLibrary?$AA@ 00000001400094a0     umodsys.c_main.obj
 0002:000004c0       ??_C@_0BK@FDPIOPHG@UModSys?3?3base?3?3IModObject?$AA@ 00000001400094c0     umodsys.c_main.obj
 0002:000004e0       ??_C@_0BK@OIBKNCKJ@UModSys?3?3base?3?3IGenerator?$AA@ 00000001400094e0     umodsys.c_main.obj
 0002:00000500       ??_C@_0BG@PJBGCMEC@UModSys?3?3base?3?3IShell?$AA@ 0000000140009500     umodsys.c_main.obj
 0002:00000518       ??_C@_0BI@IKAOEFAP@UModSys?3?3base?3?3IConsole?$AA@ 0000000140009518     umodsys.c_main.obj
 0002:00000530       ??_C@_0BH@PFCONEJJ@UModSys?3?3base?3?3ISystem?$AA@ 0000000140009530     umodsys.c_main.obj
 0002:00000548       ??_C@_0CA@MDFMKLLN@UModSys?3?3base?3?3rsystem?3?3RModule?$AA@ 0000000140009548     umodsys.c_main.obj
 0002:00000568       ??_C@_0CK@MJPNGLHN@UModSys?3?3base?3?3rsystem?3?3IModuleL@ 0000000140009568     umodsys.c_main.obj
 0002:00000598       ??_C@_0CJ@OPOMMGLJ@UModSys?3?3base?3?3rsystem?3?3RModuleL@ 0000000140009598     umodsys.c_main.obj
 0002:000005c8       ??_C@_0CL@ILNBAMJF@UModSys?3?3base?3?3rsystem?3?3RModuleL@ 00000001400095c8     umodsys.c_main.obj
 0002:000005f8       ??_C@_0CE@IHGMMEEA@UModSys?3?3base?3?3rsystem?3?3RParamet@ 00000001400095f8     umodsys.c_main.obj
 0002:00000620       ??_C@_0CA@IMEGDANI@UModSys?3?3base?3?3rsystem?3?3RSystem?$AA@ 0000000140009620     umodsys.c_main.obj
 0002:00000640       ??_C@_0CF@KIMLNODL@UModSys?3?3base?3?3rsystem?3?3RConsole@ 0000000140009640     umodsys.c_main.obj
 0002:00000668       ??_C@_0M@DCEPEPFJ@umodsys?4log?$AA@ 0000000140009668     umodsys.c_main.obj
 0002:00000674       ??_C@_00CNPNBAHC@?$AA@     0000000140009674     umodsys.c_main.obj
 0002:00000678       ??_C@_01NBENCBCI@?$CK?$AA@ 0000000140009678     umodsys.c_main.obj
 0002:00000680       ??_C@_0BC@JABDEAFI@moduledb?4conf?9hdb?$AA@ 0000000140009680     umodsys.c_main.obj
 0002:00000698       ??_C@_08FCBDOIAH@typeinfo?$AA@ 0000000140009698     umodsys.c_main.obj
 0002:000006a8       ??_C@_0CB@CLGNFEGF@UModSys?3?3libmedia?3?3IStreamReader@ 00000001400096a8     umodsys_lib_libmedia:umodsys.mod.media.stdio.obj
 0002:000006d0       ??_C@_0CB@HOPFFLP@UModSys?3?3libmedia?3?3IStreamWriter@ 00000001400096d0     umodsys_lib_libmedia:umodsys.mod.media.stdio.obj
 0002:000006f8       ??_C@_0CA@BFJGGLCC@UModSys?3?3libmedia?3?3IDataArchive?$AA@ 00000001400096f8     umodsys_lib_libmedia:umodsys.mod.media.stdio.obj
 0002:00000718       ??_C@_0DD@HMDIDEEB@UModSys?3?3modules?3?3media?3?3stdio?3?3@ 0000000140009718     umodsys_lib_libmedia:umodsys.mod.media.stdio.obj
 0002:00000750       ??_C@_08BABJIOEM@filename?$AA@ 0000000140009750     umodsys_lib_libmedia:umodsys.mod.media.stdio.obj
 0002:0000075c       ??_C@_02JDPG@rb?$AA@       000000014000975c     umodsys_lib_libmedia:umodsys.mod.media.stdio.obj
 0002:00000760       ??_C@_0DD@NMEBJAJM@UModSys?3?3modules?3?3media?3?3stdio?3?3@ 0000000140009760     umodsys_lib_libmedia:umodsys.mod.media.stdio.obj
 0002:00000794       ??_C@_04FAOFCKOL@safe?$AA@ 0000000140009794     umodsys_lib_libmedia:umodsys.mod.media.stdio.obj
 0002:0000079c       ??_C@_02GMLFBBN@wb?$AA@    000000014000979c     umodsys_lib_libmedia:umodsys.mod.media.stdio.obj
 0002:000007a0       ??_C@_0CL@IOBDHHMI@UModSys?3?3modules?3?3media?3?3stdio?3?3@ 00000001400097a0     umodsys_lib_libmedia:umodsys.mod.media.stdio.obj
 0002:000007d0       ??_C@_0DE@OOLAIIHN@UMODSYS_MODULE_NAME?$CImedia?0stdio?$CJ@ 00000001400097d0     umodsys_lib_libmedia:umodsys.mod.media.stdio.obj
 0002:00000808       ??_C@_09JGNMLHG@modobject?$AA@ 0000000140009808     umodsys_lib_libmedia:umodsys.mod.media.stdio.obj
 0002:00000828       ??_7IRoot@core@UModSys@@6B@ 0000000140009828     umodsys_lib_libmedia:umodsys.mod.media.stdio.obj
 0002:00000868       ??_7RGenerator@stdio@media@modules@UModSys@@6B@ 0000000140009868     umodsys_lib_libmedia:umodsys.mod.media.stdio.obj
 0002:000008f8       ??_7RStreamReader_FILE@stdio@media@modules@UModSys@@6B@ 00000001400098f8     umodsys_lib_libmedia:umodsys.mod.media.stdio.obj
 0002:00000988       ??_7RStreamWriter_FILE@stdio@media@modules@UModSys@@6B@ 0000000140009988     umodsys_lib_libmedia:umodsys.mod.media.stdio.obj
 0002:00000a38       ??_7RModuleReg@stdio@media@modules@UModSys@@6B@ 0000000140009a38     umodsys_lib_libmedia:umodsys.mod.media.stdio.obj
 0002:00000a68       ??_C@_02BKFDOEMK@wt?$AA@   0000000140009a68     umodsys_lib_basesys:umodsys.basesys.rconsole_std.obj
 0002:00000a78       ??_7RConsole_std@rsystem@base@UModSys@@6B@ 0000000140009a78     umodsys_lib_basesys:umodsys.basesys.rconsole_std.obj
 0002:00000af8       ??_C@_04HIBGFPH@NULL?$AA@  0000000140009af8     umodsys_lib_basesys:umodsys.basesys.rsystem_main.obj
 0002:00000b00       ??_C@_0L@FPKIMPHA@?$CD?$CF08x?5?$CC?$CFs?$CC?$AA@ 0000000140009b00     umodsys_lib_basesys:umodsys.basesys.rsystem_main.obj
 0002:00000b10       ??_C@_0BC@HBJCAHHB@EFatal?5?$CD?$CF08x?5?$CC?$CFs?$CC?$AA@ 0000000140009b10     umodsys_lib_basesys:umodsys.basesys.rsystem_main.obj
 0002:00000b28       ??_C@_0BE@IIJFBNID@EWarning?5?$CD?$CF08x?5?$CC?$CFs?$CC?$AA@ 0000000140009b28     umodsys_lib_basesys:umodsys.basesys.rsystem_main.obj
 0002:00000b40       ??_C@_0BB@KFMJENMO@RSystem?3?3init?$CI?$CJ?6?$AA@ 0000000140009b40     umodsys_lib_basesys:umodsys.basesys.rsystem_main.obj
 0002:00000b58       ??_C@_0BI@FKDCNCM@RSystem?3?3exec_args?$CI?$CFd?$CJ?6?$AA@ 0000000140009b58     umodsys_lib_basesys:umodsys.basesys.rsystem_main.obj
 0002:00000b70       ??_C@_0BG@NFAKDFBG@RSystem?3?3exec_main?$CI?$CJ?6?$AA@ 0000000140009b70     umodsys_lib_basesys:umodsys.basesys.rsystem_main.obj
 0002:00000b88       ??_C@_0BD@CKNOJECK@RSystem?3?3deinit?$CI?$CJ?6?$AA@ 0000000140009b88     umodsys_lib_basesys:umodsys.basesys.rsystem_main.obj
 0002:00000ba8       ??_7EExceptionBase@core@UModSys@@6B@ 0000000140009ba8     umodsys_lib_basesys:umodsys.basesys.rsystem_main.obj
 0002:00000bc0       ??_7EFatal@core@UModSys@@6B@ 0000000140009bc0     umodsys_lib_basesys:umodsys.basesys.rsystem_main.obj
 0002:00000bd8       ??_7EWarning@core@UModSys@@6B@ 0000000140009bd8     umodsys_lib_basesys:umodsys.basesys.rsystem_main.obj
 0002:00000bf0       ??_7?$TRMemAlloc_CC@U?$TMemAllocHeader@USMagic@mem_headers@rsystem@base@UModSys@@U?$TPool@X@2345@USDebug@2345@UVoid@core@5@@rsystem@base@UModSys@@USMemAlloc_Malloc@core@4@@rsystem@base@UModSys@@6B@ 0000000140009bf0     umodsys_lib_basesys:umodsys.basesys.rsystem_main.obj
 0002:00000c18       ??_7RSystem@rsystem@base@UModSys@@6BISystem@23@@ 0000000140009c18     umodsys_lib_basesys:umodsys.basesys.rsystem_main.obj
 0002:00000c98       ??_7RSystem@rsystem@base@UModSys@@6BIUniquePointerResolver@core@3@@ 0000000140009c98     umodsys_lib_basesys:umodsys.basesys.rsystem_main.obj
 0002:00000cb0       ??_7RSystem@rsystem@base@UModSys@@6BISourceContextAdapter@core@3@@ 0000000140009cb0     umodsys_lib_basesys:umodsys.basesys.rsystem_main.obj
 0002:00000cb8       ??_C@_0BC@NNHIIPO@shells?5found?3?5?$CFd?6?$AA@ 0000000140009cb8     umodsys_lib_basesys:umodsys.basesys.rsystem_tests.obj
 0002:00000cd0       ??_C@_0BA@EBBPOIJG@?5?5shell?3?5?$CFp?5?$CFs?6?$AA@ 0000000140009cd0     umodsys_lib_basesys:umodsys.basesys.rsystem_tests.obj
 0002:00000ce0       ??_C@_0BF@JPMHOAKE@?5?5?5?5shell?5gen?5error?6?$AA@ 0000000140009ce0     umodsys_lib_basesys:umodsys.basesys.rsystem_tests.obj
 0002:00000cf8       ??_C@_0BL@NANLGMEE@?5?5?5?5shell?5generated?5as?5?$CFp?6?$AA@ 0000000140009cf8     umodsys_lib_basesys:umodsys.basesys.rsystem_tests.obj
 0002:00000d18       ??_C@_0BD@NFNPGOAG@?1shells?5found?3?5?$CFd?6?$AA@ 0000000140009d18     umodsys_lib_basesys:umodsys.basesys.rsystem_tests.obj
 0002:00000d30       ??_C@_0CJ@BMAKALAG@?$CK?$CK?$CK?$CK?$CK?$CK?$CK?$CK?$CK?$CK?$CK?$CK?$CK?$CK?$CK?$CK?$CK?$CK?$CK?$CK?$CK?$CK?$CK?$CK?$CK?$CK?$CK?$CK?$CK?$CK?$CK?5@ 0000000140009d30     umodsys_lib_basesys:umodsys.basesys.rsystem_tests.obj
 0002:00000d60       ??_C@_0CJ@HFHNFOAC@?$CK?$CK?$CK?$CK?$CK?$CK?$CK?$CK?$CK?$CK?$CK?$CK?$CK?$CK?$CK?$CK?$CK?$CK?$CK?$CK?$CK?$CK?$CK?$CK?$CK?$CK?$CK?$CK?$CK?$CK?$CK?5@ 0000000140009d60     umodsys_lib_basesys:umodsys.basesys.rsystem_tests.obj
 0002:00000d90       ??_C@_0DG@DMGFJEPO@RModuleLoader?3?3moduledb_cleanup?$CI@ 0000000140009d90     umodsys_lib_basesys:umodsys.basesys.rmoduleloader.obj
 0002:00000dc8       ??_C@_0BN@BDEAMLC@?$CD?5LIST?5OF?5LIBRARY?5MODULES?3?6?6?$AA@ 0000000140009dc8     umodsys_lib_basesys:umodsys.basesys.rmoduleloader.obj
 0002:00000de8       ??_C@_0BF@PLOHEFDA@?5?$HL?5mod_list?$DN?$CFd?3?$FL?$FN?5?$HN?6?$AA@ 0000000140009de8     umodsys_lib_basesys:umodsys.basesys.rmoduleloader.obj
 0002:00000e08       ??_7IModuleLoader@base@UModSys@@6B@ 0000000140009e08     umodsys_lib_basesys:umodsys.basesys.rmoduleloader.obj
 0002:00000e88       ??_7RModuleLoader@rsystem@base@UModSys@@6B@ 0000000140009e88     umodsys_lib_basesys:umodsys.basesys.rmoduleloader.obj
 0002:00000f08       ??_7RModuleLibraryThis@rsystem@base@UModSys@@6B@ 0000000140009f08     umodsys_lib_basesys:umodsys.basesys.rmodulelibthis.obj
 0002:00000fd0       ??_C@_0CN@ONDMHEFN@IModuleLibraryUni?$CI?$CFp?$CJ?3?3link?$CI?$CJ?5?9?9@ 0000000140009fd0     umodsys_lib_basesys:umodsys.basesys.rmodulelib.obj
 0002:00001000       ??_C@_0BA@LBGMEMKJ@LIBRARY?5?$CC?$CFs?$CC?5?$HL?6?$AA@ 000000014000a000     umodsys_lib_basesys:umodsys.basesys.rmodulelib.obj
 0002:00001010       ??_C@_0BH@CLNAAMEM@?$HN?5?$CD?5END?5LIBRARY?5?$CC?$CFs?$CC?6?6?$AA@ 000000014000a010     umodsys_lib_basesys:umodsys.basesys.rmodulelib.obj
 0002:00001038       ??_7IModuleLibraryUni@rsystem@base@UModSys@@6B@ 000000014000a038     umodsys_lib_basesys:umodsys.basesys.rmodulelib.obj
 0002:00001108       ??_7RParameters@rsystem@base@UModSys@@6B@ 000000014000a108     umodsys_lib_basesys:umodsys.basesys.rparameters.obj
 0002:000011d8       ??_C@_0BG@LJFEMLCK@UModSys_Plugin_Entry2?$AA@ 000000014000a1d8     umodsys_lib_basesys:umodsys.basesys.rmodule.win32.obj
 0002:000011f0       ??_C@_0CI@IABKIJLA@?5?5?5?5?5?5?5?5?5?5load?5so?$CI?$CC?$CFs?$CC?$CJ?5?$HL?$CFp?0?5?$CFp?$HN@ 000000014000a1f0     umodsys_lib_basesys:umodsys.basesys.rmodule.win32.obj
 0002:00001218       ??_C@_0BP@EBMDLOGD@?5?5?5?5?5?5?5?5?5?5unload?5so?$CI?$HL?$CFp?0?5?$CFp?$HN?$CJ?6?$AA@ 000000014000a218     umodsys_lib_basesys:umodsys.basesys.rmodule.win32.obj
[...]
 0003:00003020       ?s_id@?$TObjectUniqueID@URStreamReader_FILE@stdio@media@modules@UModSys@@@tl@UModSys@@2USUniquePointer@core@3@A 0000000140010020     umodsys_lib_libmedia:umodsys.mod.media.stdio.obj
 0003:00003050       ?s_id@?$TObjectUniqueID@UIStreamWriter@libmedia@UModSys@@@tl@UModSys@@2USUniquePointer@core@3@A 0000000140010050     umodsys_lib_libmedia:umodsys.mod.media.stdio.obj
 0003:00003080       ?s_id@?$TObjectUniqueID@URStreamWriter_FILE@stdio@media@modules@UModSys@@@tl@UModSys@@2USUniquePointer@core@3@A 0000000140010080     umodsys_lib_libmedia:umodsys.mod.media.stdio.obj
 0003:000030b0       ?s_id@?$TObjectUniqueID@UIDataArchive@libmedia@UModSys@@@tl@UModSys@@2USUniquePointer@core@3@A 00000001400100b0     umodsys_lib_libmedia:umodsys.mod.media.stdio.obj
 0003:000030e0       ?s_id@?$TObjectUniqueID@URGenerator@stdio@media@modules@UModSys@@@tl@UModSys@@2USUniquePointer@core@3@A 00000001400100e0     umodsys_lib_libmedia:umodsys.mod.media.stdio.obj
 0003:00003110       ?s_id@?$TObjectUniqueID@UIStreamReader@libmedia@UModSys@@@tl@UModSys@@2USUniquePointer@core@3@A 0000000140010110     umodsys_lib_libmedia:umodsys.mod.media.stdio.obj
 0003:00003140       __native_startup_state     0000000140010140     <common>
 0003:00003148       __native_startup_lock      0000000140010148     <common>
 0003:00003150       __dyn_tls_init_callback    0000000140010150     <common>
 0003:00003158       __onexitend                0000000140010158     <common>
 0003:00003160       __onexitbegin              0000000140010160     <common>

 entry point at        0001:00006dd4

 Static symbols

 0001:000047a4       ?s_pwd_init@@YAXXZ         00000001400057a4 f    CIL library: CIL module
 0001:000049c4       ?s_pfd_scan@@YA_KPEAUISystem@base@UModSys@@AEAU?$TDynarrayDynamic@U?$TRefObject@URModuleLibrarySO@rsystem@base@UModSys@@@tl@UModSys@@U?$TAllocator@USMemAlloc_Malloc@core@UModSys@@USCountCalcPower2@23@@23@@tl@3@PEBD22@Z 00000001400059c4 f    CIL library: CIL module
 0001:00006b04       pre_cpp_init               0000000140007b04 f   MSVCRT:crtexe.obj
 0001:00006b6c       __tmainCRTStartup          0000000140007b6c f   MSVCRT:crtexe.obj
 0001:00006cec       pre_c_init                 0000000140007cec f   MSVCRT:crtexe.obj
 0001:00007210       _onexit$fin$0              0000000140008210 f   MSVCRT:atonexit.obj
 0001:00007229       __tmainCRTStartup$filt$0   0000000140008229 f   MSVCRT:crtexe.obj
 0001:00007250       _IsNonwritableInCurrentImage$filt$0 0000000140008250 f   MSVCRT:pesect.obj
 0001:00007271       ?filt$0@?0??__ArrayUnwind@@YAXPEAX_KHP6AX0@Z@Z@4HA 0000000140008271 f   MSVCRT:ehvecdtr.obj
 0001:000072b0       ?fin$0@?0???_M@YAXPEAX_KHP6AX0@Z@Z@4HA 00000001400082b0 f   MSVCRT:ehvecdtr.obj
 0001:000072da       ?dtor$0@?0???1?$TQuantArrayUnique@USUniquePointerInfo@core@UModSys@@$0BAA@USMemAlloc_Malloc@23@@tl@UModSys@@QEAA@XZ@4HA 00000001400082da f    CIL library: CIL module
 0001:000072f2       ?dtor$0@?0???1RModuleLoader@rsystem@base@UModSys@@UEAA@XZ@4HA 00000001400082f2 f    CIL library: CIL module
 0001:00007312       ?dtor$1@?0???1RModuleLoader@rsystem@base@UModSys@@UEAA@XZ@4HA 0000000140008312 f    CIL library: CIL module
 0001:00007332       ?dtor$2@?0???1RModuleLoader@rsystem@base@UModSys@@UEAA@XZ@4HA 0000000140008332 f    CIL library: CIL module
 0001:0000734e       ?dtor$0@?0???1RSystem@rsystem@base@UModSys@@UEAA@XZ@4HA 000000014000834e f    CIL library: CIL module
 0001:0000736e       ?dtor$1@?0???1RSystem@rsystem@base@UModSys@@UEAA@XZ@4HA 000000014000836e f    CIL library: CIL module
 0001:0000738e       ?dtor$2@?0???1RSystem@rsystem@base@UModSys@@UEAA@XZ@4HA 000000014000838e f    CIL library: CIL module
 0001:000073ae       ?dtor$3@?0???1RSystem@rsystem@base@UModSys@@UEAA@XZ@4HA 00000001400083ae f    CIL library: CIL module
 0001:000073ce       ?dtor$4@?0???1RSystem@rsystem@base@UModSys@@UEAA@XZ@4HA 00000001400083ce f    CIL library: CIL module
 0001:000073ee       ?dtor$5@?0???1RSystem@rsystem@base@UModSys@@UEAA@XZ@4HA 00000001400083ee f    CIL library: CIL module
 0001:0000740e       ?dtor$9@?0???1RSystem@rsystem@base@UModSys@@UEAA@XZ@4HA 000000014000840e f    CIL library: CIL module
 0001:0000742e       ?dtor$10@?0???1RSystem@rsystem@base@UModSys@@UEAA@XZ@4HA 000000014000842e f    CIL library: CIL module
 0001:00007446       ?dtor$0@?0???0RStreamWriter_FILE@stdio@media@modules@UModSys@@QEAA@PEAURGenerator@1234@AEBUSParameters@core@4@@Z@4HA 0000000140008446 f    CIL library: CIL module
 0001:0000745e       ?dtor$0@?0??mem_free@?$TRMemAlloc_CC@U?$TMemAllocHeader@USMagic@mem_headers@rsystem@base@UModSys@@U?$TPool@X@2345@USDebug@2345@UVoid@core@5@@rsystem@base@UModSys@@USMemAlloc_Malloc@core@4@@rsystem@base@UModSys@@UEAAXPEAXPEBUSSourceContext@core@4@@Z@4HA 000000014000845e f    CIL library: CIL module
 0001:00007476       ?dtor$0@?0??mem_realloc@?$TRMemAlloc_CC@U?$TMemAllocHeader@USMagic@mem_headers@rsystem@base@UModSys@@U?$TPool@X@2345@USDebug@2345@UVoid@core@5@@rsystem@base@UModSys@@USMemAlloc_Malloc@core@4@@rsystem@base@UModSys@@UEAAPEAXPEAX_KPEBUSSourceContext@core@4@@Z@4HA 0000000140008476 f    CIL library: CIL module
 0001:00007496       ?dtor$1@?0??mem_realloc@?$TRMemAlloc_CC@U?$TMemAllocHeader@USMagic@mem_headers@rsystem@base@UModSys@@U?$TPool@X@2345@USDebug@2345@UVoid@core@5@@rsystem@base@UModSys@@USMemAlloc_Malloc@core@4@@rsystem@base@UModSys@@UEAAPEAXPEAX_KPEBUSSourceContext@core@4@@Z@4HA 0000000140008496 f    CIL library: CIL module
 0001:000074ae       ?dtor$0@?0??generate@RGenerator@stdio@media@modules@UModSys@@UEAA_NAEAU?$TRefObject@UIRefObject@core@UModSys@@@tl@5@PEBUSUniquePointerInfo@core@5@AEBUSParameters@95@@Z@4HA 00000001400084ae f    CIL library: CIL module
 0001:000074ce       ?dtor$1@?0??generate@RGenerator@stdio@media@modules@UModSys@@UEAA_NAEAU?$TRefObject@UIRefObject@core@UModSys@@@tl@5@PEBUSUniquePointerInfo@core@5@AEBUSParameters@95@@Z@4HA 00000001400084ce f    CIL library: CIL module
 0001:000074ee       ?dtor$2@?0??generate@RGenerator@stdio@media@modules@UModSys@@UEAA_NAEAU?$TRefObject@UIRefObject@core@UModSys@@@tl@5@PEBUSUniquePointerInfo@core@5@AEBUSParameters@95@@Z@4HA 00000001400084ee f    CIL library: CIL module
 0001:0000750e       ?dtor$3@?0??generate@RGenerator@stdio@media@modules@UModSys@@UEAA_NAEAU?$TRefObject@UIRefObject@core@UModSys@@@tl@5@PEBUSUniquePointerInfo@core@5@AEBUSParameters@95@@Z@4HA 000000014000850e f    CIL library: CIL module
 0001:0000752e       ?dtor$4@?0??generate@RGenerator@stdio@media@modules@UModSys@@UEAA_NAEAU?$TRefObject@UIRefObject@core@UModSys@@@tl@5@PEBUSUniquePointerInfo@core@5@AEBUSParameters@95@@Z@4HA 000000014000852e f    CIL library: CIL module
 0001:00007549       ?dtor$0@?0???_GRStreamWriter_FILE@stdio@media@modules@UModSys@@UEAAPEAXI@Z@4HA 0000000140008549 f    CIL library: CIL module
 0001:00007561       ?dtor$0@?0??suicide@RStreamWriter_FILE@stdio@media@modules@UModSys@@UEAAXXZ@4HA 0000000140008561 f    CIL library: CIL module
 0001:00007561       ?dtor$0@?0??suicide@RStreamReader_FILE@stdio@media@modules@UModSys@@UEAAXXZ@4HA 0000000140008561 f    CIL library: CIL module
 0001:00007561       ?dtor$0@?0??suicide@RModule@rsystem@base@UModSys@@UEAAXXZ@4HA 0000000140008561 f    CIL library: CIL module
 0001:00007579       ?dtor$0@?0???_GRModuleLibrarySO@rsystem@base@UModSys@@UEAAPEAXI@Z@4HA 0000000140008579 f    CIL library: CIL module
 0001:00007579       ?dtor$0@?0???_GRModuleLibraryThis@rsystem@base@UModSys@@UEAAPEAXI@Z@4HA 0000000140008579 f    CIL library: CIL module
 0001:00007591       ?dtor$0@?0??link@IModuleLibraryUni@rsystem@base@UModSys@@QEAA_NXZ@4HA 0000000140008591 f    CIL library: CIL module
 0001:000075b1       ?dtor$2@?0??link@IModuleLibraryUni@rsystem@base@UModSys@@QEAA_NXZ@4HA 00000001400085b1 f    CIL library: CIL module
 0001:000075d1       ?dtor$3@?0??link@IModuleLibraryUni@rsystem@base@UModSys@@QEAA_NXZ@4HA 00000001400085d1 f    CIL library: CIL module
 0001:000075f1       ?dtor$4@?0??link@IModuleLibraryUni@rsystem@base@UModSys@@QEAA_NXZ@4HA 00000001400085f1 f    CIL library: CIL module
 0001:00007611       ?dtor$5@?0??link@IModuleLibraryUni@rsystem@base@UModSys@@QEAA_NXZ@4HA 0000000140008611 f    CIL library: CIL module
 0001:00007630       ?dtor$0@?0??exec_test_shells@RSystem@rsystem@base@UModSys@@QEAA_NXZ@4HA 0000000140008630 f    CIL library: CIL module
 0001:00007650       ?dtor$1@?0??exec_test_shells@RSystem@rsystem@base@UModSys@@QEAA_NXZ@4HA 0000000140008650 f    CIL library: CIL module
 0001:00007670       ?dtor$3@?0??exec_test_shells@RSystem@rsystem@base@UModSys@@QEAA_NXZ@4HA 0000000140008670 f    CIL library: CIL module
 0001:0000768b       ?dtor$1@?0??s_add@RModuleLibrarySO@rsystem@base@UModSys@@SA_NPEAUISystem@34@AEAU?$TDynarrayDynamic@U?$TRefObject@URModuleLibrarySO@rsystem@base@UModSys@@@tl@UModSys@@U?$TAllocator@USMemAlloc_Malloc@core@UModSys@@USCountCalcPower2@23@@23@@tl@4@PEBD@Z@4HA 000000014000868b f    CIL library: CIL module
 0001:000076a8       ??__E?s_id@?$TObjectUniqueID@UIRoot@core@UModSys@@@tl@UModSys@@2USUniquePointer@core@3@A@@YAXXZ 00000001400086a8 f    CIL library: CIL module
 0001:000076dc       ??__E?s_id@?$TObjectUniqueID@UIRefObject@core@UModSys@@@tl@UModSys@@2USUniquePointer@core@3@A@@YAXXZ 00000001400086dc f    CIL library: CIL module
 0001:00007710       ??__E?s_id@?$TObjectUniqueID@UIParameters@core@UModSys@@@tl@UModSys@@2USUniquePointer@core@3@A@@YAXXZ 0000000140008710 f    CIL library: CIL module
 0001:00007744       ??__E?s_id@?$TObjectUniqueID@UIModule@base@UModSys@@@tl@UModSys@@2USUniquePointer@core@3@A@@YAXXZ 0000000140008744 f    CIL library: CIL module
 0001:00007778       ??__E?s_id@?$TObjectUniqueID@UIModuleLibrary@base@UModSys@@@tl@UModSys@@2USUniquePointer@core@3@A@@YAXXZ 0000000140008778 f    CIL library: CIL module
 0001:000077ac       ??__E?s_id@?$TObjectUniqueID@UIModObject@base@UModSys@@@tl@UModSys@@2USUniquePointer@core@3@A@@YAXXZ 00000001400087ac f    CIL library: CIL module
 0001:000077e0       ??__E?s_id@?$TObjectUniqueID@UIGenerator@base@UModSys@@@tl@UModSys@@2USUniquePointer@core@3@A@@YAXXZ 00000001400087e0 f    CIL library: CIL module
 0001:00007814       ??__E?s_id@?$TObjectUniqueID@UIShell@base@UModSys@@@tl@UModSys@@2USUniquePointer@core@3@A@@YAXXZ 0000000140008814 f    CIL library: CIL module
 0001:00007848       ??__E?s_id@?$TObjectUniqueID@UIConsole@base@UModSys@@@tl@UModSys@@2USUniquePointer@core@3@A@@YAXXZ 0000000140008848 f    CIL library: CIL module
 0001:0000787c       ??__E?s_id@?$TObjectUniqueID@UISystem@base@UModSys@@@tl@UModSys@@2USUniquePointer@core@3@A@@YAXXZ 000000014000887c f    CIL library: CIL module
 0001:000078b0       ??__E?s_id@?$TObjectUniqueID@URModule@rsystem@base@UModSys@@@tl@UModSys@@2USUniquePointer@core@3@A@@YAXXZ 00000001400088b0 f    CIL library: CIL module
 0001:000078e4       ??__E?s_id@?$TObjectUniqueID@UIModuleLibraryUni@rsystem@base@UModSys@@@tl@UModSys@@2USUniquePointer@core@3@A@@YAXXZ 00000001400088e4 f    CIL library: CIL module
 0001:00007918       ??__E?s_id@?$TObjectUniqueID@URModuleLibrarySO@rsystem@base@UModSys@@@tl@UModSys@@2USUniquePointer@core@3@A@@YAXXZ 0000000140008918 f    CIL library: CIL module
 0001:0000794c       ??__E?s_id@?$TObjectUniqueID@URModuleLibraryThis@rsystem@base@UModSys@@@tl@UModSys@@2USUniquePointer@core@3@A@@YAXXZ 000000014000894c f    CIL library: CIL module
 0001:00007980       ??__E?s_id@?$TObjectUniqueID@URParameters@rsystem@base@UModSys@@@tl@UModSys@@2USUniquePointer@core@3@A@@YAXXZ 0000000140008980 f    CIL library: CIL module
 0001:000079b4       ??__E?s_id@?$TObjectUniqueID@URSystem@rsystem@base@UModSys@@@tl@UModSys@@2USUniquePointer@core@3@A@@YAXXZ 00000001400089b4 f    CIL library: CIL module
 0001:000079e8       ??__E?s_id@?$TObjectUniqueID@URConsole_std@rsystem@base@UModSys@@@tl@UModSys@@2USUniquePointer@core@3@A@@YAXXZ 00000001400089e8 f    CIL library: CIL module
 0001:00007a1c       ??__E?s_modreg@RModuleReg@stdio@media@modules@UModSys@@2U12345@A@@YAXXZ 0000000140008a1c f    CIL library: CIL module
 0001:00007a28       ??__E?s_modreg_chain@RModuleReg@stdio@media@modules@UModSys@@2USModuleRegChain@base@5@A@@YAXXZ 0000000140008a28 f    CIL library: CIL module
 0001:00007a64       ??__E?s_uid@RGenerator@stdio@media@modules@UModSys@@2USUniquePointer@core@5@A@@YAXXZ 0000000140008a64 f    CIL library: CIL module
 0001:00007a98       ??__E?s_id@?$TObjectUniqueID@UIStreamReader@libmedia@UModSys@@@tl@UModSys@@2USUniquePointer@core@3@A@@YAXXZ 0000000140008a98 f    CIL library: CIL module
 0001:00007acc       ??__E?s_id@?$TObjectUniqueID@UIStreamWriter@libmedia@UModSys@@@tl@UModSys@@2USUniquePointer@core@3@A@@YAXXZ 0000000140008acc f    CIL library: CIL module
 0001:00007b00       ??__E?s_id@?$TObjectUniqueID@UIDataArchive@libmedia@UModSys@@@tl@UModSys@@2USUniquePointer@core@3@A@@YAXXZ 0000000140008b00 f    CIL library: CIL module
 0001:00007b34       ??__E?s_id@?$TObjectUniqueID@URStreamReader_FILE@stdio@media@modules@UModSys@@@tl@UModSys@@2USUniquePointer@core@3@A@@YAXXZ 0000000140008b34 f    CIL library: CIL module
 0001:00007b68       ??__E?s_id@?$TObjectUniqueID@URStreamWriter_FILE@stdio@media@modules@UModSys@@@tl@UModSys@@2USUniquePointer@core@3@A@@YAXXZ 0000000140008b68 f    CIL library: CIL module
 0001:00007b9c       ??__E?s_id@?$TObjectUniqueID@URGenerator@stdio@media@modules@UModSys@@@tl@UModSys@@2USUniquePointer@core@3@A@@YAXXZ 0000000140008b9c f    CIL library: CIL module
 0001:00007bd0       ??__E?s_console@RConsole_std@rsystem@base@UModSys@@2U1234@A@@YAXXZ 0000000140008bd0 f    CIL library: CIL module
 0001:00007bdc       ??__E?s_sys@RSystem@rsystem@base@UModSys@@2U1234@A@@YAXXZ 0000000140008bdc f    CIL library: CIL module
 0001:00007be8       ??__Ersys_dbg@rsystem@base@UModSys@@YAXXZ 0000000140008be8 f    CIL library: CIL module
 0001:00007bf4       ??__EM@UModSys@@YAXXZ      0000000140008bf4 f    CIL library: CIL module
 0001:00007c00       ??__E?root@SModuleRegChain@base@UModSys@@2U123@A@@YAXXZ 0000000140008c00 f    CIL library: CIL module
 0001:00007c0c       ??__E?s_library@RModuleLibraryReg_Chain@base@UModSys@@2U123@A@@YAXXZ 0000000140008c0c f    CIL library: CIL module
 0001:00007c18       ??__E?root@SUniquePointer@core@UModSys@@2U123@A@@YAXXZ 0000000140008c18 f    CIL library: CIL module
 0001:00007c24       ??__F?s_id@?$TObjectUniqueID@URConsole_std@rsystem@base@UModSys@@@tl@UModSys@@2USUniquePointer@core@3@A@@YAXXZ 0000000140008c24 f    CIL library: CIL module
 0001:00007c30       ??__F?s_id@?$TObjectUniqueID@URSystem@rsystem@base@UModSys@@@tl@UModSys@@2USUniquePointer@core@3@A@@YAXXZ 0000000140008c30 f    CIL library: CIL module
 0001:00007c3c       ??__F?s_id@?$TObjectUniqueID@URParameters@rsystem@base@UModSys@@@tl@UModSys@@2USUniquePointer@core@3@A@@YAXXZ 0000000140008c3c f    CIL library: CIL module
 0001:00007c48       ??__F?s_id@?$TObjectUniqueID@URModuleLibraryThis@rsystem@base@UModSys@@@tl@UModSys@@2USUniquePointer@core@3@A@@YAXXZ 0000000140008c48 f    CIL library: CIL module
 0001:00007c54       ??__F?s_id@?$TObjectUniqueID@URModuleLibrarySO@rsystem@base@UModSys@@@tl@UModSys@@2USUniquePointer@core@3@A@@YAXXZ 0000000140008c54 f    CIL library: CIL module
 0001:00007c60       ??__F?s_id@?$TObjectUniqueID@UIModuleLibraryUni@rsystem@base@UModSys@@@tl@UModSys@@2USUniquePointer@core@3@A@@YAXXZ 0000000140008c60 f    CIL library: CIL module
 0001:00007c6c       ??__F?s_id@?$TObjectUniqueID@URModule@rsystem@base@UModSys@@@tl@UModSys@@2USUniquePointer@core@3@A@@YAXXZ 0000000140008c6c f    CIL library: CIL module
 0001:00007c78       ??__F?s_id@?$TObjectUniqueID@UISystem@base@UModSys@@@tl@UModSys@@2USUniquePointer@core@3@A@@YAXXZ 0000000140008c78 f    CIL library: CIL module
 0001:00007c84       ??__F?s_id@?$TObjectUniqueID@UIConsole@base@UModSys@@@tl@UModSys@@2USUniquePointer@core@3@A@@YAXXZ 0000000140008c84 f    CIL library: CIL module
 0001:00007c90       ??__F?s_id@?$TObjectUniqueID@UIShell@base@UModSys@@@tl@UModSys@@2USUniquePointer@core@3@A@@YAXXZ 0000000140008c90 f    CIL library: CIL module
 0001:00007c9c       ??__F?s_id@?$TObjectUniqueID@UIGenerator@base@UModSys@@@tl@UModSys@@2USUniquePointer@core@3@A@@YAXXZ 0000000140008c9c f    CIL library: CIL module
 0001:00007ca8       ??__F?s_id@?$TObjectUniqueID@UIModObject@base@UModSys@@@tl@UModSys@@2USUniquePointer@core@3@A@@YAXXZ 0000000140008ca8 f    CIL library: CIL module
 0001:00007cb4       ??__F?s_id@?$TObjectUniqueID@UIModuleLibrary@base@UModSys@@@tl@UModSys@@2USUniquePointer@core@3@A@@YAXXZ 0000000140008cb4 f    CIL library: CIL module
 0001:00007cc0       ??__F?s_id@?$TObjectUniqueID@UIModule@base@UModSys@@@tl@UModSys@@2USUniquePointer@core@3@A@@YAXXZ 0000000140008cc0 f    CIL library: CIL module
 0001:00007ccc       ??__F?s_id@?$TObjectUniqueID@UIParameters@core@UModSys@@@tl@UModSys@@2USUniquePointer@core@3@A@@YAXXZ 0000000140008ccc f    CIL library: CIL module
 0001:00007cd8       ??__F?s_id@?$TObjectUniqueID@UIRefObject@core@UModSys@@@tl@UModSys@@2USUniquePointer@core@3@A@@YAXXZ 0000000140008cd8 f    CIL library: CIL module
 0001:00007ce4       ??__F?s_id@?$TObjectUniqueID@UIRoot@core@UModSys@@@tl@UModSys@@2USUniquePointer@core@3@A@@YAXXZ 0000000140008ce4 f    CIL library: CIL module
 0001:00007cf0       ??__F?s_modreg@RModuleReg@stdio@media@modules@UModSys@@2U12345@A@@YAXXZ 0000000140008cf0 f    CIL library: CIL module
 0001:00007d00       ??__F?s_modreg_chain@RModuleReg@stdio@media@modules@UModSys@@2USModuleRegChain@base@5@A@@YAXXZ 0000000140008d00 f    CIL library: CIL module
 0001:00007d40       ??__F?s_uid@RGenerator@stdio@media@modules@UModSys@@2USUniquePointer@core@5@A@@YAXXZ 0000000140008d40 f    CIL library: CIL module
 0001:00007d4c       ??__Fh@?1??s_holder@RGenerator@stdio@media@modules@UModSys@@SAAEAU?$TTypeStaticHolder@URGenerator@stdio@media@modules@UModSys@@@tl@5@XZ@YAXXZ 0000000140008d4c f    CIL library: CIL module
 0001:00007d74       ??__F?s_id@?$TObjectUniqueID@URGenerator@stdio@media@modules@UModSys@@@tl@UModSys@@2USUniquePointer@core@3@A@@YAXXZ 0000000140008d74 f    CIL library: CIL module
 0001:00007d80       ??__F?s_id@?$TObjectUniqueID@URStreamWriter_FILE@stdio@media@modules@UModSys@@@tl@UModSys@@2USUniquePointer@core@3@A@@YAXXZ 0000000140008d80 f    CIL library: CIL module
 0001:00007d8c       ??__F?s_id@?$TObjectUniqueID@URStreamReader_FILE@stdio@media@modules@UModSys@@@tl@UModSys@@2USUniquePointer@core@3@A@@YAXXZ 0000000140008d8c f    CIL library: CIL module
 0001:00007d98       ??__F?s_id@?$TObjectUniqueID@UIDataArchive@libmedia@UModSys@@@tl@UModSys@@2USUniquePointer@core@3@A@@YAXXZ 0000000140008d98 f    CIL library: CIL module
 0001:00007da4       ??__F?s_id@?$TObjectUniqueID@UIStreamWriter@libmedia@UModSys@@@tl@UModSys@@2USUniquePointer@core@3@A@@YAXXZ 0000000140008da4 f    CIL library: CIL module
 0001:00007db0       ??__F?s_id@?$TObjectUniqueID@UIStreamReader@libmedia@UModSys@@@tl@UModSys@@2USUniquePointer@core@3@A@@YAXXZ 0000000140008db0 f    CIL library: CIL module
 0001:00007dbc       ??__F?s_console@RConsole_std@rsystem@base@UModSys@@2U1234@A@@YAXXZ 0000000140008dbc f    CIL library: CIL module
 0001:00007dfc       ??__F?s_sys@RSystem@rsystem@base@UModSys@@2U1234@A@@YAXXZ 0000000140008dfc f    CIL library: CIL module
 0001:00007e08       ??__Frsys_dbg@rsystem@base@UModSys@@YAXXZ 0000000140008e08 f    CIL library: CIL module
 0001:00007e2c       ??__FM@UModSys@@YAXXZ      0000000140008e2c f    CIL library: CIL module
 0001:00007e30       ??__F?root@SModuleRegChain@base@UModSys@@2U123@A@@YAXXZ 0000000140008e30 f    CIL library: CIL module
 0001:00007e70       ??__F?s_library@RModuleLibraryReg_Chain@base@UModSys@@2U123@A@@YAXXZ 0000000140008e70 f    CIL library: CIL module
 0001:00007e80       ??__F?root@SUniquePointer@core@UModSys@@2U123@A@@YAXXZ 0000000140008e80 f    CIL library: CIL module

 Exports

  ordinal    name

        1    UModSys_Plugin_Entry2
