 umodsysc

 Timestamp is 525e99c5 (Wed Oct 16 16:51:01 2013)

 Preferred load address is 0000000140000000

 Start         Length     Name                   Class
 0001:00000000 0000860cH .text                   CODE
 0001:00008610 0000005eH .text$00                CODE
 0001:00008670 000005fbH .text$x                 CODE
 0001:00008c6c 000005b4H .text$yc                CODE
 0001:00009220 00000274H .text$yd                CODE
 0002:00000000 00000250H .idata$5                DATA
 0002:00000250 00000008H .CRT$XCA                DATA
 0002:00000258 00000008H .CRT$XCAA               DATA
 0002:00000260 000001b8H .CRT$XCU                DATA
 0002:00000418 00000008H .CRT$XCZ                DATA
 0002:00000420 00000008H .CRT$XIA                DATA
 0002:00000428 00000008H .CRT$XIAA               DATA
 0002:00000430 00000008H .CRT$XIY                DATA
 0002:00000438 00000008H .CRT$XIZ                DATA
 0002:00000440 00001a58H .rdata                  DATA
 0002:00001e98 00001244H .rdata$r                DATA
 0002:000030e0 00000008H .rtc$IAA                DATA
 0002:000030e8 00000008H .rtc$IZZ                DATA
 0002:000030f0 00000008H .rtc$TAA                DATA
 0002:000030f8 00000008H .rtc$TZZ                DATA
 0002:00003100 00000cc0H .xdata                  DATA
 0002:00003dc0 000000e4H .xdata$x                DATA
 0002:00003ea4 00000028H .idata$2                DATA
 0002:00003ecc 00000014H .idata$3                DATA
 0002:00003ee0 00000250H .idata$4                DATA
 0002:00004130 00000466H .idata$6                DATA
 0002:000045a0 00000055H .edata                  DATA
 0003:00000000 00000cc4H .data                   DATA
 0003:00000cd0 00002600H .bss                    DATA
 0004:00000000 00000c90H .pdata                  DATA

  Address         Publics by Value              Rva+Base               Lib:Object

 0000:00000000       ___safe_se_handler_count   0000000000000000     <absolute>
 0000:00000000       ___safe_se_handler_table   0000000000000000     <absolute>
 0000:00000000       __ImageBase                0000000140000000     <linker-defined>
 0001:00000000       main                       0000000140001000 f   umodsys.c_main.obj
 0001:00000390       ??1SMemShared@core@UModSys@@QEAA@XZ 0000000140001390 f i umodsys_lib_libmedia:umodsys.mod.media.stdio.obj
 0001:000003b4       ??6SUniquePtrList@core@UModSys@@QEAAAEAU012@PEBUSUniquePointerInfo@12@@Z 00000001400013b4 f i umodsys_lib_libmedia:umodsys.mod.media.stdio.obj
 0001:0000046c       ??3IRoot@core@UModSys@@SAXPEAXAEBUSIMemAlloc@12@@Z 000000014000146c f i umodsys_lib_libmedia:umodsys.mod.media.stdio.obj
 0001:00000498       ??1?$TString@U?$TSCoreShared@USIMemAlloc@core@UModSys@@D@su@tl@UModSys@@U?$TComparerBinaryHash@D@234@@tl@UModSys@@QEAA@XZ 0000000140001498 f i umodsys_lib_libmedia:umodsys.mod.media.stdio.obj
 0001:000004e8       ?get_interface_info@RStreamReader_FILE@stdio@media@modules@UModSys@@UEBAAEBUSUniquePointerInfo@core@5@XZ 00000001400014e8 f i umodsys_lib_libmedia:umodsys.mod.media.stdio.obj
 0001:000004f0       ?get_interface_type@RStreamReader_FILE@stdio@media@modules@UModSys@@UEBAPEBUSUniquePointerInfo@core@5@XZ 00000001400014f0 f i umodsys_lib_libmedia:umodsys.mod.media.stdio.obj
 0001:000004f8       ?get_other_interface@RStreamReader_FILE@stdio@media@modules@UModSys@@UEAAPEAUIRoot@core@5@PEBUSUniquePointerInfo@75@@Z 00000001400014f8 f i umodsys_lib_libmedia:umodsys.mod.media.stdio.obj
 0001:000004f8       ?get_other_interface@RStreamReader_FILE@stdio@media@modules@UModSys@@UEBAPEBUIRoot@core@5@PEBUSUniquePointerInfo@75@@Z 00000001400014f8 f i umodsys_lib_libmedia:umodsys.mod.media.stdio.obj
 0001:00000528       ?ref_add@RGenerator@stdio@media@modules@UModSys@@UEBAXXZ 0000000140001528 f i umodsys_lib_libmedia:umodsys.mod.media.stdio.obj
 0001:00000528       ?ref_add@RStreamWriter_FILE@stdio@media@modules@UModSys@@UEBAXXZ 0000000140001528 f i umodsys_lib_libmedia:umodsys.mod.media.stdio.obj
 0001:00000528       ?ref_add@RStreamReader_FILE@stdio@media@modules@UModSys@@UEBAXXZ 0000000140001528 f i umodsys_lib_libmedia:umodsys.mod.media.stdio.obj
 0001:00000528       ?ref_add@RDataArchiver_OsDir@stdio@media@modules@UModSys@@UEBAXXZ 0000000140001528 f i umodsys_lib_libmedia:umodsys.mod.media.stdio.obj
 0001:0000052c       ?ref_remove@RGenerator@stdio@media@modules@UModSys@@UEBAXXZ 000000014000152c f i umodsys_lib_libmedia:umodsys.mod.media.stdio.obj
 0001:0000052c       ?ref_remove@RStreamWriter_FILE@stdio@media@modules@UModSys@@UEBAXXZ 000000014000152c f i umodsys_lib_libmedia:umodsys.mod.media.stdio.obj
 0001:0000052c       ?ref_remove@RDataArchiver_OsDir@stdio@media@modules@UModSys@@UEBAXXZ 000000014000152c f i umodsys_lib_libmedia:umodsys.mod.media.stdio.obj
 0001:0000052c       ?ref_remove@RStreamReader_FILE@stdio@media@modules@UModSys@@UEBAXXZ 000000014000152c f i umodsys_lib_libmedia:umodsys.mod.media.stdio.obj
 0001:00000544       ?suicide@RDataArchiver_OsDir@stdio@media@modules@UModSys@@UEAAXXZ 0000000140001544 f i umodsys_lib_libmedia:umodsys.mod.media.stdio.obj
 0001:00000544       ?suicide@RStreamReader_FILE@stdio@media@modules@UModSys@@UEAAXXZ 0000000140001544 f i umodsys_lib_libmedia:umodsys.mod.media.stdio.obj
 0001:00000544       ?suicide@RStreamWriter_FILE@stdio@media@modules@UModSys@@UEAAXXZ 0000000140001544 f i umodsys_lib_libmedia:umodsys.mod.media.stdio.obj
 0001:00000590       ??0RStreamReader_FILE@stdio@media@modules@UModSys@@QEAA@PEAUIModObject@base@4@AEBUSParameters@core@4@@Z 0000000140001590 f i umodsys_lib_libmedia:umodsys.mod.media.stdio.obj
 0001:00000688       ?reader_seek@RStreamReader_FILE@stdio@media@modules@UModSys@@UEAA_N_J@Z 0000000140001688 f i umodsys_lib_libmedia:umodsys.mod.media.stdio.obj
 0001:000006b4       ?reader_seekend@RStreamReader_FILE@stdio@media@modules@UModSys@@UEAA_N_J@Z 00000001400016b4 f i umodsys_lib_libmedia:umodsys.mod.media.stdio.obj
 0001:000006e4       ?reader_seekdelta@RStreamReader_FILE@stdio@media@modules@UModSys@@UEAA_N_J@Z 00000001400016e4 f i umodsys_lib_libmedia:umodsys.mod.media.stdio.obj
 0001:00000710       ?reader_pos@RStreamReader_FILE@stdio@media@modules@UModSys@@UEAA_JXZ 0000000140001710 f i umodsys_lib_libmedia:umodsys.mod.media.stdio.obj
 0001:0000072c       ?reader_size@RStreamReader_FILE@stdio@media@modules@UModSys@@UEAA_JXZ 000000014000172c f i umodsys_lib_libmedia:umodsys.mod.media.stdio.obj
 0001:00000734       ?reader_read@RStreamReader_FILE@stdio@media@modules@UModSys@@UEAA_NPEAX_K@Z 0000000140001734 f i umodsys_lib_libmedia:umodsys.mod.media.stdio.obj
 0001:000007b4       ?reader_close@RStreamReader_FILE@stdio@media@modules@UModSys@@UEAAXXZ 00000001400017b4 f i umodsys_lib_libmedia:umodsys.mod.media.stdio.obj
 0001:000007d8       ??_ERStreamReader_FILE@stdio@media@modules@UModSys@@UEAAPEAXI@Z 00000001400017d8 f i  CIL library: CIL module
 0001:000007d8       ??_GRStreamReader_FILE@stdio@media@modules@UModSys@@UEAAPEAXI@Z 00000001400017d8 f i umodsys_lib_libmedia:umodsys.mod.media.stdio.obj
 0001:0000082c       ??_ERGenerator@stdio@media@modules@UModSys@@UEAAPEAXI@Z 000000014000182c f i  CIL library: CIL module
 0001:0000082c       ??_GRGenerator@stdio@media@modules@UModSys@@UEAAPEAXI@Z 000000014000182c f i umodsys_lib_libmedia:umodsys.mod.media.stdio.obj
 0001:0000082c       ??_GIRoot@core@UModSys@@UEAAPEAXI@Z 000000014000182c f i umodsys_lib_libmedia:umodsys.mod.media.stdio.obj
 0001:0000082c       ??_EIRoot@core@UModSys@@UEAAPEAXI@Z 000000014000182c f i  CIL library: CIL module
 0001:0000082c       ??_ERParameters@rsystem@base@UModSys@@UEAAPEAXI@Z 000000014000182c f i  CIL library: CIL module
 0001:0000082c       ??_GRParameters@rsystem@base@UModSys@@UEAAPEAXI@Z 000000014000182c f i umodsys_lib_basesys:umodsys.basesys.rparameters.obj
 0001:00000854       ?get_interface_info@RStreamWriter_FILE@stdio@media@modules@UModSys@@UEBAAEBUSUniquePointerInfo@core@5@XZ 0000000140001854 f i umodsys_lib_libmedia:umodsys.mod.media.stdio.obj
 0001:0000085c       ?get_interface_type@RStreamWriter_FILE@stdio@media@modules@UModSys@@UEBAPEBUSUniquePointerInfo@core@5@XZ 000000014000185c f i umodsys_lib_libmedia:umodsys.mod.media.stdio.obj
 0001:00000864       ?get_other_interface@RStreamWriter_FILE@stdio@media@modules@UModSys@@UEAAPEAUIRoot@core@5@PEBUSUniquePointerInfo@75@@Z 0000000140001864 f i umodsys_lib_libmedia:umodsys.mod.media.stdio.obj
 0001:00000864       ?get_other_interface@RStreamWriter_FILE@stdio@media@modules@UModSys@@UEBAPEBUIRoot@core@5@PEBUSUniquePointerInfo@75@@Z 0000000140001864 f i umodsys_lib_libmedia:umodsys.mod.media.stdio.obj
 0001:00000894       ?ref_links@RGenerator@stdio@media@modules@UModSys@@UEBAHXZ 0000000140001894 f i umodsys_lib_libmedia:umodsys.mod.media.stdio.obj
 0001:00000894       ?ref_links@RStreamReader_FILE@stdio@media@modules@UModSys@@UEBAHXZ 0000000140001894 f i umodsys_lib_libmedia:umodsys.mod.media.stdio.obj
 0001:00000894       ?ref_links@RStreamWriter_FILE@stdio@media@modules@UModSys@@UEBAHXZ 0000000140001894 f i umodsys_lib_libmedia:umodsys.mod.media.stdio.obj
 0001:00000894       ?ref_links@RDataArchiver_OsDir@stdio@media@modules@UModSys@@UEBAHXZ 0000000140001894 f i umodsys_lib_libmedia:umodsys.mod.media.stdio.obj
 0001:00000898       ?ref_weak@RStreamWriter_FILE@stdio@media@modules@UModSys@@UEBA_NAEAUWeakPointer@IRefObject@core@5@@Z 0000000140001898 f i umodsys_lib_libmedia:umodsys.mod.media.stdio.obj
 0001:00000898       ?ref_weak@RDataArchiver_OsDir@stdio@media@modules@UModSys@@UEBA_NAEAUWeakPointer@IRefObject@core@5@@Z 0000000140001898 f i umodsys_lib_libmedia:umodsys.mod.media.stdio.obj
 0001:00000898       ?ref_weak@RGenerator@stdio@media@modules@UModSys@@UEBA_NAEAUWeakPointer@IRefObject@core@5@@Z 0000000140001898 f i umodsys_lib_libmedia:umodsys.mod.media.stdio.obj
 0001:00000898       ?ref_weak@RStreamReader_FILE@stdio@media@modules@UModSys@@UEBA_NAEAUWeakPointer@IRefObject@core@5@@Z 0000000140001898 f i umodsys_lib_libmedia:umodsys.mod.media.stdio.obj
 0001:000008b8       ?open@RStreamWriter_FILE@stdio@media@modules@UModSys@@QEAAXPEBD_N@Z 00000001400018b8 f i umodsys_lib_libmedia:umodsys.mod.media.stdio.obj
 0001:0000095c       ?writer_seek@RStreamWriter_FILE@stdio@media@modules@UModSys@@UEAA_N_J@Z 000000014000195c f i umodsys_lib_libmedia:umodsys.mod.media.stdio.obj
 0001:00000988       ?writer_seekend@RStreamWriter_FILE@stdio@media@modules@UModSys@@UEAA_N_J@Z 0000000140001988 f i umodsys_lib_libmedia:umodsys.mod.media.stdio.obj
 0001:000009b8       ?writer_seekdelta@RStreamWriter_FILE@stdio@media@modules@UModSys@@UEAA_N_J@Z 00000001400019b8 f i umodsys_lib_libmedia:umodsys.mod.media.stdio.obj
 0001:000009e4       ?writer_setsize@RStreamWriter_FILE@stdio@media@modules@UModSys@@UEAA_N_J@Z 00000001400019e4 f i umodsys_lib_libmedia:umodsys.mod.media.stdio.obj
 0001:00000a44       ?writer_pos@RStreamWriter_FILE@stdio@media@modules@UModSys@@UEAA_JXZ 0000000140001a44 f i umodsys_lib_libmedia:umodsys.mod.media.stdio.obj
 0001:00000a60       ?writer_size@RStreamWriter_FILE@stdio@media@modules@UModSys@@UEAA_JXZ 0000000140001a60 f i umodsys_lib_libmedia:umodsys.mod.media.stdio.obj
 0001:00000ae0       ?writer_write@RStreamWriter_FILE@stdio@media@modules@UModSys@@UEAA_NPEBX_K@Z 0000000140001ae0 f i umodsys_lib_libmedia:umodsys.mod.media.stdio.obj
 0001:00000b60       ?writer_copy@RStreamWriter_FILE@stdio@media@modules@UModSys@@UEAA_NPEAUIStreamReader@libmedia@5@_J@Z 0000000140001b60 f i umodsys_lib_libmedia:umodsys.mod.media.stdio.obj
 0001:00000c00       ?writer_copy@RStreamWriter_FILE@stdio@media@modules@UModSys@@UEAA_NPEAUIStreamReader@libmedia@5@_J1@Z 0000000140001c00 f i umodsys_lib_libmedia:umodsys.mod.media.stdio.obj
 0001:00000c54       ?writer_close@RStreamWriter_FILE@stdio@media@modules@UModSys@@UEAAXXZ 0000000140001c54 f i umodsys_lib_libmedia:umodsys.mod.media.stdio.obj
 0001:00000c90       ?writer_abort@RStreamWriter_FILE@stdio@media@modules@UModSys@@UEAAXXZ 0000000140001c90 f i umodsys_lib_libmedia:umodsys.mod.media.stdio.obj
 0001:00000ccc       ??_ERStreamWriter_FILE@stdio@media@modules@UModSys@@UEAAPEAXI@Z 0000000140001ccc f i  CIL library: CIL module
 0001:00000ccc       ??_GRStreamWriter_FILE@stdio@media@modules@UModSys@@UEAAPEAXI@Z 0000000140001ccc f i umodsys_lib_libmedia:umodsys.mod.media.stdio.obj
 0001:00000d44       ?get_interface_info@RDataArchiver_OsDir@stdio@media@modules@UModSys@@UEBAAEBUSUniquePointerInfo@core@5@XZ 0000000140001d44 f i umodsys_lib_libmedia:umodsys.mod.media.stdio.obj
 0001:00000d4c       ?get_interface_type@RDataArchiver_OsDir@stdio@media@modules@UModSys@@UEBAPEBUSUniquePointerInfo@core@5@XZ 0000000140001d4c f i umodsys_lib_libmedia:umodsys.mod.media.stdio.obj
 0001:00000d54       ?get_other_interface@RDataArchiver_OsDir@stdio@media@modules@UModSys@@UEAAPEAUIRoot@core@5@PEBUSUniquePointerInfo@75@@Z 0000000140001d54 f i umodsys_lib_libmedia:umodsys.mod.media.stdio.obj
 0001:00000d54       ?get_other_interface@RDataArchiver_OsDir@stdio@media@modules@UModSys@@UEBAPEBUIRoot@core@5@PEBUSUniquePointerInfo@75@@Z 0000000140001d54 f i umodsys_lib_libmedia:umodsys.mod.media.stdio.obj
 0001:00000d84       ?open@RDataArchiver_OsDir@stdio@media@modules@UModSys@@QEAAXAEBUSParameters@core@5@@Z 0000000140001d84 f i umodsys_lib_libmedia:umodsys.mod.media.stdio.obj
 0001:00000f9c       ?load_data@RDataArchiver_OsDir@stdio@media@modules@UModSys@@UEAA_NAEBU?$TString@U?$TSCoreConst@D@su@tl@UModSys@@U?$TComparerBinaryHash@D@234@@tl@5@AEAUSCMemShared@core@5@AEBUSFlags@libmedia@5@@Z 0000000140001f9c f i umodsys_lib_libmedia:umodsys.mod.media.stdio.obj
 0001:0000119c       ?load_reader@RDataArchiver_OsDir@stdio@media@modules@UModSys@@UEAA?AU?$TRefObject@UIStreamReader@libmedia@UModSys@@U?$TRefObjectFunc@UIStreamReader@libmedia@UModSys@@@tl@3@@tl@5@AEBU?$TString@U?$TSCoreConst@D@su@tl@UModSys@@U?$TComparerBinaryHash@D@234@@75@AEBUSFlags@libmedia@5@@Z 000000014000219c f i umodsys_lib_libmedia:umodsys.mod.media.stdio.obj
 0001:000013e4       ?save_data@RDataArchiver_OsDir@stdio@media@modules@UModSys@@UEAA_NAEBU?$TString@U?$TSCoreConst@D@su@tl@UModSys@@U?$TComparerBinaryHash@D@234@@tl@5@AEBUSCMem@core@5@AEBUSFlags@libmedia@5@@Z 00000001400023e4 f i umodsys_lib_libmedia:umodsys.mod.media.stdio.obj
 0001:0000146c       ?save_writer@RDataArchiver_OsDir@stdio@media@modules@UModSys@@UEAA?AU?$TRefObject@UIStreamWriter@libmedia@UModSys@@U?$TRefObjectFunc@UIStreamWriter@libmedia@UModSys@@@tl@3@@tl@5@AEBU?$TString@U?$TSCoreConst@D@su@tl@UModSys@@U?$TComparerBinaryHash@D@234@@75@AEBUSFlags@libmedia@5@@Z 000000014000246c f i umodsys_lib_libmedia:umodsys.mod.media.stdio.obj
 0001:000016c8       ?get_entrylist@RDataArchiver_OsDir@stdio@media@modules@UModSys@@UEAA_NAEBU?$TString@U?$TSCoreConst@D@su@tl@UModSys@@U?$TComparerBinaryHash@D@234@@tl@5@AEAU?$TIStackSocket@USFileInfo@libmedia@UModSys@@@75@@Z 00000001400026c8 f i umodsys_lib_libmedia:umodsys.mod.media.stdio.obj
 0001:00001758       ?get_permissions@RDataArchiver_OsDir@stdio@media@modules@UModSys@@UEAAHXZ 0000000140002758 f i umodsys_lib_libmedia:umodsys.mod.media.stdio.obj
 0001:0000175c       ??_ERDataArchiver_OsDir@stdio@media@modules@UModSys@@UEAAPEAXI@Z 000000014000275c f i  CIL library: CIL module
 0001:0000175c       ??_GRDataArchiver_OsDir@stdio@media@modules@UModSys@@UEAAPEAXI@Z 000000014000275c f i umodsys_lib_libmedia:umodsys.mod.media.stdio.obj
 0001:000017ec       ?get_generated_names@RGenerator@stdio@media@modules@UModSys@@UEBAHAEAUSUniquePtrList@core@5@@Z 00000001400027ec f i umodsys_lib_libmedia:umodsys.mod.media.stdio.obj
 0001:00001830       ?get_generated_types@RGenerator@stdio@media@modules@UModSys@@UEBAHAEAUSUniquePtrList@core@5@PEBUSUniquePointerInfo@75@@Z 0000000140002830 f i umodsys_lib_libmedia:umodsys.mod.media.stdio.obj
 0001:000018c4       ?generate@RGenerator@stdio@media@modules@UModSys@@UEAA_NAEAU?$TRefObject@UIRefObject@core@UModSys@@U?$TRefObjectFunc@UIRefObject@core@UModSys@@@tl@3@@tl@5@PEBUSUniquePointerInfo@core@5@AEBUSParameters@95@@Z 00000001400028c4 f i umodsys_lib_libmedia:umodsys.mod.media.stdio.obj
 0001:00001a08       ?get_interface_info@RGenerator@stdio@media@modules@UModSys@@UEBAAEBUSUniquePointerInfo@core@5@XZ 0000000140002a08 f i umodsys_lib_libmedia:umodsys.mod.media.stdio.obj
 0001:00001a10       ?get_interface_type@RGenerator@stdio@media@modules@UModSys@@UEBAPEBUSUniquePointerInfo@core@5@XZ 0000000140002a10 f i umodsys_lib_libmedia:umodsys.mod.media.stdio.obj
 0001:00001a18       ?get_other_interface@RGenerator@stdio@media@modules@UModSys@@UEBAPEBUIRoot@core@5@PEBUSUniquePointerInfo@75@@Z 0000000140002a18 f i umodsys_lib_libmedia:umodsys.mod.media.stdio.obj
 0001:00001a18       ?get_other_interface@RGenerator@stdio@media@modules@UModSys@@UEAAPEAUIRoot@core@5@PEBUSUniquePointerInfo@75@@Z 0000000140002a18 f i umodsys_lib_libmedia:umodsys.mod.media.stdio.obj
 0001:00001a50       ?ref_add@RConsole_std@rsystem@base@UModSys@@UEBAXXZ 0000000140002a50 f i umodsys_lib_basesys:umodsys.basesys.rconsole_std.obj
 0001:00001a50       ?ref_remove@RConsole_std@rsystem@base@UModSys@@UEBAXXZ 0000000140002a50 f i umodsys_lib_basesys:umodsys.basesys.rconsole_std.obj
 0001:00001a50       ?suicide@RGenerator@stdio@media@modules@UModSys@@UEAAXXZ 0000000140002a50 f i umodsys_lib_libmedia:umodsys.mod.media.stdio.obj
 0001:00001a54       ?get_uid@RGenerator@stdio@media@modules@UModSys@@UEBAPEBUSUniquePointerInfo@core@5@XZ 0000000140002a54 f i umodsys_lib_libmedia:umodsys.mod.media.stdio.obj
 0001:00001a5c       ?do_open@RModuleReg@stdio@media@modules@UModSys@@UEAA_NXZ 0000000140002a5c f i umodsys_lib_libmedia:umodsys.mod.media.stdio.obj
 0001:00001ac8       ?do_close@RModuleReg@stdio@media@modules@UModSys@@UEAA_NXZ 0000000140002ac8 f i umodsys_lib_libmedia:umodsys.mod.media.stdio.obj
 0001:00001b18       ?get_module@RGenerator@stdio@media@modules@UModSys@@UEBAPEAUIModule@base@5@XZ 0000000140002b18 f   umodsys_lib_libmedia:umodsys.mod.media.stdio.obj
 0001:00001b20       ?mod_inc@RGenerator@stdio@media@modules@UModSys@@UEBA_NXZ 0000000140002b20 f   umodsys_lib_libmedia:umodsys.mod.media.stdio.obj
 0001:00001b30       ?mod_dec@RGenerator@stdio@media@modules@UModSys@@UEBA_NXZ 0000000140002b30 f   umodsys_lib_libmedia:umodsys.mod.media.stdio.obj
 0001:00001b40       ?s_holder@RGenerator@stdio@media@modules@UModSys@@SAAEAU?$TTypeStaticHolder@URGenerator@stdio@media@modules@UModSys@@@tl@5@XZ 0000000140002b40 f   umodsys_lib_libmedia:umodsys.mod.media.stdio.obj
 0001:00001b84       ??$t_gen_param@URStreamWriter_FILE@stdio@media@modules@UModSys@@URGenerator@2345@@IGenerator@base@UModSys@@IEAA_NPEAURGenerator@stdio@media@modules@2@AEAU?$TRefObject@UIRefObject@core@UModSys@@U?$TRefObjectFunc@UIRefObject@core@UModSys@@@tl@3@@tl@2@PEBUSUniquePointerInfo@core@2@AEBUSParameters@core@2@@Z 0000000140002b84 f i umodsys_lib_libmedia:umodsys.mod.media.stdio.obj
 0001:00001d28       ??$t_gen_param@URDataArchiver_OsDir@stdio@media@modules@UModSys@@URGenerator@2345@@IGenerator@base@UModSys@@IEAA_NPEAURGenerator@stdio@media@modules@2@AEAU?$TRefObject@UIRefObject@core@UModSys@@U?$TRefObjectFunc@UIRefObject@core@UModSys@@@tl@3@@tl@2@PEBUSUniquePointerInfo@core@2@AEBUSParameters@core@2@@Z 0000000140002d28 f i umodsys_lib_libmedia:umodsys.mod.media.stdio.obj
 0001:00001e60       ??1?$TRefObject@UIModObject@base@UModSys@@U?$TModObjectFunc@UIModObject@base@UModSys@@@tl@3@@tl@UModSys@@QEAA@XZ 0000000140002e60 f i umodsys_lib_libmedia:umodsys.mod.media.stdio.obj
 0001:00001e8c       ??1?$TRefObject@URStreamWriter_FILE@stdio@media@modules@UModSys@@U?$TRefObjectFunc@URStreamWriter_FILE@stdio@media@modules@UModSys@@@tl@5@@tl@UModSys@@QEAA@XZ 0000000140002e8c f i umodsys_lib_libmedia:umodsys.mod.media.stdio.obj
 0001:00001e8c       ??1?$TRefObject@URModuleLibrarySO@rsystem@base@UModSys@@U?$TRefObjectFunc@URModuleLibrarySO@rsystem@base@UModSys@@@tl@4@@tl@UModSys@@QEAA@XZ 0000000140002e8c f i umodsys_lib_basesys:umodsys.basesys.rmoduleloader.obj
 0001:00001e8c       ??1?$TRefObject@URParameters@rsystem@base@UModSys@@U?$TRefObjectFunc@URParameters@rsystem@base@UModSys@@@tl@4@@tl@UModSys@@QEAA@XZ 0000000140002e8c f i umodsys_lib_basesys:umodsys.basesys.rsystem_main.obj
 0001:00001e8c       ??1?$TRefObject@UIModuleLibraryUni@rsystem@base@UModSys@@U?$TRefObjectFunc@UIModuleLibraryUni@rsystem@base@UModSys@@@tl@4@@tl@UModSys@@QEAA@XZ 0000000140002e8c f i umodsys_lib_basesys:umodsys.basesys.rmodule.obj
 0001:00001e8c       ??1?$TRefObject@UIShell@base@UModSys@@U?$TRefObjectFunc@UIShell@base@UModSys@@@tl@3@@tl@UModSys@@QEAA@XZ 0000000140002e8c f i umodsys_lib_basesys:umodsys.basesys.rsystem_tests.obj
 0001:00001e8c       ??1?$TRefObject@UIStreamWriter@libmedia@UModSys@@U?$TRefObjectFunc@UIStreamWriter@libmedia@UModSys@@@tl@3@@tl@UModSys@@QEAA@XZ 0000000140002e8c f i umodsys_lib_libmedia:umodsys.mod.media.stdio.obj
 0001:00001e8c       ??1?$TRefObject@UIRefObject@core@UModSys@@U?$TRefObjectFunc@UIRefObject@core@UModSys@@@tl@3@@tl@UModSys@@QEAA@XZ 0000000140002e8c f i umodsys_lib_basesys:umodsys.basesys.rsystem_tests.obj
 0001:00001e8c       ??1?$TRefObject@URStreamReader_FILE@stdio@media@modules@UModSys@@U?$TRefObjectFunc@URStreamReader_FILE@stdio@media@modules@UModSys@@@tl@5@@tl@UModSys@@QEAA@XZ 0000000140002e8c f i umodsys_lib_libmedia:umodsys.mod.media.stdio.obj
 0001:00001e8c       ??1?$TRefObject@URDataArchiver_OsDir@stdio@media@modules@UModSys@@U?$TRefObjectFunc@URDataArchiver_OsDir@stdio@media@modules@UModSys@@@tl@5@@tl@UModSys@@QEAA@XZ 0000000140002e8c f i umodsys_lib_libmedia:umodsys.mod.media.stdio.obj
 0001:00001e8c       ??1?$TRefObject@UIStreamReader@libmedia@UModSys@@U?$TRefObjectFunc@UIStreamReader@libmedia@UModSys@@@tl@3@@tl@UModSys@@QEAA@XZ 0000000140002e8c f i umodsys_lib_libmedia:umodsys.mod.media.stdio.obj
 0001:00001eb0       ??0SVFileName@libmedia@UModSys@@QEAA@AEBU?$TString@U?$TSCoreConst@D@su@tl@UModSys@@U?$TComparerBinaryHash@D@234@@tl@2@0_N@Z 0000000140002eb0 f   umodsys_lib_libmedia:umodsys.lib.media.common.obj
 0001:00001f60       ?init@SVFileName@libmedia@UModSys@@QEAAXPEBDH_N@Z 0000000140002f60 f   umodsys_lib_libmedia:umodsys.lib.media.common.obj
 0001:000020d8       ??$safe_snprintf@D@syshlp@core@UModSys@@YA_KPEAD_KPEBDZZ 00000001400030d8 f i umodsys_lib_libmedia:umodsys.lib.media.common.obj
 0001:0000210c       ?get_interface_info@RConsole_std@rsystem@base@UModSys@@UEBAAEBUSUniquePointerInfo@core@4@XZ 000000014000310c f i umodsys_lib_basesys:umodsys.basesys.rconsole_std.obj
 0001:00002114       ?get_interface_type@RConsole_std@rsystem@base@UModSys@@UEBAPEBUSUniquePointerInfo@core@4@XZ 0000000140003114 f i umodsys_lib_basesys:umodsys.basesys.rconsole_std.obj
 0001:0000211c       ?get_other_interface@RConsole_std@rsystem@base@UModSys@@UEBAPEBUIRoot@core@4@PEBUSUniquePointerInfo@64@@Z 000000014000311c f i umodsys_lib_basesys:umodsys.basesys.rconsole_std.obj
 0001:0000211c       ?get_other_interface@RConsole_std@rsystem@base@UModSys@@UEAAPEAUIRoot@core@4@PEBUSUniquePointerInfo@64@@Z 000000014000311c f i umodsys_lib_basesys:umodsys.basesys.rconsole_std.obj
 0001:0000214c       _setargv                   000000014000314c f   MSVCRT:dllargv.obj
 0001:0000214c       _matherr                   000000014000314c f   MSVCRT:merr.obj
 0001:0000214c       ?get_syslib@RSystem@rsystem@base@UModSys@@UEAAPEAUIModuleLibrary@34@XZ 000000014000314c f   umodsys_lib_basesys:umodsys.basesys.rsystem.obj
 0001:0000214c       ?ref_links@RConsole_std@rsystem@base@UModSys@@UEBAHXZ 000000014000314c f   umodsys_lib_basesys:umodsys.basesys.rconsole_std.obj
 0001:00002150       ?vput@RConsole_std@rsystem@base@UModSys@@UEAA_NHPEBDPEAD@Z 0000000140003150 f   umodsys_lib_basesys:umodsys.basesys.rconsole_std.obj
 0001:000021b4       ?put@RConsole_std@rsystem@base@UModSys@@UEAA_NHPEBDZZ 00000001400031b4 f   umodsys_lib_basesys:umodsys.basesys.rconsole_std.obj
 0001:00002210       ?vget_c@RConsole_std@rsystem@base@UModSys@@UEAA_NPEAHPEBDPEAD@Z 0000000140003210 f   umodsys_lib_basesys:umodsys.basesys.rconsole_std.obj
 0001:00002210       ?vget_s@RConsole_std@rsystem@base@UModSys@@UEAA_NPEAD_KPEBD0@Z 0000000140003210 f   umodsys_lib_basesys:umodsys.basesys.rconsole_std.obj
 0001:00002210       ?ref_weak@RConsole_std@rsystem@base@UModSys@@UEBA_NAEAUWeakPointer@IRefObject@core@4@@Z 0000000140003210 f   umodsys_lib_basesys:umodsys.basesys.rconsole_std.obj
 0001:00002210       ?moduledb_lib_drop@RModuleLoader@rsystem@base@UModSys@@UEAA_NPEAUIModuleLibrary@34@@Z 0000000140003210 f   umodsys_lib_basesys:umodsys.basesys.rmoduleloader.obj
 0001:00002210       ?moduledb_load@RModuleLoader@rsystem@base@UModSys@@UEAA_NAEBU?$TString@U?$TSCoreConst@D@su@tl@UModSys@@U?$TComparerBinaryHash@D@234@@tl@4@@Z 0000000140003210 f   umodsys_lib_basesys:umodsys.basesys.rmoduleloader.obj
 0001:00002210       ?get_s@RConsole_std@rsystem@base@UModSys@@UEAA_NPEAD_KPEBDZZ 0000000140003210 f   umodsys_lib_basesys:umodsys.basesys.rconsole_std.obj
 0001:00002214       ?get_c@RConsole_std@rsystem@base@UModSys@@UEAA_NPEAHPEBDZZ 0000000140003214 f   umodsys_lib_basesys:umodsys.basesys.rconsole_std.obj
 0001:0000221c       ?reflect@RConsole_std@rsystem@base@UModSys@@QEAA_NPEBD@Z 000000014000321c f   umodsys_lib_basesys:umodsys.basesys.rconsole_std.obj
 0001:00002280       ??_GRConsole_std@rsystem@base@UModSys@@UEAAPEAXI@Z 0000000140003280 f i umodsys_lib_basesys:umodsys.basesys.rconsole_std.obj
 0001:00002280       ??_ERConsole_std@rsystem@base@UModSys@@UEAAPEAXI@Z 0000000140003280 f i  CIL library: CIL module
 0001:000022d4       ?decode_error@EExceptionBase@core@UModSys@@UEBAHPEAD_K@Z 00000001400032d4 f i umodsys_lib_basesys:umodsys.basesys.rsystem_main.obj
 0001:00002310       ?decode_error@EFatal@core@UModSys@@UEBAHPEAD_K@Z 0000000140003310 f i umodsys_lib_basesys:umodsys.basesys.rsystem_main.obj
 0001:0000234c       ??_GEWarning@core@UModSys@@UEAAPEAXI@Z 000000014000334c f i umodsys_lib_basesys:umodsys.basesys.rsystem_main.obj
 0001:0000234c       ??_GEExceptionBase@core@UModSys@@UEAAPEAXI@Z 000000014000334c f i umodsys_lib_basesys:umodsys.basesys.rsystem_main.obj
 0001:0000234c       ??_EEFatal@core@UModSys@@UEAAPEAXI@Z 000000014000334c f i  CIL library: CIL module
 0001:0000234c       ??_EEWarning@core@UModSys@@UEAAPEAXI@Z 000000014000334c f i  CIL library: CIL module
 0001:0000234c       ??_EEExceptionBase@core@UModSys@@UEAAPEAXI@Z 000000014000334c f i  CIL library: CIL module
 0001:0000234c       ??_GEFatal@core@UModSys@@UEAAPEAXI@Z 000000014000334c f i umodsys_lib_basesys:umodsys.basesys.rsystem_main.obj
 0001:00002374       ?decode_error@EWarning@core@UModSys@@UEBAHPEAD_K@Z 0000000140003374 f i umodsys_lib_basesys:umodsys.basesys.rsystem_main.obj
 0001:000023b0       ??1EFatal@core@UModSys@@UEAA@XZ 00000001400033b0 f i umodsys_lib_basesys:umodsys.basesys.rsystem_main.obj
 0001:000023b0       ??1EWarning@core@UModSys@@UEAA@XZ 00000001400033b0 f i umodsys_lib_basesys:umodsys.basesys.rsystem_main.obj
 0001:000023bc       ?get_interface_info@RSystem@rsystem@base@UModSys@@UEBAAEBUSUniquePointerInfo@core@4@XZ 00000001400033bc f i umodsys_lib_basesys:umodsys.basesys.rsystem_main.obj
 0001:000023c4       ?get_interface_type@RSystem@rsystem@base@UModSys@@UEBAPEBUSUniquePointerInfo@core@4@XZ 00000001400033c4 f i umodsys_lib_basesys:umodsys.basesys.rsystem_main.obj
 0001:000023cc       ?get_other_interface@RSystem@rsystem@base@UModSys@@UEAAPEAUIRoot@core@4@PEBUSUniquePointerInfo@64@@Z 00000001400033cc f i umodsys_lib_basesys:umodsys.basesys.rsystem_main.obj
 0001:000023cc       ?get_other_interface@RSystem@rsystem@base@UModSys@@UEBAPEBUIRoot@core@4@PEBUSUniquePointerInfo@64@@Z 00000001400033cc f i umodsys_lib_basesys:umodsys.basesys.rsystem_main.obj
 0001:000023ec       ?init@RSystem@rsystem@base@UModSys@@QEAA_NXZ 00000001400033ec f   umodsys_lib_basesys:umodsys.basesys.rsystem_main.obj
 0001:000025d0       ??_GRSystem@rsystem@base@UModSys@@UEAAPEAXI@Z 00000001400035d0 f i umodsys_lib_basesys:umodsys.basesys.rsystem_main.obj
 0001:000025d0       ??_ERSystem@rsystem@base@UModSys@@UEAAPEAXI@Z 00000001400035d0 f i  CIL library: CIL module
 0001:00002600       ??1RSystem@rsystem@base@UModSys@@UEAA@XZ 0000000140003600 f   umodsys_lib_basesys:umodsys.basesys.rsystem_main.obj
 0001:00002748       ?dbg_put@rsystem@base@UModSys@@YAXW4eRSystemDebugLevels@123@PEBDZZ 0000000140003748 f   umodsys_lib_basesys:umodsys.basesys.rsystem_main.obj
 0001:0000278c       ?err_put@rsystem@base@UModSys@@YAXW4eRSystemDebugLevels@123@PEBDZZ 000000014000378c f   umodsys_lib_basesys:umodsys.basesys.rsystem_main.obj
 0001:000027d0       ??1?$TStaticStringPool@DU?$TComparerBinaryHash@D@su@tl@UModSys@@USMemAlloc_Malloc@core@4@@tl@UModSys@@QEAA@XZ 00000001400037d0 f i umodsys_lib_basesys:umodsys.basesys.rsystem_main.obj
 0001:000027d8       ??1?$TQuantArrayUnique@USUniquePointerInfo@core@UModSys@@$0BAA@USMemAlloc_Malloc@23@@tl@UModSys@@QEAA@XZ 00000001400037d8 f i umodsys_lib_basesys:umodsys.basesys.rsystem_main.obj
 0001:00002850       ??1?$TTreeHoldRBD@U?$TQuantArrayNode@USUniquePointerInfo@core@UModSys@@$0BAA@@tl@UModSys@@U?$TNodeDeleter@U?$TQuantArrayNode@USUniquePointerInfo@core@UModSys@@$0BAA@@tl@UModSys@@USMemAlloc_Malloc@core@3@@23@@tl@UModSys@@QEAA@XZ 0000000140003850 f i umodsys_lib_basesys:umodsys.basesys.rsystem_main.obj
 0001:00002850       ??1?$TTreeHoldRBD@U?$TQuantArrayNode@USSourceContext@core@UModSys@@$0BAA@@tl@UModSys@@U?$TNodeDeleter@U?$TQuantArrayNode@USSourceContext@core@UModSys@@$0BAA@@tl@UModSys@@USMemAlloc_Malloc@core@3@@23@@tl@UModSys@@QEAA@XZ 0000000140003850 f i umodsys_lib_basesys:umodsys.basesys.rsystem_main.obj
 0001:000028b8       ?mem_alloc@?$TRMemAlloc_CC@U?$TMemAllocHeader@USMagic@mem_headers@rsystem@base@UModSys@@U?$TPool@X@2345@USDebug@2345@UVoid@core@5@U895@@rsystem@base@UModSys@@USMemAlloc_Malloc@core@4@@rsystem@base@UModSys@@UEAAPEAX_KPEBUSSourceContext@core@4@@Z 00000001400038b8 f i umodsys_lib_basesys:umodsys.basesys.rsystem_main.obj
 0001:0000293c       ?mem_realloc@?$TRMemAlloc_CC@U?$TMemAllocHeader@USMagic@mem_headers@rsystem@base@UModSys@@U?$TPool@X@2345@USDebug@2345@UVoid@core@5@U895@@rsystem@base@UModSys@@USMemAlloc_Malloc@core@4@@rsystem@base@UModSys@@UEAAPEAXPEAX_KPEBUSSourceContext@core@4@@Z 000000014000393c f i umodsys_lib_basesys:umodsys.basesys.rsystem_main.obj
 0001:00002c30       ?mem_free@?$TRMemAlloc_CC@U?$TMemAllocHeader@USMagic@mem_headers@rsystem@base@UModSys@@U?$TPool@X@2345@USDebug@2345@UVoid@core@5@U895@@rsystem@base@UModSys@@USMemAlloc_Malloc@core@4@@rsystem@base@UModSys@@UEAAXPEAXPEBUSSourceContext@core@4@@Z 0000000140003c30 f i umodsys_lib_basesys:umodsys.basesys.rsystem_main.obj
 0001:00002d9c       ?free@?$TStaticStringPool@DU?$TComparerBinaryHash@D@su@tl@UModSys@@USMemAlloc_Malloc@core@4@@tl@UModSys@@QEAAXXZ 0000000140003d9c f i umodsys_lib_basesys:umodsys.basesys.rsystem_main.obj
 0001:00002df0       ??$process_nodes_r@U?$TNodeDeleter@U?$TQuantArrayNode@USSourceContext@core@UModSys@@$0BAA@@tl@UModSys@@USMemAlloc_Malloc@core@3@@tl@UModSys@@@?$TTreeHoldRB@U?$TQuantArrayNode@USSourceContext@core@UModSys@@$0BAA@@tl@UModSys@@@tl@UModSys@@KAHPEAU?$TQuantArrayNode@USSourceContext@core@UModSys@@$0BAA@@12@AEBU?$TNodeDeleter@U?$TQuantArrayNode@USSourceContext@core@UModSys@@$0BAA@@tl@UModSys@@USMemAlloc_Malloc@core@3@@12@@Z 0000000140003df0 f i umodsys_lib_basesys:umodsys.basesys.rsystem_main.obj
 0001:00002df0       ??$process_nodes_r@U?$TNodeDeleter@U?$TQuantArrayNode@USUniquePointerInfo@core@UModSys@@$0BAA@@tl@UModSys@@USMemAlloc_Malloc@core@3@@tl@UModSys@@@?$TTreeHoldRB@U?$TQuantArrayNode@USUniquePointerInfo@core@UModSys@@$0BAA@@tl@UModSys@@@tl@UModSys@@KAHPEAU?$TQuantArrayNode@USUniquePointerInfo@core@UModSys@@$0BAA@@12@AEBU?$TNodeDeleter@U?$TQuantArrayNode@USUniquePointerInfo@core@UModSys@@$0BAA@@tl@UModSys@@USMemAlloc_Malloc@core@3@@12@@Z 0000000140003df0 f i umodsys_lib_basesys:umodsys.basesys.rsystem_main.obj
 0001:00002e54       ??0EFatal@core@UModSys@@QEAA@AEBU012@@Z 0000000140003e54 f i umodsys_lib_basesys:umodsys.basesys.rsystem_main.obj
 0001:00002e94       ??0EExceptionBase@core@UModSys@@QEAA@AEBU012@@Z 0000000140003e94 f i umodsys_lib_basesys:umodsys.basesys.rsystem_main.obj
 0001:00002ec8       ??0EWarning@core@UModSys@@QEAA@AEBU012@@Z 0000000140003ec8 f i umodsys_lib_basesys:umodsys.basesys.rsystem_main.obj
 0001:00002f08       ?exec_test_shells@RSystem@rsystem@base@UModSys@@QEAA_NXZ 0000000140003f08 f   umodsys_lib_basesys:umodsys.basesys.rsystem_tests.obj
 0001:000030f8       ??1?$TParametersA@$0EAA@@core@UModSys@@QEAA@XZ 00000001400040f8 f i umodsys_lib_basesys:umodsys.basesys.rsystem_tests.obj
 0001:00003114       ?moduledb_findobjname@RModuleLoader@rsystem@base@UModSys@@UEAA_KPEBUSUniquePointerInfo@core@4@QEAPEBU564@_KPEBD@Z 0000000140004114 f   umodsys_lib_basesys:umodsys.basesys.rmoduleloader.obj
 0001:000031c4       ?moduledb_generate@RModuleLoader@rsystem@base@UModSys@@UEAA_NAEAU?$TRefObject@UIRefObject@core@UModSys@@U?$TRefObjectFunc@UIRefObject@core@UModSys@@@tl@3@@tl@4@PEBUSUniquePointerInfo@core@4@AEBUSParameters@84@@Z 00000001400041c4 f   umodsys_lib_basesys:umodsys.basesys.rmoduleloader.obj
 0001:00003250       ?moduledb_lib_count@RModuleLoader@rsystem@base@UModSys@@UEAA_KXZ 0000000140004250 f   umodsys_lib_basesys:umodsys.basesys.rmoduleloader.obj
 0001:00003258       ?moduledb_lib_get@RModuleLoader@rsystem@base@UModSys@@UEBAPEAUIModuleLibrary@34@_K@Z 0000000140004258 f   umodsys_lib_basesys:umodsys.basesys.rmoduleloader.obj
 0001:00003278       ?moduledb_module_count@RModuleLoader@rsystem@base@UModSys@@UEAA_KXZ 0000000140004278 f   umodsys_lib_basesys:umodsys.basesys.rmoduleloader.obj
 0001:000032a8       ?moduledb_module_get@RModuleLoader@rsystem@base@UModSys@@UEBAPEAUIModule@34@_K@Z 00000001400042a8 f   umodsys_lib_basesys:umodsys.basesys.rmoduleloader.obj
 0001:000032f4       ?moduledb_find@RModuleLoader@rsystem@base@UModSys@@UEBAPEAUIModule@34@AEBU?$TString@U?$TSCoreConst@D@su@tl@UModSys@@U?$TComparerBinaryHash@D@234@@tl@4@AEBUSVersion@core@4@@Z 00000001400042f4 f   umodsys_lib_basesys:umodsys.basesys.rmoduleloader.obj
 0001:0000342c       ?moduledb_clear@RModuleLoader@rsystem@base@UModSys@@UEAAXXZ 000000014000442c f   umodsys_lib_basesys:umodsys.basesys.rmoduleloader.obj
 0001:000034d4       ?moduledb_cleanup@RModuleLoader@rsystem@base@UModSys@@UEAA_KXZ 00000001400044d4 f   umodsys_lib_basesys:umodsys.basesys.rmoduleloader.obj
 0001:00003644       ?moduledb_save@RModuleLoader@rsystem@base@UModSys@@UEAA_NAEBU?$TString@U?$TSCoreConst@D@su@tl@UModSys@@U?$TComparerBinaryHash@D@234@@tl@4@@Z 0000000140004644 f   umodsys_lib_basesys:umodsys.basesys.rmoduleloader.obj
 0001:000036f4       ?moduledb_scan@RModuleLoader@rsystem@base@UModSys@@UEAA_KAEBU?$TString@U?$TSCoreConst@D@su@tl@UModSys@@U?$TComparerBinaryHash@D@234@@tl@4@_N@Z 00000001400046f4 f   umodsys_lib_basesys:umodsys.basesys.rmoduleloader.obj
 0001:00003868       ?moduledb_get_string@RModuleLoader@rsystem@base@UModSys@@UEAAAEBU?$TString@U?$TSCoreConst@D@su@tl@UModSys@@U?$TComparerBinaryHash@D@234@@tl@4@AEBU564@@Z 0000000140004868 f   umodsys_lib_basesys:umodsys.basesys.rmoduleloader.obj
 0001:000038a4       ??_GRModuleLoader@rsystem@base@UModSys@@UEAAPEAXI@Z 00000001400048a4 f i umodsys_lib_basesys:umodsys.basesys.rmoduleloader.obj
 0001:000038a4       ??_ERModuleLoader@rsystem@base@UModSys@@UEAAPEAXI@Z 00000001400048a4 f i  CIL library: CIL module
 0001:000038d4       ??_EIModuleLoader@base@UModSys@@UEAAPEAXI@Z 00000001400048d4 f i  CIL library: CIL module
 0001:000038d4       ??_GIModuleLoader@base@UModSys@@UEAAPEAXI@Z 00000001400048d4 f i umodsys_lib_basesys:umodsys.basesys.rmoduleloader.obj
 0001:000038fc       ??1RModuleLoader@rsystem@base@UModSys@@UEAA@XZ 00000001400048fc f   umodsys_lib_basesys:umodsys.basesys.rmoduleloader.obj
 0001:00003994       ??1?$TDynarrayDynamic@U?$TRefObject@URModuleLibrarySO@rsystem@base@UModSys@@U?$TRefObjectFunc@URModuleLibrarySO@rsystem@base@UModSys@@@tl@4@@tl@UModSys@@U?$TAllocator@USMemAlloc_Malloc@core@UModSys@@USCountCalcPower2@23@@23@@tl@UModSys@@QEAA@XZ 0000000140004994 f i umodsys_lib_basesys:umodsys.basesys.rmoduleloader.obj
 0001:000039dc       ?append@?$TStaticStringPool@DU?$TComparerBinaryHash@D@su@tl@UModSys@@USMemAlloc_Malloc@core@4@@tl@UModSys@@QEAAPEBU?$TString@U?$TSCoreConst@D@su@tl@UModSys@@U?$TComparerBinaryHash@D@234@@23@PEBD_K@Z 00000001400049dc f i umodsys_lib_basesys:umodsys.basesys.rmoduleloader.obj
 0001:00003cb8       ?get_interface_info@RModuleLibraryThis@rsystem@base@UModSys@@UEBAAEBUSUniquePointerInfo@core@4@XZ 0000000140004cb8 f i umodsys_lib_basesys:umodsys.basesys.rmodulelibthis.obj
 0001:00003cc0       ?get_interface_type@RModuleLibraryThis@rsystem@base@UModSys@@UEBAPEBUSUniquePointerInfo@core@4@XZ 0000000140004cc0 f i umodsys_lib_basesys:umodsys.basesys.rmodulelibthis.obj
 0001:00003cc8       ?get_other_interface@RModuleLibraryThis@rsystem@base@UModSys@@UEAAPEAUIRoot@core@4@PEBUSUniquePointerInfo@64@@Z 0000000140004cc8 f i umodsys_lib_basesys:umodsys.basesys.rmodulelibthis.obj
 0001:00003cc8       ?get_other_interface@RModuleLibraryThis@rsystem@base@UModSys@@UEBAPEBUIRoot@core@4@PEBUSUniquePointerInfo@64@@Z 0000000140004cc8 f i umodsys_lib_basesys:umodsys.basesys.rmodulelibthis.obj
 0001:00003d00       ?ref_add@RModuleLibraryThis@rsystem@base@UModSys@@UEBAXXZ 0000000140004d00 f i umodsys_lib_basesys:umodsys.basesys.rmodulelibthis.obj
 0001:00003d08       ?ref_remove@RModuleLibraryThis@rsystem@base@UModSys@@UEBAXXZ 0000000140004d08 f i umodsys_lib_basesys:umodsys.basesys.rmodulelibthis.obj
 0001:00003d20       ?ref_links@RModuleLibraryThis@rsystem@base@UModSys@@UEBAHXZ 0000000140004d20 f i umodsys_lib_basesys:umodsys.basesys.rmodulelibthis.obj
 0001:00003d28       ?ref_weak@RModuleLibraryThis@rsystem@base@UModSys@@UEBA_NAEAUWeakPointer@IRefObject@core@4@@Z 0000000140004d28 f i umodsys_lib_basesys:umodsys.basesys.rmodulelibthis.obj
 0001:00003d4c       ?uni_load@RModuleLibraryThis@rsystem@base@UModSys@@UEAA_NXZ 0000000140004d4c f   umodsys_lib_basesys:umodsys.basesys.rmodulelibthis.obj
 0001:00003d5c       ?uni_open@RModuleLibraryThis@rsystem@base@UModSys@@UEAA_NXZ 0000000140004d5c f   umodsys_lib_basesys:umodsys.basesys.rmodulelibthis.obj
 0001:00003d5c       ?uni_close@RModuleLibraryThis@rsystem@base@UModSys@@UEAA_NXZ 0000000140004d5c f   umodsys_lib_basesys:umodsys.basesys.rmodulelibthis.obj
 0001:00003d5c       ?uni_unload@RModuleLibraryThis@rsystem@base@UModSys@@UEAA_NXZ 0000000140004d5c f   umodsys_lib_basesys:umodsys.basesys.rmodulelibthis.obj
 0001:00003d60       ??_ERModuleLibraryThis@rsystem@base@UModSys@@UEAAPEAXI@Z 0000000140004d60 f i  CIL library: CIL module
 0001:00003d60       ??_GRModuleLibraryThis@rsystem@base@UModSys@@UEAAPEAXI@Z 0000000140004d60 f i umodsys_lib_basesys:umodsys.basesys.rmodulelibthis.obj
 0001:00003db0       ?get_sys_libname@IModuleLibraryUni@rsystem@base@UModSys@@UEBA?AU?$TString@U?$TSCoreConst@D@su@tl@UModSys@@U?$TComparerBinaryHash@D@234@@tl@4@XZ 0000000140004db0 f   umodsys_lib_basesys:umodsys.basesys.rmodulelib.obj
 0001:00003dc0       ?get_privmem@IModuleLibraryUni@rsystem@base@UModSys@@UEBAPEAUIMemAlloc@core@4@XZ 0000000140004dc0 f   umodsys_lib_basesys:umodsys.basesys.rmodulelib.obj
 0001:00003dc8       ?get_system@IModuleLibraryUni@rsystem@base@UModSys@@UEBAPEAUISystem@34@XZ 0000000140004dc8 f   umodsys_lib_basesys:umodsys.basesys.rmodulelib.obj
 0001:00003dd0       ?get_module_count@IModuleLibraryUni@rsystem@base@UModSys@@UEBA_KXZ 0000000140004dd0 f   umodsys_lib_basesys:umodsys.basesys.rmodulelib.obj
 0001:00003dd8       ?get_module@IModuleLibraryUni@rsystem@base@UModSys@@UEBAPEAUIModule@34@_K@Z 0000000140004dd8 f   umodsys_lib_basesys:umodsys.basesys.rmodulelib.obj
 0001:00003dec       ?lib_loaded@IModuleLibraryUni@rsystem@base@UModSys@@UEBA_NXZ 0000000140004dec f   umodsys_lib_basesys:umodsys.basesys.rmodulelib.obj
 0001:00003df8       ?lib_load@IModuleLibraryUni@rsystem@base@UModSys@@UEAA_NXZ 0000000140004df8 f   umodsys_lib_basesys:umodsys.basesys.rmodulelib.obj
 0001:00003e24       ?lib_unload@IModuleLibraryUni@rsystem@base@UModSys@@UEAA_NXZ 0000000140004e24 f   umodsys_lib_basesys:umodsys.basesys.rmodulelib.obj
 0001:00003e38       ?lib_free@IModuleLibraryUni@rsystem@base@UModSys@@UEAA_NXZ 0000000140004e38 f   umodsys_lib_basesys:umodsys.basesys.rmodulelib.obj
 0001:00003e58       ?lib_findobjname@IModuleLibraryUni@rsystem@base@UModSys@@UEAA_KPEBUSUniquePointerInfo@core@4@QEAPEBU564@_KPEBD@Z 0000000140004e58 f   umodsys_lib_basesys:umodsys.basesys.rmodulelib.obj
 0001:00003efc       ?lib_generate@IModuleLibraryUni@rsystem@base@UModSys@@UEAA_NAEAU?$TRefObject@UIRefObject@core@UModSys@@U?$TRefObjectFunc@UIRefObject@core@UModSys@@@tl@3@@tl@4@PEBUSUniquePointerInfo@core@4@AEBUSParameters@84@@Z 0000000140004efc f   umodsys_lib_basesys:umodsys.basesys.rmodulelib.obj
 0001:00003f78       ?cleanup@IModuleLibraryUni@rsystem@base@UModSys@@QEAA_KXZ 0000000140004f78 f   umodsys_lib_basesys:umodsys.basesys.rmodulelib.obj
 0001:00003fc4       ?load0@IModuleLibraryUni@rsystem@base@UModSys@@QEAA_NXZ 0000000140004fc4 f   umodsys_lib_basesys:umodsys.basesys.rmodulelib.obj
 0001:00004028       ?link@IModuleLibraryUni@rsystem@base@UModSys@@QEAA_NXZ 0000000140005028 f   umodsys_lib_basesys:umodsys.basesys.rmodulelib.obj
 0001:00004340       ?unlink@IModuleLibraryUni@rsystem@base@UModSys@@QEAA_NXZ 0000000140005340 f   umodsys_lib_basesys:umodsys.basesys.rmodulelib.obj
 0001:00004390       ?scan@IModuleLibraryUni@rsystem@base@UModSys@@QEAA_NXZ 0000000140005390 f   umodsys_lib_basesys:umodsys.basesys.rmodulelib.obj
 0001:00004404       ?save_db@IModuleLibraryUni@rsystem@base@UModSys@@QEAA_NPEAU_iobuf@@@Z 0000000140005404 f   umodsys_lib_basesys:umodsys.basesys.rmodulelib.obj
 0001:0000448c       ??_GIModuleLibraryUni@rsystem@base@UModSys@@UEAAPEAXI@Z 000000014000548c f i umodsys_lib_basesys:umodsys.basesys.rmodulelib.obj
 0001:0000448c       ??_EIModuleLibraryUni@rsystem@base@UModSys@@UEAAPEAXI@Z 000000014000548c f i  CIL library: CIL module
 0001:000044bc       ??1IModuleLibraryUni@rsystem@base@UModSys@@UEAA@XZ 00000001400054bc f   umodsys_lib_basesys:umodsys.basesys.rmodulelib.obj
 0001:00004564       ?Resize@?$TDynarray@U?$TDynarrayHolderDynamic@U?$TRefObject@URModuleLibrarySO@rsystem@base@UModSys@@U?$TRefObjectFunc@URModuleLibrarySO@rsystem@base@UModSys@@@tl@4@@tl@UModSys@@U?$TAllocator@USMemAlloc_Malloc@core@UModSys@@USCountCalcPower2@23@@23@@tl@UModSys@@@tl@UModSys@@QEAA_N_K@Z 0000000140005564 f i umodsys_lib_basesys:umodsys.basesys.rmoduleloader.obj
 0001:00004564       ?Resize@?$TDynarray@U?$TDynarrayHolderDynamic@U?$TRefObject@URModule@rsystem@base@UModSys@@U?$TRefObjectFunc@URModule@rsystem@base@UModSys@@@tl@4@@tl@UModSys@@U?$TAllocator@USMemAlloc_Malloc@core@UModSys@@USCountCalcPower2@23@@23@@tl@UModSys@@@tl@UModSys@@QEAA_N_K@Z 0000000140005564 f i umodsys_lib_basesys:umodsys.basesys.rmodulelib.obj
 0001:00004654       ?check_leaks@?$TRMemAlloc_CC@U?$TMemAllocHeader@USMagic@mem_headers@rsystem@base@UModSys@@U?$TPool@X@2345@USDebug@2345@UVoid@core@5@U895@@rsystem@base@UModSys@@USMemAlloc_Malloc@core@4@@rsystem@base@UModSys@@QEAA_K_NPEAUIExceptionHandler@core@4@@Z 0000000140005654 f i umodsys_lib_basesys:umodsys.basesys.rmodulelib.obj
 0001:00004700       ?upi_add@RSystem@rsystem@base@UModSys@@UEAAPEBUSUniquePointerInfo@core@4@PEBU564@@Z 0000000140005700 f   umodsys_lib_basesys:umodsys.basesys.rsystem.obj
 0001:00004830       ?upi_remove@RSystem@rsystem@base@UModSys@@UEAAHPEBUSUniquePointerInfo@core@4@@Z 0000000140005830 f   umodsys_lib_basesys:umodsys.basesys.rsystem.obj
 0001:00004834       ?persist_ctx@RSystem@rsystem@base@UModSys@@UEAAPEBUSSourceContext@core@4@PEBU564@@Z 0000000140005834 f   umodsys_lib_basesys:umodsys.basesys.rsystem.obj
 0001:00004964       ?get_params@RSystem@rsystem@base@UModSys@@UEAAPEAUIParameters@core@4@XZ 0000000140005964 f   umodsys_lib_basesys:umodsys.basesys.rsystem.obj
 0001:0000496c       ?get_console@RSystem@rsystem@base@UModSys@@UEAAPEAUIConsole@34@XZ 000000014000596c f   umodsys_lib_basesys:umodsys.basesys.rsystem.obj
 0001:00004974       ?get_sysmem@RSystem@rsystem@base@UModSys@@UEAAPEAUIMemAlloc@core@4@XZ 0000000140005974 f   umodsys_lib_basesys:umodsys.basesys.rsystem.obj
 0001:0000497c       ?get_sharemem@RSystem@rsystem@base@UModSys@@UEAAPEAUIMemAlloc@core@4@XZ 000000014000597c f   umodsys_lib_basesys:umodsys.basesys.rsystem.obj
 0001:00004984       ?get_modloader@RSystem@rsystem@base@UModSys@@UEAAPEAUIModuleLoader@34@XZ 0000000140005984 f   umodsys_lib_basesys:umodsys.basesys.rsystem.obj
 0001:0000498c       ?get_upr@RSystem@rsystem@base@UModSys@@UEAAPEAUIUniquePointerResolver@core@4@XZ 000000014000598c f   umodsys_lib_basesys:umodsys.basesys.rsystem.obj
 0001:00004998       ?get_sca@RSystem@rsystem@base@UModSys@@UEAAPEAUISourceContextAdapter@core@4@XZ 0000000140005998 f   umodsys_lib_basesys:umodsys.basesys.rsystem.obj
 0001:000049a4       ?find@?$TQuantArrayUnique@USSourceContext@core@UModSys@@$0BAA@USMemAlloc_Malloc@23@@tl@UModSys@@QEAAPEBUSSourceContext@core@3@AEBU453@@Z 00000001400059a4 f i umodsys_lib_basesys:umodsys.basesys.rsystem.obj
 0001:000049a4       ?find@?$TQuantArrayUnique@USUniquePointerInfo@core@UModSys@@$0BAA@USMemAlloc_Malloc@23@@tl@UModSys@@QEAAPEBUSUniquePointerInfo@core@3@AEBU453@@Z 00000001400059a4 f i umodsys_lib_basesys:umodsys.basesys.rsystem.obj
 0001:00004a80       ?add@?$TQuantArrayUnique@USSourceContext@core@UModSys@@$0BAA@USMemAlloc_Malloc@23@@tl@UModSys@@QEAAPEAUSSourceContext@core@3@AEBU453@@Z 0000000140005a80 f i umodsys_lib_basesys:umodsys.basesys.rsystem.obj
 0001:00004a80       ?add@?$TQuantArrayUnique@USUniquePointerInfo@core@UModSys@@$0BAA@USMemAlloc_Malloc@23@@tl@UModSys@@QEAAPEAUSUniquePointerInfo@core@3@AEBU453@@Z 0000000140005a80 f i umodsys_lib_basesys:umodsys.basesys.rsystem.obj
 0001:00004bc0       ?s_last@?$TQuantArrayUnique@USUniquePointerInfo@core@UModSys@@$0BAA@USMemAlloc_Malloc@23@@tl@UModSys@@KAHPEBU?$TQuantArrayNode@USUniquePointerInfo@core@UModSys@@$0BAA@@23@0@Z 0000000140005bc0 f i umodsys_lib_basesys:umodsys.basesys.rsystem.obj
 0001:00004bc0       ?s_last@?$TQuantArrayUnique@USSourceContext@core@UModSys@@$0BAA@USMemAlloc_Malloc@23@@tl@UModSys@@KAHPEBU?$TQuantArrayNode@USSourceContext@core@UModSys@@$0BAA@@23@0@Z 0000000140005bc0 f i umodsys_lib_basesys:umodsys.basesys.rsystem.obj
 0001:00004bc8       ??$insert_node_m@P6AHPEBU?$TQuantArrayNode@USUniquePointerInfo@core@UModSys@@$0BAA@@tl@UModSys@@0@Z@?$TTreeHoldRB@U?$TQuantArrayNode@USUniquePointerInfo@core@UModSys@@$0BAA@@tl@UModSys@@@tl@UModSys@@QEAAPEAU?$TQuantArrayNode@USUniquePointerInfo@core@UModSys@@$0BAA@@12@PEAU312@P6AHPEBU312@1@Z@Z 0000000140005bc8 f i umodsys_lib_basesys:umodsys.basesys.rsystem.obj
 0001:00004bc8       ??$insert_node_m@P6AHPEBU?$TQuantArrayNode@USSourceContext@core@UModSys@@$0BAA@@tl@UModSys@@0@Z@?$TTreeHoldRB@U?$TQuantArrayNode@USSourceContext@core@UModSys@@$0BAA@@tl@UModSys@@@tl@UModSys@@QEAAPEAU?$TQuantArrayNode@USSourceContext@core@UModSys@@$0BAA@@12@PEAU312@P6AHPEBU312@1@Z@Z 0000000140005bc8 f i umodsys_lib_basesys:umodsys.basesys.rsystem.obj
 0001:00004dcc       ?get_interface_info@RParameters@rsystem@base@UModSys@@UEBAAEBUSUniquePointerInfo@core@4@XZ 0000000140005dcc f i umodsys_lib_basesys:umodsys.basesys.rparameters.obj
 0001:00004dd4       ?get_interface_type@RParameters@rsystem@base@UModSys@@UEBAPEBUSUniquePointerInfo@core@4@XZ 0000000140005dd4 f i umodsys_lib_basesys:umodsys.basesys.rparameters.obj
 0001:00004ddc       ?get_other_interface@RParameters@rsystem@base@UModSys@@UEAAPEAUIRoot@core@4@PEBUSUniquePointerInfo@64@@Z 0000000140005ddc f i umodsys_lib_basesys:umodsys.basesys.rparameters.obj
 0001:00004ddc       ?get_other_interface@RParameters@rsystem@base@UModSys@@UEBAPEBUIRoot@core@4@PEBUSUniquePointerInfo@64@@Z 0000000140005ddc f i umodsys_lib_basesys:umodsys.basesys.rparameters.obj
 0001:00004e0c       ?ref_add@RParameters@rsystem@base@UModSys@@UEBAXXZ 0000000140005e0c f i umodsys_lib_basesys:umodsys.basesys.rparameters.obj
 0001:00004e10       ?ref_remove@RParameters@rsystem@base@UModSys@@UEBAXXZ 0000000140005e10 f i umodsys_lib_basesys:umodsys.basesys.rparameters.obj
 0001:00004e28       ?ref_links@RParameters@rsystem@base@UModSys@@UEBAHXZ 0000000140005e28 f i umodsys_lib_basesys:umodsys.basesys.rparameters.obj
 0001:00004e2c       ?ref_weak@RParameters@rsystem@base@UModSys@@UEBA_NAEAUWeakPointer@IRefObject@core@4@@Z 0000000140005e2c f i umodsys_lib_basesys:umodsys.basesys.rparameters.obj
 0001:00004e4c       ?suicide@IRoot@core@UModSys@@UEAAXXZ 0000000140005e4c f i umodsys_lib_core:umodsys.core.objects.obj
 0001:00004e4c       ?suicide@RModuleLibraryThis@rsystem@base@UModSys@@UEAAXXZ 0000000140005e4c f i umodsys_lib_basesys:umodsys.basesys.rmodulelibthis.obj
 0001:00004e4c       ?suicide@RModuleLibrarySO@rsystem@base@UModSys@@UEAAXXZ 0000000140005e4c f i umodsys_lib_basesys:umodsys.basesys.rmodulelibso.obj
 0001:00004e4c       ?suicide@RParameters@rsystem@base@UModSys@@UEAAXXZ 0000000140005e4c f i umodsys_lib_basesys:umodsys.basesys.rparameters.obj
 0001:00004e64       ?find_elem@RParameters@rsystem@base@UModSys@@IEAAPEBUElem@1234@PEBXHHHPEBD@Z 0000000140005e64 f   umodsys_lib_basesys:umodsys.basesys.rparameters.obj
 0001:00004efc       ?free_elems@RParameters@rsystem@base@UModSys@@IEAAXPEAXH@Z 0000000140005efc f   umodsys_lib_basesys:umodsys.basesys.rparameters.obj
 0001:00004f94       ?alloc_elems@RParameters@rsystem@base@UModSys@@IEAAXPEAXH@Z 0000000140005f94 f   umodsys_lib_basesys:umodsys.basesys.rparameters.obj
 0001:00005018       ?add_last@RParameters@rsystem@base@UModSys@@IEAA_NPEAUSParametersData@core@4@PEBDPEBXH@Z 0000000140006018 f   umodsys_lib_basesys:umodsys.basesys.rparameters.obj
 0001:000052c0       ?p_deinit@RParameters@rsystem@base@UModSys@@UEAAXPEAUSParametersData@core@4@@Z 00000001400062c0 f   umodsys_lib_basesys:umodsys.basesys.rparameters.obj
 0001:00005330       ?p_init@RParameters@rsystem@base@UModSys@@UEAAXPEAUSParametersData@core@4@H@Z 0000000140006330 f   umodsys_lib_basesys:umodsys.basesys.rparameters.obj
 0001:000053d8       ?p_init@RParameters@rsystem@base@UModSys@@UEAAXPEAUSParametersData@core@4@AEBU564@@Z 00000001400063d8 f   umodsys_lib_basesys:umodsys.basesys.rparameters.obj
 0001:000054cc       ?p_copy@RParameters@rsystem@base@UModSys@@UEAAXPEAUSParametersData@core@4@AEBU564@@Z 00000001400064cc f   umodsys_lib_basesys:umodsys.basesys.rparameters.obj
 0001:00005618       ?p_init_s@RParameters@rsystem@base@UModSys@@UEAAXPEAUSParametersData@core@4@PEAXH@Z 0000000140006618 f   umodsys_lib_basesys:umodsys.basesys.rparameters.obj
 0001:00005650       ?p_init_s@RParameters@rsystem@base@UModSys@@UEAAXPEAUSParametersData@core@4@AEBU564@PEAXH@Z 0000000140006650 f   umodsys_lib_basesys:umodsys.basesys.rparameters.obj
 0001:000056d0       ?next@RParameters@rsystem@base@UModSys@@UEAA_NPEBUSParametersData@core@4@AEAPEBD@Z 00000001400066d0 f   umodsys_lib_basesys:umodsys.basesys.rparameters.obj
 0001:000057a8       ?next@RParameters@rsystem@base@UModSys@@UEAA_NPEBUSParametersData@core@4@AEAU?$TString@U?$TSCoreConst@D@su@tl@UModSys@@U?$TComparerBinaryHash@D@234@@tl@4@@Z 00000001400067a8 f   umodsys_lib_basesys:umodsys.basesys.rparameters.obj
 0001:000058d8       ?add@RParameters@rsystem@base@UModSys@@UEAA_NPEAUSParametersData@core@4@PEBD1@Z 00000001400068d8 f   umodsys_lib_basesys:umodsys.basesys.rparameters.obj
 0001:000058f0       ?add@RParameters@rsystem@base@UModSys@@UEAA_NPEAUSParametersData@core@4@PEBDH@Z 00000001400068f0 f   umodsys_lib_basesys:umodsys.basesys.rparameters.obj
 0001:00005910       ?add@RParameters@rsystem@base@UModSys@@UEAA_NPEAUSParametersData@core@4@PEBDAEBN@Z 0000000140006910 f   umodsys_lib_basesys:umodsys.basesys.rparameters.obj
 0001:00005928       ?add@RParameters@rsystem@base@UModSys@@UEAA_NPEAUSParametersData@core@4@PEBDPEAUIRefObject@64@@Z 0000000140006928 f   umodsys_lib_basesys:umodsys.basesys.rparameters.obj
 0001:00005948       ?get@RParameters@rsystem@base@UModSys@@UEAA_NPEBUSParametersData@core@4@PEBDAEAPEBD@Z 0000000140006948 f   umodsys_lib_basesys:umodsys.basesys.rparameters.obj
 0001:000059c0       ?get@RParameters@rsystem@base@UModSys@@UEAA_NPEBUSParametersData@core@4@PEBDAEAH@Z 00000001400069c0 f   umodsys_lib_basesys:umodsys.basesys.rparameters.obj
 0001:00005a34       ?get@RParameters@rsystem@base@UModSys@@UEAA_NPEBUSParametersData@core@4@PEBDAEAN@Z 0000000140006a34 f   umodsys_lib_basesys:umodsys.basesys.rparameters.obj
 0001:00005aac       ?get@RParameters@rsystem@base@UModSys@@UEAA_NPEBUSParametersData@core@4@PEBDAEAPEAUIRefObject@64@@Z 0000000140006aac f   umodsys_lib_basesys:umodsys.basesys.rparameters.obj
 0001:00005bc4       ?pfd_load@RModuleLibrarySO@rsystem@base@UModSys@@SAPEAUIModuleLibraryReg@34@PEAUPFD_Data@1234@AEBU?$TString@U?$TSCoreConst@D@su@tl@UModSys@@U?$TComparerBinaryHash@D@234@@tl@4@@Z 0000000140006bc4 f   umodsys_lib_basesys:umodsys.basesys.rmodule.win32.obj
 0001:00005d04       ?pfd_unload@RModuleLibrarySO@rsystem@base@UModSys@@SA_NPEAUPFD_Data@1234@@Z 0000000140006d04 f   umodsys_lib_basesys:umodsys.basesys.rmodule.win32.obj
 0001:00006064       ??0?$WinPath@$0BAAA@@syshlp@core@UModSys@@QEAA@PEB_W0@Z 0000000140007064 f i umodsys_lib_basesys:umodsys.basesys.rmodule.win32.obj
 0001:00006150       ??0?$U16String@$0BAAA@@syshlp@core@UModSys@@QEAA@PEBD@Z 0000000140007150 f i umodsys_lib_basesys:umodsys.basesys.rmodule.win32.obj
 0001:000061c8       ?get_interface_info@RModule@rsystem@base@UModSys@@UEBAAEBUSUniquePointerInfo@core@4@XZ 00000001400071c8 f i umodsys_lib_basesys:umodsys.basesys.rmodule.obj
 0001:000061d0       ?get_interface_type@RModule@rsystem@base@UModSys@@UEBAPEBUSUniquePointerInfo@core@4@XZ 00000001400071d0 f i umodsys_lib_basesys:umodsys.basesys.rmodule.obj
 0001:000061d8       ?get_other_interface@RModule@rsystem@base@UModSys@@UEAAPEAUIRoot@core@4@PEBUSUniquePointerInfo@64@@Z 00000001400071d8 f i umodsys_lib_basesys:umodsys.basesys.rmodule.obj
 0001:000061d8       ?get_other_interface@RModule@rsystem@base@UModSys@@UEBAPEBUIRoot@core@4@PEBUSUniquePointerInfo@64@@Z 00000001400071d8 f i umodsys_lib_basesys:umodsys.basesys.rmodule.obj
 0001:00006208       ?ref_add@RModule@rsystem@base@UModSys@@UEBAXXZ 0000000140007208 f i umodsys_lib_basesys:umodsys.basesys.rmodule.obj
 0001:00006210       ?ref_remove@RModule@rsystem@base@UModSys@@UEBAXXZ 0000000140007210 f i umodsys_lib_basesys:umodsys.basesys.rmodule.obj
 0001:00006228       ?ref_links@RModule@rsystem@base@UModSys@@UEBAHXZ 0000000140007228 f i umodsys_lib_basesys:umodsys.basesys.rmodule.obj
 0001:00006230       ?ref_weak@RModule@rsystem@base@UModSys@@UEBA_NAEAUWeakPointer@IRefObject@core@4@@Z 0000000140007230 f i umodsys_lib_basesys:umodsys.basesys.rmodule.obj
 0001:00006254       ?suicide@RModule@rsystem@base@UModSys@@UEAAXXZ 0000000140007254 f i umodsys_lib_basesys:umodsys.basesys.rmodule.obj
 0001:0000629c       ?get_library@RModule@rsystem@base@UModSys@@UEBAPEAUIModuleLibrary@34@XZ 000000014000729c f   umodsys_lib_basesys:umodsys.basesys.rmodule.obj
 0001:000062a4       ?get_info@RModule@rsystem@base@UModSys@@UEBAAEBUSModuleInfo@34@XZ 00000001400072a4 f   umodsys_lib_basesys:umodsys.basesys.rmodule.obj
 0001:000062ac       ?is_open@RModule@rsystem@base@UModSys@@UEBA_NXZ 00000001400072ac f   umodsys_lib_basesys:umodsys.basesys.rmodule.obj
 0001:000062d8       ?open@RModule@rsystem@base@UModSys@@UEAA_NXZ 00000001400072d8 f   umodsys_lib_basesys:umodsys.basesys.rmodule.obj
 0001:00006350       ?close@RModule@rsystem@base@UModSys@@UEAA_NXZ 0000000140007350 f   umodsys_lib_basesys:umodsys.basesys.rmodule.obj
 0001:000063a8       ?reg@RModule@rsystem@base@UModSys@@UEAA_NPEAUIModObject@34@_N@Z 00000001400073a8 f   umodsys_lib_basesys:umodsys.basesys.rmodule.obj
 0001:000063c8       ?reg@RModule@rsystem@base@UModSys@@UEAA_NPEAUIGenerator@34@_N@Z 00000001400073c8 f   umodsys_lib_basesys:umodsys.basesys.rmodule.obj
 0001:00006414       ?mod_findobjname@RModule@rsystem@base@UModSys@@UEAA_KPEBUSUniquePointerInfo@core@4@QEAPEBU564@_KPEBD@Z 0000000140007414 f   umodsys_lib_basesys:umodsys.basesys.rmodule.obj
 0001:00006564       ?mod_generate@RModule@rsystem@base@UModSys@@UEAA_NAEAU?$TRefObject@UIRefObject@core@UModSys@@U?$TRefObjectFunc@UIRefObject@core@UModSys@@@tl@3@@tl@4@PEBUSUniquePointerInfo@core@4@AEBUSParameters@84@@Z 0000000140007564 f   umodsys_lib_basesys:umodsys.basesys.rmodule.obj
 0001:000066b8       ?reg_generator@RModule@rsystem@base@UModSys@@QEAA_NPEAUModuleObjInfo@1234@PEAUIGenerator@34@@Z 00000001400076b8 f   umodsys_lib_basesys:umodsys.basesys.rmodule.obj
 0001:000068b0       ?reg_obj@RModule@rsystem@base@UModSys@@QEAAPEAUModuleObjInfo@1234@PEAUIModObject@34@@Z 00000001400078b0 f   umodsys_lib_basesys:umodsys.basesys.rmodule.obj
 0001:00006a3c       ?unreg_obj@RModule@rsystem@base@UModSys@@QEAA_NPEAUIModObject@34@@Z 0000000140007a3c f   umodsys_lib_basesys:umodsys.basesys.rmodule.obj
 0001:00006b44       ?alloc_minfo@RModule@rsystem@base@UModSys@@QEAA_NAEBUSModuleInfo@34@@Z 0000000140007b44 f   umodsys_lib_basesys:umodsys.basesys.rmodule.obj
 0001:00006c04       ?save_db@RModule@rsystem@base@UModSys@@QEAA_NPEAU_iobuf@@@Z 0000000140007c04 f   umodsys_lib_basesys:umodsys.basesys.rmodule.obj
 0001:00006df8       ??_ERModule@rsystem@base@UModSys@@UEAAPEAXI@Z 0000000140007df8 f i  CIL library: CIL module
 0001:00006df8       ??_GRModule@rsystem@base@UModSys@@UEAAPEAXI@Z 0000000140007df8 f i umodsys_lib_basesys:umodsys.basesys.rmodule.obj
 0001:00006f44       ??1?$TDynarrayDynamic@UModuleObjInfo@RModule@rsystem@base@UModSys@@U?$TAllocator@USMemAlloc_Malloc@core@UModSys@@USCountCalcPower2@23@@tl@5@@tl@UModSys@@QEAA@XZ 0000000140007f44 f i umodsys_lib_basesys:umodsys.basesys.rmodule.obj
 0001:00006f94       ??1?$TDynarrayDynamic@UGeneratedObjInfo@RModule@rsystem@base@UModSys@@U?$TAllocator@USMemAlloc_Malloc@core@UModSys@@USCountCalcPower2@23@@tl@5@@tl@UModSys@@QEAA@XZ 0000000140007f94 f i umodsys_lib_basesys:umodsys.basesys.rmodule.obj
 0001:00006fe0       ??1?$TDynarrayDynamic@PEBUSUniquePointerInfo@core@UModSys@@U?$TAllocator@USMemAlloc_Malloc@core@UModSys@@USCountCalcPower2@23@@tl@3@@tl@UModSys@@QEAA@XZ 0000000140007fe0 f i umodsys_lib_basesys:umodsys.basesys.rmodule.obj
 0001:0000702c       ?ResizeRel@?$TDynarray@U?$TDynarrayHolderDynamic@UModuleObjInfo@RModule@rsystem@base@UModSys@@U?$TAllocator@USMemAlloc_Malloc@core@UModSys@@USCountCalcPower2@23@@tl@5@@tl@UModSys@@@tl@UModSys@@QEAA_N_J@Z 000000014000802c f i umodsys_lib_basesys:umodsys.basesys.rmodule.obj
 0001:00007110       ?ResizeRel@?$TDynarray@U?$TDynarrayHolderDynamic@UGeneratedObjInfo@RModule@rsystem@base@UModSys@@U?$TAllocator@USMemAlloc_Malloc@core@UModSys@@USCountCalcPower2@23@@tl@5@@tl@UModSys@@@tl@UModSys@@QEAA_N_J@Z 0000000140008110 f i umodsys_lib_basesys:umodsys.basesys.rmodule.obj
 0001:000071ec       ?ResizeRel@?$TDynarray@U?$TDynarrayHolderDynamic@PEBUSUniquePointerInfo@core@UModSys@@U?$TAllocator@USMemAlloc_Malloc@core@UModSys@@USCountCalcPower2@23@@tl@3@@tl@UModSys@@@tl@UModSys@@QEAA_N_J@Z 00000001400081ec f i umodsys_lib_basesys:umodsys.basesys.rmodule.obj
 0001:00007284       ??$wildcmp@D@su@tl@UModSys@@YA_NPEBD0@Z 0000000140008284 f i umodsys_lib_basesys:umodsys.basesys.rmodule.obj
 0001:0000730c       ?get_interface_info@RModuleLibrarySO@rsystem@base@UModSys@@UEBAAEBUSUniquePointerInfo@core@4@XZ 000000014000830c f i umodsys_lib_basesys:umodsys.basesys.rmodulelibso.obj
 0001:00007314       ?get_interface_type@RModuleLibrarySO@rsystem@base@UModSys@@UEBAPEBUSUniquePointerInfo@core@4@XZ 0000000140008314 f i umodsys_lib_basesys:umodsys.basesys.rmodulelibso.obj
 0001:0000731c       ?get_interface_types@RModuleLibraryThis@rsystem@base@UModSys@@UEBA_KAEAUSUniquePtrList@core@4@@Z 000000014000831c f i umodsys_lib_basesys:umodsys.basesys.rmodulelibthis.obj
 0001:0000731c       ?get_interface_types@RDataArchiver_OsDir@stdio@media@modules@UModSys@@UEBA_KAEAUSUniquePtrList@core@5@@Z 000000014000831c f i umodsys_lib_libmedia:umodsys.mod.media.stdio.obj
 0001:0000731c       ?get_interface_types@RStreamWriter_FILE@stdio@media@modules@UModSys@@UEBA_KAEAUSUniquePtrList@core@5@@Z 000000014000831c f i umodsys_lib_libmedia:umodsys.mod.media.stdio.obj
 0001:0000731c       ?get_interface_types@RModuleLibrarySO@rsystem@base@UModSys@@UEBA_KAEAUSUniquePtrList@core@4@@Z 000000014000831c f i umodsys_lib_basesys:umodsys.basesys.rmodulelibso.obj
 0001:0000731c       ?get_interface_types@RGenerator@stdio@media@modules@UModSys@@UEBA_KAEAUSUniquePtrList@core@5@@Z 000000014000831c f i umodsys_lib_libmedia:umodsys.mod.media.stdio.obj
 0001:0000731c       ?get_interface_types@RSystem@rsystem@base@UModSys@@UEBA_KAEAUSUniquePtrList@core@4@@Z 000000014000831c f i umodsys_lib_basesys:umodsys.basesys.rsystem_main.obj
 0001:0000731c       ?get_interface_types@RConsole_std@rsystem@base@UModSys@@UEBA_KAEAUSUniquePtrList@core@4@@Z 000000014000831c f i umodsys_lib_basesys:umodsys.basesys.rconsole_std.obj
 0001:0000731c       ?get_interface_types@RStreamReader_FILE@stdio@media@modules@UModSys@@UEBA_KAEAUSUniquePtrList@core@5@@Z 000000014000831c f i umodsys_lib_libmedia:umodsys.mod.media.stdio.obj
 0001:0000731c       ?get_interface_types@RParameters@rsystem@base@UModSys@@UEBA_KAEAUSUniquePtrList@core@4@@Z 000000014000831c f i umodsys_lib_basesys:umodsys.basesys.rparameters.obj
 0001:0000731c       ?get_interface_types@RModule@rsystem@base@UModSys@@UEBA_KAEAUSUniquePtrList@core@4@@Z 000000014000831c f i umodsys_lib_basesys:umodsys.basesys.rmodule.obj
 0001:00007324       ?get_other_interface@RModuleLibrarySO@rsystem@base@UModSys@@UEBAPEBUIRoot@core@4@PEBUSUniquePointerInfo@64@@Z 0000000140008324 f i umodsys_lib_basesys:umodsys.basesys.rmodulelibso.obj
 0001:00007324       ?get_other_interface@RModuleLibrarySO@rsystem@base@UModSys@@UEAAPEAUIRoot@core@4@PEBUSUniquePointerInfo@64@@Z 0000000140008324 f i umodsys_lib_basesys:umodsys.basesys.rmodulelibso.obj
 0001:0000735c       ?ref_add@RModuleLibrarySO@rsystem@base@UModSys@@UEBAXXZ 000000014000835c f i umodsys_lib_basesys:umodsys.basesys.rmodulelibso.obj
 0001:00007364       ?ref_remove@RModuleLibrarySO@rsystem@base@UModSys@@UEBAXXZ 0000000140008364 f i umodsys_lib_basesys:umodsys.basesys.rmodulelibso.obj
 0001:0000737c       ?ref_links@RModuleLibrarySO@rsystem@base@UModSys@@UEBAHXZ 000000014000837c f i umodsys_lib_basesys:umodsys.basesys.rmodulelibso.obj
 0001:00007384       ?ref_weak@RModuleLibrarySO@rsystem@base@UModSys@@UEBA_NAEAUWeakPointer@IRefObject@core@4@@Z 0000000140008384 f i umodsys_lib_basesys:umodsys.basesys.rmodulelibso.obj
 0001:000073a8       ?uni_load@RModuleLibrarySO@rsystem@base@UModSys@@UEAA_NXZ 00000001400083a8 f   umodsys_lib_basesys:umodsys.basesys.rmodulelibso.obj
 0001:000073f0       ?uni_unload@RModuleLibrarySO@rsystem@base@UModSys@@UEAA_NXZ 00000001400083f0 f   umodsys_lib_basesys:umodsys.basesys.rmodulelibso.obj
 0001:000073fc       ?uni_open@RModuleLibrarySO@rsystem@base@UModSys@@UEAA_NXZ 00000001400083fc f   umodsys_lib_basesys:umodsys.basesys.rmodulelibso.obj
 0001:00007438       ?uni_close@RModuleLibrarySO@rsystem@base@UModSys@@UEAA_NXZ 0000000140008438 f   umodsys_lib_basesys:umodsys.basesys.rmodulelibso.obj
 0001:00007454       ?s_add@RModuleLibrarySO@rsystem@base@UModSys@@SA_NPEAUISystem@34@AEAU?$TDynarrayDynamic@U?$TRefObject@URModuleLibrarySO@rsystem@base@UModSys@@U?$TRefObjectFunc@URModuleLibrarySO@rsystem@base@UModSys@@@tl@4@@tl@UModSys@@U?$TAllocator@USMemAlloc_Malloc@core@UModSys@@USCountCalcPower2@23@@23@@tl@4@PEBD@Z 0000000140008454 f   umodsys_lib_basesys:umodsys.basesys.rmodulelibso.obj
 0001:00007718       ??_GRModuleLibrarySO@rsystem@base@UModSys@@UEAAPEAXI@Z 0000000140008718 f i umodsys_lib_basesys:umodsys.basesys.rmodulelibso.obj
 0001:00007718       ??_ERModuleLibrarySO@rsystem@base@UModSys@@UEAAPEAXI@Z 0000000140008718 f i  CIL library: CIL module
 0001:00007774       ??4?$TString@U?$TSCoreShared@USMemAlloc_Malloc@core@UModSys@@D@su@tl@UModSys@@U?$TComparerBinaryHash@D@234@@tl@UModSys@@QEAAAEBU012@PEBD@Z 0000000140008774 f i umodsys_lib_basesys:umodsys.basesys.rmodulelibso.obj
 0001:00007870       ?Link@SModuleContext@base@UModSys@@QEAAXPEAUISystem@23@PEAUIMemAlloc@core@3@@Z 0000000140008870 f   umodsys_lib_base:umodsys.base.modulecontext.obj
 0001:000078e4       ?mlr_count@RModuleLibraryReg_Chain@base@UModSys@@UEBA_KXZ 00000001400088e4 f   umodsys_lib_base:umodsys.base.moduleregchain.obj
 0001:0000791c       ?mlr_get@RModuleLibraryReg_Chain@base@UModSys@@UEBAPEAUIModuleReg@23@_K@Z 000000014000891c f   umodsys_lib_base:umodsys.base.moduleregchain.obj
 0001:00007948       ?mlr_open@RModuleLibraryReg_Chain@base@UModSys@@UEAA_NPEAUISystem@23@PEAUIMemAlloc@core@3@@Z 0000000140008948 f   umodsys_lib_base:umodsys.base.moduleregchain.obj
 0001:00007974       ?mlr_close@RModuleLibraryReg_Chain@base@UModSys@@UEAA_NXZ 0000000140008974 f   umodsys_lib_base:umodsys.base.moduleregchain.obj
 0001:000079bc       ?mlr_isopen@RModuleLibraryReg_Chain@base@UModSys@@UEBA_NXZ 00000001400089bc f   umodsys_lib_base:umodsys.base.moduleregchain.obj
 0001:000079cc       UModSys_Plugin_Entry2      00000001400089cc f   umodsys_lib_base:umodsys.so_main.win32.obj
 0001:000079d4       ??_ERModuleReg@stdio@media@modules@UModSys@@UEAAPEAXI@Z 00000001400089d4 f i  CIL library: CIL module
 0001:000079d4       ??_GRModuleReg@stdio@media@modules@UModSys@@UEAAPEAXI@Z 00000001400089d4 f i umodsys_lib_libmedia:umodsys.mod.media.stdio.obj
 0001:000079d4       ??_EIModuleReg@base@UModSys@@UEAAPEAXI@Z 00000001400089d4 f i  CIL library: CIL module
 0001:000079d4       ??_GIModuleReg@base@UModSys@@UEAAPEAXI@Z 00000001400089d4 f i umodsys_lib_base:umodsys.base.modulereg.obj
 0001:000079fc       ?mr_isopen@IModuleReg@base@UModSys@@UEBA_NXZ 00000001400089fc f   umodsys_lib_base:umodsys.base.modulereg.obj
 0001:00007a08       ?mr_open@IModuleReg@base@UModSys@@UEAA_NXZ 0000000140008a08 f   umodsys_lib_base:umodsys.base.modulereg.obj
 0001:00007a2c       ?mr_close@IModuleReg@base@UModSys@@UEAA_NXZ 0000000140008a2c f   umodsys_lib_base:umodsys.base.modulereg.obj
 0001:00007a48       ??_ERModuleLibraryReg_Chain@base@UModSys@@UEAAPEAXI@Z 0000000140008a48 f i  CIL library: CIL module
 0001:00007a48       ??_GRModuleLibraryReg_Chain@base@UModSys@@UEAAPEAXI@Z 0000000140008a48 f i umodsys_lib_base:umodsys.base.moduleregchain.obj
 0001:00007a48       ??_GIModuleLibraryReg@base@UModSys@@UEAAPEAXI@Z 0000000140008a48 f i umodsys_lib_base:umodsys.base.modulereg.obj
 0001:00007a48       ??_EIModuleLibraryReg@base@UModSys@@UEAAPEAXI@Z 0000000140008a48 f i  CIL library: CIL module
 0001:00007a70       ??1IModuleLoader@base@UModSys@@UEAA@XZ 0000000140008a70 f   umodsys_lib_base:umodsys.base.moduleloader.obj
 0001:00007a7c       ??1ISystem@base@UModSys@@UEAA@XZ 0000000140008a7c f   umodsys_lib_base:umodsys.base.system.obj
 0001:00007a7c       ??1IStreamWriter@libmedia@UModSys@@UEAA@XZ 0000000140008a7c f   umodsys_lib_libmedia:umodsys.mod.media.stdio.obj
 0001:00007a7c       ??1IStreamReader@libmedia@UModSys@@UEAA@XZ 0000000140008a7c f   umodsys_lib_libmedia:umodsys.mod.media.stdio.obj
 0001:00007a7c       ??1IModule@base@UModSys@@UEAA@XZ 0000000140008a7c f   umodsys_lib_base:umodsys.base.module.obj
 0001:00007a7c       ??1IDataArchive@libmedia@UModSys@@UEAA@XZ 0000000140008a7c f   umodsys_lib_libmedia:umodsys.mod.media.stdio.obj
 0001:00007a88       ??0SUniquePointer@core@UModSys@@QEAA@PEBD0H@Z 0000000140008a88 f   umodsys_lib_core:umodsys.core.uniqueptr.obj
 0001:00007ad8       ??1SUniquePointer@core@UModSys@@QEAA@XZ 0000000140008ad8 f   umodsys_lib_core:umodsys.core.uniqueptr.obj
 0001:00007b00       ?s_resolve@SUniquePointer@core@UModSys@@SAXPEAUIUniquePointerResolver@23@@Z 0000000140008b00 f   umodsys_lib_core:umodsys.core.uniqueptr.obj
 0001:00007b68       ?s_unresolve@SUniquePointer@core@UModSys@@SAXPEAUIUniquePointerResolver@23@@Z 0000000140008b68 f   umodsys_lib_core:umodsys.core.uniqueptr.obj
 0001:00007bbc       ?u_fopen@syshlp@core@UModSys@@YAPEAU_iobuf@@PEBD0@Z 0000000140008bbc f   umodsys_lib_core:umodsys.core.syshlp_files.win32.obj
 0001:00007c90       ?u_fopentemp@syshlp@core@UModSys@@YAPEAU_iobuf@@AEAPEADPEBD@Z 0000000140008c90 f   umodsys_lib_core:umodsys.core.syshlp_files.win32.obj
 0001:00007d58       ?u_fendtemp@syshlp@core@UModSys@@YA_NAEAPEAU_iobuf@@AEAPEAD_N@Z 0000000140008d58 f   umodsys_lib_core:umodsys.core.syshlp_files.win32.obj
 0001:00007e2c       ??3IRoot@core@UModSys@@SAXPEAX@Z 0000000140008e2c f   umodsys_lib_core:umodsys.core.objects.obj
 0001:00007e54       ?gracial_convert@syshlp@core@UModSys@@YA_NPEADHPEB_WH@Z 0000000140008e54 f   umodsys_lib_core:umodsys.core.syshlp_charcode.win32.obj
 0001:00007e9c       _onexit                    0000000140008e9c f   MSVCRT:atonexit.obj
 0001:00007f4c       atexit                     0000000140008f4c f   MSVCRT:atonexit.obj
 0001:00008234       mainCRTStartup             0000000140009234 f   MSVCRT:crtexe.obj
 0001:00008246       _purecall                  0000000140009246 f   MSVCRT:MSVCR90.dll
 0001:0000824c       ??3@YAXPEAX@Z              000000014000924c f   MSVCRT:MSVCR90.dll
 0001:00008254       ??_Etype_info@@UEAAPEAXI@Z 0000000140009254 f i MSVCRT:ti_inst.obj
 0001:000082be       __C_specific_handler       00000001400092be f   MSVCRT:MSVCR90.dll
 0001:000082c4       _unlock                    00000001400092c4 f   MSVCRT:MSVCR90.dll
 0001:000082ca       __dllonexit                00000001400092ca f   MSVCRT:MSVCR90.dll
 0001:000082d0       _lock                      00000001400092d0 f   MSVCRT:MSVCR90.dll
 0001:000082d8       ?__CxxUnhandledExceptionFilter@@YAJPEAU_EXCEPTION_POINTERS@@@Z 00000001400092d8 f   MSVCRT:unhandld.obj
 0001:0000831c       __CxxSetUnhandledExceptionFilter 000000014000931c f   MSVCRT:unhandld.obj
 0001:00008334       _amsg_exit                 0000000140009334 f   MSVCRT:MSVCR90.dll
 0001:0000833c       _RTC_Initialize            000000014000933c f   MSVCRT:_initsect_.obj
 0001:00008374       _RTC_Terminate             0000000140009374 f   MSVCRT:_initsect_.obj
 0001:000083ac       _XcptFilter                00000001400093ac f   MSVCRT:MSVCR90.dll
 0001:000083c0       _ValidateImageBase         00000001400093c0 f   MSVCRT:pesect.obj
 0001:000083f0       _FindPESection             00000001400093f0 f   MSVCRT:pesect.obj
 0001:00008440       _IsNonwritableInCurrentImage 0000000140009440 f   MSVCRT:pesect.obj
 0001:00008482       _initterm                  0000000140009482 f   MSVCRT:MSVCR90.dll
 0001:00008488       _initterm_e                0000000140009488 f   MSVCRT:MSVCR90.dll
 0001:00008490       __security_init_cookie     0000000140009490 f   MSVCRT:gs_support.obj
 0001:00008544       ?__ArrayUnwind@@YAXPEAX_KHP6AX0@Z@Z 0000000140009544 f   MSVCRT:ehvecdtr.obj
 0001:00008590       ??_M@YAXPEAX_KHP6AX0@Z@Z   0000000140009590 f   MSVCRT:ehvecdtr.obj
 0001:000085ee       ?terminate@@YAXXZ          00000001400095ee f   MSVCRT:MSVCR90.dll
 0001:000085f4       ??1type_info@@UEAA@XZ      00000001400095f4 f   MSVCRT:MSVCR90.dll
 0001:000085f4       ?_type_info_dtor_internal_method@type_info@@QEAAXXZ 00000001400095f4 f   MSVCRT:MSVCR90.dll
 0001:000085fa       memcpy                     00000001400095fa f   MSVCRT:MSVCR90.dll
 0001:00008600       __CxxFrameHandler3         0000000140009600 f   MSVCRT:MSVCR90.dll
 0001:00008606       _CxxThrowException         0000000140009606 f   MSVCRT:MSVCR90.dll
 0001:00008620       __chkstk                   0000000140009620 f   MSVCRT:chkstk.obj
 0001:00008620       _alloca_probe              0000000140009620     MSVCRT:chkstk.obj
 0002:00000000       __imp_GetCurrentProcessId  000000014000b000     kernel32:KERNEL32.dll
 0002:00000008       __imp_GetCurrentThreadId   000000014000b008     kernel32:KERNEL32.dll
 0002:00000010       __imp_GetTickCount         000000014000b010     kernel32:KERNEL32.dll
 0002:00000018       __imp_QueryPerformanceCounter 000000014000b018     kernel32:KERNEL32.dll
 0002:00000020       __imp_SetUnhandledExceptionFilter 000000014000b020     kernel32:KERNEL32.dll
 0002:00000028       __imp_Sleep                000000014000b028     kernel32:KERNEL32.dll
 0002:00000030       __imp_MultiByteToWideChar  000000014000b030     kernel32:KERNEL32.dll
 0002:00000038       __imp_WideCharToMultiByte  000000014000b038     kernel32:KERNEL32.dll
 0002:00000040       __imp_SetConsoleOutputCP   000000014000b040     kernel32:KERNEL32.dll
 0002:00000048       __imp_GetLastError         000000014000b048     kernel32:KERNEL32.dll
 0002:00000050       __imp_GetConsoleOutputCP   000000014000b050     kernel32:KERNEL32.dll
 0002:00000058       __imp_FindNextFileW        000000014000b058     kernel32:KERNEL32.dll
 0002:00000060       __imp_FindClose            000000014000b060     kernel32:KERNEL32.dll
 0002:00000068       __imp_GetProcAddress       000000014000b068     kernel32:KERNEL32.dll
 0002:00000070       __imp_GetModuleFileNameW   000000014000b070     kernel32:KERNEL32.dll
 0002:00000078       __imp_GetModuleHandleW     000000014000b078     kernel32:KERNEL32.dll
 0002:00000080       __imp_LoadLibraryExW       000000014000b080     kernel32:KERNEL32.dll
 0002:00000088       __imp_FreeLibrary          000000014000b088     kernel32:KERNEL32.dll
 0002:00000090       __imp_SetErrorMode         000000014000b090     kernel32:KERNEL32.dll
 0002:00000098       __imp_FindFirstFileW       000000014000b098     kernel32:KERNEL32.dll
 0002:000000a0       __imp_GetFullPathNameW     000000014000b0a0     kernel32:KERNEL32.dll
 0002:000000a8       __imp_GetSystemTimeAsFileTime 000000014000b0a8     kernel32:KERNEL32.dll
 0002:000000b0       \177KERNEL32_NULL_THUNK_DATA 000000014000b0b0     kernel32:KERNEL32.dll
 0002:000000b8       __imp__vsnprintf           000000014000b0b8     MSVCRT:MSVCR90.dll
 0002:000000c0       __imp___C_specific_handler 000000014000b0c0     MSVCRT:MSVCR90.dll
 0002:000000c8       __imp__unlock              000000014000b0c8     MSVCRT:MSVCR90.dll
 0002:000000d0       __imp___dllonexit          000000014000b0d0     MSVCRT:MSVCR90.dll
 0002:000000d8       __imp__encode_pointer      000000014000b0d8     MSVCRT:MSVCR90.dll
 0002:000000e0       __imp__lock                000000014000b0e0     MSVCRT:MSVCR90.dll
 0002:000000e8       __imp__onexit              000000014000b0e8     MSVCRT:MSVCR90.dll
 0002:000000f0       __imp__decode_pointer      000000014000b0f0     MSVCRT:MSVCR90.dll
 0002:000000f8       __imp__amsg_exit           000000014000b0f8     MSVCRT:MSVCR90.dll
 0002:00000100       __imp___getmainargs        000000014000b100     MSVCRT:MSVCR90.dll
 0002:00000108       __imp__XcptFilter          000000014000b108     MSVCRT:MSVCR90.dll
 0002:00000110       __imp__cexit               000000014000b110     MSVCRT:MSVCR90.dll
 0002:00000118       __imp_exit                 000000014000b118     MSVCRT:MSVCR90.dll
 0002:00000120       __imp___initenv            000000014000b120     MSVCRT:MSVCR90.dll
 0002:00000128       __imp__initterm            000000014000b128     MSVCRT:MSVCR90.dll
 0002:00000130       __imp__initterm_e          000000014000b130     MSVCRT:MSVCR90.dll
 0002:00000138       __imp__configthreadlocale  000000014000b138     MSVCRT:MSVCR90.dll
 0002:00000140       __imp___setusermatherr     000000014000b140     MSVCRT:MSVCR90.dll
 0002:00000148       __imp__commode             000000014000b148     MSVCRT:MSVCR90.dll
 0002:00000150       __imp__fmode               000000014000b150     MSVCRT:MSVCR90.dll
 0002:00000158       __imp___set_app_type       000000014000b158     MSVCRT:MSVCR90.dll
 0002:00000160       __imp_?terminate@@YAXXZ    000000014000b160     MSVCRT:MSVCR90.dll
 0002:00000168       __imp_?_type_info_dtor_internal_method@type_info@@QEAAXXZ 000000014000b168     MSVCRT:MSVCR90.dll
 0002:00000170       __imp_remove               000000014000b170     MSVCRT:MSVCR90.dll
 0002:00000178       __imp__wfopen              000000014000b178     MSVCRT:MSVCR90.dll
 0002:00000180       __imp_rename               000000014000b180     MSVCRT:MSVCR90.dll
 0002:00000188       __imp_realloc              000000014000b188     MSVCRT:MSVCR90.dll
 0002:00000190       __imp_fprintf              000000014000b190     MSVCRT:MSVCR90.dll
 0002:00000198       __imp_strncpy              000000014000b198     MSVCRT:MSVCR90.dll
 0002:000001a0       __imp_strncmp              000000014000b1a0     MSVCRT:MSVCR90.dll
 0002:000001a8       __imp__snprintf            000000014000b1a8     MSVCRT:MSVCR90.dll
 0002:000001b0       __imp_malloc               000000014000b1b0     MSVCRT:MSVCR90.dll
 0002:000001b8       __imp_free                 000000014000b1b8     MSVCRT:MSVCR90.dll
 0002:000001c0       __imp_vfprintf             000000014000b1c0     MSVCRT:MSVCR90.dll
 0002:000001c8       __imp___iob_func           000000014000b1c8     MSVCRT:MSVCR90.dll
 0002:000001d0       __imp_strstr               000000014000b1d0     MSVCRT:MSVCR90.dll
 0002:000001d8       __imp_fclose               000000014000b1d8     MSVCRT:MSVCR90.dll
 0002:000001e0       __imp_fseek                000000014000b1e0     MSVCRT:MSVCR90.dll
 0002:000001e8       __imp_ftell                000000014000b1e8     MSVCRT:MSVCR90.dll
 0002:000001f0       __imp_fwrite               000000014000b1f0     MSVCRT:MSVCR90.dll
 0002:000001f8       __imp__fileno              000000014000b1f8     MSVCRT:MSVCR90.dll
 0002:00000200       __imp_??3@YAXPEAX@Z        000000014000b200     MSVCRT:MSVCR90.dll
 0002:00000208       __imp__purecall            000000014000b208     MSVCRT:MSVCR90.dll
 0002:00000210       __imp_fread                000000014000b210     MSVCRT:MSVCR90.dll
 0002:00000218       __imp__chsize              000000014000b218     MSVCRT:MSVCR90.dll
 0002:00000220       __imp__exit                000000014000b220     MSVCRT:MSVCR90.dll
 0002:00000228       __imp_fflush               000000014000b228     MSVCRT:MSVCR90.dll
 0002:00000230       __imp_memcpy               000000014000b230     MSVCRT:MSVCR90.dll
 0002:00000238       __imp___CxxFrameHandler3   000000014000b238     MSVCRT:MSVCR90.dll
 0002:00000240       __imp__CxxThrowException   000000014000b240     MSVCRT:MSVCR90.dll
 0002:00000248       \177MSVCR90_NULL_THUNK_DATA 000000014000b248     MSVCRT:MSVCR90.dll
 0002:00000250       __xc_a                     000000014000b250     MSVCRT:cinitexe.obj
 0002:00000418       __xc_z                     000000014000b418     MSVCRT:cinitexe.obj
 0002:00000420       __xi_a                     000000014000b420     MSVCRT:cinitexe.obj
 0002:00000438       __xi_z                     000000014000b438     MSVCRT:cinitexe.obj
 0002:00000448       ??_7type_info@@6B@         000000014000b448     MSVCRT:ti_inst.obj
 0002:00000450       ??_C@_0P@GHFPNOJB@bad?5allocation?$AA@ 000000014000b450     umodsys.c_main.obj
 0002:00000460       ??_C@_0BF@OCNNAADO@UModSys?3?3core?3?3IRoot?$AA@ 000000014000b460     umodsys.c_main.obj
 0002:00000478       ??_C@_0BK@EMIJFOPA@UModSys?3?3core?3?3IRefObject?$AA@ 000000014000b478     umodsys.c_main.obj
 0002:00000498       ??_C@_0BL@IOMMHELF@UModSys?3?3core?3?3IParameters?$AA@ 000000014000b498     umodsys.c_main.obj
 0002:000004b8       ??_C@_0BH@LKDEEPPM@UModSys?3?3base?3?3IModule?$AA@ 000000014000b4b8     umodsys.c_main.obj
 0002:000004d0       ??_C@_0BO@PHJOHFCB@UModSys?3?3base?3?3IModuleLibrary?$AA@ 000000014000b4d0     umodsys.c_main.obj
 0002:000004f0       ??_C@_0BK@FDPIOPHG@UModSys?3?3base?3?3IModObject?$AA@ 000000014000b4f0     umodsys.c_main.obj
 0002:00000510       ??_C@_0BK@OIBKNCKJ@UModSys?3?3base?3?3IGenerator?$AA@ 000000014000b510     umodsys.c_main.obj
[...]
 0001:00008976       ?dtor$0@?0??load_reader@RDataArchiver_OsDir@stdio@media@modules@UModSys@@UEAA?AU?$TRefObject@UIStreamReader@libmedia@UModSys@@U?$TRefObjectFunc@UIStreamReader@libmedia@UModSys@@@tl@3@@tl@5@AEBU?$TString@U?$TSCoreConst@D@su@tl@UModSys@@U?$TComparerBinaryHash@D@234@@75@AEBUSFlags@libmedia@5@@Z@4HA 0000000140009976 f    CIL library: CIL module
 0001:000089a6       ?dtor$1@?0??save_writer@RDataArchiver_OsDir@stdio@media@modules@UModSys@@UEAA?AU?$TRefObject@UIStreamWriter@libmedia@UModSys@@U?$TRefObjectFunc@UIStreamWriter@libmedia@UModSys@@@tl@3@@tl@5@AEBU?$TString@U?$TSCoreConst@D@su@tl@UModSys@@U?$TComparerBinaryHash@D@234@@75@AEBUSFlags@libmedia@5@@Z@4HA 00000001400099a6 f    CIL library: CIL module
 0001:000089a6       ?dtor$1@?0??load_reader@RDataArchiver_OsDir@stdio@media@modules@UModSys@@UEAA?AU?$TRefObject@UIStreamReader@libmedia@UModSys@@U?$TRefObjectFunc@UIStreamReader@libmedia@UModSys@@@tl@3@@tl@5@AEBU?$TString@U?$TSCoreConst@D@su@tl@UModSys@@U?$TComparerBinaryHash@D@234@@75@AEBUSFlags@libmedia@5@@Z@4HA 00000001400099a6 f    CIL library: CIL module
 0001:000089c6       ?dtor$2@?0??load_reader@RDataArchiver_OsDir@stdio@media@modules@UModSys@@UEAA?AU?$TRefObject@UIStreamReader@libmedia@UModSys@@U?$TRefObjectFunc@UIStreamReader@libmedia@UModSys@@@tl@3@@tl@5@AEBU?$TString@U?$TSCoreConst@D@su@tl@UModSys@@U?$TComparerBinaryHash@D@234@@75@AEBUSFlags@libmedia@5@@Z@4HA 00000001400099c6 f    CIL library: CIL module
 0001:000089c6       ?dtor$2@?0??save_writer@RDataArchiver_OsDir@stdio@media@modules@UModSys@@UEAA?AU?$TRefObject@UIStreamWriter@libmedia@UModSys@@U?$TRefObjectFunc@UIStreamWriter@libmedia@UModSys@@@tl@3@@tl@5@AEBU?$TString@U?$TSCoreConst@D@su@tl@UModSys@@U?$TComparerBinaryHash@D@234@@75@AEBUSFlags@libmedia@5@@Z@4HA 00000001400099c6 f    CIL library: CIL module
 0001:000089e6       ?dtor$3@?0??save_writer@RDataArchiver_OsDir@stdio@media@modules@UModSys@@UEAA?AU?$TRefObject@UIStreamWriter@libmedia@UModSys@@U?$TRefObjectFunc@UIStreamWriter@libmedia@UModSys@@@tl@3@@tl@5@AEBU?$TString@U?$TSCoreConst@D@su@tl@UModSys@@U?$TComparerBinaryHash@D@234@@75@AEBUSFlags@libmedia@5@@Z@4HA 00000001400099e6 f    CIL library: CIL module
 0001:000089e6       ?dtor$3@?0??load_reader@RDataArchiver_OsDir@stdio@media@modules@UModSys@@UEAA?AU?$TRefObject@UIStreamReader@libmedia@UModSys@@U?$TRefObjectFunc@UIStreamReader@libmedia@UModSys@@@tl@3@@tl@5@AEBU?$TString@U?$TSCoreConst@D@su@tl@UModSys@@U?$TComparerBinaryHash@D@234@@75@AEBUSFlags@libmedia@5@@Z@4HA 00000001400099e6 f    CIL library: CIL module
 0001:00008a06       ?dtor$4@?0??save_writer@RDataArchiver_OsDir@stdio@media@modules@UModSys@@UEAA?AU?$TRefObject@UIStreamWriter@libmedia@UModSys@@U?$TRefObjectFunc@UIStreamWriter@libmedia@UModSys@@@tl@3@@tl@5@AEBU?$TString@U?$TSCoreConst@D@su@tl@UModSys@@U?$TComparerBinaryHash@D@234@@75@AEBUSFlags@libmedia@5@@Z@4HA 0000000140009a06 f    CIL library: CIL module
 0001:00008a06       ?dtor$4@?0??load_reader@RDataArchiver_OsDir@stdio@media@modules@UModSys@@UEAA?AU?$TRefObject@UIStreamReader@libmedia@UModSys@@U?$TRefObjectFunc@UIStreamReader@libmedia@UModSys@@@tl@3@@tl@5@AEBU?$TString@U?$TSCoreConst@D@su@tl@UModSys@@U?$TComparerBinaryHash@D@234@@75@AEBUSFlags@libmedia@5@@Z@4HA 0000000140009a06 f    CIL library: CIL module
 0001:00008a1e       ?dtor$0@?0??load_data@RDataArchiver_OsDir@stdio@media@modules@UModSys@@UEAA_NAEBU?$TString@U?$TSCoreConst@D@su@tl@UModSys@@U?$TComparerBinaryHash@D@234@@tl@5@AEAUSCMemShared@core@5@AEBUSFlags@libmedia@5@@Z@4HA 0000000140009a1e f    CIL library: CIL module
 0001:00008a3e       ?dtor$1@?0??load_data@RDataArchiver_OsDir@stdio@media@modules@UModSys@@UEAA_NAEBU?$TString@U?$TSCoreConst@D@su@tl@UModSys@@U?$TComparerBinaryHash@D@234@@tl@5@AEAUSCMemShared@core@5@AEBUSFlags@libmedia@5@@Z@4HA 0000000140009a3e f    CIL library: CIL module
 0001:00008a56       ?dtor$0@?0??link@IModuleLibraryUni@rsystem@base@UModSys@@QEAA_NXZ@4HA 0000000140009a56 f    CIL library: CIL module
 0001:00008a76       ?dtor$2@?0??link@IModuleLibraryUni@rsystem@base@UModSys@@QEAA_NXZ@4HA 0000000140009a76 f    CIL library: CIL module
 0001:00008a96       ?dtor$3@?0??link@IModuleLibraryUni@rsystem@base@UModSys@@QEAA_NXZ@4HA 0000000140009a96 f    CIL library: CIL module
 0001:00008ab6       ?dtor$4@?0??link@IModuleLibraryUni@rsystem@base@UModSys@@QEAA_NXZ@4HA 0000000140009ab6 f    CIL library: CIL module
 0001:00008ad6       ?dtor$5@?0??link@IModuleLibraryUni@rsystem@base@UModSys@@QEAA_NXZ@4HA 0000000140009ad6 f    CIL library: CIL module
 0001:00008af5       ?dtor$0@?0??exec_test_shells@RSystem@rsystem@base@UModSys@@QEAA_NXZ@4HA 0000000140009af5 f    CIL library: CIL module
 0001:00008b15       ?dtor$1@?0??exec_test_shells@RSystem@rsystem@base@UModSys@@QEAA_NXZ@4HA 0000000140009b15 f    CIL library: CIL module
 0001:00008b35       ?dtor$3@?0??exec_test_shells@RSystem@rsystem@base@UModSys@@QEAA_NXZ@4HA 0000000140009b35 f    CIL library: CIL module
 0001:00008b50       ?dtor$0@?0???$t_gen_param@URDataArchiver_OsDir@stdio@media@modules@UModSys@@URGenerator@2345@@IGenerator@base@UModSys@@IEAA_NPEAURGenerator@stdio@media@modules@2@AEAU?$TRefObject@UIRefObject@core@UModSys@@U?$TRefObjectFunc@UIRefObject@core@UModSys@@@tl@3@@tl@2@PEBUSUniquePointerInfo@core@2@AEBUSParameters@core@2@@Z@4HA 0000000140009b50 f    CIL library: CIL module
 0001:00008b70       ?dtor$1@?0???$t_gen_param@URDataArchiver_OsDir@stdio@media@modules@UModSys@@URGenerator@2345@@IGenerator@base@UModSys@@IEAA_NPEAURGenerator@stdio@media@modules@2@AEAU?$TRefObject@UIRefObject@core@UModSys@@U?$TRefObjectFunc@UIRefObject@core@UModSys@@@tl@3@@tl@2@PEBUSUniquePointerInfo@core@2@AEBUSParameters@core@2@@Z@4HA 0000000140009b70 f    CIL library: CIL module
 0001:00008b90       ?dtor$2@?0???$t_gen_param@URDataArchiver_OsDir@stdio@media@modules@UModSys@@URGenerator@2345@@IGenerator@base@UModSys@@IEAA_NPEAURGenerator@stdio@media@modules@2@AEAU?$TRefObject@UIRefObject@core@UModSys@@U?$TRefObjectFunc@UIRefObject@core@UModSys@@@tl@3@@tl@2@PEBUSUniquePointerInfo@core@2@AEBUSParameters@core@2@@Z@4HA 0000000140009b90 f    CIL library: CIL module
 0001:00008bb0       ?dtor$3@?0???$t_gen_param@URDataArchiver_OsDir@stdio@media@modules@UModSys@@URGenerator@2345@@IGenerator@base@UModSys@@IEAA_NPEAURGenerator@stdio@media@modules@2@AEAU?$TRefObject@UIRefObject@core@UModSys@@U?$TRefObjectFunc@UIRefObject@core@UModSys@@@tl@3@@tl@2@PEBUSUniquePointerInfo@core@2@AEBUSParameters@core@2@@Z@4HA 0000000140009bb0 f    CIL library: CIL module
 0001:00008bc8       ?dtor$0@?0??generate@RGenerator@stdio@media@modules@UModSys@@UEAA_NAEAU?$TRefObject@UIRefObject@core@UModSys@@U?$TRefObjectFunc@UIRefObject@core@UModSys@@@tl@3@@tl@5@PEBUSUniquePointerInfo@core@5@AEBUSParameters@95@@Z@4HA 0000000140009bc8 f    CIL library: CIL module
 0001:00008be8       ?dtor$1@?0??generate@RGenerator@stdio@media@modules@UModSys@@UEAA_NAEAU?$TRefObject@UIRefObject@core@UModSys@@U?$TRefObjectFunc@UIRefObject@core@UModSys@@@tl@3@@tl@5@PEBUSUniquePointerInfo@core@5@AEBUSParameters@95@@Z@4HA 0000000140009be8 f    CIL library: CIL module
 0001:00008c00       ?dtor$0@?0??mem_free@?$TRMemAlloc_CC@U?$TMemAllocHeader@USMagic@mem_headers@rsystem@base@UModSys@@U?$TPool@X@2345@USDebug@2345@UVoid@core@5@U895@@rsystem@base@UModSys@@USMemAlloc_Malloc@core@4@@rsystem@base@UModSys@@UEAAXPEAXPEBUSSourceContext@core@4@@Z@4HA 0000000140009c00 f    CIL library: CIL module
 0001:00008c18       ?dtor$0@?0??mem_realloc@?$TRMemAlloc_CC@U?$TMemAllocHeader@USMagic@mem_headers@rsystem@base@UModSys@@U?$TPool@X@2345@USDebug@2345@UVoid@core@5@U895@@rsystem@base@UModSys@@USMemAlloc_Malloc@core@4@@rsystem@base@UModSys@@UEAAPEAXPEAX_KPEBUSSourceContext@core@4@@Z@4HA 0000000140009c18 f    CIL library: CIL module
 0001:00008c38       ?dtor$1@?0??mem_realloc@?$TRMemAlloc_CC@U?$TMemAllocHeader@USMagic@mem_headers@rsystem@base@UModSys@@U?$TPool@X@2345@USDebug@2345@UVoid@core@5@U895@@rsystem@base@UModSys@@USMemAlloc_Malloc@core@4@@rsystem@base@UModSys@@UEAAPEAXPEAX_KPEBUSSourceContext@core@4@@Z@4HA 0000000140009c38 f    CIL library: CIL module
 0001:00008c50       ?dtor$1@?0??s_add@RModuleLibrarySO@rsystem@base@UModSys@@SA_NPEAUISystem@34@AEAU?$TDynarrayDynamic@U?$TRefObject@URModuleLibrarySO@rsystem@base@UModSys@@U?$TRefObjectFunc@URModuleLibrarySO@rsystem@base@UModSys@@@tl@4@@tl@UModSys@@U?$TAllocator@USMemAlloc_Malloc@core@UModSys@@USCountCalcPower2@23@@23@@tl@4@PEBD@Z@4HA 0000000140009c50 f    CIL library: CIL module
 0001:00008c6c       ??__E?s_id@?$TObjectUniqueID@UIRoot@core@UModSys@@@tl@UModSys@@2USUniquePointer@core@3@A@@YAXXZ 0000000140009c6c f    CIL library: CIL module
 0001:00008ca0       ??__E?s_id@?$TObjectUniqueID@UIRefObject@core@UModSys@@@tl@UModSys@@2USUniquePointer@core@3@A@@YAXXZ 0000000140009ca0 f    CIL library: CIL module
 0001:00008cd4       ??__E?s_id@?$TObjectUniqueID@UIParameters@core@UModSys@@@tl@UModSys@@2USUniquePointer@core@3@A@@YAXXZ 0000000140009cd4 f    CIL library: CIL module
 0001:00008d08       ??__E?s_id@?$TObjectUniqueID@UIModule@base@UModSys@@@tl@UModSys@@2USUniquePointer@core@3@A@@YAXXZ 0000000140009d08 f    CIL library: CIL module
 0001:00008d3c       ??__E?s_id@?$TObjectUniqueID@UIModuleLibrary@base@UModSys@@@tl@UModSys@@2USUniquePointer@core@3@A@@YAXXZ 0000000140009d3c f    CIL library: CIL module
 0001:00008d70       ??__E?s_id@?$TObjectUniqueID@UIModObject@base@UModSys@@@tl@UModSys@@2USUniquePointer@core@3@A@@YAXXZ 0000000140009d70 f    CIL library: CIL module
 0001:00008da4       ??__E?s_id@?$TObjectUniqueID@UIGenerator@base@UModSys@@@tl@UModSys@@2USUniquePointer@core@3@A@@YAXXZ 0000000140009da4 f    CIL library: CIL module
 0001:00008dd8       ??__E?s_id@?$TObjectUniqueID@UIShell@base@UModSys@@@tl@UModSys@@2USUniquePointer@core@3@A@@YAXXZ 0000000140009dd8 f    CIL library: CIL module
 0001:00008e0c       ??__E?s_id@?$TObjectUniqueID@UIConsole@base@UModSys@@@tl@UModSys@@2USUniquePointer@core@3@A@@YAXXZ 0000000140009e0c f    CIL library: CIL module
 0001:00008e40       ??__E?s_id@?$TObjectUniqueID@UISystem@base@UModSys@@@tl@UModSys@@2USUniquePointer@core@3@A@@YAXXZ 0000000140009e40 f    CIL library: CIL module
 0001:00008e74       ??__E?s_id@?$TObjectUniqueID@URModule@rsystem@base@UModSys@@@tl@UModSys@@2USUniquePointer@core@3@A@@YAXXZ 0000000140009e74 f    CIL library: CIL module
 0001:00008ea8       ??__E?s_id@?$TObjectUniqueID@UIModuleLibraryUni@rsystem@base@UModSys@@@tl@UModSys@@2USUniquePointer@core@3@A@@YAXXZ 0000000140009ea8 f    CIL library: CIL module
 0001:00008edc       ??__E?s_id@?$TObjectUniqueID@URModuleLibrarySO@rsystem@base@UModSys@@@tl@UModSys@@2USUniquePointer@core@3@A@@YAXXZ 0000000140009edc f    CIL library: CIL module
 0001:00008f10       ??__E?s_id@?$TObjectUniqueID@URModuleLibraryThis@rsystem@base@UModSys@@@tl@UModSys@@2USUniquePointer@core@3@A@@YAXXZ 0000000140009f10 f    CIL library: CIL module
 0001:00008f44       ??__E?s_id@?$TObjectUniqueID@URParameters@rsystem@base@UModSys@@@tl@UModSys@@2USUniquePointer@core@3@A@@YAXXZ 0000000140009f44 f    CIL library: CIL module
 0001:00008f78       ??__E?s_id@?$TObjectUniqueID@URSystem@rsystem@base@UModSys@@@tl@UModSys@@2USUniquePointer@core@3@A@@YAXXZ 0000000140009f78 f    CIL library: CIL module
 0001:00008fac       ??__E?s_id@?$TObjectUniqueID@URConsole_std@rsystem@base@UModSys@@@tl@UModSys@@2USUniquePointer@core@3@A@@YAXXZ 0000000140009fac f    CIL library: CIL module
 0001:00008fe0       ??__E?s_modreg@RModuleReg@stdio@media@modules@UModSys@@2U12345@A@@YAXXZ 0000000140009fe0 f    CIL library: CIL module
 0001:00008fec       ??__E?s_modreg_chain@RModuleReg@stdio@media@modules@UModSys@@2USModuleRegChain@base@5@A@@YAXXZ 0000000140009fec f    CIL library: CIL module
 0001:0000902c       ??__E?s_uid@RGenerator@stdio@media@modules@UModSys@@2USUniquePointer@core@5@A@@YAXXZ 000000014000a02c f    CIL library: CIL module
 0001:00009060       ??__E?s_id@?$TObjectUniqueID@UIStreamReader@libmedia@UModSys@@@tl@UModSys@@2USUniquePointer@core@3@A@@YAXXZ 000000014000a060 f    CIL library: CIL module
 0001:00009094       ??__E?s_id@?$TObjectUniqueID@UIStreamWriter@libmedia@UModSys@@@tl@UModSys@@2USUniquePointer@core@3@A@@YAXXZ 000000014000a094 f    CIL library: CIL module
 0001:000090c8       ??__E?s_id@?$TObjectUniqueID@UIDataArchive@libmedia@UModSys@@@tl@UModSys@@2USUniquePointer@core@3@A@@YAXXZ 000000014000a0c8 f    CIL library: CIL module
 0001:000090fc       ??__E?s_id@?$TObjectUniqueID@URStreamReader_FILE@stdio@media@modules@UModSys@@@tl@UModSys@@2USUniquePointer@core@3@A@@YAXXZ 000000014000a0fc f    CIL library: CIL module
 0001:00009130       ??__E?s_id@?$TObjectUniqueID@URStreamWriter_FILE@stdio@media@modules@UModSys@@@tl@UModSys@@2USUniquePointer@core@3@A@@YAXXZ 000000014000a130 f    CIL library: CIL module
 0001:00009164       ??__E?s_id@?$TObjectUniqueID@URDataArchiver_OsDir@stdio@media@modules@UModSys@@@tl@UModSys@@2USUniquePointer@core@3@A@@YAXXZ 000000014000a164 f    CIL library: CIL module
 0001:00009198       ??__E?s_id@?$TObjectUniqueID@URGenerator@stdio@media@modules@UModSys@@@tl@UModSys@@2USUniquePointer@core@3@A@@YAXXZ 000000014000a198 f    CIL library: CIL module
 0001:000091cc       ??__E?s_console@RConsole_std@rsystem@base@UModSys@@2U1234@A@@YAXXZ 000000014000a1cc f    CIL library: CIL module
 0001:000091d8       ??__E?s_sys@RSystem@rsystem@base@UModSys@@2U1234@A@@YAXXZ 000000014000a1d8 f    CIL library: CIL module
 0001:000091e4       ??__Ersys_dbg@rsystem@base@UModSys@@YAXXZ 000000014000a1e4 f    CIL library: CIL module
 0001:000091f0       ??__EM@UModSys@@YAXXZ      000000014000a1f0 f    CIL library: CIL module
 0001:000091fc       ??__E?root@SModuleRegChain@base@UModSys@@2U123@A@@YAXXZ 000000014000a1fc f    CIL library: CIL module
 0001:00009208       ??__E?s_library@RModuleLibraryReg_Chain@base@UModSys@@2U123@A@@YAXXZ 000000014000a208 f    CIL library: CIL module
 0001:00009214       ??__E?root@SUniquePointer@core@UModSys@@2U123@A@@YAXXZ 000000014000a214 f    CIL library: CIL module
 0001:00009220       ??__F?s_id@?$TObjectUniqueID@URConsole_std@rsystem@base@UModSys@@@tl@UModSys@@2USUniquePointer@core@3@A@@YAXXZ 000000014000a220 f    CIL library: CIL module
 0001:0000922c       ??__F?s_id@?$TObjectUniqueID@URSystem@rsystem@base@UModSys@@@tl@UModSys@@2USUniquePointer@core@3@A@@YAXXZ 000000014000a22c f    CIL library: CIL module
 0001:00009238       ??__F?s_id@?$TObjectUniqueID@URParameters@rsystem@base@UModSys@@@tl@UModSys@@2USUniquePointer@core@3@A@@YAXXZ 000000014000a238 f    CIL library: CIL module
 0001:00009244       ??__F?s_id@?$TObjectUniqueID@URModuleLibraryThis@rsystem@base@UModSys@@@tl@UModSys@@2USUniquePointer@core@3@A@@YAXXZ 000000014000a244 f    CIL library: CIL module
 0001:00009250       ??__F?s_id@?$TObjectUniqueID@URModuleLibrarySO@rsystem@base@UModSys@@@tl@UModSys@@2USUniquePointer@core@3@A@@YAXXZ 000000014000a250 f    CIL library: CIL module
 0001:0000925c       ??__F?s_id@?$TObjectUniqueID@UIModuleLibraryUni@rsystem@base@UModSys@@@tl@UModSys@@2USUniquePointer@core@3@A@@YAXXZ 000000014000a25c f    CIL library: CIL module
 0001:00009268       ??__F?s_id@?$TObjectUniqueID@URModule@rsystem@base@UModSys@@@tl@UModSys@@2USUniquePointer@core@3@A@@YAXXZ 000000014000a268 f    CIL library: CIL module
 0001:00009274       ??__F?s_id@?$TObjectUniqueID@UISystem@base@UModSys@@@tl@UModSys@@2USUniquePointer@core@3@A@@YAXXZ 000000014000a274 f    CIL library: CIL module
 0001:00009280       ??__F?s_id@?$TObjectUniqueID@UIConsole@base@UModSys@@@tl@UModSys@@2USUniquePointer@core@3@A@@YAXXZ 000000014000a280 f    CIL library: CIL module
 0001:0000928c       ??__F?s_id@?$TObjectUniqueID@UIShell@base@UModSys@@@tl@UModSys@@2USUniquePointer@core@3@A@@YAXXZ 000000014000a28c f    CIL library: CIL module
 0001:00009298       ??__F?s_id@?$TObjectUniqueID@UIGenerator@base@UModSys@@@tl@UModSys@@2USUniquePointer@core@3@A@@YAXXZ 000000014000a298 f    CIL library: CIL module
 0001:000092a4       ??__F?s_id@?$TObjectUniqueID@UIModObject@base@UModSys@@@tl@UModSys@@2USUniquePointer@core@3@A@@YAXXZ 000000014000a2a4 f    CIL library: CIL module
 0001:000092b0       ??__F?s_id@?$TObjectUniqueID@UIModuleLibrary@base@UModSys@@@tl@UModSys@@2USUniquePointer@core@3@A@@YAXXZ 000000014000a2b0 f    CIL library: CIL module
 0001:000092bc       ??__F?s_id@?$TObjectUniqueID@UIModule@base@UModSys@@@tl@UModSys@@2USUniquePointer@core@3@A@@YAXXZ 000000014000a2bc f    CIL library: CIL module
 0001:000092c8       ??__F?s_id@?$TObjectUniqueID@UIParameters@core@UModSys@@@tl@UModSys@@2USUniquePointer@core@3@A@@YAXXZ 000000014000a2c8 f    CIL library: CIL module
 0001:000092d4       ??__F?s_id@?$TObjectUniqueID@UIRefObject@core@UModSys@@@tl@UModSys@@2USUniquePointer@core@3@A@@YAXXZ 000000014000a2d4 f    CIL library: CIL module
 0001:000092e0       ??__F?s_id@?$TObjectUniqueID@UIRoot@core@UModSys@@@tl@UModSys@@2USUniquePointer@core@3@A@@YAXXZ 000000014000a2e0 f    CIL library: CIL module
 0001:000092ec       ??__F?s_modreg@RModuleReg@stdio@media@modules@UModSys@@2U12345@A@@YAXXZ 000000014000a2ec f    CIL library: CIL module
 0001:000092fc       ??__F?s_modreg_chain@RModuleReg@stdio@media@modules@UModSys@@2USModuleRegChain@base@5@A@@YAXXZ 000000014000a2fc f    CIL library: CIL module
 0001:0000933c       ??__F?s_uid@RGenerator@stdio@media@modules@UModSys@@2USUniquePointer@core@5@A@@YAXXZ 000000014000a33c f    CIL library: CIL module
 0001:00009348       ??__Fh@?1??s_holder@RGenerator@stdio@media@modules@UModSys@@SAAEAU?$TTypeStaticHolder@URGenerator@stdio@media@modules@UModSys@@@tl@5@XZ@YAXXZ 000000014000a348 f    CIL library: CIL module
 0001:00009370       ??__F?s_id@?$TObjectUniqueID@URGenerator@stdio@media@modules@UModSys@@@tl@UModSys@@2USUniquePointer@core@3@A@@YAXXZ 000000014000a370 f    CIL library: CIL module
 0001:0000937c       ??__F?s_id@?$TObjectUniqueID@URDataArchiver_OsDir@stdio@media@modules@UModSys@@@tl@UModSys@@2USUniquePointer@core@3@A@@YAXXZ 000000014000a37c f    CIL library: CIL module
 0001:00009388       ??__F?s_id@?$TObjectUniqueID@URStreamWriter_FILE@stdio@media@modules@UModSys@@@tl@UModSys@@2USUniquePointer@core@3@A@@YAXXZ 000000014000a388 f    CIL library: CIL module
 0001:00009394       ??__F?s_id@?$TObjectUniqueID@URStreamReader_FILE@stdio@media@modules@UModSys@@@tl@UModSys@@2USUniquePointer@core@3@A@@YAXXZ 000000014000a394 f    CIL library: CIL module
 0001:000093a0       ??__F?s_id@?$TObjectUniqueID@UIDataArchive@libmedia@UModSys@@@tl@UModSys@@2USUniquePointer@core@3@A@@YAXXZ 000000014000a3a0 f    CIL library: CIL module
 0001:000093ac       ??__F?s_id@?$TObjectUniqueID@UIStreamWriter@libmedia@UModSys@@@tl@UModSys@@2USUniquePointer@core@3@A@@YAXXZ 000000014000a3ac f    CIL library: CIL module
 0001:000093b8       ??__F?s_id@?$TObjectUniqueID@UIStreamReader@libmedia@UModSys@@@tl@UModSys@@2USUniquePointer@core@3@A@@YAXXZ 000000014000a3b8 f    CIL library: CIL module
 0001:000093c4       ??__F?s_console@RConsole_std@rsystem@base@UModSys@@2U1234@A@@YAXXZ 000000014000a3c4 f    CIL library: CIL module
 0001:00009404       ??__F?s_sys@RSystem@rsystem@base@UModSys@@2U1234@A@@YAXXZ 000000014000a404 f    CIL library: CIL module
 0001:00009410       ??__Frsys_dbg@rsystem@base@UModSys@@YAXXZ 000000014000a410 f    CIL library: CIL module
 0001:00009434       ??__FM@UModSys@@YAXXZ      000000014000a434 f    CIL library: CIL module
 0001:00009438       ??__F?root@SModuleRegChain@base@UModSys@@2U123@A@@YAXXZ 000000014000a438 f    CIL library: CIL module
 0001:00009478       ??__F?s_library@RModuleLibraryReg_Chain@base@UModSys@@2U123@A@@YAXXZ 000000014000a478 f    CIL library: CIL module
 0001:00009488       ??__F?root@SUniquePointer@core@UModSys@@2U123@A@@YAXXZ 000000014000a488 f    CIL library: CIL module

 Exports

  ordinal    name

        1    UModSys_Plugin_Entry2
