 umodsysc

 Timestamp is 5280aa85 (Mon Nov 11 12:59:33 2013)

 Preferred load address is 0000000140000000

 Start         Length     Name                   Class
 0001:00000000 0000ddccH .text                   CODE
 0001:0000ddd0 0000005eH .text$00                CODE
 0001:0000de30 00000a49H .text$x                 CODE
 0001:0000e87c 00000a30H .text$yc                CODE
 0001:0000f2ac 00000394H .text$yd                CODE
 0002:00000000 00000258H .idata$5                DATA
 0002:00000258 00000008H .CRT$XCA                DATA
 0002:00000260 00000008H .CRT$XCAA               DATA
 0002:00000268 000003d0H .CRT$XCU                DATA
 0002:00000638 00000008H .CRT$XCZ                DATA
 0002:00000640 00000008H .CRT$XIA                DATA
 0002:00000648 00000008H .CRT$XIAA               DATA
 0002:00000650 00000008H .CRT$XIY                DATA
 0002:00000658 00000008H .CRT$XIZ                DATA
 0002:00000660 00002a08H .rdata                  DATA
 0002:00003070 00001d04H .rdata$r                DATA
 0002:00004d78 00000008H .rtc$IAA                DATA
 0002:00004d80 00000008H .rtc$IZZ                DATA
 0002:00004d88 00000008H .rtc$TAA                DATA
 0002:00004d90 00000008H .rtc$TZZ                DATA
 0002:00004d98 00001810H .xdata                  DATA
 0002:000065a8 000000e4H .xdata$x                DATA
 0002:0000668c 00000028H .idata$2                DATA
 0002:000066b4 00000014H .idata$3                DATA
 0002:000066c8 00000258H .idata$4                DATA
 0002:00006920 00000478H .idata$6                DATA
 0002:00006da0 00000055H .edata                  DATA
 0003:00000000 00001184H .data                   DATA
 0003:00001190 000028e8H .bss                    DATA
 0004:00000000 000013b0H .pdata                  DATA

  Address         Publics by Value              Rva+Base               Lib:Object

 0000:00000000       ___safe_se_handler_count   0000000000000000     <absolute>
 0000:00000000       ___safe_se_handler_table   0000000000000000     <absolute>
 0000:00000000       __ImageBase                0000000140000000     <linker-defined>
 0001:00000000       main                       0000000140001000 f   umodsys.c_main.obj
 0001:0000032c       ??0?$TString@U?$TSCoreConst@D@su@tl@UModSys@@U?$TComparerBinaryHash@D@234@@tl@UModSys@@QEAA@PEBD@Z 000000014000132c f i umodsys.c_main.obj
 0001:00000398       ??1SCMemShared@core@UModSys@@QEAA@XZ 0000000140001398 f i umodsys_lib_libmedia:umodsys.mod.media.std.obj
 0001:00000398       ??1SMemShared@core@UModSys@@QEAA@XZ 0000000140001398 f i umodsys_lib_libmedia:umodsys.mod.media.std.obj
 0001:00000398       ??1SInfo@IBinObjFilter@libmedia@UModSys@@QEAA@XZ 0000000140001398 f i umodsys_lib_libmedia:umodsys.mod.media.std.obj
 0001:000003bc       ??6SUniquePtrList@core@UModSys@@QEAAAEAU012@PEBUSUniquePointerInfo@12@@Z 00000001400013bc f i umodsys_lib_libmedia:umodsys.mod.media.std.obj
 0001:00000474       ??3IRoot@core@UModSys@@SAXPEAXAEBUSIMemAlloc@12@@Z 0000000140001474 f i umodsys_lib_libmedia:umodsys.mod.media.std.obj
 0001:000004a0       ?get_flag@RResolverChain@SFlagsChain@libmedia@UModSys@@UEBA?AW4eStates@?$TFlags4State@USMediaFlagUid@libmedia@UModSys@@I@tl@4@H@Z 00000001400014a0 f i umodsys_lib_libmedia:umodsys.mod.media.std.obj
 0001:000004e0       ??1SLayer@ILibraryLayered@libmedia@UModSys@@QEAA@XZ 00000001400014e0 f i umodsys_lib_libmedia:umodsys.mod.media.std.obj
 0001:000004e0       ??1SPoint@ILibraryBinTree@libmedia@UModSys@@QEAA@XZ 00000001400014e0 f i umodsys_lib_libmedia:umodsys.mod.media.std.obj
 0001:00000504       ?root_get_interface_info@RLibraryBinCache@std@media@modules@UModSys@@UEBAAEBUSUniquePointerInfo@core@5@XZ 0000000140001504 f i umodsys_lib_libmedia:umodsys.mod.media.std.obj
 0001:0000050c       ?root_get_interface_type@RLibraryBinCache@std@media@modules@UModSys@@UEBAPEBUSUniquePointerInfo@core@5@XZ 000000014000150c f i umodsys_lib_libmedia:umodsys.mod.media.std.obj
 0001:00000514       ?root_get_other_interface@RLibraryBinCache@std@media@modules@UModSys@@UEBAPEBUIRoot@core@5@PEBUSUniquePointerInfo@75@@Z 0000000140001514 f i umodsys_lib_libmedia:umodsys.mod.media.std.obj
 0001:00000514       ?root_get_other_interface@RLibraryBinCache@std@media@modules@UModSys@@UEAAPEAUIRoot@core@5@PEBUSUniquePointerInfo@75@@Z 0000000140001514 f i umodsys_lib_libmedia:umodsys.mod.media.std.obj
 0001:0000054c       ?root_is_interface_supported@RLibraryBinCache@std@media@modules@UModSys@@UEBA_NPEBUSUniquePointerInfo@core@5@@Z 000000014000154c f i umodsys_lib_libmedia:umodsys.mod.media.std.obj
 0001:00000584       ?suicide@RLibraryBinTree@std@media@modules@UModSys@@UEAAXXZ 0000000140001584 f i umodsys_lib_libmedia:umodsys.mod.media.std.obj
 0001:00000584       ?suicide@RLibraryObjFilter@std@media@modules@UModSys@@UEAAXXZ 0000000140001584 f i umodsys_lib_libmedia:umodsys.mod.media.std.obj
 0001:00000584       ?suicide@RLibraryObjCache@std@media@modules@UModSys@@UEAAXXZ 0000000140001584 f i umodsys_lib_libmedia:umodsys.mod.media.std.obj
 0001:00000584       ?suicide@RLibraryLayered@std@media@modules@UModSys@@UEAAXXZ 0000000140001584 f i umodsys_lib_libmedia:umodsys.mod.media.std.obj
 0001:00000584       ?suicide@RDataArchiver_OsDir@stdio@media@modules@UModSys@@UEAAXXZ 0000000140001584 f i umodsys_lib_libmedia:umodsys.mod.media.stdio.obj
 0001:00000584       ?suicide@RLibraryBinCache@std@media@modules@UModSys@@UEAAXXZ 0000000140001584 f i umodsys_lib_libmedia:umodsys.mod.media.std.obj
 0001:000005d0       ?get_flags_auto@RLibraryBinCache@std@media@modules@UModSys@@UEBA?AU?$TFlags4State@USMediaFlagUid@libmedia@UModSys@@I@tl@5@XZ 00000001400015d0 f i umodsys_lib_libmedia:umodsys.mod.media.std.obj
 0001:000005dc       ?bin_load@RLibraryBinCache@std@media@modules@UModSys@@UEAA_NAEBU?$TString@U?$TSCoreConst@D@su@tl@UModSys@@U?$TComparerBinaryHash@D@234@@tl@5@AEAUSCMemShared@core@5@AEBUSFlags@libmedia@5@@Z 00000001400015dc f i umodsys_lib_libmedia:umodsys.mod.media.std.obj
 0001:00000700       ?bin_put@RLibraryBinCache@std@media@modules@UModSys@@UEAA_NAEBU?$TString@U?$TSCoreConst@D@su@tl@UModSys@@U?$TComparerBinaryHash@D@234@@tl@5@PEBUSCMemShared@core@5@@Z 0000000140001700 f i umodsys_lib_libmedia:umodsys.mod.media.std.obj
 0001:00000720       ?bincache_get@RLibraryBinCache@std@media@modules@UModSys@@UEBA_NAEBU?$TString@U?$TSCoreConst@D@su@tl@UModSys@@U?$TComparerBinaryHash@D@234@@tl@5@PEAUSCMemShared@core@5@PEA_N@Z 0000000140001720 f i umodsys_lib_libmedia:umodsys.mod.media.std.obj
 0001:000007d8       ?bincache_add@RLibraryBinCache@std@media@modules@UModSys@@UEAA_NAEBU?$TString@U?$TSCoreConst@D@su@tl@UModSys@@U?$TComparerBinaryHash@D@234@@tl@5@@Z 00000001400017d8 f i umodsys_lib_libmedia:umodsys.mod.media.std.obj
 0001:00000800       ?bincache_add@RLibraryBinCache@std@media@modules@UModSys@@UEAA_NAEBU?$TString@U?$TSCoreConst@D@su@tl@UModSys@@U?$TComparerBinaryHash@D@234@@tl@5@AEBUSCMemShared@core@5@@Z 0000000140001800 f i umodsys_lib_libmedia:umodsys.mod.media.std.obj
 0001:00000808       ?bincache_remove@RLibraryBinCache@std@media@modules@UModSys@@UEAA_NAEBU?$TString@U?$TSCoreConst@D@su@tl@UModSys@@U?$TComparerBinaryHash@D@234@@tl@5@@Z 0000000140001808 f i umodsys_lib_libmedia:umodsys.mod.media.std.obj
 0001:00000834       ?bincache_clear@RLibraryBinCache@std@media@modules@UModSys@@UEAA_NXZ 0000000140001834 f i umodsys_lib_libmedia:umodsys.mod.media.std.obj
 0001:000008a8       ?bincache_add@RLibraryBinCache@std@media@modules@UModSys@@QEAA_NAEBU?$TString@U?$TSCoreConst@D@su@tl@UModSys@@U?$TComparerBinaryHash@D@234@@tl@5@AEBUSCMemShared@core@5@_N@Z 00000001400018a8 f i umodsys_lib_libmedia:umodsys.mod.media.std.obj
 0001:00000a44       ??_ERLibraryBinCache@std@media@modules@UModSys@@UEAAPEAXI@Z 0000000140001a44 f i  CIL library: CIL module
 0001:00000a44       ??_GRLibraryBinCache@std@media@modules@UModSys@@UEAAPEAXI@Z 0000000140001a44 f i umodsys_lib_libmedia:umodsys.mod.media.std.obj
 0001:00000af4       ?root_get_interface_info@RLibraryBinTree@std@media@modules@UModSys@@UEBAAEBUSUniquePointerInfo@core@5@XZ 0000000140001af4 f i umodsys_lib_libmedia:umodsys.mod.media.std.obj
 0001:00000afc       ?root_get_interface_type@RLibraryBinTree@std@media@modules@UModSys@@UEBAPEBUSUniquePointerInfo@core@5@XZ 0000000140001afc f i umodsys_lib_libmedia:umodsys.mod.media.std.obj
 0001:00000b04       ?root_get_other_interface@RLibraryBinTree@std@media@modules@UModSys@@UEAAPEAUIRoot@core@5@PEBUSUniquePointerInfo@75@@Z 0000000140001b04 f i umodsys_lib_libmedia:umodsys.mod.media.std.obj
 0001:00000b04       ?root_get_other_interface@RLibraryBinTree@std@media@modules@UModSys@@UEBAPEBUIRoot@core@5@PEBUSUniquePointerInfo@75@@Z 0000000140001b04 f i umodsys_lib_libmedia:umodsys.mod.media.std.obj
 0001:00000b3c       ?root_is_interface_supported@RLibraryBinTree@std@media@modules@UModSys@@UEBA_NPEBUSUniquePointerInfo@core@5@@Z 0000000140001b3c f i umodsys_lib_libmedia:umodsys.mod.media.std.obj
 0001:00000b74       ?ref_weak@RLibraryObjFilter@std@media@modules@UModSys@@UEBA_NAEAUWeakPointer@IRefObject@core@5@@Z 0000000140001b74 f i umodsys_lib_libmedia:umodsys.mod.media.std.obj
 0001:00000b74       ?ref_weak@RLibraryBinCache@std@media@modules@UModSys@@UEBA_NAEAUWeakPointer@IRefObject@core@5@@Z 0000000140001b74 f i umodsys_lib_libmedia:umodsys.mod.media.std.obj
 0001:00000b74       ?ref_weak@RLibraryBinTree@std@media@modules@UModSys@@UEBA_NAEAUWeakPointer@IRefObject@core@5@@Z 0000000140001b74 f i umodsys_lib_libmedia:umodsys.mod.media.std.obj
 0001:00000b74       ?ref_weak@RLibraryLayered@std@media@modules@UModSys@@UEBA_NAEAUWeakPointer@IRefObject@core@5@@Z 0000000140001b74 f i umodsys_lib_libmedia:umodsys.mod.media.std.obj
 0001:00000b74       ?ref_weak@RDataArchiver_OsDir@stdio@media@modules@UModSys@@UEBA_NAEAUWeakPointer@IRefObject@core@5@@Z 0000000140001b74 f i umodsys_lib_libmedia:umodsys.mod.media.stdio.obj
 0001:00000b74       ?ref_weak@RLibraryObjCache@std@media@modules@UModSys@@UEBA_NAEAUWeakPointer@IRefObject@core@5@@Z 0000000140001b74 f i umodsys_lib_libmedia:umodsys.mod.media.std.obj
 0001:00000b94       ?get_flag@RLibraryObjCache@std@media@modules@UModSys@@UEBA?AW4eStates@?$TFlags4State@USMediaFlagUid@libmedia@UModSys@@I@tl@5@H@Z 0000000140001b94 f i umodsys_lib_libmedia:umodsys.mod.media.std.obj
 0001:00000b94       ?get_flag@RLibraryObjFilter@std@media@modules@UModSys@@UEBA?AW4eStates@?$TFlags4State@USMediaFlagUid@libmedia@UModSys@@I@tl@5@H@Z 0000000140001b94 f i umodsys_lib_libmedia:umodsys.mod.media.std.obj
 0001:00000b94       ?get_flag@RLibraryBinCache@std@media@modules@UModSys@@UEBA?AW4eStates@?$TFlags4State@USMediaFlagUid@libmedia@UModSys@@I@tl@5@H@Z 0000000140001b94 f i umodsys_lib_libmedia:umodsys.mod.media.std.obj
 0001:00000b94       ?get_flag@RLibraryBinTree@std@media@modules@UModSys@@UEBA?AW4eStates@?$TFlags4State@USMediaFlagUid@libmedia@UModSys@@I@tl@5@H@Z 0000000140001b94 f i umodsys_lib_libmedia:umodsys.mod.media.std.obj
 0001:00000ba0       ?get_flags_auto@RLibraryBinTree@std@media@modules@UModSys@@UEBA?AU?$TFlags4State@USMediaFlagUid@libmedia@UModSys@@I@tl@5@XZ 0000000140001ba0 f i umodsys_lib_libmedia:umodsys.mod.media.std.obj
 0001:00000bac       ?bin_reader@RLibraryBinTree@std@media@modules@UModSys@@UEAA?AU?$TRefObject@UIStreamReader@libmedia@UModSys@@U?$TRefObjectFunc@UIStreamReader@libmedia@UModSys@@@tl@3@@tl@5@AEBU?$TString@U?$TSCoreConst@D@su@tl@UModSys@@U?$TComparerBinaryHash@D@234@@75@AEBUSFlags@libmedia@5@@Z 0000000140001bac f i umodsys_lib_libmedia:umodsys.mod.media.std.obj
 0001:00000d0c       ?bin_writer@RLibraryBinTree@std@media@modules@UModSys@@UEAA?AU?$TRefObject@UIStreamWriter@libmedia@UModSys@@U?$TRefObjectFunc@UIStreamWriter@libmedia@UModSys@@@tl@3@@tl@5@AEBU?$TString@U?$TSCoreConst@D@su@tl@UModSys@@U?$TComparerBinaryHash@D@234@@75@AEBUSFlags@libmedia@5@@Z 0000000140001d0c f i umodsys_lib_libmedia:umodsys.mod.media.std.obj
 0001:00000e6c       ?bin_load@RLibraryBinTree@std@media@modules@UModSys@@UEAA_NAEBU?$TString@U?$TSCoreConst@D@su@tl@UModSys@@U?$TComparerBinaryHash@D@234@@tl@5@AEAUSCMemShared@core@5@AEBUSFlags@libmedia@5@@Z 0000000140001e6c f i umodsys_lib_libmedia:umodsys.mod.media.std.obj
 0001:00000f98       ?bin_save@RLibraryBinTree@std@media@modules@UModSys@@UEAA_NAEBU?$TString@U?$TSCoreConst@D@su@tl@UModSys@@U?$TComparerBinaryHash@D@234@@tl@5@AEBUSCMem@core@5@AEBUSFlags@libmedia@5@@Z 0000000140001f98 f i umodsys_lib_libmedia:umodsys.mod.media.std.obj
 0001:000010a0       ?obj_cget@RLibraryObjFilter@std@media@modules@UModSys@@UEAA_NAEBU?$TString@U?$TSCoreConst@D@su@tl@UModSys@@U?$TComparerBinaryHash@D@234@@tl@5@AEAU?$TRefObject@UIRefObject@core@UModSys@@U?$TRefObjectFunc@UIRefObject@core@UModSys@@@tl@3@@75@_N@Z 00000001400020a0 f i umodsys_lib_libmedia:umodsys.mod.media.std.obj
 0001:000010a0       ?bin_info@RLibraryBinCache@std@media@modules@UModSys@@UEAA_NAEBU?$TString@U?$TSCoreConst@D@su@tl@UModSys@@U?$TComparerBinaryHash@D@234@@tl@5@AEAU?$TIStackSocket@USFileInfo@libmedia@UModSys@@@75@AEBUSFlags@libmedia@5@@Z 00000001400020a0 f i umodsys_lib_libmedia:umodsys.mod.media.std.obj
 0001:000010a0       ?obj_cput@RLibraryBinTree@std@media@modules@UModSys@@UEAA_NAEBU?$TString@U?$TSCoreConst@D@su@tl@UModSys@@U?$TComparerBinaryHash@D@234@@tl@5@PEAUIRefObject@core@5@@Z 00000001400020a0 f i umodsys_lib_libmedia:umodsys.mod.media.std.obj
 0001:000010a0       ?moduledb_lib_drop@RModuleLoader@rsystem@base@UModSys@@UEAA_NPEAUIModuleLibrary@34@@Z 00000001400020a0 f i umodsys_lib_basesys:umodsys.basesys.rmoduleloader.obj
 0001:000010a0       ?ref_weak@RConsole_std@rsystem@base@UModSys@@UEBA_NAEAUWeakPointer@IRefObject@core@4@@Z 00000001400020a0 f i umodsys_lib_basesys:umodsys.basesys.rconsole_std.obj
 0001:000010a0       ?bin_load@RLibraryObjCache@std@media@modules@UModSys@@UEAA_NAEBU?$TString@U?$TSCoreConst@D@su@tl@UModSys@@U?$TComparerBinaryHash@D@234@@tl@5@AEAUSCMemShared@core@5@AEBUSFlags@libmedia@5@@Z 00000001400020a0 f i umodsys_lib_libmedia:umodsys.mod.media.std.obj
 0001:000010a0       ?obj_fload@RLibraryBinCache@std@media@modules@UModSys@@UEAA_NAEBUSInfo@IBinObjFilter@libmedia@5@PEAUIRefObject@core@5@@Z 00000001400020a0 f i umodsys_lib_libmedia:umodsys.mod.media.std.obj
 0001:000010a0       ?obj_fload@RLibraryObjCache@std@media@modules@UModSys@@UEAA_NAEBUSInfo@IBinObjFilter@libmedia@5@PEAUIRefObject@core@5@@Z 00000001400020a0 f i umodsys_lib_libmedia:umodsys.mod.media.std.obj
 0001:000010a0       ?obj_load@RLibraryObjCache@std@media@modules@UModSys@@UEAA_NAEBU?$TString@U?$TSCoreConst@D@su@tl@UModSys@@U?$TComparerBinaryHash@D@234@@tl@5@PEAUIRefObject@core@5@AEBUSObjOptions@ILibrary@libmedia@5@@Z 00000001400020a0 f i umodsys_lib_libmedia:umodsys.mod.media.std.obj
 0001:000010a0       ?obj_cput@RLibraryObjFilter@std@media@modules@UModSys@@UEAA_NAEBU?$TString@U?$TSCoreConst@D@su@tl@UModSys@@U?$TComparerBinaryHash@D@234@@tl@5@PEAUIRefObject@core@5@@Z 00000001400020a0 f i umodsys_lib_libmedia:umodsys.mod.media.std.obj
 0001:000010a0       ?obj_cput@RLibraryBinCache@std@media@modules@UModSys@@UEAA_NAEBU?$TString@U?$TSCoreConst@D@su@tl@UModSys@@U?$TComparerBinaryHash@D@234@@tl@5@PEAUIRefObject@core@5@@Z 00000001400020a0 f i umodsys_lib_libmedia:umodsys.mod.media.std.obj
 0001:000010a0       ?obj_get@RLibraryBinTree@std@media@modules@UModSys@@UEAA_NAEBU?$TString@U?$TSCoreConst@D@su@tl@UModSys@@U?$TComparerBinaryHash@D@234@@tl@5@AEAU?$TRefObject@UIRefObject@core@UModSys@@U?$TRefObjectFunc@UIRefObject@core@UModSys@@@tl@3@@75@AEBUSObjOptions@ILibrary@libmedia@5@@Z 00000001400020a0 f i umodsys_lib_libmedia:umodsys.mod.media.std.obj
 0001:000010a0       ?obj_fsave@RLibraryObjCache@std@media@modules@UModSys@@UEAA_NAEAUSInfo@IBinObjFilter@libmedia@5@PEBUIRefObject@core@5@@Z 00000001400020a0 f i umodsys_lib_libmedia:umodsys.mod.media.std.obj
 0001:000010a0       ?obj_load@RLibraryObjFilter@std@media@modules@UModSys@@UEAA_NAEBU?$TString@U?$TSCoreConst@D@su@tl@UModSys@@U?$TComparerBinaryHash@D@234@@tl@5@PEAUIRefObject@core@5@AEBUSObjOptions@ILibrary@libmedia@5@@Z 00000001400020a0 f i umodsys_lib_libmedia:umodsys.mod.media.std.obj
 0001:000010a0       ?bin_info@RLibraryObjFilter@std@media@modules@UModSys@@UEAA_NAEBU?$TString@U?$TSCoreConst@D@su@tl@UModSys@@U?$TComparerBinaryHash@D@234@@tl@5@AEAU?$TIStackSocket@USFileInfo@libmedia@UModSys@@@75@AEBUSFlags@libmedia@5@@Z 00000001400020a0 f i umodsys_lib_libmedia:umodsys.mod.media.std.obj
 0001:000010a0       ?bin_get@RLibraryObjCache@std@media@modules@UModSys@@UEAA_NAEBU?$TString@U?$TSCoreConst@D@su@tl@UModSys@@U?$TComparerBinaryHash@D@234@@tl@5@AEAUSCMemShared@core@5@_N@Z 00000001400020a0 f i umodsys_lib_libmedia:umodsys.mod.media.std.obj
 0001:000010a0       ?bin_info@RLibraryObjCache@std@media@modules@UModSys@@UEAA_NAEBU?$TString@U?$TSCoreConst@D@su@tl@UModSys@@U?$TComparerBinaryHash@D@234@@tl@5@AEAUSFileInfo@libmedia@5@AEBUSFlags@95@@Z 00000001400020a0 f i umodsys_lib_libmedia:umodsys.mod.media.std.obj
 0001:000010a0       ?bin_put@RLibraryObjCache@std@media@modules@UModSys@@UEAA_NAEBU?$TString@U?$TSCoreConst@D@su@tl@UModSys@@U?$TComparerBinaryHash@D@234@@tl@5@PEBUSCMemShared@core@5@@Z 00000001400020a0 f i umodsys_lib_libmedia:umodsys.mod.media.std.obj
 0001:000010a0       ?bin_info@RLibraryBinCache@std@media@modules@UModSys@@UEAA_NAEBU?$TString@U?$TSCoreConst@D@su@tl@UModSys@@U?$TComparerBinaryHash@D@234@@tl@5@AEAUSFileInfo@libmedia@5@AEBUSFlags@95@@Z 00000001400020a0 f i umodsys_lib_libmedia:umodsys.mod.media.std.obj
 0001:000010a0       ?obj_load@RLibraryBinCache@std@media@modules@UModSys@@UEAA_NAEBU?$TString@U?$TSCoreConst@D@su@tl@UModSys@@U?$TComparerBinaryHash@D@234@@tl@5@PEAUIRefObject@core@5@AEBUSObjOptions@ILibrary@libmedia@5@@Z 00000001400020a0 f i umodsys_lib_libmedia:umodsys.mod.media.std.obj
 0001:000010a0       ?get_s@RConsole_std@rsystem@base@UModSys@@UEAA_NPEAD_KPEBDZZ 00000001400020a0 f i umodsys_lib_basesys:umodsys.basesys.rconsole_std.obj
 0001:000010a0       ?obj_cget@RLibraryBinCache@std@media@modules@UModSys@@UEAA_NAEBU?$TString@U?$TSCoreConst@D@su@tl@UModSys@@U?$TComparerBinaryHash@D@234@@tl@5@AEAU?$TRefObject@UIRefObject@core@UModSys@@U?$TRefObjectFunc@UIRefObject@core@UModSys@@@tl@3@@75@_N@Z 00000001400020a0 f i umodsys_lib_libmedia:umodsys.mod.media.std.obj
 0001:000010a0       ?bin_load@RLibraryObjFilter@std@media@modules@UModSys@@UEAA_NAEBU?$TString@U?$TSCoreConst@D@su@tl@UModSys@@U?$TComparerBinaryHash@D@234@@tl@5@AEAUSCMemShared@core@5@AEBUSFlags@libmedia@5@@Z 00000001400020a0 f i umodsys_lib_libmedia:umodsys.mod.media.std.obj
 0001:000010a0       ?obj_save@RLibraryObjCache@std@media@modules@UModSys@@UEAA_NAEBU?$TString@U?$TSCoreConst@D@su@tl@UModSys@@U?$TComparerBinaryHash@D@234@@tl@5@PEBUIRefObject@core@5@AEBUSObjOptions@ILibrary@libmedia@5@@Z 00000001400020a0 f i umodsys_lib_libmedia:umodsys.mod.media.std.obj
 0001:000010a0       ?bin_save@RLibraryBinCache@std@media@modules@UModSys@@UEAA_NAEBU?$TString@U?$TSCoreConst@D@su@tl@UModSys@@U?$TComparerBinaryHash@D@234@@tl@5@AEBUSCMem@core@5@AEBUSFlags@libmedia@5@@Z 00000001400020a0 f i umodsys_lib_libmedia:umodsys.mod.media.std.obj
 0001:000010a0       ?obj_fget@RLibraryBinCache@std@media@modules@UModSys@@UEAA_NAEBUSInfo@IBinObjFilter@libmedia@5@AEAU?$TRefObject@UIRefObject@core@UModSys@@U?$TRefObjectFunc@UIRefObject@core@UModSys@@@tl@3@@tl@5@@Z 00000001400020a0 f i umodsys_lib_libmedia:umodsys.mod.media.std.obj
 0001:000010a0       ?bin_info@RLibraryBinTree@std@media@modules@UModSys@@UEAA_NAEBU?$TString@U?$TSCoreConst@D@su@tl@UModSys@@U?$TComparerBinaryHash@D@234@@tl@5@AEAU?$TIStackSocket@USFileInfo@libmedia@UModSys@@@75@AEBUSFlags@libmedia@5@@Z 00000001400020a0 f i umodsys_lib_libmedia:umodsys.mod.media.std.obj
 0001:000010a0       ?bin_put@RLibraryObjFilter@std@media@modules@UModSys@@UEAA_NAEBU?$TString@U?$TSCoreConst@D@su@tl@UModSys@@U?$TComparerBinaryHash@D@234@@tl@5@PEBUSCMemShared@core@5@@Z 00000001400020a0 f i umodsys_lib_libmedia:umodsys.mod.media.std.obj
 0001:000010a0       ?obj_get@RLibraryObjFilter@std@media@modules@UModSys@@UEAA_NAEBU?$TString@U?$TSCoreConst@D@su@tl@UModSys@@U?$TComparerBinaryHash@D@234@@tl@5@AEAU?$TRefObject@UIRefObject@core@UModSys@@U?$TRefObjectFunc@UIRefObject@core@UModSys@@@tl@3@@75@AEBUSObjOptions@ILibrary@libmedia@5@@Z 00000001400020a0 f i umodsys_lib_libmedia:umodsys.mod.media.std.obj
 0001:000010a0       ?obj_save@RLibraryBinTree@std@media@modules@UModSys@@UEAA_NAEBU?$TString@U?$TSCoreConst@D@su@tl@UModSys@@U?$TComparerBinaryHash@D@234@@tl@5@PEBUIRefObject@core@5@AEBUSObjOptions@ILibrary@libmedia@5@@Z 00000001400020a0 f i umodsys_lib_libmedia:umodsys.mod.media.std.obj
 0001:000010a0       ?obj_load@RLibraryBinTree@std@media@modules@UModSys@@UEAA_NAEBU?$TString@U?$TSCoreConst@D@su@tl@UModSys@@U?$TComparerBinaryHash@D@234@@tl@5@PEAUIRefObject@core@5@AEBUSObjOptions@ILibrary@libmedia@5@@Z 00000001400020a0 f i umodsys_lib_libmedia:umodsys.mod.media.std.obj
 0001:000010a0       ?moduledb_load@RModuleLoader@rsystem@base@UModSys@@UEAA_NAEBU?$TString@U?$TSCoreConst@D@su@tl@UModSys@@U?$TComparerBinaryHash@D@234@@tl@4@@Z 00000001400020a0 f i umodsys_lib_basesys:umodsys.basesys.rmoduleloader.obj
 0001:000010a0       ?obj_fload@RLibraryBinTree@std@media@modules@UModSys@@UEAA_NAEBUSInfo@IBinObjFilter@libmedia@5@PEAUIRefObject@core@5@@Z 00000001400020a0 f i umodsys_lib_libmedia:umodsys.mod.media.std.obj
 0001:000010a0       ?bin_get@RLibraryBinTree@std@media@modules@UModSys@@UEAA_NAEBU?$TString@U?$TSCoreConst@D@su@tl@UModSys@@U?$TComparerBinaryHash@D@234@@tl@5@AEAUSCMemShared@core@5@_N@Z 00000001400020a0 f i umodsys_lib_libmedia:umodsys.mod.media.std.obj
 0001:000010a0       ?bin_save@RLibraryObjCache@std@media@modules@UModSys@@UEAA_NAEBU?$TString@U?$TSCoreConst@D@su@tl@UModSys@@U?$TComparerBinaryHash@D@234@@tl@5@AEBUSCMem@core@5@AEBUSFlags@libmedia@5@@Z 00000001400020a0 f i umodsys_lib_libmedia:umodsys.mod.media.std.obj
 0001:000010a0       ?obj_cget@RLibraryBinTree@std@media@modules@UModSys@@UEAA_NAEBU?$TString@U?$TSCoreConst@D@su@tl@UModSys@@U?$TComparerBinaryHash@D@234@@tl@5@AEAU?$TRefObject@UIRefObject@core@UModSys@@U?$TRefObjectFunc@UIRefObject@core@UModSys@@@tl@3@@75@_N@Z 00000001400020a0 f i umodsys_lib_libmedia:umodsys.mod.media.std.obj
 0001:000010a0       ?vget_c@RConsole_std@rsystem@base@UModSys@@UEAA_NPEAHPEBDPEAD@Z 00000001400020a0 f i umodsys_lib_basesys:umodsys.basesys.rconsole_std.obj
 0001:000010a0       ?obj_save@RLibraryBinCache@std@media@modules@UModSys@@UEAA_NAEBU?$TString@U?$TSCoreConst@D@su@tl@UModSys@@U?$TComparerBinaryHash@D@234@@tl@5@PEBUIRefObject@core@5@AEBUSObjOptions@ILibrary@libmedia@5@@Z 00000001400020a0 f i umodsys_lib_libmedia:umodsys.mod.media.std.obj
 0001:000010a0       ?vget_s@RConsole_std@rsystem@base@UModSys@@UEAA_NPEAD_KPEBD0@Z 00000001400020a0 f i umodsys_lib_basesys:umodsys.basesys.rconsole_std.obj
 0001:000010a0       ?bin_info@RLibraryBinTree@std@media@modules@UModSys@@UEAA_NAEBU?$TString@U?$TSCoreConst@D@su@tl@UModSys@@U?$TComparerBinaryHash@D@234@@tl@5@AEAUSFileInfo@libmedia@5@AEBUSFlags@95@@Z 00000001400020a0 f i umodsys_lib_libmedia:umodsys.mod.media.std.obj
 0001:000010a0       ?obj_fsave@RLibraryBinCache@std@media@modules@UModSys@@UEAA_NAEAUSInfo@IBinObjFilter@libmedia@5@PEBUIRefObject@core@5@@Z 00000001400020a0 f i umodsys_lib_libmedia:umodsys.mod.media.std.obj
 0001:000010a0       ?obj_save@RLibraryObjFilter@std@media@modules@UModSys@@UEAA_NAEBU?$TString@U?$TSCoreConst@D@su@tl@UModSys@@U?$TComparerBinaryHash@D@234@@tl@5@PEBUIRefObject@core@5@AEBUSObjOptions@ILibrary@libmedia@5@@Z 00000001400020a0 f i umodsys_lib_libmedia:umodsys.mod.media.std.obj
 0001:000010a0       ?bin_put@RLibraryBinTree@std@media@modules@UModSys@@UEAA_NAEBU?$TString@U?$TSCoreConst@D@su@tl@UModSys@@U?$TComparerBinaryHash@D@234@@tl@5@PEBUSCMemShared@core@5@@Z 00000001400020a0 f i umodsys_lib_libmedia:umodsys.mod.media.std.obj
 0001:000010a0       ?bin_save@RLibraryObjFilter@std@media@modules@UModSys@@UEAA_NAEBU?$TString@U?$TSCoreConst@D@su@tl@UModSys@@U?$TComparerBinaryHash@D@234@@tl@5@AEBUSCMem@core@5@AEBUSFlags@libmedia@5@@Z 00000001400020a0 f i umodsys_lib_libmedia:umodsys.mod.media.std.obj
 0001:000010a0       ?bin_get@RLibraryObjFilter@std@media@modules@UModSys@@UEAA_NAEBU?$TString@U?$TSCoreConst@D@su@tl@UModSys@@U?$TComparerBinaryHash@D@234@@tl@5@AEAUSCMemShared@core@5@_N@Z 00000001400020a0 f i umodsys_lib_libmedia:umodsys.mod.media.std.obj
 0001:000010a0       ?obj_fget@RLibraryObjCache@std@media@modules@UModSys@@UEAA_NAEBUSInfo@IBinObjFilter@libmedia@5@AEAU?$TRefObject@UIRefObject@core@UModSys@@U?$TRefObjectFunc@UIRefObject@core@UModSys@@@tl@3@@tl@5@@Z 00000001400020a0 f i umodsys_lib_libmedia:umodsys.mod.media.std.obj
 0001:000010a0       ?bin_info@RLibraryObjCache@std@media@modules@UModSys@@UEAA_NAEBU?$TString@U?$TSCoreConst@D@su@tl@UModSys@@U?$TComparerBinaryHash@D@234@@tl@5@AEAU?$TIStackSocket@USFileInfo@libmedia@UModSys@@@75@AEBUSFlags@libmedia@5@@Z 00000001400020a0 f i umodsys_lib_libmedia:umodsys.mod.media.std.obj
 0001:000010a0       ?obj_fget@RLibraryBinTree@std@media@modules@UModSys@@UEAA_NAEBUSInfo@IBinObjFilter@libmedia@5@AEAU?$TRefObject@UIRefObject@core@UModSys@@U?$TRefObjectFunc@UIRefObject@core@UModSys@@@tl@3@@tl@5@@Z 00000001400020a0 f i umodsys_lib_libmedia:umodsys.mod.media.std.obj
 0001:000010a0       ?bin_info@RLibraryObjFilter@std@media@modules@UModSys@@UEAA_NAEBU?$TString@U?$TSCoreConst@D@su@tl@UModSys@@U?$TComparerBinaryHash@D@234@@tl@5@AEAUSFileInfo@libmedia@5@AEBUSFlags@95@@Z 00000001400020a0 f i umodsys_lib_libmedia:umodsys.mod.media.std.obj
 0001:000010a0       ?obj_get@RLibraryBinCache@std@media@modules@UModSys@@UEAA_NAEBU?$TString@U?$TSCoreConst@D@su@tl@UModSys@@U?$TComparerBinaryHash@D@234@@tl@5@AEAU?$TRefObject@UIRefObject@core@UModSys@@U?$TRefObjectFunc@UIRefObject@core@UModSys@@@tl@3@@75@AEBUSObjOptions@ILibrary@libmedia@5@@Z 00000001400020a0 f i umodsys_lib_libmedia:umodsys.mod.media.std.obj
 0001:000010a0       ?obj_fsave@RLibraryBinTree@std@media@modules@UModSys@@UEAA_NAEAUSInfo@IBinObjFilter@libmedia@5@PEBUIRefObject@core@5@@Z 00000001400020a0 f i umodsys_lib_libmedia:umodsys.mod.media.std.obj
 0001:000010a4       ?mount_get@RLibraryBinTree@std@media@modules@UModSys@@UEBA?AUSPoint@ILibraryBinTree@libmedia@5@AEBUSId@785@@Z 00000001400020a4 f i umodsys_lib_libmedia:umodsys.mod.media.std.obj
 0001:00001108       ?mount_add@RLibraryBinTree@std@media@modules@UModSys@@UEAA_NAEBUSId@ILibraryBinTree@libmedia@5@AEBUSPoint@785@@Z 0000000140002108 f i umodsys_lib_libmedia:umodsys.mod.media.std.obj
 0001:000012c0       ?mount_remove@RLibraryBinTree@std@media@modules@UModSys@@UEAA_NAEBUSId@ILibraryBinTree@libmedia@5@@Z 00000001400022c0 f i umodsys_lib_libmedia:umodsys.mod.media.std.obj
 0001:000012ec       ?mount_clear@RLibraryBinTree@std@media@modules@UModSys@@UEAA_NXZ 00000001400022ec f i umodsys_lib_libmedia:umodsys.mod.media.std.obj
 0001:0000135c       ??_GRLibraryBinTree@std@media@modules@UModSys@@UEAAPEAXI@Z 000000014000235c f i umodsys_lib_libmedia:umodsys.mod.media.std.obj
 0001:0000135c       ??_ERLibraryBinTree@std@media@modules@UModSys@@UEAAPEAXI@Z 000000014000235c f i  CIL library: CIL module
 0001:00001408       ?root_get_interface_info@RLibraryLayered@std@media@modules@UModSys@@UEBAAEBUSUniquePointerInfo@core@5@XZ 0000000140002408 f i umodsys_lib_libmedia:umodsys.mod.media.std.obj
 0001:00001410       ?root_get_interface_type@RLibraryLayered@std@media@modules@UModSys@@UEBAPEBUSUniquePointerInfo@core@5@XZ 0000000140002410 f i umodsys_lib_libmedia:umodsys.mod.media.std.obj
 0001:00001418       ?root_get_other_interface@RLibraryLayered@std@media@modules@UModSys@@UEAAPEAUIRoot@core@5@PEBUSUniquePointerInfo@75@@Z 0000000140002418 f i umodsys_lib_libmedia:umodsys.mod.media.std.obj
 0001:00001418       ?root_get_other_interface@RLibraryLayered@std@media@modules@UModSys@@UEBAPEBUIRoot@core@5@PEBUSUniquePointerInfo@75@@Z 0000000140002418 f i umodsys_lib_libmedia:umodsys.mod.media.std.obj
 0001:00001450       ?root_is_interface_supported@RLibraryLayered@std@media@modules@UModSys@@UEBA_NPEBUSUniquePointerInfo@core@5@@Z 0000000140002450 f i umodsys_lib_libmedia:umodsys.mod.media.std.obj
 0001:00001488       ?ref_links@RLibraryLayered@std@media@modules@UModSys@@UEBAHXZ 0000000140002488 f i umodsys_lib_libmedia:umodsys.mod.media.std.obj
 0001:00001488       ?ref_links@RLibraryObjFilter@std@media@modules@UModSys@@UEBAHXZ 0000000140002488 f i umodsys_lib_libmedia:umodsys.mod.media.std.obj
 0001:00001488       ?ref_links@RLibraryBinCache@std@media@modules@UModSys@@UEBAHXZ 0000000140002488 f i umodsys_lib_libmedia:umodsys.mod.media.std.obj
 0001:00001488       ?ref_links@RDataArchiver_OsDir@stdio@media@modules@UModSys@@UEBAHXZ 0000000140002488 f i umodsys_lib_libmedia:umodsys.mod.media.stdio.obj
 0001:00001488       ?ref_links@RLibraryObjCache@std@media@modules@UModSys@@UEBAHXZ 0000000140002488 f i umodsys_lib_libmedia:umodsys.mod.media.std.obj
 0001:00001488       ?ref_links@RLibraryBinTree@std@media@modules@UModSys@@UEBAHXZ 0000000140002488 f i umodsys_lib_libmedia:umodsys.mod.media.std.obj
 0001:0000148c       ??4SLayerX@RLibraryLayered@std@media@modules@UModSys@@QEAAXAEBUSLayer@ILibraryLayered@libmedia@5@@Z 000000014000248c f i umodsys_lib_libmedia:umodsys.mod.media.std.obj
 0001:0000157c       ?get_flag@RLibraryLayered@std@media@modules@UModSys@@UEBA?AW4eStates@?$TFlags4State@USMediaFlagUid@libmedia@UModSys@@I@tl@5@H@Z 000000014000257c f i umodsys_lib_libmedia:umodsys.mod.media.std.obj
 0001:00001588       ?get_flags_auto@RLibraryLayered@std@media@modules@UModSys@@UEBA?AU?$TFlags4State@USMediaFlagUid@libmedia@UModSys@@I@tl@5@XZ 0000000140002588 f i umodsys_lib_libmedia:umodsys.mod.media.std.obj
 0001:00001594       ?set_flag@RLibraryLayered@std@media@modules@UModSys@@UEAA?AW4eStates@?$TFlags4State@USMediaFlagUid@libmedia@UModSys@@I@tl@5@HW46785@@Z 0000000140002594 f i umodsys_lib_libmedia:umodsys.mod.media.std.obj
 0001:000015bc       ?bin_reader@RLibraryLayered@std@media@modules@UModSys@@UEAA?AU?$TRefObject@UIStreamReader@libmedia@UModSys@@U?$TRefObjectFunc@UIStreamReader@libmedia@UModSys@@@tl@3@@tl@5@AEBU?$TString@U?$TSCoreConst@D@su@tl@UModSys@@U?$TComparerBinaryHash@D@234@@75@AEBUSFlags@libmedia@5@@Z 00000001400025bc f i umodsys_lib_libmedia:umodsys.mod.media.std.obj
 0001:000016a4       ?bin_writer@RLibraryLayered@std@media@modules@UModSys@@UEAA?AU?$TRefObject@UIStreamWriter@libmedia@UModSys@@U?$TRefObjectFunc@UIStreamWriter@libmedia@UModSys@@@tl@3@@tl@5@AEBU?$TString@U?$TSCoreConst@D@su@tl@UModSys@@U?$TComparerBinaryHash@D@234@@75@AEBUSFlags@libmedia@5@@Z 00000001400026a4 f i umodsys_lib_libmedia:umodsys.mod.media.std.obj
 0001:0000178c       ?bin_load@RLibraryLayered@std@media@modules@UModSys@@UEAA_NAEBU?$TString@U?$TSCoreConst@D@su@tl@UModSys@@U?$TComparerBinaryHash@D@234@@tl@5@AEAUSCMemShared@core@5@AEBUSFlags@libmedia@5@@Z 000000014000278c f i umodsys_lib_libmedia:umodsys.mod.media.std.obj
 0001:00001a34       ?bin_save@RLibraryLayered@std@media@modules@UModSys@@UEAA_NAEBU?$TString@U?$TSCoreConst@D@su@tl@UModSys@@U?$TComparerBinaryHash@D@234@@tl@5@AEBUSCMem@core@5@AEBUSFlags@libmedia@5@@Z 0000000140002a34 f i umodsys_lib_libmedia:umodsys.mod.media.std.obj
 0001:00001c80       ?bin_info@RLibraryLayered@std@media@modules@UModSys@@UEAA_NAEBU?$TString@U?$TSCoreConst@D@su@tl@UModSys@@U?$TComparerBinaryHash@D@234@@tl@5@AEAUSFileInfo@libmedia@5@AEBUSFlags@95@@Z 0000000140002c80 f i umodsys_lib_libmedia:umodsys.mod.media.std.obj
 0001:00001d30       ?bin_info@RLibraryLayered@std@media@modules@UModSys@@UEAA_NAEBU?$TString@U?$TSCoreConst@D@su@tl@UModSys@@U?$TComparerBinaryHash@D@234@@tl@5@AEAU?$TIStackSocket@USFileInfo@libmedia@UModSys@@@75@AEBUSFlags@libmedia@5@@Z 0000000140002d30 f i umodsys_lib_libmedia:umodsys.mod.media.std.obj
 0001:00001df4       ?bin_get@RLibraryLayered@std@media@modules@UModSys@@UEAA_NAEBU?$TString@U?$TSCoreConst@D@su@tl@UModSys@@U?$TComparerBinaryHash@D@234@@tl@5@AEAUSCMemShared@core@5@_N@Z 0000000140002df4 f i umodsys_lib_libmedia:umodsys.mod.media.std.obj
 0001:00001e78       ?bin_put@RLibraryLayered@std@media@modules@UModSys@@UEAA_NAEBU?$TString@U?$TSCoreConst@D@su@tl@UModSys@@U?$TComparerBinaryHash@D@234@@tl@5@PEBUSCMemShared@core@5@@Z 0000000140002e78 f i umodsys_lib_libmedia:umodsys.mod.media.std.obj
 0001:00001ee8       ?obj_fget@RLibraryLayered@std@media@modules@UModSys@@UEAA_NAEBUSInfo@IBinObjFilter@libmedia@5@AEAU?$TRefObject@UIRefObject@core@UModSys@@U?$TRefObjectFunc@UIRefObject@core@UModSys@@@tl@3@@tl@5@@Z 0000000140002ee8 f i umodsys_lib_libmedia:umodsys.mod.media.std.obj
 0001:00001f58       ?obj_fload@RLibraryLayered@std@media@modules@UModSys@@UEAA_NAEBUSInfo@IBinObjFilter@libmedia@5@PEAUIRefObject@core@5@@Z 0000000140002f58 f i umodsys_lib_libmedia:umodsys.mod.media.std.obj
 0001:00001fc8       ?obj_fsave@RLibraryLayered@std@media@modules@UModSys@@UEAA_NAEAUSInfo@IBinObjFilter@libmedia@5@PEBUIRefObject@core@5@@Z 0000000140002fc8 f i umodsys_lib_libmedia:umodsys.mod.media.std.obj
 0001:00002038       ?obj_cget@RLibraryLayered@std@media@modules@UModSys@@UEAA_NAEBU?$TString@U?$TSCoreConst@D@su@tl@UModSys@@U?$TComparerBinaryHash@D@234@@tl@5@AEAU?$TRefObject@UIRefObject@core@UModSys@@U?$TRefObjectFunc@UIRefObject@core@UModSys@@@tl@3@@75@_N@Z 0000000140003038 f i umodsys_lib_libmedia:umodsys.mod.media.std.obj
 0001:000020bc       ?obj_cput@RLibraryLayered@std@media@modules@UModSys@@UEAA_NAEBU?$TString@U?$TSCoreConst@D@su@tl@UModSys@@U?$TComparerBinaryHash@D@234@@tl@5@PEAUIRefObject@core@5@@Z 00000001400030bc f i umodsys_lib_libmedia:umodsys.mod.media.std.obj
 0001:0000212c       ?obj_get@RLibraryLayered@std@media@modules@UModSys@@UEAA_NAEBU?$TString@U?$TSCoreConst@D@su@tl@UModSys@@U?$TComparerBinaryHash@D@234@@tl@5@AEAU?$TRefObject@UIRefObject@core@UModSys@@U?$TRefObjectFunc@UIRefObject@core@UModSys@@@tl@3@@75@AEBUSObjOptions@ILibrary@libmedia@5@@Z 000000014000312c f i umodsys_lib_libmedia:umodsys.mod.media.std.obj
 0001:0000257c       ?obj_load@RLibraryLayered@std@media@modules@UModSys@@UEAA_NAEBU?$TString@U?$TSCoreConst@D@su@tl@UModSys@@U?$TComparerBinaryHash@D@234@@tl@5@PEAUIRefObject@core@5@AEBUSObjOptions@ILibrary@libmedia@5@@Z 000000014000357c f i umodsys_lib_libmedia:umodsys.mod.media.std.obj
 0001:00002750       ?obj_save@RLibraryLayered@std@media@modules@UModSys@@UEAA_NAEBU?$TString@U?$TSCoreConst@D@su@tl@UModSys@@U?$TComparerBinaryHash@D@234@@tl@5@PEBUIRefObject@core@5@AEBUSObjOptions@ILibrary@libmedia@5@@Z 0000000140003750 f i umodsys_lib_libmedia:umodsys.mod.media.std.obj
 0001:00002998       ?layer_count@RLibraryLayered@std@media@modules@UModSys@@UEBA_KAEBUSLayer@ILibraryLayered@libmedia@5@@Z 0000000140003998 f i umodsys_lib_libmedia:umodsys.mod.media.std.obj
 0001:000029a0       ?layer_get@RLibraryLayered@std@media@modules@UModSys@@UEBA?AUSLayer@ILibraryLayered@libmedia@5@_K@Z 00000001400039a0 f i umodsys_lib_libmedia:umodsys.mod.media.std.obj
 0001:00002a08       ?layer_find@RLibraryLayered@std@media@modules@UModSys@@UEBA_KAEBU?$TString@U?$TSCoreConst@D@su@tl@UModSys@@U?$TComparerBinaryHash@D@234@@tl@5@_K@Z 0000000140003a08 f i umodsys_lib_libmedia:umodsys.mod.media.std.obj
 0001:00002aa4       ?layer_insert@RLibraryLayered@std@media@modules@UModSys@@UEAA_NAEBUSLayer@ILibraryLayered@libmedia@5@_K@Z 0000000140003aa4 f i umodsys_lib_libmedia:umodsys.mod.media.std.obj
 0001:00002c60       ?layer_remove@RLibraryLayered@std@media@modules@UModSys@@UEAA_N_K@Z 0000000140003c60 f i umodsys_lib_libmedia:umodsys.mod.media.std.obj
 0001:00002d6c       ?layer_clear@RLibraryLayered@std@media@modules@UModSys@@UEAA_NXZ 0000000140003d6c f i umodsys_lib_libmedia:umodsys.mod.media.std.obj
 0001:00002d78       ??_ERLibraryLayered@std@media@modules@UModSys@@UEAAPEAXI@Z 0000000140003d78 f i  CIL library: CIL module
 0001:00002d78       ??_GRLibraryLayered@std@media@modules@UModSys@@UEAAPEAXI@Z 0000000140003d78 f i umodsys_lib_libmedia:umodsys.mod.media.std.obj
 0001:00002e24       ?root_get_interface_info@RLibraryObjCache@std@media@modules@UModSys@@UEBAAEBUSUniquePointerInfo@core@5@XZ 0000000140003e24 f i umodsys_lib_libmedia:umodsys.mod.media.std.obj
 0001:00002e2c       ?root_get_interface_type@RLibraryObjCache@std@media@modules@UModSys@@UEBAPEBUSUniquePointerInfo@core@5@XZ 0000000140003e2c f i umodsys_lib_libmedia:umodsys.mod.media.std.obj
 0001:00002e34       ?root_get_other_interface@RLibraryObjCache@std@media@modules@UModSys@@UEAAPEAUIRoot@core@5@PEBUSUniquePointerInfo@75@@Z 0000000140003e34 f i umodsys_lib_libmedia:umodsys.mod.media.std.obj
 0001:00002e34       ?root_get_other_interface@RLibraryObjCache@std@media@modules@UModSys@@UEBAPEBUIRoot@core@5@PEBUSUniquePointerInfo@75@@Z 0000000140003e34 f i umodsys_lib_libmedia:umodsys.mod.media.std.obj
 0001:00002e6c       ?root_is_interface_supported@RLibraryObjCache@std@media@modules@UModSys@@UEBA_NPEBUSUniquePointerInfo@core@5@@Z 0000000140003e6c f i umodsys_lib_libmedia:umodsys.mod.media.std.obj
 0001:00002ea4       ?ref_remove@RLibraryObjFilter@std@media@modules@UModSys@@UEBAXXZ 0000000140003ea4 f i umodsys_lib_libmedia:umodsys.mod.media.std.obj
 0001:00002ea4       ?ref_remove@RLibraryBinTree@std@media@modules@UModSys@@UEBAXXZ 0000000140003ea4 f i umodsys_lib_libmedia:umodsys.mod.media.std.obj
 0001:00002ea4       ?ref_remove@RLibraryBinCache@std@media@modules@UModSys@@UEBAXXZ 0000000140003ea4 f i umodsys_lib_libmedia:umodsys.mod.media.std.obj
 0001:00002ea4       ?ref_remove@RDataArchiver_OsDir@stdio@media@modules@UModSys@@UEBAXXZ 0000000140003ea4 f i umodsys_lib_libmedia:umodsys.mod.media.stdio.obj
 0001:00002ea4       ?ref_remove@RLibraryLayered@std@media@modules@UModSys@@UEBAXXZ 0000000140003ea4 f i umodsys_lib_libmedia:umodsys.mod.media.std.obj
 0001:00002ea4       ?ref_remove@RLibraryObjCache@std@media@modules@UModSys@@UEBAXXZ 0000000140003ea4 f i umodsys_lib_libmedia:umodsys.mod.media.std.obj
 0001:00002ebc       ?get_flags_auto@RLibraryObjCache@std@media@modules@UModSys@@UEBA?AU?$TFlags4State@USMediaFlagUid@libmedia@UModSys@@I@tl@5@XZ 0000000140003ebc f i umodsys_lib_libmedia:umodsys.mod.media.std.obj
 0001:00002ec8       ?set_flag@RLibraryBinCache@std@media@modules@UModSys@@UEAA?AW4eStates@?$TFlags4State@USMediaFlagUid@libmedia@UModSys@@I@tl@5@HW46785@@Z 0000000140003ec8 f i umodsys_lib_libmedia:umodsys.mod.media.std.obj
 0001:00002ec8       ?set_flag@RLibraryObjFilter@std@media@modules@UModSys@@UEAA?AW4eStates@?$TFlags4State@USMediaFlagUid@libmedia@UModSys@@I@tl@5@HW46785@@Z 0000000140003ec8 f i umodsys_lib_libmedia:umodsys.mod.media.std.obj
 0001:00002ec8       ?set_flag@RLibraryBinTree@std@media@modules@UModSys@@UEAA?AW4eStates@?$TFlags4State@USMediaFlagUid@libmedia@UModSys@@I@tl@5@HW46785@@Z 0000000140003ec8 f i umodsys_lib_libmedia:umodsys.mod.media.std.obj
 0001:00002ec8       ?set_flag@RLibraryObjCache@std@media@modules@UModSys@@UEAA?AW4eStates@?$TFlags4State@USMediaFlagUid@libmedia@UModSys@@I@tl@5@HW46785@@Z 0000000140003ec8 f i umodsys_lib_libmedia:umodsys.mod.media.std.obj
 0001:00002ef0       ?bin_reader@RLibraryBinCache@std@media@modules@UModSys@@UEAA?AU?$TRefObject@UIStreamReader@libmedia@UModSys@@U?$TRefObjectFunc@UIStreamReader@libmedia@UModSys@@@tl@3@@tl@5@AEBU?$TString@U?$TSCoreConst@D@su@tl@UModSys@@U?$TComparerBinaryHash@D@234@@75@AEBUSFlags@libmedia@5@@Z 0000000140003ef0 f i umodsys_lib_libmedia:umodsys.mod.media.std.obj
 0001:00002ef0       ?bin_reader@RLibraryObjCache@std@media@modules@UModSys@@UEAA?AU?$TRefObject@UIStreamReader@libmedia@UModSys@@U?$TRefObjectFunc@UIStreamReader@libmedia@UModSys@@@tl@3@@tl@5@AEBU?$TString@U?$TSCoreConst@D@su@tl@UModSys@@U?$TComparerBinaryHash@D@234@@75@AEBUSFlags@libmedia@5@@Z 0000000140003ef0 f i umodsys_lib_libmedia:umodsys.mod.media.std.obj
 0001:00002ef0       ?bin_writer@RLibraryObjFilter@std@media@modules@UModSys@@UEAA?AU?$TRefObject@UIStreamWriter@libmedia@UModSys@@U?$TRefObjectFunc@UIStreamWriter@libmedia@UModSys@@@tl@3@@tl@5@AEBU?$TString@U?$TSCoreConst@D@su@tl@UModSys@@U?$TComparerBinaryHash@D@234@@75@AEBUSFlags@libmedia@5@@Z 0000000140003ef0 f i umodsys_lib_libmedia:umodsys.mod.media.std.obj
 0001:00002ef0       ?bin_reader@RLibraryObjFilter@std@media@modules@UModSys@@UEAA?AU?$TRefObject@UIStreamReader@libmedia@UModSys@@U?$TRefObjectFunc@UIStreamReader@libmedia@UModSys@@@tl@3@@tl@5@AEBU?$TString@U?$TSCoreConst@D@su@tl@UModSys@@U?$TComparerBinaryHash@D@234@@75@AEBUSFlags@libmedia@5@@Z 0000000140003ef0 f i umodsys_lib_libmedia:umodsys.mod.media.std.obj
 0001:00002ef0       ?bin_writer@RLibraryBinCache@std@media@modules@UModSys@@UEAA?AU?$TRefObject@UIStreamWriter@libmedia@UModSys@@U?$TRefObjectFunc@UIStreamWriter@libmedia@UModSys@@@tl@3@@tl@5@AEBU?$TString@U?$TSCoreConst@D@su@tl@UModSys@@U?$TComparerBinaryHash@D@234@@75@AEBUSFlags@libmedia@5@@Z 0000000140003ef0 f i umodsys_lib_libmedia:umodsys.mod.media.std.obj
 0001:00002ef0       ?bin_writer@RLibraryObjCache@std@media@modules@UModSys@@UEAA?AU?$TRefObject@UIStreamWriter@libmedia@UModSys@@U?$TRefObjectFunc@UIStreamWriter@libmedia@UModSys@@@tl@3@@tl@5@AEBU?$TString@U?$TSCoreConst@D@su@tl@UModSys@@U?$TComparerBinaryHash@D@234@@75@AEBUSFlags@libmedia@5@@Z 0000000140003ef0 f i umodsys_lib_libmedia:umodsys.mod.media.std.obj
 0001:00002f00       ?bin_get@RLibraryBinCache@std@media@modules@UModSys@@UEAA_NAEBU?$TString@U?$TSCoreConst@D@su@tl@UModSys@@U?$TComparerBinaryHash@D@234@@tl@5@AEAUSCMemShared@core@5@_N@Z 0000000140003f00 f i umodsys_lib_libmedia:umodsys.mod.media.std.obj
 0001:00002f00       ?obj_cget@RLibraryObjCache@std@media@modules@UModSys@@UEAA_NAEBU?$TString@U?$TSCoreConst@D@su@tl@UModSys@@U?$TComparerBinaryHash@D@234@@tl@5@AEAU?$TRefObject@UIRefObject@core@UModSys@@U?$TRefObjectFunc@UIRefObject@core@UModSys@@@tl@3@@75@_N@Z 0000000140003f00 f i umodsys_lib_libmedia:umodsys.mod.media.std.obj
 0001:00002f34       ?obj_cput@RLibraryObjCache@std@media@modules@UModSys@@UEAA_NAEBU?$TString@U?$TSCoreConst@D@su@tl@UModSys@@U?$TComparerBinaryHash@D@234@@tl@5@PEAUIRefObject@core@5@@Z 0000000140003f34 f i umodsys_lib_libmedia:umodsys.mod.media.std.obj
 0001:00002f40       ?obj_get@RLibraryObjCache@std@media@modules@UModSys@@UEAA_NAEBU?$TString@U?$TSCoreConst@D@su@tl@UModSys@@U?$TComparerBinaryHash@D@234@@tl@5@AEAU?$TRefObject@UIRefObject@core@UModSys@@U?$TRefObjectFunc@UIRefObject@core@UModSys@@@tl@3@@75@AEBUSObjOptions@ILibrary@libmedia@5@@Z 0000000140003f40 f i umodsys_lib_libmedia:umodsys.mod.media.std.obj
 0001:000030ac       ?objcache_get@RLibraryObjCache@std@media@modules@UModSys@@UEBA_NAEBU?$TString@U?$TSCoreConst@D@su@tl@UModSys@@U?$TComparerBinaryHash@D@234@@tl@5@PEAU?$TRefObject@UIRefObject@core@UModSys@@U?$TRefObjectFunc@UIRefObject@core@UModSys@@@tl@3@@75@PEA_N@Z 00000001400040ac f i umodsys_lib_libmedia:umodsys.mod.media.std.obj
 0001:0000314c       ?objcache_add@RLibraryObjCache@std@media@modules@UModSys@@UEAA_NAEBU?$TString@U?$TSCoreConst@D@su@tl@UModSys@@U?$TComparerBinaryHash@D@234@@tl@5@PEAUIRefObject@core@5@@Z 000000014000414c f i umodsys_lib_libmedia:umodsys.mod.media.std.obj
 0001:000032dc       ?objcache_remove@RLibraryObjCache@std@media@modules@UModSys@@UEAA_NAEBU?$TString@U?$TSCoreConst@D@su@tl@UModSys@@U?$TComparerBinaryHash@D@234@@tl@5@@Z 00000001400042dc f i umodsys_lib_libmedia:umodsys.mod.media.std.obj
 0001:00003308       ?objcache_clear@RLibraryObjCache@std@media@modules@UModSys@@UEAA_NXZ 0000000140004308 f i umodsys_lib_libmedia:umodsys.mod.media.std.obj
 0001:00003378       ??_ERLibraryObjCache@std@media@modules@UModSys@@UEAAPEAXI@Z 0000000140004378 f i  CIL library: CIL module
 0001:00003378       ??_GRLibraryObjCache@std@media@modules@UModSys@@UEAAPEAXI@Z 0000000140004378 f i umodsys_lib_libmedia:umodsys.mod.media.std.obj
 0001:00003424       ?root_get_interface_info@RLibraryObjFilter@std@media@modules@UModSys@@UEBAAEBUSUniquePointerInfo@core@5@XZ 0000000140004424 f i umodsys_lib_libmedia:umodsys.mod.media.std.obj
 0001:0000342c       ?root_get_interface_type@RLibraryObjFilter@std@media@modules@UModSys@@UEBAPEBUSUniquePointerInfo@core@5@XZ 000000014000442c f i umodsys_lib_libmedia:umodsys.mod.media.std.obj
 0001:00003434       ?root_get_other_interface@RLibraryObjFilter@std@media@modules@UModSys@@UEAAPEAUIRoot@core@5@PEBUSUniquePointerInfo@75@@Z 0000000140004434 f i umodsys_lib_libmedia:umodsys.mod.media.std.obj
 0001:00003434       ?root_get_other_interface@RLibraryObjFilter@std@media@modules@UModSys@@UEBAPEBUIRoot@core@5@PEBUSUniquePointerInfo@75@@Z 0000000140004434 f i umodsys_lib_libmedia:umodsys.mod.media.std.obj
 0001:0000346c       ?root_is_interface_supported@RLibraryObjFilter@std@media@modules@UModSys@@UEBA_NPEBUSUniquePointerInfo@core@5@@Z 000000014000446c f i umodsys_lib_libmedia:umodsys.mod.media.std.obj
 0001:000034a4       ?get_flags_auto@RLibraryObjFilter@std@media@modules@UModSys@@UEBA?AU?$TFlags4State@USMediaFlagUid@libmedia@UModSys@@I@tl@5@XZ 00000001400044a4 f i umodsys_lib_libmedia:umodsys.mod.media.std.obj
 0001:000034b0       ?obj_fget@RLibraryObjFilter@std@media@modules@UModSys@@UEAA_NAEBUSInfo@IBinObjFilter@libmedia@5@AEAU?$TRefObject@UIRefObject@core@UModSys@@U?$TRefObjectFunc@UIRefObject@core@UModSys@@@tl@3@@tl@5@@Z 00000001400044b0 f i umodsys_lib_libmedia:umodsys.mod.media.std.obj
 0001:000034bc       ?obj_fload@RLibraryObjFilter@std@media@modules@UModSys@@UEAA_NAEBUSInfo@IBinObjFilter@libmedia@5@PEAUIRefObject@core@5@@Z 00000001400044bc f i umodsys_lib_libmedia:umodsys.mod.media.std.obj
 0001:000034c8       ?obj_fsave@RLibraryObjFilter@std@media@modules@UModSys@@UEAA_NAEAUSInfo@IBinObjFilter@libmedia@5@PEBUIRefObject@core@5@@Z 00000001400044c8 f i umodsys_lib_libmedia:umodsys.mod.media.std.obj
 0001:000034d4       ?filters_add@RLibraryObjFilter@std@media@modules@UModSys@@UEAA_NU?$TRefObject@UIBinObjFilter@libmedia@UModSys@@U?$TRefObjectFunc@UIBinObjFilter@libmedia@UModSys@@@tl@3@@tl@5@PEBUSParameters@core@5@H@Z 00000001400044d4 f i umodsys_lib_libmedia:umodsys.mod.media.std.obj
 0001:000035d0       ?filters_remove@RLibraryObjFilter@std@media@modules@UModSys@@UEAA_NPEAUIBinObjFilter@libmedia@5@H@Z 00000001400045d0 f i umodsys_lib_libmedia:umodsys.mod.media.std.obj
 0001:00003644       ?filters_clear@RLibraryObjFilter@std@media@modules@UModSys@@UEAA_NXZ 0000000140004644 f i umodsys_lib_libmedia:umodsys.mod.media.std.obj
 0001:000036c4       ?filters_load@RLibraryObjFilter@std@media@modules@UModSys@@UEAA_NAEBUSInfo@IBinObjFilter@libmedia@5@AEAU?$TRefObject@UIRefObject@core@UModSys@@U?$TRefObjectFunc@UIRefObject@core@UModSys@@@tl@3@@tl@5@@Z 00000001400046c4 f i umodsys_lib_libmedia:umodsys.mod.media.std.obj
 0001:0000375c       ?filters_load@RLibraryObjFilter@std@media@modules@UModSys@@UEAA_NAEBUSInfo@IBinObjFilter@libmedia@5@PEAUIRefObject@core@5@@Z 000000014000475c f i umodsys_lib_libmedia:umodsys.mod.media.std.obj
 0001:000037f4       ?filters_save@RLibraryObjFilter@std@media@modules@UModSys@@UEAA_NAEAUSInfo@IBinObjFilter@libmedia@5@PEBUIRefObject@core@5@@Z 00000001400047f4 f i umodsys_lib_libmedia:umodsys.mod.media.std.obj
 0001:0000388c       ??_GRLibraryObjFilter@std@media@modules@UModSys@@UEAAPEAXI@Z 000000014000488c f i umodsys_lib_libmedia:umodsys.mod.media.std.obj
 0001:0000388c       ??_ERLibraryObjFilter@std@media@modules@UModSys@@UEAAPEAXI@Z 000000014000488c f i  CIL library: CIL module
 0001:00003948       ?get_generated_names@RGenerator@std@media@modules@UModSys@@UEBAHAEAUSUniquePtrList@core@5@@Z 0000000140004948 f i umodsys_lib_libmedia:umodsys.mod.media.std.obj
 0001:000039a8       ?get_generated_types@RGenerator@std@media@modules@UModSys@@UEBAHAEAUSUniquePtrList@core@5@PEBUSUniquePointerInfo@75@@Z 00000001400049a8 f i umodsys_lib_libmedia:umodsys.mod.media.std.obj
 0001:00003a84       ?generate@RGenerator@std@media@modules@UModSys@@UEAA_NAEAU?$TRefObject@UIRefObject@core@UModSys@@U?$TRefObjectFunc@UIRefObject@core@UModSys@@@tl@3@@tl@5@PEBUSUniquePointerInfo@core@5@AEBUSParameters@95@@Z 0000000140004a84 f i umodsys_lib_libmedia:umodsys.mod.media.std.obj
 0001:00003c2c       ?root_get_interface_info@RGenerator@std@media@modules@UModSys@@UEBAAEBUSUniquePointerInfo@core@5@XZ 0000000140004c2c f i umodsys_lib_libmedia:umodsys.mod.media.std.obj
 0001:00003c34       ?root_get_interface_type@RGenerator@std@media@modules@UModSys@@UEBAPEBUSUniquePointerInfo@core@5@XZ 0000000140004c34 f i umodsys_lib_libmedia:umodsys.mod.media.std.obj
 0001:00003c3c       ?root_get_other_interface@RGenerator@std@media@modules@UModSys@@UEBAPEBUIRoot@core@5@PEBUSUniquePointerInfo@75@@Z 0000000140004c3c f i umodsys_lib_libmedia:umodsys.mod.media.std.obj
 0001:00003c3c       ?root_get_other_interface@RGenerator@std@media@modules@UModSys@@UEAAPEAUIRoot@core@5@PEBUSUniquePointerInfo@75@@Z 0000000140004c3c f i umodsys_lib_libmedia:umodsys.mod.media.std.obj
 0001:00003c74       ?root_is_interface_supported@RGenerator@std@media@modules@UModSys@@UEBA_NPEBUSUniquePointerInfo@core@5@@Z 0000000140004c74 f i umodsys_lib_libmedia:umodsys.mod.media.std.obj
 0001:00003cac       ?ref_add@RStreamWriter_FILE@stdio@media@modules@UModSys@@UEBAXXZ 0000000140004cac f i umodsys_lib_libmedia:umodsys.mod.media.stdio.obj
 0001:00003cac       ?ref_add@RStreamReader_FILE@stdio@media@modules@UModSys@@UEBAXXZ 0000000140004cac f i umodsys_lib_libmedia:umodsys.mod.media.stdio.obj
 0001:00003cac       ?ref_add@RGenerator@std@media@modules@UModSys@@UEBAXXZ 0000000140004cac f i umodsys_lib_libmedia:umodsys.mod.media.std.obj
 0001:00003cac       ?ref_add@RGenerator@stdio@media@modules@UModSys@@UEBAXXZ 0000000140004cac f i umodsys_lib_libmedia:umodsys.mod.media.stdio.obj
 0001:00003cb0       ?suicide@RGenerator@std@media@modules@UModSys@@UEAAXXZ 0000000140004cb0 f i umodsys_lib_libmedia:umodsys.mod.media.std.obj
 0001:00003cb0       ?ref_add@RConsole_std@rsystem@base@UModSys@@UEBAXXZ 0000000140004cb0 f i umodsys_lib_basesys:umodsys.basesys.rconsole_std.obj
 0001:00003cb0       ?suicide@RGenerator@stdio@media@modules@UModSys@@UEAAXXZ 0000000140004cb0 f i umodsys_lib_libmedia:umodsys.mod.media.stdio.obj
 0001:00003cb0       ?ref_remove@RConsole_std@rsystem@base@UModSys@@UEBAXXZ 0000000140004cb0 f i umodsys_lib_basesys:umodsys.basesys.rconsole_std.obj
 0001:00003cb0       ??3@YAXPEAX0@Z             0000000140004cb0 f i umodsys_lib_libmedia:umodsys.mod.media.std.obj
 0001:00003cb4       ?get_uid@RGenerator@std@media@modules@UModSys@@UEBAPEBUSUniquePointerInfo@core@5@XZ 0000000140004cb4 f i umodsys_lib_libmedia:umodsys.mod.media.std.obj
 0001:00003cbc       ?do_open@RModuleReg@std@media@modules@UModSys@@UEAA_NXZ 0000000140004cbc f i umodsys_lib_libmedia:umodsys.mod.media.std.obj
 0001:00003d30       ?do_close@RModuleReg@std@media@modules@UModSys@@UEAA_NXZ 0000000140004d30 f i umodsys_lib_libmedia:umodsys.mod.media.std.obj
 0001:00003d80       ??_GIModuleReg@base@UModSys@@UEAAPEAXI@Z 0000000140004d80 f i umodsys_lib_base:umodsys.base.modulereg.obj
 0001:00003d80       ??_GRModuleReg@stdio@media@modules@UModSys@@UEAAPEAXI@Z 0000000140004d80 f i umodsys_lib_libmedia:umodsys.mod.media.stdio.obj
 0001:00003d80       ??_ERModuleReg@std@media@modules@UModSys@@UEAAPEAXI@Z 0000000140004d80 f i  CIL library: CIL module
 0001:00003d80       ??_GRModuleReg@std@media@modules@UModSys@@UEAAPEAXI@Z 0000000140004d80 f i umodsys_lib_libmedia:umodsys.mod.media.std.obj
 0001:00003d80       ??_ERModuleReg@stdio@media@modules@UModSys@@UEAAPEAXI@Z 0000000140004d80 f i  CIL library: CIL module
 0001:00003d80       ??_EIModuleReg@base@UModSys@@UEAAPEAXI@Z 0000000140004d80 f i  CIL library: CIL module
 0001:00003da8       ?get_module@RGenerator@std@media@modules@UModSys@@UEBAPEAUIModule@base@5@XZ 0000000140004da8 f   umodsys_lib_libmedia:umodsys.mod.media.std.obj
 0001:00003db0       ?mod_inc@RGenerator@std@media@modules@UModSys@@UEBA_NXZ 0000000140004db0 f   umodsys_lib_libmedia:umodsys.mod.media.std.obj
 0001:00003dc0       ?mod_dec@RGenerator@std@media@modules@UModSys@@UEBA_NXZ 0000000140004dc0 f   umodsys_lib_libmedia:umodsys.mod.media.std.obj
 0001:00003dd4       ?s_holder@RGenerator@std@media@modules@UModSys@@SAAEAU?$TTypeStaticHolder@URGenerator@std@media@modules@UModSys@@@tl@5@XZ 0000000140004dd4 f   umodsys_lib_libmedia:umodsys.mod.media.std.obj
 0001:00003e18       ??1?$TSCoreShared@USIMemAlloc@core@UModSys@@D@su@tl@UModSys@@QEAA@XZ 0000000140004e18 f i umodsys_lib_libmedia:umodsys.mod.media.std.obj
 0001:00003e18       ??1?$TString@U?$TSCoreShared@USIMemAlloc@core@UModSys@@D@su@tl@UModSys@@U?$TComparerBinaryHash@D@234@@tl@UModSys@@QEAA@XZ 0000000140004e18 f i umodsys_lib_libmedia:umodsys.mod.media.std.obj
 0001:00003e68       ??R?$TScatterArray@USCacheElem@RLibraryBinCache@std@media@modules@UModSys@@U?$TString@U?$TSCoreConst@D@su@tl@UModSys@@U?$TComparerBinaryHash@D@234@@tl@6@U?$TObjectCompare@U?$TString@U?$TSCoreConst@D@su@tl@UModSys@@U?$TComparerBinaryHash@D@234@@tl@UModSys@@@core@6@U?$TNodeDeleter0@U?$TScatterArrayNode@USCacheElem@RLibraryBinCache@std@media@modules@UModSys@@U?$TString@U?$TSCoreConst@D@su@tl@UModSys@@U?$TComparerBinaryHash@D@234@@tl@6@@tl@UModSys@@@86@@tl@UModSys@@QEAAPEAUSCacheElem@RLibraryBinCache@std@media@modules@2@AEBU?$TString@U?$TSCoreConst@D@su@tl@UModSys@@U?$TComparerBinaryHash@D@234@@12@PEAUVoid@core@2@@Z 0000000140004e68 f i umodsys_lib_libmedia:umodsys.mod.media.std.obj
 0001:00003fe0       ??R?$TScatterArray@USMountInfo@RLibraryBinTree@std@media@modules@UModSys@@USId@ILibraryBinTree@libmedia@6@U7896@U?$TNodeDeleter0@U?$TScatterArrayNode@USMountInfo@RLibraryBinTree@std@media@modules@UModSys@@USId@ILibraryBinTree@libmedia@6@@tl@UModSys@@@tl@6@@tl@UModSys@@QEAAPEAUSMountInfo@RLibraryBinTree@std@media@modules@2@AEBUSId@ILibraryBinTree@libmedia@2@PEAUVoid@core@2@@Z 0000000140004fe0 f i umodsys_lib_libmedia:umodsys.mod.media.std.obj
 0001:000040dc       ??R?$TScatterArray@USCacheElem@RLibraryObjCache@std@media@modules@UModSys@@U?$TString@U?$TSCoreConst@D@su@tl@UModSys@@U?$TComparerBinaryHash@D@234@@tl@6@U?$TObjectCompare@U?$TString@U?$TSCoreConst@D@su@tl@UModSys@@U?$TComparerBinaryHash@D@234@@tl@UModSys@@@core@6@U?$TNodeDeleter0@U?$TScatterArrayNode@USCacheElem@RLibraryObjCache@std@media@modules@UModSys@@U?$TString@U?$TSCoreConst@D@su@tl@UModSys@@U?$TComparerBinaryHash@D@234@@tl@6@@tl@UModSys@@@86@@tl@UModSys@@QEAAPEAUSCacheElem@RLibraryObjCache@std@media@modules@2@AEBU?$TString@U?$TSCoreConst@D@su@tl@UModSys@@U?$TComparerBinaryHash@D@234@@12@PEAUVoid@core@2@@Z 00000001400050dc f i umodsys_lib_libmedia:umodsys.mod.media.std.obj
 0001:000041d8       ??R?$TScatterArray@USFilter@RLibraryObjFilter@std@media@modules@UModSys@@USId@23456@U723456@U?$TNodeDeleter0@U?$TScatterArrayNode@USFilter@RLibraryObjFilter@std@media@modules@UModSys@@USId@23456@@tl@UModSys@@@tl@6@@tl@UModSys@@QEAAPEAUSFilter@RLibraryObjFilter@std@media@modules@2@AEBUSId@45672@PEAUVoid@core@2@@Z 00000001400051d8 f i umodsys_lib_libmedia:umodsys.mod.media.std.obj
 0001:000042c8       ?delete_node@?$TTreeHoldRBD@U?$TScatterArrayNode@USCacheElem@RLibraryBinCache@std@media@modules@UModSys@@U?$TString@U?$TSCoreConst@D@su@tl@UModSys@@U?$TComparerBinaryHash@D@234@@tl@6@@tl@UModSys@@U?$TNodeDeleter0@U?$TScatterArrayNode@USCacheElem@RLibraryBinCache@std@media@modules@UModSys@@U?$TString@U?$TSCoreConst@D@su@tl@UModSys@@U?$TComparerBinaryHash@D@234@@tl@6@@tl@UModSys@@@23@@tl@UModSys@@QEAAXPEAU?$TScatterArrayNode@USCacheElem@RLibraryBinCache@std@media@modules@UModSys@@U?$TString@U?$TSCoreConst@D@su@tl@UModSys@@U?$TComparerBinaryHash@D@234@@tl@6@@23@@Z 00000001400052c8 f i umodsys_lib_libmedia:umodsys.mod.media.std.obj
 0001:000043e8       ?delete_node@?$TTreeHoldRBD@U?$TScatterArrayNode@USMountInfo@RLibraryBinTree@std@media@modules@UModSys@@USId@ILibraryBinTree@libmedia@6@@tl@UModSys@@U?$TNodeDeleter0@U?$TScatterArrayNode@USMountInfo@RLibraryBinTree@std@media@modules@UModSys@@USId@ILibraryBinTree@libmedia@6@@tl@UModSys@@@23@@tl@UModSys@@QEAAXPEAU?$TScatterArrayNode@USMountInfo@RLibraryBinTree@std@media@modules@UModSys@@USId@ILibraryBinTree@libmedia@6@@23@@Z 00000001400053e8 f i umodsys_lib_libmedia:umodsys.mod.media.std.obj
 0001:0000450c       ?Resize@?$TDynarray@U?$TDynarrayHolderDynamic@USLayerX@RLibraryLayered@std@media@modules@UModSys@@U?$TAllocator@USIMemAlloc@core@UModSys@@USCountCalcPower2@23@@tl@6@@tl@UModSys@@@tl@UModSys@@QEAA_N_K@Z 000000014000550c f i umodsys_lib_libmedia:umodsys.mod.media.std.obj
 0001:00004630       ?delete_node@?$TTreeHoldRBD@U?$TScatterArrayNode@USCacheElem@RLibraryObjCache@std@media@modules@UModSys@@U?$TString@U?$TSCoreConst@D@su@tl@UModSys@@U?$TComparerBinaryHash@D@234@@tl@6@@tl@UModSys@@U?$TNodeDeleter0@U?$TScatterArrayNode@USCacheElem@RLibraryObjCache@std@media@modules@UModSys@@U?$TString@U?$TSCoreConst@D@su@tl@UModSys@@U?$TComparerBinaryHash@D@234@@tl@6@@tl@UModSys@@@23@@tl@UModSys@@QEAAXPEAU?$TScatterArrayNode@USCacheElem@RLibraryObjCache@std@media@modules@UModSys@@U?$TString@U?$TSCoreConst@D@su@tl@UModSys@@U?$TComparerBinaryHash@D@234@@tl@6@@23@@Z 0000000140005630 f i umodsys_lib_libmedia:umodsys.mod.media.std.obj
 0001:00004754       ?delete_node@?$TTreeHoldRBD@U?$TScatterArrayNode@USFilter@RLibraryObjFilter@std@media@modules@UModSys@@USId@23456@@tl@UModSys@@U?$TNodeDeleter0@U?$TScatterArrayNode@USFilter@RLibraryObjFilter@std@media@modules@UModSys@@USId@23456@@tl@UModSys@@@23@@tl@UModSys@@QEAAXPEAU?$TScatterArrayNode@USFilter@RLibraryObjFilter@std@media@modules@UModSys@@USId@23456@@23@@Z 0000000140005754 f i umodsys_lib_libmedia:umodsys.mod.media.std.obj
 0001:00004880       ??R?$TNodeDeleter0@U?$TScatterArrayNode@USMountInfo@RLibraryBinTree@std@media@modules@UModSys@@USId@ILibraryBinTree@libmedia@6@@tl@UModSys@@@tl@UModSys@@QEBAHPEAU?$TScatterArrayNode@USMountInfo@RLibraryBinTree@std@media@modules@UModSys@@USId@ILibraryBinTree@libmedia@6@@12@@Z 0000000140005880 f i umodsys_lib_libmedia:umodsys.mod.media.std.obj
 0001:00004914       ??R?$TNodeDeleter0@U?$TScatterArrayNode@USCacheElem@RLibraryObjCache@std@media@modules@UModSys@@U?$TString@U?$TSCoreConst@D@su@tl@UModSys@@U?$TComparerBinaryHash@D@234@@tl@6@@tl@UModSys@@@tl@UModSys@@QEBAHPEAU?$TScatterArrayNode@USCacheElem@RLibraryObjCache@std@media@modules@UModSys@@U?$TString@U?$TSCoreConst@D@su@tl@UModSys@@U?$TComparerBinaryHash@D@234@@tl@6@@12@@Z 0000000140005914 f i umodsys_lib_libmedia:umodsys.mod.media.std.obj
 0001:000049a4       ?set@?$TSCoreShared@USIMemAlloc@core@UModSys@@D@su@tl@UModSys@@QEAAXPEBD_K@Z 00000001400059a4 f i umodsys_lib_libmedia:umodsys.mod.media.std.obj
 0001:00004a64       ??1?$TPair@U?$TString@U?$TSCoreConst@D@su@tl@UModSys@@U?$TComparerBinaryHash@D@234@@tl@UModSys@@USCacheElem@RLibraryBinCache@std@media@modules@3@@tl@UModSys@@QEAA@XZ 0000000140005a64 f i umodsys_lib_libmedia:umodsys.mod.media.std.obj
 0001:00004a70       ??1?$TPair@USId@ILibraryBinTree@libmedia@UModSys@@USMountInfo@RLibraryBinTree@std@media@modules@4@@tl@UModSys@@QEAA@XZ 0000000140005a70 f i umodsys_lib_libmedia:umodsys.mod.media.std.obj
 0001:00004ae4       ??1?$TPair@U?$TString@U?$TSCoreConst@D@su@tl@UModSys@@U?$TComparerBinaryHash@D@234@@tl@UModSys@@USCacheElem@RLibraryObjCache@std@media@modules@3@@tl@UModSys@@QEAA@XZ 0000000140005ae4 f i umodsys_lib_libmedia:umodsys.mod.media.std.obj
 0001:00004b58       ??1?$TPair@USId@RLibraryObjFilter@std@media@modules@UModSys@@USFilter@23456@@tl@UModSys@@QEAA@XZ 0000000140005b58 f i umodsys_lib_libmedia:umodsys.mod.media.std.obj
 0001:00004b7c       ??1SCacheElem@RLibraryBinCache@std@media@modules@UModSys@@QEAA@XZ 0000000140005b7c f i umodsys_lib_libmedia:umodsys.mod.media.std.obj
 0001:00004bf4       ??1SMountInfo@RLibraryBinTree@std@media@modules@UModSys@@QEAA@XZ 0000000140005bf4 f i umodsys_lib_libmedia:umodsys.mod.media.std.obj
 0001:00004c64       ??1SCacheElem@RLibraryObjCache@std@media@modules@UModSys@@QEAA@XZ 0000000140005c64 f i umodsys_lib_libmedia:umodsys.mod.media.std.obj
 0001:00004cd4       ?remove_color@?$TTreeHoldRB@U?$TScatterArrayNode@USFilter@RLibraryObjFilter@std@media@modules@UModSys@@USId@23456@@tl@UModSys@@@tl@UModSys@@IEAAXPEAU?$TScatterArrayNode@USFilter@RLibraryObjFilter@std@media@modules@UModSys@@USId@23456@@23@0@Z 0000000140005cd4 f i umodsys_lib_libmedia:umodsys.mod.media.std.obj
 0001:00004cd4       ?remove_color@?$TTreeHoldRB@U?$TScatterArrayNode@USCacheElem@RLibraryBinCache@std@media@modules@UModSys@@U?$TString@U?$TSCoreConst@D@su@tl@UModSys@@U?$TComparerBinaryHash@D@234@@tl@6@@tl@UModSys@@@tl@UModSys@@IEAAXPEAU?$TScatterArrayNode@USCacheElem@RLibraryBinCache@std@media@modules@UModSys@@U?$TString@U?$TSCoreConst@D@su@tl@UModSys@@U?$TComparerBinaryHash@D@234@@tl@6@@23@0@Z 0000000140005cd4 f i umodsys_lib_libmedia:umodsys.mod.media.std.obj
 0001:00004cd4       ?remove_color@?$TTreeHoldRB@U?$TScatterArrayNode@USCacheElem@RLibraryObjCache@std@media@modules@UModSys@@U?$TString@U?$TSCoreConst@D@su@tl@UModSys@@U?$TComparerBinaryHash@D@234@@tl@6@@tl@UModSys@@@tl@UModSys@@IEAAXPEAU?$TScatterArrayNode@USCacheElem@RLibraryObjCache@std@media@modules@UModSys@@U?$TString@U?$TSCoreConst@D@su@tl@UModSys@@U?$TComparerBinaryHash@D@234@@tl@6@@23@0@Z 0000000140005cd4 f i umodsys_lib_libmedia:umodsys.mod.media.std.obj
 0001:00004cd4       ?remove_color@?$TTreeHoldRB@U?$TScatterArrayNode@USMountInfo@RLibraryBinTree@std@media@modules@UModSys@@USId@ILibraryBinTree@libmedia@6@@tl@UModSys@@@tl@UModSys@@IEAAXPEAU?$TScatterArrayNode@USMountInfo@RLibraryBinTree@std@media@modules@UModSys@@USId@ILibraryBinTree@libmedia@6@@23@0@Z 0000000140005cd4 f i umodsys_lib_libmedia:umodsys.mod.media.std.obj
 0001:00004f74       ??$t_gen_param@URLibraryBinTree@std@media@modules@UModSys@@URGenerator@2345@@IGenerator@base@UModSys@@IEAA_NPEAURGenerator@std@media@modules@2@AEAU?$TRefObject@UIRefObject@core@UModSys@@U?$TRefObjectFunc@UIRefObject@core@UModSys@@@tl@3@@tl@2@PEBUSUniquePointerInfo@core@2@AEBUSParameters@core@2@@Z 0000000140005f74 f i umodsys_lib_libmedia:umodsys.mod.media.std.obj
 0001:00005098       ??$t_gen_param@URLibraryLayered@std@media@modules@UModSys@@URGenerator@2345@@IGenerator@base@UModSys@@IEAA_NPEAURGenerator@std@media@modules@2@AEAU?$TRefObject@UIRefObject@core@UModSys@@U?$TRefObjectFunc@UIRefObject@core@UModSys@@@tl@3@@tl@2@PEBUSUniquePointerInfo@core@2@AEBUSParameters@core@2@@Z 0000000140006098 f i umodsys_lib_libmedia:umodsys.mod.media.std.obj
 0001:000051d4       ??$t_gen_param@URLibraryObjFilter@std@media@modules@UModSys@@URGenerator@2345@@IGenerator@base@UModSys@@IEAA_NPEAURGenerator@std@media@modules@2@AEAU?$TRefObject@UIRefObject@core@UModSys@@U?$TRefObjectFunc@UIRefObject@core@UModSys@@@tl@3@@tl@2@PEBUSUniquePointerInfo@core@2@AEBUSParameters@core@2@@Z 00000001400061d4 f i umodsys_lib_libmedia:umodsys.mod.media.std.obj
 0001:000052f8       ??$t_gen_param@URLibraryObjCache@std@media@modules@UModSys@@URGenerator@2345@@IGenerator@base@UModSys@@IEAA_NPEAURGenerator@std@media@modules@2@AEAU?$TRefObject@UIRefObject@core@UModSys@@U?$TRefObjectFunc@UIRefObject@core@UModSys@@@tl@3@@tl@2@PEBUSUniquePointerInfo@core@2@AEBUSParameters@core@2@@Z 00000001400062f8 f i umodsys_lib_libmedia:umodsys.mod.media.std.obj
 0001:0000541c       ??$find_node_u@UCmp@?$TScatterArray@USCacheElem@RLibraryObjCache@std@media@modules@UModSys@@U?$TString@U?$TSCoreConst@D@su@tl@UModSys@@U?$TComparerBinaryHash@D@234@@tl@6@U?$TObjectCompare@U?$TString@U?$TSCoreConst@D@su@tl@UModSys@@U?$TComparerBinaryHash@D@234@@tl@UModSys@@@core@6@U?$TNodeDeleter0@U?$TScatterArrayNode@USCacheElem@RLibraryObjCache@std@media@modules@UModSys@@U?$TString@U?$TSCoreConst@D@su@tl@UModSys@@U?$TComparerBinaryHash@D@234@@tl@6@@tl@UModSys@@@86@@tl@UModSys@@@?$TTreeHoldRB@U?$TScatterArrayNode@USCacheElem@RLibraryObjCache@std@media@modules@UModSys@@U?$TString@U?$TSCoreConst@D@su@tl@UModSys@@U?$TComparerBinaryHash@D@234@@tl@6@@tl@UModSys@@@tl@UModSys@@QEBAPEAU?$TScatterArrayNode@USCacheElem@RLibraryObjCache@std@media@modules@UModSys@@U?$TString@U?$TSCoreConst@D@su@tl@UModSys@@U?$TComparerBinaryHash@D@234@@tl@6@@12@UCmp@?$TScatterArray@USCacheElem@RLibraryObjCache@std@media@modules@UModSys@@U?$TString@U?$TSCoreConst@D@su@tl@UModSys@@U?$TComparerBinaryHash@D@234@@tl@6@U?$TObjectCompare@U?$TString@U?$TSCoreConst@D@su@tl@UModSys@@U?$TComparerBinaryHash@D@234@@tl@UModSys@@@core@6@U?$TNodeDeleter0@U?$TScatterArrayNode@USCacheElem@RLibraryObjCache@std@media@modules@UModSys@@U?$TString@U?$TSCoreConst@D@su@tl@UModSys@@U?$TComparerBinaryHash@D@234@@tl@6@@tl@UModSys@@@86@@12@@Z 000000014000641c f i umodsys_lib_libmedia:umodsys.mod.media.std.obj
 0001:0000541c       ??$find_node_u@UCmp@?$TScatterArray@USCacheElem@RLibraryBinCache@std@media@modules@UModSys@@U?$TString@U?$TSCoreConst@D@su@tl@UModSys@@U?$TComparerBinaryHash@D@234@@tl@6@U?$TObjectCompare@U?$TString@U?$TSCoreConst@D@su@tl@UModSys@@U?$TComparerBinaryHash@D@234@@tl@UModSys@@@core@6@U?$TNodeDeleter0@U?$TScatterArrayNode@USCacheElem@RLibraryBinCache@std@media@modules@UModSys@@U?$TString@U?$TSCoreConst@D@su@tl@UModSys@@U?$TComparerBinaryHash@D@234@@tl@6@@tl@UModSys@@@86@@tl@UModSys@@@?$TTreeHoldRB@U?$TScatterArrayNode@USCacheElem@RLibraryBinCache@std@media@modules@UModSys@@U?$TString@U?$TSCoreConst@D@su@tl@UModSys@@U?$TComparerBinaryHash@D@234@@tl@6@@tl@UModSys@@@tl@UModSys@@QEBAPEAU?$TScatterArrayNode@USCacheElem@RLibraryBinCache@std@media@modules@UModSys@@U?$TString@U?$TSCoreConst@D@su@tl@UModSys@@U?$TComparerBinaryHash@D@234@@tl@6@@12@UCmp@?$TScatterArray@USCacheElem@RLibraryBinCache@std@media@modules@UModSys@@U?$TString@U?$TSCoreConst@D@su@tl@UModSys@@U?$TComparerBinaryHash@D@234@@tl@6@U?$TObjectCompare@U?$TString@U?$TSCoreConst@D@su@tl@UModSys@@U?$TComparerBinaryHash@D@234@@tl@UModSys@@@core@6@U?$TNodeDeleter0@U?$TScatterArrayNode@USCacheElem@RLibraryBinCache@std@media@modules@UModSys@@U?$TString@U?$TSCoreConst@D@su@tl@UModSys@@U?$TComparerBinaryHash@D@234@@tl@6@@tl@UModSys@@@86@@12@@Z 000000014000641c f i umodsys_lib_libmedia:umodsys.mod.media.std.obj
 0001:000054bc       ??$find_node_u@UCmp@?$TScatterArray@USMountInfo@RLibraryBinTree@std@media@modules@UModSys@@USId@ILibraryBinTree@libmedia@6@U7896@U?$TNodeDeleter0@U?$TScatterArrayNode@USMountInfo@RLibraryBinTree@std@media@modules@UModSys@@USId@ILibraryBinTree@libmedia@6@@tl@UModSys@@@tl@6@@tl@UModSys@@@?$TTreeHoldRB@U?$TScatterArrayNode@USMountInfo@RLibraryBinTree@std@media@modules@UModSys@@USId@ILibraryBinTree@libmedia@6@@tl@UModSys@@@tl@UModSys@@QEBAPEAU?$TScatterArrayNode@USMountInfo@RLibraryBinTree@std@media@modules@UModSys@@USId@ILibraryBinTree@libmedia@6@@12@UCmp@?$TScatterArray@USMountInfo@RLibraryBinTree@std@media@modules@UModSys@@USId@ILibraryBinTree@libmedia@6@U7896@U?$TNodeDeleter0@U?$TScatterArrayNode@USMountInfo@RLibraryBinTree@std@media@modules@UModSys@@USId@ILibraryBinTree@libmedia@6@@tl@UModSys@@@tl@6@@12@@Z 00000001400064bc f i umodsys_lib_libmedia:umodsys.mod.media.std.obj
 0001:0000557c       ?sub_insert_node@?$TTreeHoldRB@U?$TScatterArrayNode@USCacheElem@RLibraryObjCache@std@media@modules@UModSys@@U?$TString@U?$TSCoreConst@D@su@tl@UModSys@@U?$TComparerBinaryHash@D@234@@tl@6@@tl@UModSys@@@tl@UModSys@@QEAAXPEAU?$TScatterArrayNode@USCacheElem@RLibraryObjCache@std@media@modules@UModSys@@U?$TString@U?$TSCoreConst@D@su@tl@UModSys@@U?$TComparerBinaryHash@D@234@@tl@6@@23@0H@Z 000000014000657c f i umodsys_lib_libmedia:umodsys.mod.media.std.obj
 0001:0000557c       ?sub_insert_node@?$TTreeHoldRB@U?$TScatterArrayNode@USCacheElem@RLibraryBinCache@std@media@modules@UModSys@@U?$TString@U?$TSCoreConst@D@su@tl@UModSys@@U?$TComparerBinaryHash@D@234@@tl@6@@tl@UModSys@@@tl@UModSys@@QEAAXPEAU?$TScatterArrayNode@USCacheElem@RLibraryBinCache@std@media@modules@UModSys@@U?$TString@U?$TSCoreConst@D@su@tl@UModSys@@U?$TComparerBinaryHash@D@234@@tl@6@@23@0H@Z 000000014000657c f i umodsys_lib_libmedia:umodsys.mod.media.std.obj
 0001:0000557c       ?sub_insert_node@?$TTreeHoldRB@U?$TScatterArrayNode@USFilter@RLibraryObjFilter@std@media@modules@UModSys@@USId@23456@@tl@UModSys@@@tl@UModSys@@QEAAXPEAU?$TScatterArrayNode@USFilter@RLibraryObjFilter@std@media@modules@UModSys@@USId@23456@@23@0H@Z 000000014000657c f i umodsys_lib_libmedia:umodsys.mod.media.std.obj
 0001:0000557c       ?sub_insert_node@?$TTreeHoldRB@U?$TScatterArrayNode@USMountInfo@RLibraryBinTree@std@media@modules@UModSys@@USId@ILibraryBinTree@libmedia@6@@tl@UModSys@@@tl@UModSys@@QEAAXPEAU?$TScatterArrayNode@USMountInfo@RLibraryBinTree@std@media@modules@UModSys@@USId@ILibraryBinTree@libmedia@6@@23@0H@Z 000000014000657c f i umodsys_lib_libmedia:umodsys.mod.media.std.obj
 0001:0000575c       ??RGen0@?$TScatterArray@USMountInfo@RLibraryBinTree@std@media@modules@UModSys@@USId@ILibraryBinTree@libmedia@6@U7896@U?$TNodeDeleter0@U?$TScatterArrayNode@USMountInfo@RLibraryBinTree@std@media@modules@UModSys@@USId@ILibraryBinTree@libmedia@6@@tl@UModSys@@@tl@6@@tl@UModSys@@QEBAPEAU?$TScatterArrayNode@USMountInfo@RLibraryBinTree@std@media@modules@UModSys@@USId@ILibraryBinTree@libmedia@6@@23@AEBUCmp@123@AEBU?$TTreeHoldRBD@U?$TScatterArrayNode@USMountInfo@RLibraryBinTree@std@media@modules@UModSys@@USId@ILibraryBinTree@libmedia@6@@tl@UModSys@@U?$TNodeDeleter0@U?$TScatterArrayNode@USMountInfo@RLibraryBinTree@std@media@modules@UModSys@@USId@ILibraryBinTree@libmedia@6@@tl@UModSys@@@23@@23@@Z 000000014000675c f i umodsys_lib_libmedia:umodsys.mod.media.std.obj
 0001:00005860       ??1?$TRefObject@UIModObject@base@UModSys@@U?$TModObjectFunc@UIModObject@base@UModSys@@@tl@3@@tl@UModSys@@QEAA@XZ 0000000140006860 f i umodsys_lib_libmedia:umodsys.mod.media.std.obj
 0001:0000588c       ??_GSLayerX@RLibraryLayered@std@media@modules@UModSys@@QEAAPEAXI@Z 000000014000688c f i umodsys_lib_libmedia:umodsys.mod.media.std.obj
 0001:00005900       ??0?$TString@U?$TSCoreShared@USIMemAlloc@core@UModSys@@D@su@tl@UModSys@@U?$TComparerBinaryHash@D@234@@tl@UModSys@@QEAA@AEBU012@@Z 0000000140006900 f i umodsys_lib_libmedia:umodsys.mod.media.std.obj
 0001:00005980       ??0?$TScatterArrayNode@USCacheElem@RLibraryObjCache@std@media@modules@UModSys@@U?$TString@U?$TSCoreConst@D@su@tl@UModSys@@U?$TComparerBinaryHash@D@234@@tl@6@@tl@UModSys@@QEAA@AEBU?$TString@U?$TSCoreConst@D@su@tl@UModSys@@U?$TComparerBinaryHash@D@234@@12@@Z 0000000140006980 f i umodsys_lib_libmedia:umodsys.mod.media.std.obj
 0001:00005a6c       ??$process_nodes_r@U?$TNodeDeleter0@U?$TScatterArrayNode@USCacheElem@RLibraryBinCache@std@media@modules@UModSys@@U?$TString@U?$TSCoreConst@D@su@tl@UModSys@@U?$TComparerBinaryHash@D@234@@tl@6@@tl@UModSys@@@tl@UModSys@@@?$TTreeHoldRB@U?$TScatterArrayNode@USCacheElem@RLibraryBinCache@std@media@modules@UModSys@@U?$TString@U?$TSCoreConst@D@su@tl@UModSys@@U?$TComparerBinaryHash@D@234@@tl@6@@tl@UModSys@@@tl@UModSys@@KAHPEAU?$TScatterArrayNode@USCacheElem@RLibraryBinCache@std@media@modules@UModSys@@U?$TString@U?$TSCoreConst@D@su@tl@UModSys@@U?$TComparerBinaryHash@D@234@@tl@6@@12@AEBU?$TNodeDeleter0@U?$TScatterArrayNode@USCacheElem@RLibraryBinCache@std@media@modules@UModSys@@U?$TString@U?$TSCoreConst@D@su@tl@UModSys@@U?$TComparerBinaryHash@D@234@@tl@6@@tl@UModSys@@@12@@Z 0000000140006a6c f i umodsys_lib_libmedia:umodsys.mod.media.std.obj
 0001:00005ad8       ??$process_nodes_r@U?$TNodeDeleter0@U?$TScatterArrayNode@USMountInfo@RLibraryBinTree@std@media@modules@UModSys@@USId@ILibraryBinTree@libmedia@6@@tl@UModSys@@@tl@UModSys@@@?$TTreeHoldRB@U?$TScatterArrayNode@USMountInfo@RLibraryBinTree@std@media@modules@UModSys@@USId@ILibraryBinTree@libmedia@6@@tl@UModSys@@@tl@UModSys@@KAHPEAU?$TScatterArrayNode@USMountInfo@RLibraryBinTree@std@media@modules@UModSys@@USId@ILibraryBinTree@libmedia@6@@12@AEBU?$TNodeDeleter0@U?$TScatterArrayNode@USMountInfo@RLibraryBinTree@std@media@modules@UModSys@@USId@ILibraryBinTree@libmedia@6@@tl@UModSys@@@12@@Z 0000000140006ad8 f i umodsys_lib_libmedia:umodsys.mod.media.std.obj
 0001:00005b40       ??$process_nodes_r@U?$TNodeDeleter0@U?$TScatterArrayNode@USCacheElem@RLibraryObjCache@std@media@modules@UModSys@@U?$TString@U?$TSCoreConst@D@su@tl@UModSys@@U?$TComparerBinaryHash@D@234@@tl@6@@tl@UModSys@@@tl@UModSys@@@?$TTreeHoldRB@U?$TScatterArrayNode@USCacheElem@RLibraryObjCache@std@media@modules@UModSys@@U?$TString@U?$TSCoreConst@D@su@tl@UModSys@@U?$TComparerBinaryHash@D@234@@tl@6@@tl@UModSys@@@tl@UModSys@@KAHPEAU?$TScatterArrayNode@USCacheElem@RLibraryObjCache@std@media@modules@UModSys@@U?$TString@U?$TSCoreConst@D@su@tl@UModSys@@U?$TComparerBinaryHash@D@234@@tl@6@@12@AEBU?$TNodeDeleter0@U?$TScatterArrayNode@USCacheElem@RLibraryObjCache@std@media@modules@UModSys@@U?$TString@U?$TSCoreConst@D@su@tl@UModSys@@U?$TComparerBinaryHash@D@234@@tl@6@@tl@UModSys@@@12@@Z 0000000140006b40 f i umodsys_lib_libmedia:umodsys.mod.media.std.obj
 0001:00005ba8       ??$process_nodes_r@U?$TNodeDeleter0@U?$TScatterArrayNode@USFilter@RLibraryObjFilter@std@media@modules@UModSys@@USId@23456@@tl@UModSys@@@tl@UModSys@@@?$TTreeHoldRB@U?$TScatterArrayNode@USFilter@RLibraryObjFilter@std@media@modules@UModSys@@USId@23456@@tl@UModSys@@@tl@UModSys@@KAHPEAU?$TScatterArrayNode@USFilter@RLibraryObjFilter@std@media@modules@UModSys@@USId@23456@@12@AEBU?$TNodeDeleter0@U?$TScatterArrayNode@USFilter@RLibraryObjFilter@std@media@modules@UModSys@@USId@23456@@tl@UModSys@@@12@@Z 0000000140006ba8 f i umodsys_lib_libmedia:umodsys.mod.media.std.obj
 0001:00005c20       ??1?$TRefObject@URModuleLibrarySO@rsystem@base@UModSys@@U?$TRefObjectFunc@URModuleLibrarySO@rsystem@base@UModSys@@@tl@4@@tl@UModSys@@QEAA@XZ 0000000140006c20 f i umodsys_lib_basesys:umodsys.basesys.rmoduleloader.obj
 0001:00005c20       ??1?$TRefObject@URStreamReader_FILE@stdio@media@modules@UModSys@@U?$TRefObjectFunc@URStreamReader_FILE@stdio@media@modules@UModSys@@@tl@5@@tl@UModSys@@QEAA@XZ 0000000140006c20 f i umodsys_lib_libmedia:umodsys.mod.media.stdio.obj
 0001:00005c20       ??1?$TRefObject@URStreamWriter_FILE@stdio@media@modules@UModSys@@U?$TRefObjectFunc@URStreamWriter_FILE@stdio@media@modules@UModSys@@@tl@5@@tl@UModSys@@QEAA@XZ 0000000140006c20 f i umodsys_lib_libmedia:umodsys.mod.media.stdio.obj
 0001:00005c20       ??1?$TRefObject@URLibraryLayered@std@media@modules@UModSys@@U?$TRefObjectFunc@URLibraryLayered@std@media@modules@UModSys@@@tl@5@@tl@UModSys@@QEAA@XZ 0000000140006c20 f i umodsys_lib_libmedia:umodsys.mod.media.std.obj
 0001:00005c20       ??1?$TRefObject@UIStreamReader@libmedia@UModSys@@U?$TRefObjectFunc@UIStreamReader@libmedia@UModSys@@@tl@3@@tl@UModSys@@QEAA@XZ 0000000140006c20 f i umodsys_lib_libmedia:umodsys.mod.media.std.obj
 0001:00005c20       ??1?$TRefObject@URLibraryBinCache@std@media@modules@UModSys@@U?$TRefObjectFunc@URLibraryBinCache@std@media@modules@UModSys@@@tl@5@@tl@UModSys@@QEAA@XZ 0000000140006c20 f i umodsys_lib_libmedia:umodsys.mod.media.std.obj
 0001:00005c20       ??1?$TRefObject@URLibraryObjCache@std@media@modules@UModSys@@U?$TRefObjectFunc@URLibraryObjCache@std@media@modules@UModSys@@@tl@5@@tl@UModSys@@QEAA@XZ 0000000140006c20 f i umodsys_lib_libmedia:umodsys.mod.media.std.obj
 0001:00005c20       ??1?$TRefObject@URDataArchiver_OsDir@stdio@media@modules@UModSys@@U?$TRefObjectFunc@URDataArchiver_OsDir@stdio@media@modules@UModSys@@@tl@5@@tl@UModSys@@QEAA@XZ 0000000140006c20 f i umodsys_lib_libmedia:umodsys.mod.media.stdio.obj
 0001:00005c20       ??1?$TRefObject@URParameters@rsystem@base@UModSys@@U?$TRefObjectFunc@URParameters@rsystem@base@UModSys@@@tl@4@@tl@UModSys@@QEAA@XZ 0000000140006c20 f i umodsys_lib_basesys:umodsys.basesys.rsystem_main.obj
 0001:00005c20       ??1SFilter@RLibraryObjFilter@std@media@modules@UModSys@@QEAA@XZ 0000000140006c20 f i umodsys_lib_libmedia:umodsys.mod.media.std.obj
 0001:00005c20       ??1?$TRefObject@UIRefObject@core@UModSys@@U?$TRefObjectFunc@UIRefObject@core@UModSys@@@tl@3@@tl@UModSys@@QEAA@XZ 0000000140006c20 f i umodsys_lib_libmedia:umodsys.mod.media.std.obj
 0001:00005c20       ??1?$TRefObject@UIShell@base@UModSys@@U?$TRefObjectFunc@UIShell@base@UModSys@@@tl@3@@tl@UModSys@@QEAA@XZ 0000000140006c20 f i umodsys_lib_basesys:umodsys.basesys.rsystem_tests.obj
 0001:00005c20       ??1?$TRefObject@URLibraryObjFilter@std@media@modules@UModSys@@U?$TRefObjectFunc@URLibraryObjFilter@std@media@modules@UModSys@@@tl@5@@tl@UModSys@@QEAA@XZ 0000000140006c20 f i umodsys_lib_libmedia:umodsys.mod.media.std.obj
 0001:00005c20       ??1?$TRefObject@UIStreamWriter@libmedia@UModSys@@U?$TRefObjectFunc@UIStreamWriter@libmedia@UModSys@@@tl@3@@tl@UModSys@@QEAA@XZ 0000000140006c20 f i umodsys_lib_libmedia:umodsys.mod.media.std.obj
 0001:00005c20       ??1?$TRefObject@UIModuleLibraryUni@rsystem@base@UModSys@@U?$TRefObjectFunc@UIModuleLibraryUni@rsystem@base@UModSys@@@tl@4@@tl@UModSys@@QEAA@XZ 0000000140006c20 f i umodsys_lib_basesys:umodsys.basesys.rmodule.obj
 0001:00005c20       ??1?$TRefObject@UIBinObjFilter@libmedia@UModSys@@U?$TRefObjectFunc@UIBinObjFilter@libmedia@UModSys@@@tl@3@@tl@UModSys@@QEAA@XZ 0000000140006c20 f i umodsys_lib_libmedia:umodsys.mod.media.std.obj
 0001:00005c20       ??1?$TRefObject@URLibraryBinTree@std@media@modules@UModSys@@U?$TRefObjectFunc@URLibraryBinTree@std@media@modules@UModSys@@@tl@5@@tl@UModSys@@QEAA@XZ 0000000140006c20 f i umodsys_lib_libmedia:umodsys.mod.media.std.obj
 0001:00005c44       ?archive_load_data@libmedia@UModSys@@YA_NAEAUIBinArchive@12@AEBU?$TString@U?$TSCoreConst@D@su@tl@UModSys@@U?$TComparerBinaryHash@D@234@@tl@2@AEAUSCMemShared@core@2@AEBUSFlags@12@@Z 0000000140006c44 f i umodsys_lib_libmedia:umodsys.mod.media.stdio.obj
 0001:00005e38       ?root_get_interface_info@RStreamReader_FILE@stdio@media@modules@UModSys@@UEBAAEBUSUniquePointerInfo@core@5@XZ 0000000140006e38 f i umodsys_lib_libmedia:umodsys.mod.media.stdio.obj
 0001:00005e40       ?root_get_interface_type@RStreamReader_FILE@stdio@media@modules@UModSys@@UEBAPEBUSUniquePointerInfo@core@5@XZ 0000000140006e40 f i umodsys_lib_libmedia:umodsys.mod.media.stdio.obj
 0001:00005e48       ?root_get_interface_types@RLibraryBinTree@std@media@modules@UModSys@@UEBA_KAEAUSUniquePtrList@core@5@@Z 0000000140006e48 f i umodsys_lib_libmedia:umodsys.mod.media.std.obj
 0001:00005e48       ?root_get_interface_types@RStreamReader_FILE@stdio@media@modules@UModSys@@UEBA_KAEAUSUniquePtrList@core@5@@Z 0000000140006e48 f i umodsys_lib_libmedia:umodsys.mod.media.stdio.obj
 0001:00005e48       ?root_get_interface_types@RLibraryBinCache@std@media@modules@UModSys@@UEBA_KAEAUSUniquePtrList@core@5@@Z 0000000140006e48 f i umodsys_lib_libmedia:umodsys.mod.media.std.obj
 0001:00005e48       ?root_get_interface_types@RGenerator@stdio@media@modules@UModSys@@UEBA_KAEAUSUniquePtrList@core@5@@Z 0000000140006e48 f i umodsys_lib_libmedia:umodsys.mod.media.stdio.obj
 0001:00005e48       ?root_get_interface_types@RStreamWriter_FILE@stdio@media@modules@UModSys@@UEBA_KAEAUSUniquePtrList@core@5@@Z 0000000140006e48 f i umodsys_lib_libmedia:umodsys.mod.media.stdio.obj
 0001:00005e48       ?root_get_interface_types@RConsole_std@rsystem@base@UModSys@@UEBA_KAEAUSUniquePtrList@core@4@@Z 0000000140006e48 f i umodsys_lib_basesys:umodsys.basesys.rconsole_std.obj
 0001:00005e48       ?root_get_interface_types@RDataArchiver_OsDir@stdio@media@modules@UModSys@@UEBA_KAEAUSUniquePtrList@core@5@@Z 0000000140006e48 f i umodsys_lib_libmedia:umodsys.mod.media.stdio.obj
 0001:00005e48       ?root_get_interface_types@RParameters@rsystem@base@UModSys@@UEBA_KAEAUSUniquePtrList@core@4@@Z 0000000140006e48 f i umodsys_lib_basesys:umodsys.basesys.rparameters.obj
 0001:00005e48       ?root_get_interface_types@RGenerator@std@media@modules@UModSys@@UEBA_KAEAUSUniquePtrList@core@5@@Z 0000000140006e48 f i umodsys_lib_libmedia:umodsys.mod.media.std.obj
 0001:00005e48       ?root_get_interface_types@RLibraryObjCache@std@media@modules@UModSys@@UEBA_KAEAUSUniquePtrList@core@5@@Z 0000000140006e48 f i umodsys_lib_libmedia:umodsys.mod.media.std.obj
 0001:00005e48       ?root_get_interface_types@RSystem@rsystem@base@UModSys@@UEBA_KAEAUSUniquePtrList@core@4@@Z 0000000140006e48 f i umodsys_lib_basesys:umodsys.basesys.rsystem_main.obj
 0001:00005e48       ?root_get_interface_types@RModuleLibrarySO@rsystem@base@UModSys@@UEBA_KAEAUSUniquePtrList@core@4@@Z 0000000140006e48 f i umodsys_lib_basesys:umodsys.basesys.rmodulelibso.obj
[...]
 0001:0000e79e       ?dtor$0@?0??bincache_add@RLibraryBinCache@std@media@modules@UModSys@@UEAA_NAEBU?$TString@U?$TSCoreConst@D@su@tl@UModSys@@U?$TComparerBinaryHash@D@234@@tl@5@@Z@4HA 000000014000f79e f    CIL library: CIL module
 0001:0000e7b6       ?dtor$0@?0??mem_free@?$TRMemAlloc_CC@U?$TMemAllocHeader@USMagic@mem_headers@rsystem@base@UModSys@@U?$TPool@X@2345@USDebug@2345@UVoid@core@5@U895@@rsystem@base@UModSys@@USMemAlloc_Malloc@core@4@@rsystem@base@UModSys@@UEAAXPEAXPEBUSSourceContext@core@4@@Z@4HA 000000014000f7b6 f    CIL library: CIL module
 0001:0000e7ce       ?dtor$0@?0??mem_realloc@?$TRMemAlloc_CC@U?$TMemAllocHeader@USMagic@mem_headers@rsystem@base@UModSys@@U?$TPool@X@2345@USDebug@2345@UVoid@core@5@U895@@rsystem@base@UModSys@@USMemAlloc_Malloc@core@4@@rsystem@base@UModSys@@UEAAPEAXPEAX_KPEBUSSourceContext@core@4@@Z@4HA 000000014000f7ce f    CIL library: CIL module
 0001:0000e7ee       ?dtor$1@?0??mem_realloc@?$TRMemAlloc_CC@U?$TMemAllocHeader@USMagic@mem_headers@rsystem@base@UModSys@@U?$TPool@X@2345@USDebug@2345@UVoid@core@5@U895@@rsystem@base@UModSys@@USMemAlloc_Malloc@core@4@@rsystem@base@UModSys@@UEAAPEAXPEAX_KPEBUSSourceContext@core@4@@Z@4HA 000000014000f7ee f    CIL library: CIL module
 0001:0000e806       ?dtor$0@?0??generate@RGenerator@std@media@modules@UModSys@@UEAA_NAEAU?$TRefObject@UIRefObject@core@UModSys@@U?$TRefObjectFunc@UIRefObject@core@UModSys@@@tl@3@@tl@5@PEBUSUniquePointerInfo@core@5@AEBUSParameters@95@@Z@4HA 000000014000f806 f    CIL library: CIL module
 0001:0000e826       ?dtor$1@?0??generate@RGenerator@std@media@modules@UModSys@@UEAA_NAEAU?$TRefObject@UIRefObject@core@UModSys@@U?$TRefObjectFunc@UIRefObject@core@UModSys@@@tl@3@@tl@5@PEBUSUniquePointerInfo@core@5@AEBUSParameters@95@@Z@4HA 000000014000f826 f    CIL library: CIL module
 0001:0000e846       ?dtor$3@?0??generate@RGenerator@std@media@modules@UModSys@@UEAA_NAEAU?$TRefObject@UIRefObject@core@UModSys@@U?$TRefObjectFunc@UIRefObject@core@UModSys@@@tl@3@@tl@5@PEBUSUniquePointerInfo@core@5@AEBUSParameters@95@@Z@4HA 000000014000f846 f    CIL library: CIL module
 0001:0000e85e       ?dtor$1@?0??s_add@RModuleLibrarySO@rsystem@base@UModSys@@SA_NPEAUISystem@34@AEAU?$TDynarrayDynamic@U?$TRefObject@URModuleLibrarySO@rsystem@base@UModSys@@U?$TRefObjectFunc@URModuleLibrarySO@rsystem@base@UModSys@@@tl@4@@tl@UModSys@@U?$TAllocator@USMemAlloc_Malloc@core@UModSys@@USCountCalcPower2@23@@23@@tl@4@PEBD@Z@4HA 000000014000f85e f    CIL library: CIL module
 0001:0000e87c       ??__E?s_id@?$TObjectUniqueID@UIRoot@core@UModSys@@@tl@UModSys@@2USUniquePointer@core@3@A@@YAXXZ 000000014000f87c f    CIL library: CIL module
 0001:0000e8b0       ??__E?s_id@?$TObjectUniqueID@UIRefObject@core@UModSys@@@tl@UModSys@@2USUniquePointer@core@3@A@@YAXXZ 000000014000f8b0 f    CIL library: CIL module
 0001:0000e8e4       ??__E?s_id@?$TObjectUniqueID@UIParameters@core@UModSys@@@tl@UModSys@@2USUniquePointer@core@3@A@@YAXXZ 000000014000f8e4 f    CIL library: CIL module
 0001:0000e918       ??__E?s_id@?$TObjectUniqueID@UIModule@base@UModSys@@@tl@UModSys@@2USUniquePointer@core@3@A@@YAXXZ 000000014000f918 f    CIL library: CIL module
 0001:0000e94c       ??__E?s_id@?$TObjectUniqueID@UIModuleLibrary@base@UModSys@@@tl@UModSys@@2USUniquePointer@core@3@A@@YAXXZ 000000014000f94c f    CIL library: CIL module
 0001:0000e980       ??__E?s_id@?$TObjectUniqueID@UIModObject@base@UModSys@@@tl@UModSys@@2USUniquePointer@core@3@A@@YAXXZ 000000014000f980 f    CIL library: CIL module
 0001:0000e9b4       ??__E?s_id@?$TObjectUniqueID@UIGenerator@base@UModSys@@@tl@UModSys@@2USUniquePointer@core@3@A@@YAXXZ 000000014000f9b4 f    CIL library: CIL module
 0001:0000e9e8       ??__E?s_id@?$TObjectUniqueID@UIShell@base@UModSys@@@tl@UModSys@@2USUniquePointer@core@3@A@@YAXXZ 000000014000f9e8 f    CIL library: CIL module
 0001:0000ea1c       ??__E?s_id@?$TObjectUniqueID@UIConsole@base@UModSys@@@tl@UModSys@@2USUniquePointer@core@3@A@@YAXXZ 000000014000fa1c f    CIL library: CIL module
 0001:0000ea50       ??__E?s_id@?$TObjectUniqueID@UISystem@base@UModSys@@@tl@UModSys@@2USUniquePointer@core@3@A@@YAXXZ 000000014000fa50 f    CIL library: CIL module
 0001:0000ea84       ??__E?s_id@?$TObjectUniqueID@URModule@rsystem@base@UModSys@@@tl@UModSys@@2USUniquePointer@core@3@A@@YAXXZ 000000014000fa84 f    CIL library: CIL module
 0001:0000eab8       ??__E?s_id@?$TObjectUniqueID@UIModuleLibraryUni@rsystem@base@UModSys@@@tl@UModSys@@2USUniquePointer@core@3@A@@YAXXZ 000000014000fab8 f    CIL library: CIL module
 0001:0000eaec       ??__E?s_id@?$TObjectUniqueID@URModuleLibrarySO@rsystem@base@UModSys@@@tl@UModSys@@2USUniquePointer@core@3@A@@YAXXZ 000000014000faec f    CIL library: CIL module
 0001:0000eb20       ??__E?s_id@?$TObjectUniqueID@URModuleLibraryThis@rsystem@base@UModSys@@@tl@UModSys@@2USUniquePointer@core@3@A@@YAXXZ 000000014000fb20 f    CIL library: CIL module
 0001:0000eb54       ??__E?s_id@?$TObjectUniqueID@URParameters@rsystem@base@UModSys@@@tl@UModSys@@2USUniquePointer@core@3@A@@YAXXZ 000000014000fb54 f    CIL library: CIL module
 0001:0000eb88       ??__E?s_id@?$TObjectUniqueID@URSystem@rsystem@base@UModSys@@@tl@UModSys@@2USUniquePointer@core@3@A@@YAXXZ 000000014000fb88 f    CIL library: CIL module
 0001:0000ebbc       ??__E?s_id@?$TObjectUniqueID@URConsole_std@rsystem@base@UModSys@@@tl@UModSys@@2USUniquePointer@core@3@A@@YAXXZ 000000014000fbbc f    CIL library: CIL module
 0001:0000ebf0       ??__E?s_modreg@RModuleReg@std@media@modules@UModSys@@2U12345@A@@YAXXZ 000000014000fbf0 f    CIL library: CIL module
 0001:0000eca8       ??__E?s_modreg_chain@RModuleReg@std@media@modules@UModSys@@2USModuleRegChain@base@5@A@@YAXXZ 000000014000fca8 f    CIL library: CIL module
 0001:0000ece8       ??__E?s_uid@RGenerator@std@media@modules@UModSys@@2USUniquePointer@core@5@A@@YAXXZ 000000014000fce8 f    CIL library: CIL module
 0001:0000ed1c       ??__E?s_id@?$TObjectUniqueID@UIStreamReader@libmedia@UModSys@@@tl@UModSys@@2USUniquePointer@core@3@A@@YAXXZ 000000014000fd1c f    CIL library: CIL module
 0001:0000ed50       ??__E?s_id@?$TObjectUniqueID@UIStreamWriter@libmedia@UModSys@@@tl@UModSys@@2USUniquePointer@core@3@A@@YAXXZ 000000014000fd50 f    CIL library: CIL module
 0001:0000ed84       ??__E?s_id@?$TObjectUniqueID@UIBinArchive@libmedia@UModSys@@@tl@UModSys@@2USUniquePointer@core@3@A@@YAXXZ 000000014000fd84 f    CIL library: CIL module
 0001:0000edb8       ??__E?s_id@?$TObjectUniqueID@UIBinObjFilter@libmedia@UModSys@@@tl@UModSys@@2USUniquePointer@core@3@A@@YAXXZ 000000014000fdb8 f    CIL library: CIL module
 0001:0000edec       ??__E?s_id@?$TObjectUniqueID@UILibrary@libmedia@UModSys@@@tl@UModSys@@2USUniquePointer@core@3@A@@YAXXZ 000000014000fdec f    CIL library: CIL module
 0001:0000ee20       ??__E?s_id@?$TObjectUniqueID@UILibraryBinTree@libmedia@UModSys@@@tl@UModSys@@2USUniquePointer@core@3@A@@YAXXZ 000000014000fe20 f    CIL library: CIL module
 0001:0000ee54       ??__E?s_id@?$TObjectUniqueID@UILibraryBinCache@libmedia@UModSys@@@tl@UModSys@@2USUniquePointer@core@3@A@@YAXXZ 000000014000fe54 f    CIL library: CIL module
 0001:0000ee88       ??__E?s_id@?$TObjectUniqueID@UILibraryObjFilter@libmedia@UModSys@@@tl@UModSys@@2USUniquePointer@core@3@A@@YAXXZ 000000014000fe88 f    CIL library: CIL module
 0001:0000eebc       ??__E?s_id@?$TObjectUniqueID@UILibraryObjCache@libmedia@UModSys@@@tl@UModSys@@2USUniquePointer@core@3@A@@YAXXZ 000000014000febc f    CIL library: CIL module
 0001:0000eef0       ??__E?s_id@?$TObjectUniqueID@UILibraryLayered@libmedia@UModSys@@@tl@UModSys@@2USUniquePointer@core@3@A@@YAXXZ 000000014000fef0 f    CIL library: CIL module
 0001:0000ef24       ??__E?s_id@?$TObjectUniqueID@URLibraryBinCache@std@media@modules@UModSys@@@tl@UModSys@@2USUniquePointer@core@3@A@@YAXXZ 000000014000ff24 f    CIL library: CIL module
 0001:0000ef58       ??__E?s_id@?$TObjectUniqueID@URLibraryBinTree@std@media@modules@UModSys@@@tl@UModSys@@2USUniquePointer@core@3@A@@YAXXZ 000000014000ff58 f    CIL library: CIL module
 0001:0000ef8c       ??__E?s_id@?$TObjectUniqueID@URLibraryLayered@std@media@modules@UModSys@@@tl@UModSys@@2USUniquePointer@core@3@A@@YAXXZ 000000014000ff8c f    CIL library: CIL module
 0001:0000efc0       ??__E?s_id@?$TObjectUniqueID@URLibraryObjCache@std@media@modules@UModSys@@@tl@UModSys@@2USUniquePointer@core@3@A@@YAXXZ 000000014000ffc0 f    CIL library: CIL module
 0001:0000eff4       ??__E?s_id@?$TObjectUniqueID@URLibraryObjFilter@std@media@modules@UModSys@@@tl@UModSys@@2USUniquePointer@core@3@A@@YAXXZ 000000014000fff4 f    CIL library: CIL module
 0001:0000f028       ??__E?s_id@?$TObjectUniqueID@URGenerator@std@media@modules@UModSys@@@tl@UModSys@@2USUniquePointer@core@3@A@@YAXXZ 0000000140010028 f    CIL library: CIL module
 0001:0000f05c       ??__E?s_modreg@RModuleReg@stdio@media@modules@UModSys@@2U12345@A@@YAXXZ 000000014001005c f    CIL library: CIL module
 0001:0000f114       ??__E?s_modreg_chain@RModuleReg@stdio@media@modules@UModSys@@2USModuleRegChain@base@5@A@@YAXXZ 0000000140010114 f    CIL library: CIL module
 0001:0000f154       ??__E?s_uid@RGenerator@stdio@media@modules@UModSys@@2USUniquePointer@core@5@A@@YAXXZ 0000000140010154 f    CIL library: CIL module
 0001:0000f188       ??__E?s_id@?$TObjectUniqueID@URStreamReader_FILE@stdio@media@modules@UModSys@@@tl@UModSys@@2USUniquePointer@core@3@A@@YAXXZ 0000000140010188 f    CIL library: CIL module
 0001:0000f1bc       ??__E?s_id@?$TObjectUniqueID@URStreamWriter_FILE@stdio@media@modules@UModSys@@@tl@UModSys@@2USUniquePointer@core@3@A@@YAXXZ 00000001400101bc f    CIL library: CIL module
 0001:0000f1f0       ??__E?s_id@?$TObjectUniqueID@URDataArchiver_OsDir@stdio@media@modules@UModSys@@@tl@UModSys@@2USUniquePointer@core@3@A@@YAXXZ 00000001400101f0 f    CIL library: CIL module
 0001:0000f224       ??__E?s_id@?$TObjectUniqueID@URGenerator@stdio@media@modules@UModSys@@@tl@UModSys@@2USUniquePointer@core@3@A@@YAXXZ 0000000140010224 f    CIL library: CIL module
 0001:0000f258       ??__E?s_console@RConsole_std@rsystem@base@UModSys@@2U1234@A@@YAXXZ 0000000140010258 f    CIL library: CIL module
 0001:0000f264       ??__E?s_sys@RSystem@rsystem@base@UModSys@@2U1234@A@@YAXXZ 0000000140010264 f    CIL library: CIL module
 0001:0000f270       ??__Ersys_dbg@rsystem@base@UModSys@@YAXXZ 0000000140010270 f    CIL library: CIL module
 0001:0000f27c       ??__EM@UModSys@@YAXXZ      000000014001027c f    CIL library: CIL module
 0001:0000f288       ??__E?root@SModuleRegChain@base@UModSys@@2U123@A@@YAXXZ 0000000140010288 f    CIL library: CIL module
 0001:0000f294       ??__E?s_library@RModuleLibraryReg_Chain@base@UModSys@@2U123@A@@YAXXZ 0000000140010294 f    CIL library: CIL module
 0001:0000f2a0       ??__E?root@SUniquePointer@core@UModSys@@2U123@A@@YAXXZ 00000001400102a0 f    CIL library: CIL module
 0001:0000f2ac       ??__F?s_id@?$TObjectUniqueID@URConsole_std@rsystem@base@UModSys@@@tl@UModSys@@2USUniquePointer@core@3@A@@YAXXZ 00000001400102ac f    CIL library: CIL module
 0001:0000f2b8       ??__F?s_id@?$TObjectUniqueID@URSystem@rsystem@base@UModSys@@@tl@UModSys@@2USUniquePointer@core@3@A@@YAXXZ 00000001400102b8 f    CIL library: CIL module
 0001:0000f2c4       ??__F?s_id@?$TObjectUniqueID@URParameters@rsystem@base@UModSys@@@tl@UModSys@@2USUniquePointer@core@3@A@@YAXXZ 00000001400102c4 f    CIL library: CIL module
 0001:0000f2d0       ??__F?s_id@?$TObjectUniqueID@URModuleLibraryThis@rsystem@base@UModSys@@@tl@UModSys@@2USUniquePointer@core@3@A@@YAXXZ 00000001400102d0 f    CIL library: CIL module
 0001:0000f2dc       ??__F?s_id@?$TObjectUniqueID@URModuleLibrarySO@rsystem@base@UModSys@@@tl@UModSys@@2USUniquePointer@core@3@A@@YAXXZ 00000001400102dc f    CIL library: CIL module
 0001:0000f2e8       ??__F?s_id@?$TObjectUniqueID@UIModuleLibraryUni@rsystem@base@UModSys@@@tl@UModSys@@2USUniquePointer@core@3@A@@YAXXZ 00000001400102e8 f    CIL library: CIL module
 0001:0000f2f4       ??__F?s_id@?$TObjectUniqueID@URModule@rsystem@base@UModSys@@@tl@UModSys@@2USUniquePointer@core@3@A@@YAXXZ 00000001400102f4 f    CIL library: CIL module
 0001:0000f300       ??__F?s_id@?$TObjectUniqueID@UISystem@base@UModSys@@@tl@UModSys@@2USUniquePointer@core@3@A@@YAXXZ 0000000140010300 f    CIL library: CIL module
 0001:0000f30c       ??__F?s_id@?$TObjectUniqueID@UIConsole@base@UModSys@@@tl@UModSys@@2USUniquePointer@core@3@A@@YAXXZ 000000014001030c f    CIL library: CIL module
 0001:0000f318       ??__F?s_id@?$TObjectUniqueID@UIShell@base@UModSys@@@tl@UModSys@@2USUniquePointer@core@3@A@@YAXXZ 0000000140010318 f    CIL library: CIL module
 0001:0000f324       ??__F?s_id@?$TObjectUniqueID@UIGenerator@base@UModSys@@@tl@UModSys@@2USUniquePointer@core@3@A@@YAXXZ 0000000140010324 f    CIL library: CIL module
 0001:0000f330       ??__F?s_id@?$TObjectUniqueID@UIModObject@base@UModSys@@@tl@UModSys@@2USUniquePointer@core@3@A@@YAXXZ 0000000140010330 f    CIL library: CIL module
 0001:0000f33c       ??__F?s_id@?$TObjectUniqueID@UIModuleLibrary@base@UModSys@@@tl@UModSys@@2USUniquePointer@core@3@A@@YAXXZ 000000014001033c f    CIL library: CIL module
 0001:0000f348       ??__F?s_id@?$TObjectUniqueID@UIModule@base@UModSys@@@tl@UModSys@@2USUniquePointer@core@3@A@@YAXXZ 0000000140010348 f    CIL library: CIL module
 0001:0000f354       ??__F?s_id@?$TObjectUniqueID@UIParameters@core@UModSys@@@tl@UModSys@@2USUniquePointer@core@3@A@@YAXXZ 0000000140010354 f    CIL library: CIL module
 0001:0000f360       ??__F?s_id@?$TObjectUniqueID@UIRefObject@core@UModSys@@@tl@UModSys@@2USUniquePointer@core@3@A@@YAXXZ 0000000140010360 f    CIL library: CIL module
 0001:0000f36c       ??__F?s_id@?$TObjectUniqueID@UIRoot@core@UModSys@@@tl@UModSys@@2USUniquePointer@core@3@A@@YAXXZ 000000014001036c f    CIL library: CIL module
 0001:0000f378       ??__F?s_modreg@RModuleReg@std@media@modules@UModSys@@2U12345@A@@YAXXZ 0000000140010378 f    CIL library: CIL module
 0001:0000f388       ??__F?s_modreg_chain@RModuleReg@std@media@modules@UModSys@@2USModuleRegChain@base@5@A@@YAXXZ 0000000140010388 f    CIL library: CIL module
 0001:0000f3c8       ??__F?s_uid@RGenerator@std@media@modules@UModSys@@2USUniquePointer@core@5@A@@YAXXZ 00000001400103c8 f    CIL library: CIL module
 0001:0000f3d4       ??__Fh@?1??s_holder@RGenerator@std@media@modules@UModSys@@SAAEAU?$TTypeStaticHolder@URGenerator@std@media@modules@UModSys@@@tl@5@XZ@YAXXZ 00000001400103d4 f    CIL library: CIL module
 0001:0000f3fc       ??__F?s_id@?$TObjectUniqueID@URGenerator@std@media@modules@UModSys@@@tl@UModSys@@2USUniquePointer@core@3@A@@YAXXZ 00000001400103fc f    CIL library: CIL module
 0001:0000f408       ??__F?s_id@?$TObjectUniqueID@URLibraryObjFilter@std@media@modules@UModSys@@@tl@UModSys@@2USUniquePointer@core@3@A@@YAXXZ 0000000140010408 f    CIL library: CIL module
 0001:0000f414       ??__F?s_id@?$TObjectUniqueID@URLibraryObjCache@std@media@modules@UModSys@@@tl@UModSys@@2USUniquePointer@core@3@A@@YAXXZ 0000000140010414 f    CIL library: CIL module
 0001:0000f420       ??__F?s_id@?$TObjectUniqueID@URLibraryLayered@std@media@modules@UModSys@@@tl@UModSys@@2USUniquePointer@core@3@A@@YAXXZ 0000000140010420 f    CIL library: CIL module
 0001:0000f42c       ??__F?s_id@?$TObjectUniqueID@URLibraryBinTree@std@media@modules@UModSys@@@tl@UModSys@@2USUniquePointer@core@3@A@@YAXXZ 000000014001042c f    CIL library: CIL module
 0001:0000f438       ??__F?s_id@?$TObjectUniqueID@URLibraryBinCache@std@media@modules@UModSys@@@tl@UModSys@@2USUniquePointer@core@3@A@@YAXXZ 0000000140010438 f    CIL library: CIL module
 0001:0000f444       ??__F?s_id@?$TObjectUniqueID@UILibraryLayered@libmedia@UModSys@@@tl@UModSys@@2USUniquePointer@core@3@A@@YAXXZ 0000000140010444 f    CIL library: CIL module
 0001:0000f450       ??__F?s_id@?$TObjectUniqueID@UILibraryObjCache@libmedia@UModSys@@@tl@UModSys@@2USUniquePointer@core@3@A@@YAXXZ 0000000140010450 f    CIL library: CIL module
 0001:0000f45c       ??__F?s_id@?$TObjectUniqueID@UILibraryObjFilter@libmedia@UModSys@@@tl@UModSys@@2USUniquePointer@core@3@A@@YAXXZ 000000014001045c f    CIL library: CIL module
 0001:0000f468       ??__F?s_id@?$TObjectUniqueID@UILibraryBinCache@libmedia@UModSys@@@tl@UModSys@@2USUniquePointer@core@3@A@@YAXXZ 0000000140010468 f    CIL library: CIL module
 0001:0000f474       ??__F?s_id@?$TObjectUniqueID@UILibraryBinTree@libmedia@UModSys@@@tl@UModSys@@2USUniquePointer@core@3@A@@YAXXZ 0000000140010474 f    CIL library: CIL module
 0001:0000f480       ??__F?s_id@?$TObjectUniqueID@UILibrary@libmedia@UModSys@@@tl@UModSys@@2USUniquePointer@core@3@A@@YAXXZ 0000000140010480 f    CIL library: CIL module
 0001:0000f48c       ??__F?s_id@?$TObjectUniqueID@UIBinObjFilter@libmedia@UModSys@@@tl@UModSys@@2USUniquePointer@core@3@A@@YAXXZ 000000014001048c f    CIL library: CIL module
 0001:0000f498       ??__F?s_id@?$TObjectUniqueID@UIBinArchive@libmedia@UModSys@@@tl@UModSys@@2USUniquePointer@core@3@A@@YAXXZ 0000000140010498 f    CIL library: CIL module
 0001:0000f4a4       ??__F?s_id@?$TObjectUniqueID@UIStreamWriter@libmedia@UModSys@@@tl@UModSys@@2USUniquePointer@core@3@A@@YAXXZ 00000001400104a4 f    CIL library: CIL module
 0001:0000f4b0       ??__F?s_id@?$TObjectUniqueID@UIStreamReader@libmedia@UModSys@@@tl@UModSys@@2USUniquePointer@core@3@A@@YAXXZ 00000001400104b0 f    CIL library: CIL module
 0001:0000f4bc       ??__F?s_modreg@RModuleReg@stdio@media@modules@UModSys@@2U12345@A@@YAXXZ 00000001400104bc f    CIL library: CIL module
 0001:0000f4cc       ??__F?s_modreg_chain@RModuleReg@stdio@media@modules@UModSys@@2USModuleRegChain@base@5@A@@YAXXZ 00000001400104cc f    CIL library: CIL module
 0001:0000f50c       ??__F?s_uid@RGenerator@stdio@media@modules@UModSys@@2USUniquePointer@core@5@A@@YAXXZ 000000014001050c f    CIL library: CIL module
 0001:0000f518       ??__Fh@?1??s_holder@RGenerator@stdio@media@modules@UModSys@@SAAEAU?$TTypeStaticHolder@URGenerator@stdio@media@modules@UModSys@@@tl@5@XZ@YAXXZ 0000000140010518 f    CIL library: CIL module
 0001:0000f540       ??__F?s_id@?$TObjectUniqueID@URGenerator@stdio@media@modules@UModSys@@@tl@UModSys@@2USUniquePointer@core@3@A@@YAXXZ 0000000140010540 f    CIL library: CIL module
 0001:0000f54c       ??__F?s_id@?$TObjectUniqueID@URDataArchiver_OsDir@stdio@media@modules@UModSys@@@tl@UModSys@@2USUniquePointer@core@3@A@@YAXXZ 000000014001054c f    CIL library: CIL module
 0001:0000f558       ??__F?s_id@?$TObjectUniqueID@URStreamWriter_FILE@stdio@media@modules@UModSys@@@tl@UModSys@@2USUniquePointer@core@3@A@@YAXXZ 0000000140010558 f    CIL library: CIL module
 0001:0000f564       ??__F?s_id@?$TObjectUniqueID@URStreamReader_FILE@stdio@media@modules@UModSys@@@tl@UModSys@@2USUniquePointer@core@3@A@@YAXXZ 0000000140010564 f    CIL library: CIL module
 0001:0000f570       ??__F?s_console@RConsole_std@rsystem@base@UModSys@@2U1234@A@@YAXXZ 0000000140010570 f    CIL library: CIL module
 0001:0000f5b0       ??__F?s_sys@RSystem@rsystem@base@UModSys@@2U1234@A@@YAXXZ 00000001400105b0 f    CIL library: CIL module
 0001:0000f5bc       ??__Frsys_dbg@rsystem@base@UModSys@@YAXXZ 00000001400105bc f    CIL library: CIL module
 0001:0000f5e0       ??__FM@UModSys@@YAXXZ      00000001400105e0 f    CIL library: CIL module
 0001:0000f5e4       ??__F?root@SModuleRegChain@base@UModSys@@2U123@A@@YAXXZ 00000001400105e4 f    CIL library: CIL module
 0001:0000f624       ??__F?s_library@RModuleLibraryReg_Chain@base@UModSys@@2U123@A@@YAXXZ 0000000140010624 f    CIL library: CIL module
 0001:0000f634       ??__F?root@SUniquePointer@core@UModSys@@2U123@A@@YAXXZ 0000000140010634 f    CIL library: CIL module

 Exports

  ordinal    name

        1    UModSys_Plugin_Entry2
