 umodsysc

 Timestamp is 52a95da8 (Thu Dec 12 09:54:32 2013)

 Preferred load address is 0000000140000000

 Start         Length     Name                   Class
 0001:00000000 0000e36cH .text                   CODE
 0001:0000e370 0000005eH .text$00                CODE
 0001:0000e3d0 00000c27H .text$x                 CODE
 0001:0000eff8 00000a3cH .text$yc                CODE
 0001:0000fa34 000003b8H .text$yd                CODE
 0002:00000000 00000258H .idata$5                DATA
 0002:00000258 00000008H .CRT$XCA                DATA
 0002:00000260 00000008H .CRT$XCAA               DATA
 0002:00000268 00000520H .CRT$XCU                DATA
 0002:00000788 00000008H .CRT$XCZ                DATA
 0002:00000790 00000008H .CRT$XIA                DATA
 0002:00000798 00000008H .CRT$XIAA               DATA
 0002:000007a0 00000008H .CRT$XIY                DATA
 0002:000007a8 00000008H .CRT$XIZ                DATA
 0002:000007b0 00002c08H .rdata                  DATA
 0002:000033c0 00001e6cH .rdata$r                DATA
 0002:00005230 00000008H .rtc$IAA                DATA
 0002:00005238 00000008H .rtc$IZZ                DATA
 0002:00005240 00000008H .rtc$TAA                DATA
 0002:00005248 00000008H .rtc$TZZ                DATA
 0002:00005250 000019a0H .xdata                  DATA
 0002:00006bf0 000000e4H .xdata$x                DATA
 0002:00006cd4 00000028H .idata$2                DATA
 0002:00006cfc 00000014H .idata$3                DATA
 0002:00006d10 00000258H .idata$4                DATA
 0002:00006f68 00000478H .idata$6                DATA
 0002:000073e0 00000055H .edata                  DATA
 0003:00000000 00001224H .data                   DATA
 0003:00001230 00002978H .bss                    DATA
 0004:00000000 000014d0H .pdata                  DATA

  Address         Publics by Value              Rva+Base               Lib:Object

 0000:00000000       ___safe_se_handler_count   0000000000000000     <absolute>
 0000:00000000       ___safe_se_handler_table   0000000000000000     <absolute>
 0000:00000000       __ImageBase                0000000140000000     <linker-defined>
 0001:00000000       main                       0000000140001000 f   umodsys.c_main.obj
 0001:0000032c       ??0?$TString@U?$TSCoreConst@D@su@tl@UModSys@@U?$TComparerBinaryHash@D@234@@tl@UModSys@@QEAA@PEBD@Z 000000014000132c f i umodsys.c_main.obj
 0001:0000039c       ??1SInfo@IBinObjFilter@libmedia@UModSys@@QEAA@XZ 000000014000139c f i umodsys_lib_libmedia:umodsys.mod.media.stdlib.obj
 0001:0000039c       ??1SCMemShared@core@UModSys@@QEAA@XZ 000000014000139c f i umodsys_lib_libmedia:umodsys.mod.media.stdlib.obj
 0001:0000039c       ??1SMemShared@core@UModSys@@QEAA@XZ 000000014000139c f i umodsys_lib_libmedia:umodsys.mod.media.stdio.obj
 0001:000003cc       ??6SUniquePtrList@core@UModSys@@QEAAAEAU012@PEBUSUniquePointerInfo@12@@Z 00000001400013cc f i umodsys_lib_libmedia:umodsys.mod.media.stdio.obj
 0001:00000484       ??3IRoot@core@UModSys@@SAXPEAXAEBUSIMemAlloc@12@@Z 0000000140001484 f i umodsys_lib_libmedia:umodsys.mod.media.stdio.obj
 0001:000004b0       ?archive_load_data@libmedia@UModSys@@YA_NAEAUIBinArchive@12@AEBU?$TString@U?$TSCoreConst@D@su@tl@UModSys@@U?$TComparerBinaryHash@D@234@@tl@2@AEAUSCMemShared@core@2@AEBUSFlags@12@@Z 00000001400014b0 f i umodsys_lib_libmedia:umodsys.mod.media.stdio.obj
 0001:000006a4       ?root_get_interface_info@RStreamReader_FILE@stdio@media@modules@UModSys@@UEBAAEBUSUniquePointerInfo@core@5@XZ 00000001400016a4 f i umodsys_lib_libmedia:umodsys.mod.media.stdio.obj
 0001:000006ac       ?root_get_interface_type@RStreamReader_FILE@stdio@media@modules@UModSys@@UEBAPEBUSUniquePointerInfo@core@5@XZ 00000001400016ac f i umodsys_lib_libmedia:umodsys.mod.media.stdio.obj
 0001:000006b4       ?root_get_other_interface@RStreamReader_FILE@stdio@media@modules@UModSys@@UEBAPEBUIRoot@core@5@PEBUSUniquePointerInfo@75@@Z 00000001400016b4 f i umodsys_lib_libmedia:umodsys.mod.media.stdio.obj
 0001:000006b4       ?root_get_other_interface@RStreamReader_FILE@stdio@media@modules@UModSys@@UEAAPEAUIRoot@core@5@PEBUSUniquePointerInfo@75@@Z 00000001400016b4 f i umodsys_lib_libmedia:umodsys.mod.media.stdio.obj
 0001:000006e4       ?root_is_interface_supported@RStreamReader_FILE@stdio@media@modules@UModSys@@UEBA_NPEBUSUniquePointerInfo@core@5@@Z 00000001400016e4 f i umodsys_lib_libmedia:umodsys.mod.media.stdio.obj
 0001:00000714       ?ref_remove@RStreamWriter_FILE@stdio@media@modules@UModSys@@UEBAXXZ 0000000140001714 f i umodsys_lib_libmedia:umodsys.mod.media.stdio.obj
 0001:00000714       ?ref_remove@RGenerator@stdlib@media@modules@UModSys@@UEBAXXZ 0000000140001714 f i umodsys_lib_libmedia:umodsys.mod.media.stdlib.obj
 0001:00000714       ?ref_remove@RStreamReader_FILE@stdio@media@modules@UModSys@@UEBAXXZ 0000000140001714 f i umodsys_lib_libmedia:umodsys.mod.media.stdio.obj
 0001:00000714       ?ref_remove@RGenerator@stdio@media@modules@UModSys@@UEBAXXZ 0000000140001714 f i umodsys_lib_libmedia:umodsys.mod.media.stdio.obj
 0001:0000072c       ?ref_links@RStreamReader_FILE@stdio@media@modules@UModSys@@UEBAHXZ 000000014000172c f i umodsys_lib_libmedia:umodsys.mod.media.stdio.obj
 0001:0000072c       ?ref_links@RGenerator@stdlib@media@modules@UModSys@@UEBAHXZ 000000014000172c f i umodsys_lib_libmedia:umodsys.mod.media.stdlib.obj
 0001:0000072c       ?ref_links@RStreamWriter_FILE@stdio@media@modules@UModSys@@UEBAHXZ 000000014000172c f i umodsys_lib_libmedia:umodsys.mod.media.stdio.obj
 0001:0000072c       ?ref_links@RGenerator@stdio@media@modules@UModSys@@UEBAHXZ 000000014000172c f i umodsys_lib_libmedia:umodsys.mod.media.stdio.obj
 0001:00000730       ??0RStreamReader_FILE@stdio@media@modules@UModSys@@QEAA@PEAUIModObject@base@4@AEBUSParameters@core@4@@Z 0000000140001730 f i umodsys_lib_libmedia:umodsys.mod.media.stdio.obj
 0001:0000082c       ?reader_seek@RStreamReader_FILE@stdio@media@modules@UModSys@@UEAA_N_J@Z 000000014000182c f i umodsys_lib_libmedia:umodsys.mod.media.stdio.obj
 0001:00000858       ?reader_seekend@RStreamReader_FILE@stdio@media@modules@UModSys@@UEAA_N_J@Z 0000000140001858 f i umodsys_lib_libmedia:umodsys.mod.media.stdio.obj
 0001:00000888       ?reader_seekdelta@RStreamReader_FILE@stdio@media@modules@UModSys@@UEAA_N_J@Z 0000000140001888 f i umodsys_lib_libmedia:umodsys.mod.media.stdio.obj
 0001:000008b4       ?reader_pos@RStreamReader_FILE@stdio@media@modules@UModSys@@UEAA_JXZ 00000001400018b4 f i umodsys_lib_libmedia:umodsys.mod.media.stdio.obj
 0001:000008d0       ?reader_size@RStreamReader_FILE@stdio@media@modules@UModSys@@UEAA_JXZ 00000001400018d0 f i umodsys_lib_libmedia:umodsys.mod.media.stdio.obj
 0001:000008d8       ?reader_read@RStreamReader_FILE@stdio@media@modules@UModSys@@UEAA_NPEAX_K@Z 00000001400018d8 f i umodsys_lib_libmedia:umodsys.mod.media.stdio.obj
 0001:00000958       ?reader_close@RStreamReader_FILE@stdio@media@modules@UModSys@@UEAAXXZ 0000000140001958 f i umodsys_lib_libmedia:umodsys.mod.media.stdio.obj
 0001:0000097c       ??_ERStreamReader_FILE@stdio@media@modules@UModSys@@UEAAPEAXI@Z 000000014000197c f i  CIL library: CIL module
 0001:0000097c       ??_GRStreamReader_FILE@stdio@media@modules@UModSys@@UEAAPEAXI@Z 000000014000197c f i umodsys_lib_libmedia:umodsys.mod.media.stdio.obj
 0001:000009d0       ?root_get_interface_info@RStreamWriter_FILE@stdio@media@modules@UModSys@@UEBAAEBUSUniquePointerInfo@core@5@XZ 00000001400019d0 f i umodsys_lib_libmedia:umodsys.mod.media.stdio.obj
 0001:000009d8       ?root_get_interface_type@RStreamWriter_FILE@stdio@media@modules@UModSys@@UEBAPEBUSUniquePointerInfo@core@5@XZ 00000001400019d8 f i umodsys_lib_libmedia:umodsys.mod.media.stdio.obj
 0001:000009e0       ?root_get_other_interface@RStreamWriter_FILE@stdio@media@modules@UModSys@@UEAAPEAUIRoot@core@5@PEBUSUniquePointerInfo@75@@Z 00000001400019e0 f i umodsys_lib_libmedia:umodsys.mod.media.stdio.obj
 0001:000009e0       ?root_get_other_interface@RStreamWriter_FILE@stdio@media@modules@UModSys@@UEBAPEBUIRoot@core@5@PEBUSUniquePointerInfo@75@@Z 00000001400019e0 f i umodsys_lib_libmedia:umodsys.mod.media.stdio.obj
 0001:00000a10       ?root_is_interface_supported@RStreamWriter_FILE@stdio@media@modules@UModSys@@UEBA_NPEBUSUniquePointerInfo@core@5@@Z 0000000140001a10 f i umodsys_lib_libmedia:umodsys.mod.media.stdio.obj
 0001:00000a40       ?suicide@RStreamWriter_FILE@stdio@media@modules@UModSys@@UEAAXXZ 0000000140001a40 f i umodsys_lib_libmedia:umodsys.mod.media.stdio.obj
 0001:00000a40       ?suicide@RStreamReader_FILE@stdio@media@modules@UModSys@@UEAAXXZ 0000000140001a40 f i umodsys_lib_libmedia:umodsys.mod.media.stdio.obj
 0001:00000a8c       ??0RStreamWriter_FILE@stdio@media@modules@UModSys@@QEAA@PEAUIModObject@base@4@AEBUSParameters@core@4@@Z 0000000140001a8c f i umodsys_lib_libmedia:umodsys.mod.media.stdio.obj
 0001:00000b7c       ?open@RStreamWriter_FILE@stdio@media@modules@UModSys@@QEAAXPEBD_N@Z 0000000140001b7c f i umodsys_lib_libmedia:umodsys.mod.media.stdio.obj
 0001:00000c20       ?writer_seek@RStreamWriter_FILE@stdio@media@modules@UModSys@@UEAA_N_J@Z 0000000140001c20 f i umodsys_lib_libmedia:umodsys.mod.media.stdio.obj
 0001:00000c4c       ?writer_seekend@RStreamWriter_FILE@stdio@media@modules@UModSys@@UEAA_N_J@Z 0000000140001c4c f i umodsys_lib_libmedia:umodsys.mod.media.stdio.obj
 0001:00000c7c       ?writer_seekdelta@RStreamWriter_FILE@stdio@media@modules@UModSys@@UEAA_N_J@Z 0000000140001c7c f i umodsys_lib_libmedia:umodsys.mod.media.stdio.obj
 0001:00000ca8       ?writer_setsize@RStreamWriter_FILE@stdio@media@modules@UModSys@@UEAA_N_J@Z 0000000140001ca8 f i umodsys_lib_libmedia:umodsys.mod.media.stdio.obj
 0001:00000d08       ?writer_pos@RStreamWriter_FILE@stdio@media@modules@UModSys@@UEAA_JXZ 0000000140001d08 f i umodsys_lib_libmedia:umodsys.mod.media.stdio.obj
 0001:00000d24       ?writer_size@RStreamWriter_FILE@stdio@media@modules@UModSys@@UEAA_JXZ 0000000140001d24 f i umodsys_lib_libmedia:umodsys.mod.media.stdio.obj
 0001:00000da4       ?writer_write@RStreamWriter_FILE@stdio@media@modules@UModSys@@UEAA_NPEBX_K@Z 0000000140001da4 f i umodsys_lib_libmedia:umodsys.mod.media.stdio.obj
 0001:00000e24       ?writer_copy@RStreamWriter_FILE@stdio@media@modules@UModSys@@UEAA_NPEAUIStreamReader@libmedia@5@_J@Z 0000000140001e24 f i umodsys_lib_libmedia:umodsys.mod.media.stdio.obj
 0001:00000ec4       ?writer_copy@RStreamWriter_FILE@stdio@media@modules@UModSys@@UEAA_NPEAUIStreamReader@libmedia@5@_J1@Z 0000000140001ec4 f i umodsys_lib_libmedia:umodsys.mod.media.stdio.obj
 0001:00000f18       ?writer_close@RStreamWriter_FILE@stdio@media@modules@UModSys@@UEAAXXZ 0000000140001f18 f i umodsys_lib_libmedia:umodsys.mod.media.stdio.obj
 0001:00000f54       ?writer_abort@RStreamWriter_FILE@stdio@media@modules@UModSys@@UEAAXXZ 0000000140001f54 f i umodsys_lib_libmedia:umodsys.mod.media.stdio.obj
 0001:00000f90       ??_ERStreamWriter_FILE@stdio@media@modules@UModSys@@UEAAPEAXI@Z 0000000140001f90 f i  CIL library: CIL module
 0001:00000f90       ??_GRStreamWriter_FILE@stdio@media@modules@UModSys@@UEAAPEAXI@Z 0000000140001f90 f i umodsys_lib_libmedia:umodsys.mod.media.stdio.obj
 0001:00001008       ??1IModule@base@UModSys@@UEAA@XZ 0000000140002008 f i umodsys_lib_base:umodsys.base.module.obj
 0001:00001008       ??1IStreamReader@libmedia@UModSys@@UEAA@XZ 0000000140002008 f i umodsys_lib_libmedia:umodsys.mod.media.stdio.obj
 0001:00001008       ??1ILibraryLayered@libmedia@UModSys@@UEAA@XZ 0000000140002008 f i umodsys_lib_libmedia:umodsys.mod.media.stdlib.obj
 0001:00001008       ??1ILibraryObjCache@libmedia@UModSys@@UEAA@XZ 0000000140002008 f i umodsys_lib_libmedia:umodsys.mod.media.stdlib.obj
 0001:00001008       ??1ISystem@base@UModSys@@UEAA@XZ 0000000140002008 f i umodsys_lib_base:umodsys.base.system.obj
 0001:00001008       ??1ILibraryBinCache@libmedia@UModSys@@UEAA@XZ 0000000140002008 f i umodsys_lib_libmedia:umodsys.mod.media.stdlib.obj
 0001:00001008       ??1ILibraryBinTree@libmedia@UModSys@@UEAA@XZ 0000000140002008 f i umodsys_lib_libmedia:umodsys.mod.media.stdlib.obj
 0001:00001008       ??1ILibraryObjFilter@libmedia@UModSys@@UEAA@XZ 0000000140002008 f i umodsys_lib_libmedia:umodsys.mod.media.stdlib.obj
 0001:00001008       ??1IStreamWriter@libmedia@UModSys@@UEAA@XZ 0000000140002008 f i umodsys_lib_libmedia:umodsys.mod.media.stdio.obj
 0001:00001008       ??1IBinArchive@libmedia@UModSys@@UEAA@XZ 0000000140002008 f i umodsys_lib_libmedia:umodsys.mod.media.stdio.obj
 0001:00001014       ?root_get_interface_info@RDataArchiver_OsDir@stdio@media@modules@UModSys@@UEBAAEBUSUniquePointerInfo@core@5@XZ 0000000140002014 f i umodsys_lib_libmedia:umodsys.mod.media.stdio.obj
 0001:0000101c       ?root_get_interface_type@RDataArchiver_OsDir@stdio@media@modules@UModSys@@UEBAPEBUSUniquePointerInfo@core@5@XZ 000000014000201c f i umodsys_lib_libmedia:umodsys.mod.media.stdio.obj
 0001:00001024       ?root_get_interface_types@RLibraryBinCache@stdlib@media@modules@UModSys@@UEBA_KAEAUSUniquePtrList@core@5@@Z 0000000140002024 f i umodsys_lib_libmedia:umodsys.mod.media.stdlib.obj
 0001:00001024       ?root_get_interface_types@RDataArchiver_OsDir@stdio@media@modules@UModSys@@UEBA_KAEAUSUniquePtrList@core@5@@Z 0000000140002024 f i umodsys_lib_libmedia:umodsys.mod.media.stdio.obj
 0001:00001024       ?root_get_interface_types@RGenerator@stdlib@media@modules@UModSys@@UEBA_KAEAUSUniquePtrList@core@5@@Z 0000000140002024 f i umodsys_lib_libmedia:umodsys.mod.media.stdlib.obj
 0001:00001024       ?root_get_interface_types@RModuleLibraryThis@rsystem@base@UModSys@@UEBA_KAEAUSUniquePtrList@core@4@@Z 0000000140002024 f i umodsys_lib_basesys:umodsys.basesys.rmodulelibthis.obj
 0001:00001024       ?root_get_interface_types@RParameters@rsystem@base@UModSys@@UEBA_KAEAUSUniquePtrList@core@4@@Z 0000000140002024 f i umodsys_lib_basesys:umodsys.basesys.rparameters.obj
 0001:00001024       ?root_get_interface_types@RLibraryObjFilter@stdlib@media@modules@UModSys@@UEBA_KAEAUSUniquePtrList@core@5@@Z 0000000140002024 f i umodsys_lib_libmedia:umodsys.mod.media.stdlib.obj
 0001:00001024       ?root_get_interface_types@RConsole_std@rsystem@base@UModSys@@UEBA_KAEAUSUniquePtrList@core@4@@Z 0000000140002024 f i umodsys_lib_basesys:umodsys.basesys.rconsole_std.obj
 0001:00001024       ?root_get_interface_types@RBinArchiveFrame@stdlib@media@modules@UModSys@@UEBA_KAEAUSUniquePtrList@core@5@@Z 0000000140002024 f i umodsys_lib_libmedia:umodsys.mod.media.stdlib.obj
 0001:00001024       ?root_get_interface_types@RGenerator@stdio@media@modules@UModSys@@UEBA_KAEAUSUniquePtrList@core@5@@Z 0000000140002024 f i umodsys_lib_libmedia:umodsys.mod.media.stdio.obj
 0001:00001024       ?root_get_interface_types@RLibraryLayered@stdlib@media@modules@UModSys@@UEBA_KAEAUSUniquePtrList@core@5@@Z 0000000140002024 f i umodsys_lib_libmedia:umodsys.mod.media.stdlib.obj
 0001:00001024       ?root_get_interface_types@RSystem@rsystem@base@UModSys@@UEBA_KAEAUSUniquePtrList@core@4@@Z 0000000140002024 f i umodsys_lib_basesys:umodsys.basesys.rsystem_main.obj
 0001:00001024       ?root_get_interface_types@RModule@rsystem@base@UModSys@@UEBA_KAEAUSUniquePtrList@core@4@@Z 0000000140002024 f i umodsys_lib_basesys:umodsys.basesys.rmodule.obj
 0001:00001024       ?root_get_interface_types@RLibraryBinTree@stdlib@media@modules@UModSys@@UEBA_KAEAUSUniquePtrList@core@5@@Z 0000000140002024 f i umodsys_lib_libmedia:umodsys.mod.media.stdlib.obj
 0001:00001024       ?root_get_interface_types@RStreamWriter_FILE@stdio@media@modules@UModSys@@UEBA_KAEAUSUniquePtrList@core@5@@Z 0000000140002024 f i umodsys_lib_libmedia:umodsys.mod.media.stdio.obj
 0001:00001024       ?root_get_interface_types@RStreamReader_FILE@stdio@media@modules@UModSys@@UEBA_KAEAUSUniquePtrList@core@5@@Z 0000000140002024 f i umodsys_lib_libmedia:umodsys.mod.media.stdio.obj
 0001:00001024       ?root_get_interface_types@RModuleLibrarySO@rsystem@base@UModSys@@UEBA_KAEAUSUniquePtrList@core@4@@Z 0000000140002024 f i umodsys_lib_basesys:umodsys.basesys.rmodulelibso.obj
 0001:00001024       ?root_get_interface_types@RLibraryObjCache@stdlib@media@modules@UModSys@@UEBA_KAEAUSUniquePtrList@core@5@@Z 0000000140002024 f i umodsys_lib_libmedia:umodsys.mod.media.stdlib.obj
 0001:0000102c       ?root_get_other_interface@RDataArchiver_OsDir@stdio@media@modules@UModSys@@UEAAPEAUIRoot@core@5@PEBUSUniquePointerInfo@75@@Z 000000014000202c f i umodsys_lib_libmedia:umodsys.mod.media.stdio.obj
 0001:0000102c       ?root_get_other_interface@RDataArchiver_OsDir@stdio@media@modules@UModSys@@UEBAPEBUIRoot@core@5@PEBUSUniquePointerInfo@75@@Z 000000014000202c f i umodsys_lib_libmedia:umodsys.mod.media.stdio.obj
 0001:0000105c       ?root_is_interface_supported@RDataArchiver_OsDir@stdio@media@modules@UModSys@@UEBA_NPEBUSUniquePointerInfo@core@5@@Z 000000014000205c f i umodsys_lib_libmedia:umodsys.mod.media.stdio.obj
 0001:0000108c       ?ref_links@RLibraryBinCache@stdlib@media@modules@UModSys@@UEBAHXZ 000000014000208c f i umodsys_lib_libmedia:umodsys.mod.media.stdlib.obj
 0001:0000108c       ?ref_links@RLibraryObjFilter@stdlib@media@modules@UModSys@@UEBAHXZ 000000014000208c f i umodsys_lib_libmedia:umodsys.mod.media.stdlib.obj
 0001:0000108c       ?ref_links@RLibraryBinTree@stdlib@media@modules@UModSys@@UEBAHXZ 000000014000208c f i umodsys_lib_libmedia:umodsys.mod.media.stdlib.obj
 0001:0000108c       ?ref_links@RLibraryLayered@stdlib@media@modules@UModSys@@UEBAHXZ 000000014000208c f i umodsys_lib_libmedia:umodsys.mod.media.stdlib.obj
 0001:0000108c       ?ref_links@RDataArchiver_OsDir@stdio@media@modules@UModSys@@UEBAHXZ 000000014000208c f i umodsys_lib_libmedia:umodsys.mod.media.stdio.obj
 0001:0000108c       ?ref_links@RLibraryObjCache@stdlib@media@modules@UModSys@@UEBAHXZ 000000014000208c f i umodsys_lib_libmedia:umodsys.mod.media.stdlib.obj
 0001:00001090       ??0RDataArchiver_OsDir@stdio@media@modules@UModSys@@QEAA@PEAUIModObject@base@4@AEBUSParameters@core@4@U?$TFlags4State@USMediaFlagUid@libmedia@UModSys@@I@tl@4@@Z 0000000140002090 f i umodsys_lib_libmedia:umodsys.mod.media.stdio.obj
 0001:000012b4       ?get_flag@RDataArchiver_OsDir@stdio@media@modules@UModSys@@UEBA?AW4eStates@?$TFlags4State@USMediaFlagUid@libmedia@UModSys@@I@tl@5@H@Z 00000001400022b4 f i umodsys_lib_libmedia:umodsys.mod.media.stdio.obj
 0001:000012c0       ?get_flags_auto@RDataArchiver_OsDir@stdio@media@modules@UModSys@@UEBA?AU?$TFlags4State@USMediaFlagUid@libmedia@UModSys@@I@tl@5@XZ 00000001400022c0 f i umodsys_lib_libmedia:umodsys.mod.media.stdio.obj
 0001:000012cc       ?set_flag@RDataArchiver_OsDir@stdio@media@modules@UModSys@@UEAA?AW4eStates@?$TFlags4State@USMediaFlagUid@libmedia@UModSys@@I@tl@5@HW46785@@Z 00000001400022cc f i umodsys_lib_libmedia:umodsys.mod.media.stdio.obj
 0001:000012f4       ?data_load@RDataArchiver_OsDir@stdio@media@modules@UModSys@@UEAA_NAEBU?$TString@U?$TSCoreConst@D@su@tl@UModSys@@U?$TComparerBinaryHash@D@234@@tl@5@AEAUSCMemShared@core@5@AEBUSFlags@libmedia@5@@Z 00000001400022f4 f i umodsys_lib_libmedia:umodsys.mod.media.stdio.obj
 0001:00001354       ?data_save@RDataArchiver_OsDir@stdio@media@modules@UModSys@@UEAA_NAEBU?$TString@U?$TSCoreConst@D@su@tl@UModSys@@U?$TComparerBinaryHash@D@234@@tl@5@AEBUSCMem@core@5@AEBUSFlags@libmedia@5@@Z 0000000140002354 f i umodsys_lib_libmedia:umodsys.mod.media.stdio.obj
 0001:000013ec       ?data_reader@RDataArchiver_OsDir@stdio@media@modules@UModSys@@UEAA?AU?$TRefObject@UIStreamReader@libmedia@UModSys@@U?$TRefObjectFunc@UIStreamReader@libmedia@UModSys@@@tl@3@@tl@5@AEBU?$TString@U?$TSCoreConst@D@su@tl@UModSys@@U?$TComparerBinaryHash@D@234@@75@AEBUSFlags@libmedia@5@@Z 00000001400023ec f i umodsys_lib_libmedia:umodsys.mod.media.stdio.obj
 0001:00001600       ?data_writer@RDataArchiver_OsDir@stdio@media@modules@UModSys@@UEAA?AU?$TRefObject@UIStreamWriter@libmedia@UModSys@@U?$TRefObjectFunc@UIStreamWriter@libmedia@UModSys@@@tl@3@@tl@5@AEBU?$TString@U?$TSCoreConst@D@su@tl@UModSys@@U?$TComparerBinaryHash@D@234@@75@AEBUSFlags@libmedia@5@@Z 0000000140002600 f i umodsys_lib_libmedia:umodsys.mod.media.stdio.obj
 0001:0000184c       ?data_list@RDataArchiver_OsDir@stdio@media@modules@UModSys@@UEAA_NAEBU?$TString@U?$TSCoreConst@D@su@tl@UModSys@@U?$TComparerBinaryHash@D@234@@tl@5@AEAU?$TIStackSocket@USFileInfo@libmedia@UModSys@@@75@AEBUSFlags@libmedia@5@@Z 000000014000284c f i umodsys_lib_libmedia:umodsys.mod.media.stdio.obj
 0001:000018a0       ?get_permissions@RDataArchiver_OsDir@stdio@media@modules@UModSys@@UEAAHXZ 00000001400028a0 f i umodsys_lib_libmedia:umodsys.mod.media.stdio.obj
 0001:000018a4       ??_GRDataArchiver_OsDir@stdio@media@modules@UModSys@@UEAAPEAXI@Z 00000001400028a4 f i umodsys_lib_libmedia:umodsys.mod.media.stdio.obj
 0001:000018a4       ??_ERDataArchiver_OsDir@stdio@media@modules@UModSys@@UEAAPEAXI@Z 00000001400028a4 f i  CIL library: CIL module
 0001:0000193c       ?get_generated_names@RGenerator@stdio@media@modules@UModSys@@UEBAHAEAUSUniquePtrList@core@5@@Z 000000014000293c f i umodsys_lib_libmedia:umodsys.mod.media.stdio.obj
 0001:00001980       ?get_generated_types@RGenerator@stdio@media@modules@UModSys@@UEBAHAEAUSUniquePtrList@core@5@PEBUSUniquePointerInfo@75@@Z 0000000140002980 f i umodsys_lib_libmedia:umodsys.mod.media.stdio.obj
 0001:00001a14       ?generate@RGenerator@stdio@media@modules@UModSys@@UEAA_NAEAU?$TRefObject@UIRefObject@core@UModSys@@U?$TRefObjectFunc@UIRefObject@core@UModSys@@@tl@3@@tl@5@PEBUSUniquePointerInfo@core@5@AEBUSParameters@95@@Z 0000000140002a14 f i umodsys_lib_libmedia:umodsys.mod.media.stdio.obj
 0001:00001bf4       ?root_get_interface_info@RGenerator@stdio@media@modules@UModSys@@UEBAAEBUSUniquePointerInfo@core@5@XZ 0000000140002bf4 f i umodsys_lib_libmedia:umodsys.mod.media.stdio.obj
 0001:00001bfc       ?root_get_interface_type@RGenerator@stdio@media@modules@UModSys@@UEBAPEBUSUniquePointerInfo@core@5@XZ 0000000140002bfc f i umodsys_lib_libmedia:umodsys.mod.media.stdio.obj
 0001:00001c04       ?root_get_other_interface@RGenerator@stdio@media@modules@UModSys@@UEAAPEAUIRoot@core@5@PEBUSUniquePointerInfo@75@@Z 0000000140002c04 f i umodsys_lib_libmedia:umodsys.mod.media.stdio.obj
 0001:00001c04       ?root_get_other_interface@RGenerator@stdio@media@modules@UModSys@@UEBAPEBUIRoot@core@5@PEBUSUniquePointerInfo@75@@Z 0000000140002c04 f i umodsys_lib_libmedia:umodsys.mod.media.stdio.obj
 0001:00001c3c       ?root_is_interface_supported@RGenerator@stdio@media@modules@UModSys@@UEBA_NPEBUSUniquePointerInfo@core@5@@Z 0000000140002c3c f i umodsys_lib_libmedia:umodsys.mod.media.stdio.obj
 0001:00001c74       ?ref_add@RGenerator@stdlib@media@modules@UModSys@@UEBAXXZ 0000000140002c74 f i umodsys_lib_libmedia:umodsys.mod.media.stdlib.obj
 0001:00001c74       ?ref_add@RGenerator@stdio@media@modules@UModSys@@UEBAXXZ 0000000140002c74 f i umodsys_lib_libmedia:umodsys.mod.media.stdio.obj
 0001:00001c74       ?ref_add@RStreamReader_FILE@stdio@media@modules@UModSys@@UEBAXXZ 0000000140002c74 f i umodsys_lib_libmedia:umodsys.mod.media.stdio.obj
 0001:00001c74       ?ref_add@RStreamWriter_FILE@stdio@media@modules@UModSys@@UEBAXXZ 0000000140002c74 f i umodsys_lib_libmedia:umodsys.mod.media.stdio.obj
 0001:00001c78       ?get_uid@RGenerator@stdio@media@modules@UModSys@@UEBAPEBUSUniquePointerInfo@core@5@XZ 0000000140002c78 f i umodsys_lib_libmedia:umodsys.mod.media.stdio.obj
 0001:00001c80       ?do_open@RModuleReg@stdio@media@modules@UModSys@@UEAA_NXZ 0000000140002c80 f i umodsys_lib_libmedia:umodsys.mod.media.stdio.obj
 0001:00001cf4       ?do_close@RModuleReg@stdio@media@modules@UModSys@@UEAA_NXZ 0000000140002cf4 f i umodsys_lib_libmedia:umodsys.mod.media.stdio.obj
 0001:00001d44       ?get_module@RGenerator@stdio@media@modules@UModSys@@UEBAPEAUIModule@base@5@XZ 0000000140002d44 f   umodsys_lib_libmedia:umodsys.mod.media.stdio.obj
 0001:00001d4c       ?mod_inc@RGenerator@stdio@media@modules@UModSys@@UEBA_NXZ 0000000140002d4c f   umodsys_lib_libmedia:umodsys.mod.media.stdio.obj
 0001:00001d5c       ?mod_dec@RGenerator@stdio@media@modules@UModSys@@UEBA_NXZ 0000000140002d5c f   umodsys_lib_libmedia:umodsys.mod.media.stdio.obj
 0001:00001d70       ?s_holder@RGenerator@stdio@media@modules@UModSys@@SAAEAU?$TTypeStaticHolder@URGenerator@stdio@media@modules@UModSys@@@tl@5@XZ 0000000140002d70 f   umodsys_lib_libmedia:umodsys.mod.media.stdio.obj
 0001:00001db4       ??1?$TString@U?$TSCoreShared@USIMemAlloc@core@UModSys@@D@su@tl@UModSys@@U?$TComparerBinaryHash@D@234@@tl@UModSys@@QEAA@XZ 0000000140002db4 f i umodsys_lib_libmedia:umodsys.mod.media.stdio.obj
 0001:00001db4       ??1?$TSCoreShared@USIMemAlloc@core@UModSys@@D@su@tl@UModSys@@QEAA@XZ 0000000140002db4 f i umodsys_lib_libmedia:umodsys.mod.media.stdio.obj
 0001:00001e04       ?set@?$TSCoreShared@USIMemAlloc@core@UModSys@@D@su@tl@UModSys@@QEAAXPEBD_K@Z 0000000140002e04 f i umodsys_lib_libmedia:umodsys.mod.media.stdio.obj
 0001:00001ec4       ??$t_gen_param@URStreamWriter_FILE@stdio@media@modules@UModSys@@URGenerator@2345@@IGenerator@base@UModSys@@IEAA_NPEAURGenerator@stdio@media@modules@2@AEAU?$TRefObject@UIRefObject@core@UModSys@@U?$TRefObjectFunc@UIRefObject@core@UModSys@@@tl@3@@tl@2@PEBUSUniquePointerInfo@core@2@AEBUSParameters@core@2@@Z 0000000140002ec4 f i umodsys_lib_libmedia:umodsys.mod.media.stdio.obj
 0001:00001fb8       ??1?$TRefObject@UIModObject@base@UModSys@@U?$TModObjectFunc@UIModObject@base@UModSys@@@tl@3@@tl@UModSys@@QEAA@XZ 0000000140002fb8 f i umodsys_lib_libmedia:umodsys.mod.media.stdio.obj
 0001:00001fe4       ?get_flag@RResolverChain@SFlagsChain@libmedia@UModSys@@UEBA?AW4eStates@?$TFlags4State@USMediaFlagUid@libmedia@UModSys@@I@tl@4@H@Z 0000000140002fe4 f i umodsys_lib_libmedia:umodsys.mod.media.stdlib.obj
 0001:00002024       ??1SLayer@ILibraryLayered@libmedia@UModSys@@QEAA@XZ 0000000140003024 f i umodsys_lib_libmedia:umodsys.mod.media.stdlib.obj
 0001:00002024       ??1SPoint@ILibraryBinTree@libmedia@UModSys@@QEAA@XZ 0000000140003024 f i umodsys_lib_libmedia:umodsys.mod.media.stdlib.obj
 0001:00002048       ?root_get_interface_info@RBinArchiveFrame@stdlib@media@modules@UModSys@@UEBAAEBUSUniquePointerInfo@core@5@XZ 0000000140003048 f i umodsys_lib_libmedia:umodsys.mod.media.stdlib.obj
 0001:00002050       ?root_get_interface_type@RBinArchiveFrame@stdlib@media@modules@UModSys@@UEBAPEBUSUniquePointerInfo@core@5@XZ 0000000140003050 f i umodsys_lib_libmedia:umodsys.mod.media.stdlib.obj
 0001:00002058       ?root_get_other_interface@RBinArchiveFrame@stdlib@media@modules@UModSys@@UEBAPEBUIRoot@core@5@PEBUSUniquePointerInfo@75@@Z 0000000140003058 f i umodsys_lib_libmedia:umodsys.mod.media.stdlib.obj
 0001:00002058       ?root_get_other_interface@RBinArchiveFrame@stdlib@media@modules@UModSys@@UEAAPEAUIRoot@core@5@PEBUSUniquePointerInfo@75@@Z 0000000140003058 f i umodsys_lib_libmedia:umodsys.mod.media.stdlib.obj
 0001:00002090       ?root_is_interface_supported@RBinArchiveFrame@stdlib@media@modules@UModSys@@UEBA_NPEBUSUniquePointerInfo@core@5@@Z 0000000140003090 f i umodsys_lib_libmedia:umodsys.mod.media.stdlib.obj
 0001:000020c8       ?ref_add@RBinArchiveFrame@stdlib@media@modules@UModSys@@UEBAXXZ 00000001400030c8 f i umodsys_lib_libmedia:umodsys.mod.media.stdlib.obj
 0001:000020cc       ?ref_remove@RBinArchiveFrame@stdlib@media@modules@UModSys@@UEBAXXZ 00000001400030cc f i umodsys_lib_libmedia:umodsys.mod.media.stdlib.obj
 0001:000020e4       ?ref_links@RBinArchiveFrame@stdlib@media@modules@UModSys@@UEBAHXZ 00000001400030e4 f i umodsys_lib_libmedia:umodsys.mod.media.stdlib.obj
 0001:000020e8       ?ref_weak@RBinArchiveFrame@stdlib@media@modules@UModSys@@UEBA_NAEAUWeakPointer@IRefObject@core@5@@Z 00000001400030e8 f i umodsys_lib_libmedia:umodsys.mod.media.stdlib.obj
 0001:00002108       ?suicide@RBinArchiveFrame@stdlib@media@modules@UModSys@@UEAAXXZ 0000000140003108 f i umodsys_lib_libmedia:umodsys.mod.media.stdlib.obj
 0001:00002154       ?get_flag@RBinArchiveFrame@stdlib@media@modules@UModSys@@UEBA?AW4eStates@?$TFlags4State@USMediaFlagUid@libmedia@UModSys@@I@tl@5@H@Z 0000000140003154 f i umodsys_lib_libmedia:umodsys.mod.media.stdlib.obj
 0001:00002164       ?get_flags_auto@RBinArchiveFrame@stdlib@media@modules@UModSys@@UEBA?AU?$TFlags4State@USMediaFlagUid@libmedia@UModSys@@I@tl@5@XZ 0000000140003164 f i umodsys_lib_libmedia:umodsys.mod.media.stdlib.obj
 0001:00002170       ?set_flag@RBinArchiveFrame@stdlib@media@modules@UModSys@@UEAA?AW4eStates@?$TFlags4State@USMediaFlagUid@libmedia@UModSys@@I@tl@5@HW46785@@Z 0000000140003170 f i umodsys_lib_libmedia:umodsys.mod.media.stdlib.obj
 0001:000021a4       ?bin_reader@RLibraryObjFilter@stdlib@media@modules@UModSys@@UEAA?AU?$TRefObject@UIStreamReader@libmedia@UModSys@@U?$TRefObjectFunc@UIStreamReader@libmedia@UModSys@@@tl@3@@tl@5@AEBU?$TString@U?$TSCoreConst@D@su@tl@UModSys@@U?$TComparerBinaryHash@D@234@@75@AEBUSFlags@libmedia@5@@Z 00000001400031a4 f i umodsys_lib_libmedia:umodsys.mod.media.stdlib.obj
 0001:000021a4       ?bin_reader@RLibraryObjCache@stdlib@media@modules@UModSys@@UEAA?AU?$TRefObject@UIStreamReader@libmedia@UModSys@@U?$TRefObjectFunc@UIStreamReader@libmedia@UModSys@@@tl@3@@tl@5@AEBU?$TString@U?$TSCoreConst@D@su@tl@UModSys@@U?$TComparerBinaryHash@D@234@@75@AEBUSFlags@libmedia@5@@Z 00000001400031a4 f i umodsys_lib_libmedia:umodsys.mod.media.stdlib.obj
 0001:000021a4       ?data_reader@RBinArchiveFrame@stdlib@media@modules@UModSys@@UEAA?AU?$TRefObject@UIStreamReader@libmedia@UModSys@@U?$TRefObjectFunc@UIStreamReader@libmedia@UModSys@@@tl@3@@tl@5@AEBU?$TString@U?$TSCoreConst@D@su@tl@UModSys@@U?$TComparerBinaryHash@D@234@@75@AEBUSFlags@libmedia@5@@Z 00000001400031a4 f i umodsys_lib_libmedia:umodsys.mod.media.stdlib.obj
 0001:000021a4       ?bin_writer@RLibraryObjCache@stdlib@media@modules@UModSys@@UEAA?AU?$TRefObject@UIStreamWriter@libmedia@UModSys@@U?$TRefObjectFunc@UIStreamWriter@libmedia@UModSys@@@tl@3@@tl@5@AEBU?$TString@U?$TSCoreConst@D@su@tl@UModSys@@U?$TComparerBinaryHash@D@234@@75@AEBUSFlags@libmedia@5@@Z 00000001400031a4 f i umodsys_lib_libmedia:umodsys.mod.media.stdlib.obj
 0001:000021a4       ?data_writer@RBinArchiveFrame@stdlib@media@modules@UModSys@@UEAA?AU?$TRefObject@UIStreamWriter@libmedia@UModSys@@U?$TRefObjectFunc@UIStreamWriter@libmedia@UModSys@@@tl@3@@tl@5@AEBU?$TString@U?$TSCoreConst@D@su@tl@UModSys@@U?$TComparerBinaryHash@D@234@@75@AEBUSFlags@libmedia@5@@Z 00000001400031a4 f i umodsys_lib_libmedia:umodsys.mod.media.stdlib.obj
 0001:000021a4       ?bin_reader@RLibraryBinCache@stdlib@media@modules@UModSys@@UEAA?AU?$TRefObject@UIStreamReader@libmedia@UModSys@@U?$TRefObjectFunc@UIStreamReader@libmedia@UModSys@@@tl@3@@tl@5@AEBU?$TString@U?$TSCoreConst@D@su@tl@UModSys@@U?$TComparerBinaryHash@D@234@@75@AEBUSFlags@libmedia@5@@Z 00000001400031a4 f i umodsys_lib_libmedia:umodsys.mod.media.stdlib.obj
 0001:000021a4       ?bin_writer@RLibraryBinCache@stdlib@media@modules@UModSys@@UEAA?AU?$TRefObject@UIStreamWriter@libmedia@UModSys@@U?$TRefObjectFunc@UIStreamWriter@libmedia@UModSys@@@tl@3@@tl@5@AEBU?$TString@U?$TSCoreConst@D@su@tl@UModSys@@U?$TComparerBinaryHash@D@234@@75@AEBUSFlags@libmedia@5@@Z 00000001400031a4 f i umodsys_lib_libmedia:umodsys.mod.media.stdlib.obj
 0001:000021a4       ?bin_writer@RLibraryObjFilter@stdlib@media@modules@UModSys@@UEAA?AU?$TRefObject@UIStreamWriter@libmedia@UModSys@@U?$TRefObjectFunc@UIStreamWriter@libmedia@UModSys@@@tl@3@@tl@5@AEBU?$TString@U?$TSCoreConst@D@su@tl@UModSys@@U?$TComparerBinaryHash@D@234@@75@AEBUSFlags@libmedia@5@@Z 00000001400031a4 f i umodsys_lib_libmedia:umodsys.mod.media.stdlib.obj
 0001:000021b4       ?get_syslib@RSystem@rsystem@base@UModSys@@UEAAPEAUIModuleLibrary@34@XZ 00000001400031b4 f i umodsys_lib_basesys:umodsys.basesys.rsystem.obj
 0001:000021b4       ?ref_links@RConsole_std@rsystem@base@UModSys@@UEBAHXZ 00000001400031b4 f i umodsys_lib_basesys:umodsys.basesys.rconsole_std.obj
 0001:000021b4       ?node_size@RBinArchiveFrame@stdlib@media@modules@UModSys@@UEAA_KAEBU?$TString@U?$TSCoreConst@D@su@tl@UModSys@@U?$TComparerBinaryHash@D@234@@tl@5@H@Z 00000001400031b4 f i umodsys_lib_libmedia:umodsys.mod.media.stdlib.obj
 0001:000021b4       ?add_node_r@RBinArchiveFrame@stdlib@media@modules@UModSys@@UEAAPEAUNameNode@IBinArchiveFrame@libmedia@5@AEBU?$TString@U?$TSCoreConst@D@su@tl@UModSys@@U?$TComparerBinaryHash@D@234@@tl@5@_KAEAUSMem@core@5@@Z 00000001400031b4 f i umodsys_lib_libmedia:umodsys.mod.media.stdlib.obj
 0001:000021b4       ?find_node@RBinArchiveFrame@stdlib@media@modules@UModSys@@UEAAPEAUNameNode@IBinArchiveFrame@libmedia@5@AEBU?$TString@U?$TSCoreConst@D@su@tl@UModSys@@U?$TComparerBinaryHash@D@234@@tl@5@@Z 00000001400031b4 f i umodsys_lib_libmedia:umodsys.mod.media.stdlib.obj
 0001:000021b4       ?add_node_w@RBinArchiveFrame@stdlib@media@modules@UModSys@@UEAAPEAUNameNode@IBinArchiveFrame@libmedia@5@AEBU?$TString@U?$TSCoreConst@D@su@tl@UModSys@@U?$TComparerBinaryHash@D@234@@tl@5@_K@Z 00000001400031b4 f i umodsys_lib_libmedia:umodsys.mod.media.stdlib.obj
 0001:000021b4       ?get_permissions@RBinArchiveFrame@stdlib@media@modules@UModSys@@UEAAHXZ 00000001400031b4 f i umodsys_lib_libmedia:umodsys.mod.media.stdlib.obj
 0001:000021b4       _setargv                   00000001400031b4 f i MSVCRT:dllargv.obj
 0001:000021b4       _matherr                   00000001400031b4 f i MSVCRT:merr.obj
 0001:000021b8       ??_GRBinArchiveFrame@stdlib@media@modules@UModSys@@UEAAPEAXI@Z 00000001400031b8 f i umodsys_lib_libmedia:umodsys.mod.media.stdlib.obj
 0001:000021b8       ??_ERBinArchiveFrame@stdlib@media@modules@UModSys@@UEAAPEAXI@Z 00000001400031b8 f i  CIL library: CIL module
 0001:000022e0       ??1IBinArchiveFrame@libmedia@UModSys@@UEAA@XZ 00000001400032e0 f i umodsys_lib_libmedia:umodsys.mod.media.stdlib.obj
 0001:00002344       ?root_get_interface_info@RLibraryBinCache@stdlib@media@modules@UModSys@@UEBAAEBUSUniquePointerInfo@core@5@XZ 0000000140003344 f i umodsys_lib_libmedia:umodsys.mod.media.stdlib.obj
 0001:0000234c       ?root_get_interface_type@RLibraryBinCache@stdlib@media@modules@UModSys@@UEBAPEBUSUniquePointerInfo@core@5@XZ 000000014000334c f i umodsys_lib_libmedia:umodsys.mod.media.stdlib.obj
 0001:00002354       ?root_get_other_interface@RLibraryBinCache@stdlib@media@modules@UModSys@@UEAAPEAUIRoot@core@5@PEBUSUniquePointerInfo@75@@Z 0000000140003354 f i umodsys_lib_libmedia:umodsys.mod.media.stdlib.obj
 0001:00002354       ?root_get_other_interface@RLibraryBinCache@stdlib@media@modules@UModSys@@UEBAPEBUIRoot@core@5@PEBUSUniquePointerInfo@75@@Z 0000000140003354 f i umodsys_lib_libmedia:umodsys.mod.media.stdlib.obj
 0001:0000238c       ?root_is_interface_supported@RLibraryBinCache@stdlib@media@modules@UModSys@@UEBA_NPEBUSUniquePointerInfo@core@5@@Z 000000014000338c f i umodsys_lib_libmedia:umodsys.mod.media.stdlib.obj
 0001:000023c4       ?get_flags_auto@RLibraryBinCache@stdlib@media@modules@UModSys@@UEBA?AU?$TFlags4State@USMediaFlagUid@libmedia@UModSys@@I@tl@5@XZ 00000001400033c4 f i umodsys_lib_libmedia:umodsys.mod.media.stdlib.obj
 0001:000023d0       ?bin_load@RLibraryBinCache@stdlib@media@modules@UModSys@@UEAA_NAEBU?$TString@U?$TSCoreConst@D@su@tl@UModSys@@U?$TComparerBinaryHash@D@234@@tl@5@AEAUSCMemShared@core@5@AEBUSFlags@libmedia@5@@Z 00000001400033d0 f i umodsys_lib_libmedia:umodsys.mod.media.stdlib.obj
 0001:000024f4       ?bin_put@RLibraryBinCache@stdlib@media@modules@UModSys@@UEAA_NAEBU?$TString@U?$TSCoreConst@D@su@tl@UModSys@@U?$TComparerBinaryHash@D@234@@tl@5@PEBUSCMemShared@core@5@@Z 00000001400034f4 f i umodsys_lib_libmedia:umodsys.mod.media.stdlib.obj
 0001:00002514       ?bincache_get@RLibraryBinCache@stdlib@media@modules@UModSys@@UEBA_NAEBU?$TString@U?$TSCoreConst@D@su@tl@UModSys@@U?$TComparerBinaryHash@D@234@@tl@5@PEAUSCMemShared@core@5@PEA_N@Z 0000000140003514 f i umodsys_lib_libmedia:umodsys.mod.media.stdlib.obj
 0001:000025cc       ?bincache_add@RLibraryBinCache@stdlib@media@modules@UModSys@@UEAA_NAEBU?$TString@U?$TSCoreConst@D@su@tl@UModSys@@U?$TComparerBinaryHash@D@234@@tl@5@@Z 00000001400035cc f i umodsys_lib_libmedia:umodsys.mod.media.stdlib.obj
 0001:000025f4       ?bincache_add@RLibraryBinCache@stdlib@media@modules@UModSys@@UEAA_NAEBU?$TString@U?$TSCoreConst@D@su@tl@UModSys@@U?$TComparerBinaryHash@D@234@@tl@5@AEBUSCMemShared@core@5@@Z 00000001400035f4 f i umodsys_lib_libmedia:umodsys.mod.media.stdlib.obj
 0001:000025fc       ?bincache_remove@RLibraryBinCache@stdlib@media@modules@UModSys@@UEAA_NAEBU?$TString@U?$TSCoreConst@D@su@tl@UModSys@@U?$TComparerBinaryHash@D@234@@tl@5@@Z 00000001400035fc f i umodsys_lib_libmedia:umodsys.mod.media.stdlib.obj
 0001:00002628       ?bincache_clear@RLibraryBinCache@stdlib@media@modules@UModSys@@UEAA_NXZ 0000000140003628 f i umodsys_lib_libmedia:umodsys.mod.media.stdlib.obj
 0001:0000269c       ?bincache_add@RLibraryBinCache@stdlib@media@modules@UModSys@@QEAA_NAEBU?$TString@U?$TSCoreConst@D@su@tl@UModSys@@U?$TComparerBinaryHash@D@234@@tl@5@AEBUSCMemShared@core@5@_N@Z 000000014000369c f i umodsys_lib_libmedia:umodsys.mod.media.stdlib.obj
 0001:00002840       ??_ERLibraryBinCache@stdlib@media@modules@UModSys@@UEAAPEAXI@Z 0000000140003840 f i  CIL library: CIL module
 0001:00002840       ??_GRLibraryBinCache@stdlib@media@modules@UModSys@@UEAAPEAXI@Z 0000000140003840 f i umodsys_lib_libmedia:umodsys.mod.media.stdlib.obj
 0001:000028f0       ?root_get_interface_info@RLibraryBinTree@stdlib@media@modules@UModSys@@UEBAAEBUSUniquePointerInfo@core@5@XZ 00000001400038f0 f i umodsys_lib_libmedia:umodsys.mod.media.stdlib.obj
 0001:000028f8       ?root_get_interface_type@RLibraryBinTree@stdlib@media@modules@UModSys@@UEBAPEBUSUniquePointerInfo@core@5@XZ 00000001400038f8 f i umodsys_lib_libmedia:umodsys.mod.media.stdlib.obj
 0001:00002900       ?root_get_other_interface@RLibraryBinTree@stdlib@media@modules@UModSys@@UEBAPEBUIRoot@core@5@PEBUSUniquePointerInfo@75@@Z 0000000140003900 f i umodsys_lib_libmedia:umodsys.mod.media.stdlib.obj
 0001:00002900       ?root_get_other_interface@RLibraryBinTree@stdlib@media@modules@UModSys@@UEAAPEAUIRoot@core@5@PEBUSUniquePointerInfo@75@@Z 0000000140003900 f i umodsys_lib_libmedia:umodsys.mod.media.stdlib.obj
 0001:00002938       ?root_is_interface_supported@RLibraryBinTree@stdlib@media@modules@UModSys@@UEBA_NPEBUSUniquePointerInfo@core@5@@Z 0000000140003938 f i umodsys_lib_libmedia:umodsys.mod.media.stdlib.obj
 0001:00002970       ?ref_weak@RLibraryObjFilter@stdlib@media@modules@UModSys@@UEBA_NAEAUWeakPointer@IRefObject@core@5@@Z 0000000140003970 f i umodsys_lib_libmedia:umodsys.mod.media.stdlib.obj
 0001:00002970       ?ref_weak@RLibraryObjCache@stdlib@media@modules@UModSys@@UEBA_NAEAUWeakPointer@IRefObject@core@5@@Z 0000000140003970 f i umodsys_lib_libmedia:umodsys.mod.media.stdlib.obj
 0001:00002970       ?ref_weak@RLibraryLayered@stdlib@media@modules@UModSys@@UEBA_NAEAUWeakPointer@IRefObject@core@5@@Z 0000000140003970 f i umodsys_lib_libmedia:umodsys.mod.media.stdlib.obj
 0001:00002970       ?ref_weak@RDataArchiver_OsDir@stdio@media@modules@UModSys@@UEBA_NAEAUWeakPointer@IRefObject@core@5@@Z 0000000140003970 f i umodsys_lib_libmedia:umodsys.mod.media.stdio.obj
 0001:00002970       ?ref_weak@RLibraryBinCache@stdlib@media@modules@UModSys@@UEBA_NAEAUWeakPointer@IRefObject@core@5@@Z 0000000140003970 f i umodsys_lib_libmedia:umodsys.mod.media.stdlib.obj
 0001:00002970       ?ref_weak@RLibraryBinTree@stdlib@media@modules@UModSys@@UEBA_NAEAUWeakPointer@IRefObject@core@5@@Z 0000000140003970 f i umodsys_lib_libmedia:umodsys.mod.media.stdlib.obj
 0001:00002990       ?get_flag@RLibraryBinTree@stdlib@media@modules@UModSys@@UEBA?AW4eStates@?$TFlags4State@USMediaFlagUid@libmedia@UModSys@@I@tl@5@H@Z 0000000140003990 f i umodsys_lib_libmedia:umodsys.mod.media.stdlib.obj
 0001:00002990       ?get_flag@RLibraryObjFilter@stdlib@media@modules@UModSys@@UEBA?AW4eStates@?$TFlags4State@USMediaFlagUid@libmedia@UModSys@@I@tl@5@H@Z 0000000140003990 f i umodsys_lib_libmedia:umodsys.mod.media.stdlib.obj
 0001:00002990       ?get_flag@RLibraryObjCache@stdlib@media@modules@UModSys@@UEBA?AW4eStates@?$TFlags4State@USMediaFlagUid@libmedia@UModSys@@I@tl@5@H@Z 0000000140003990 f i umodsys_lib_libmedia:umodsys.mod.media.stdlib.obj
 0001:00002990       ?get_flag@RLibraryBinCache@stdlib@media@modules@UModSys@@UEBA?AW4eStates@?$TFlags4State@USMediaFlagUid@libmedia@UModSys@@I@tl@5@H@Z 0000000140003990 f i umodsys_lib_libmedia:umodsys.mod.media.stdlib.obj
 0001:0000299c       ?get_flags_auto@RLibraryBinTree@stdlib@media@modules@UModSys@@UEBA?AU?$TFlags4State@USMediaFlagUid@libmedia@UModSys@@I@tl@5@XZ 000000014000399c f i umodsys_lib_libmedia:umodsys.mod.media.stdlib.obj
 0001:000029a8       ?bin_reader@RLibraryBinTree@stdlib@media@modules@UModSys@@UEAA?AU?$TRefObject@UIStreamReader@libmedia@UModSys@@U?$TRefObjectFunc@UIStreamReader@libmedia@UModSys@@@tl@3@@tl@5@AEBU?$TString@U?$TSCoreConst@D@su@tl@UModSys@@U?$TComparerBinaryHash@D@234@@75@AEBUSFlags@libmedia@5@@Z 00000001400039a8 f i umodsys_lib_libmedia:umodsys.mod.media.stdlib.obj
 0001:00002b08       ?bin_writer@RLibraryBinTree@stdlib@media@modules@UModSys@@UEAA?AU?$TRefObject@UIStreamWriter@libmedia@UModSys@@U?$TRefObjectFunc@UIStreamWriter@libmedia@UModSys@@@tl@3@@tl@5@AEBU?$TString@U?$TSCoreConst@D@su@tl@UModSys@@U?$TComparerBinaryHash@D@234@@75@AEBUSFlags@libmedia@5@@Z 0000000140003b08 f i umodsys_lib_libmedia:umodsys.mod.media.stdlib.obj
 0001:00002c68       ?bin_load@RLibraryBinTree@stdlib@media@modules@UModSys@@UEAA_NAEBU?$TString@U?$TSCoreConst@D@su@tl@UModSys@@U?$TComparerBinaryHash@D@234@@tl@5@AEAUSCMemShared@core@5@AEBUSFlags@libmedia@5@@Z 0000000140003c68 f i umodsys_lib_libmedia:umodsys.mod.media.stdlib.obj
 0001:00002d94       ?bin_save@RLibraryBinTree@stdlib@media@modules@UModSys@@UEAA_NAEBU?$TString@U?$TSCoreConst@D@su@tl@UModSys@@U?$TComparerBinaryHash@D@234@@tl@5@AEBUSCMem@core@5@AEBUSFlags@libmedia@5@@Z 0000000140003d94 f i umodsys_lib_libmedia:umodsys.mod.media.stdlib.obj
 0001:00002e9c       ?mount_get@RLibraryBinTree@stdlib@media@modules@UModSys@@UEBA?AUSPoint@ILibraryBinTree@libmedia@5@AEBUSId@785@@Z 0000000140003e9c f i umodsys_lib_libmedia:umodsys.mod.media.stdlib.obj
 0001:00002f00       ?mount_add@RLibraryBinTree@stdlib@media@modules@UModSys@@UEAA_NAEBUSId@ILibraryBinTree@libmedia@5@AEBUSPoint@785@@Z 0000000140003f00 f i umodsys_lib_libmedia:umodsys.mod.media.stdlib.obj
 0001:000030c0       ?mount_remove@RLibraryBinTree@stdlib@media@modules@UModSys@@UEAA_NAEBUSId@ILibraryBinTree@libmedia@5@@Z 00000001400040c0 f i umodsys_lib_libmedia:umodsys.mod.media.stdlib.obj
 0001:000030ec       ?mount_clear@RLibraryBinTree@stdlib@media@modules@UModSys@@UEAA_NXZ 00000001400040ec f i umodsys_lib_libmedia:umodsys.mod.media.stdlib.obj
 0001:0000315c       ??_GRLibraryBinTree@stdlib@media@modules@UModSys@@UEAAPEAXI@Z 000000014000415c f i umodsys_lib_libmedia:umodsys.mod.media.stdlib.obj
 0001:0000315c       ??_ERLibraryBinTree@stdlib@media@modules@UModSys@@UEAAPEAXI@Z 000000014000415c f i  CIL library: CIL module
 0001:00003208       ?root_get_interface_info@RLibraryLayered@stdlib@media@modules@UModSys@@UEBAAEBUSUniquePointerInfo@core@5@XZ 0000000140004208 f i umodsys_lib_libmedia:umodsys.mod.media.stdlib.obj
 0001:00003210       ?root_get_interface_type@RLibraryLayered@stdlib@media@modules@UModSys@@UEBAPEBUSUniquePointerInfo@core@5@XZ 0000000140004210 f i umodsys_lib_libmedia:umodsys.mod.media.stdlib.obj
 0001:00003218       ?root_get_other_interface@RLibraryLayered@stdlib@media@modules@UModSys@@UEAAPEAUIRoot@core@5@PEBUSUniquePointerInfo@75@@Z 0000000140004218 f i umodsys_lib_libmedia:umodsys.mod.media.stdlib.obj
 0001:00003218       ?root_get_other_interface@RLibraryLayered@stdlib@media@modules@UModSys@@UEBAPEBUIRoot@core@5@PEBUSUniquePointerInfo@75@@Z 0000000140004218 f i umodsys_lib_libmedia:umodsys.mod.media.stdlib.obj
 0001:00003250       ?root_is_interface_supported@RLibraryLayered@stdlib@media@modules@UModSys@@UEBA_NPEBUSUniquePointerInfo@core@5@@Z 0000000140004250 f i umodsys_lib_libmedia:umodsys.mod.media.stdlib.obj
 0001:00003288       ?ref_add@RLibraryLayered@stdlib@media@modules@UModSys@@UEBAXXZ 0000000140004288 f i umodsys_lib_libmedia:umodsys.mod.media.stdlib.obj
 0001:00003288       ?ref_add@RLibraryObjCache@stdlib@media@modules@UModSys@@UEBAXXZ 0000000140004288 f i umodsys_lib_libmedia:umodsys.mod.media.stdlib.obj
 0001:00003288       ?ref_add@RLibraryBinCache@stdlib@media@modules@UModSys@@UEBAXXZ 0000000140004288 f i umodsys_lib_libmedia:umodsys.mod.media.stdlib.obj
 0001:00003288       ?ref_add@RLibraryObjFilter@stdlib@media@modules@UModSys@@UEBAXXZ 0000000140004288 f i umodsys_lib_libmedia:umodsys.mod.media.stdlib.obj
 0001:00003288       ?ref_add@RDataArchiver_OsDir@stdio@media@modules@UModSys@@UEBAXXZ 0000000140004288 f i umodsys_lib_libmedia:umodsys.mod.media.stdio.obj
 0001:00003288       ?ref_add@RLibraryBinTree@stdlib@media@modules@UModSys@@UEBAXXZ 0000000140004288 f i umodsys_lib_libmedia:umodsys.mod.media.stdlib.obj
 0001:0000328c       ?ref_remove@RLibraryBinTree@stdlib@media@modules@UModSys@@UEBAXXZ 000000014000428c f i umodsys_lib_libmedia:umodsys.mod.media.stdlib.obj
 0001:0000328c       ?ref_remove@RLibraryBinCache@stdlib@media@modules@UModSys@@UEBAXXZ 000000014000428c f i umodsys_lib_libmedia:umodsys.mod.media.stdlib.obj
 0001:0000328c       ?ref_remove@RLibraryObjCache@stdlib@media@modules@UModSys@@UEBAXXZ 000000014000428c f i umodsys_lib_libmedia:umodsys.mod.media.stdlib.obj
 0001:0000328c       ?ref_remove@RDataArchiver_OsDir@stdio@media@modules@UModSys@@UEBAXXZ 000000014000428c f i umodsys_lib_libmedia:umodsys.mod.media.stdio.obj
 0001:0000328c       ?ref_remove@RLibraryObjFilter@stdlib@media@modules@UModSys@@UEBAXXZ 000000014000428c f i umodsys_lib_libmedia:umodsys.mod.media.stdlib.obj
 0001:0000328c       ?ref_remove@RLibraryLayered@stdlib@media@modules@UModSys@@UEBAXXZ 000000014000428c f i umodsys_lib_libmedia:umodsys.mod.media.stdlib.obj
 0001:000032a4       ??4SLayerX@RLibraryLayered@stdlib@media@modules@UModSys@@QEAAXAEBUSLayer@ILibraryLayered@libmedia@5@@Z 00000001400042a4 f i umodsys_lib_libmedia:umodsys.mod.media.stdlib.obj
 0001:00003398       ?get_flag@RLibraryLayered@stdlib@media@modules@UModSys@@UEBA?AW4eStates@?$TFlags4State@USMediaFlagUid@libmedia@UModSys@@I@tl@5@H@Z 0000000140004398 f i umodsys_lib_libmedia:umodsys.mod.media.stdlib.obj
 0001:000033a4       ?get_flags_auto@RLibraryLayered@stdlib@media@modules@UModSys@@UEBA?AU?$TFlags4State@USMediaFlagUid@libmedia@UModSys@@I@tl@5@XZ 00000001400043a4 f i umodsys_lib_libmedia:umodsys.mod.media.stdlib.obj
 0001:000033b0       ?set_flag@RLibraryLayered@stdlib@media@modules@UModSys@@UEAA?AW4eStates@?$TFlags4State@USMediaFlagUid@libmedia@UModSys@@I@tl@5@HW46785@@Z 00000001400043b0 f i umodsys_lib_libmedia:umodsys.mod.media.stdlib.obj
 0001:000033d8       ?bin_reader@RLibraryLayered@stdlib@media@modules@UModSys@@UEAA?AU?$TRefObject@UIStreamReader@libmedia@UModSys@@U?$TRefObjectFunc@UIStreamReader@libmedia@UModSys@@@tl@3@@tl@5@AEBU?$TString@U?$TSCoreConst@D@su@tl@UModSys@@U?$TComparerBinaryHash@D@234@@75@AEBUSFlags@libmedia@5@@Z 00000001400043d8 f i umodsys_lib_libmedia:umodsys.mod.media.stdlib.obj
 0001:000034c0       ?bin_writer@RLibraryLayered@stdlib@media@modules@UModSys@@UEAA?AU?$TRefObject@UIStreamWriter@libmedia@UModSys@@U?$TRefObjectFunc@UIStreamWriter@libmedia@UModSys@@@tl@3@@tl@5@AEBU?$TString@U?$TSCoreConst@D@su@tl@UModSys@@U?$TComparerBinaryHash@D@234@@75@AEBUSFlags@libmedia@5@@Z 00000001400044c0 f i umodsys_lib_libmedia:umodsys.mod.media.stdlib.obj
 0001:000035a8       ?bin_load@RLibraryLayered@stdlib@media@modules@UModSys@@UEAA_NAEBU?$TString@U?$TSCoreConst@D@su@tl@UModSys@@U?$TComparerBinaryHash@D@234@@tl@5@AEAUSCMemShared@core@5@AEBUSFlags@libmedia@5@@Z 00000001400045a8 f i umodsys_lib_libmedia:umodsys.mod.media.stdlib.obj
 0001:00003850       ?bin_save@RLibraryLayered@stdlib@media@modules@UModSys@@UEAA_NAEBU?$TString@U?$TSCoreConst@D@su@tl@UModSys@@U?$TComparerBinaryHash@D@234@@tl@5@AEBUSCMem@core@5@AEBUSFlags@libmedia@5@@Z 0000000140004850 f i umodsys_lib_libmedia:umodsys.mod.media.stdlib.obj
 0001:00003aac       ?bin_info@RLibraryLayered@stdlib@media@modules@UModSys@@UEAA_NAEBU?$TString@U?$TSCoreConst@D@su@tl@UModSys@@U?$TComparerBinaryHash@D@234@@tl@5@AEAUSFileInfo@libmedia@5@AEBUSFlags@95@@Z 0000000140004aac f i umodsys_lib_libmedia:umodsys.mod.media.stdlib.obj
 0001:00003b5c       ?bin_info@RLibraryLayered@stdlib@media@modules@UModSys@@UEAA_NAEBU?$TString@U?$TSCoreConst@D@su@tl@UModSys@@U?$TComparerBinaryHash@D@234@@tl@5@AEAU?$TIStackSocket@USFileInfo@libmedia@UModSys@@@75@AEBUSFlags@libmedia@5@@Z 0000000140004b5c f i umodsys_lib_libmedia:umodsys.mod.media.stdlib.obj
 0001:00003c20       ?bin_get@RLibraryLayered@stdlib@media@modules@UModSys@@UEAA_NAEBU?$TString@U?$TSCoreConst@D@su@tl@UModSys@@U?$TComparerBinaryHash@D@234@@tl@5@AEAUSCMemShared@core@5@_N@Z 0000000140004c20 f i umodsys_lib_libmedia:umodsys.mod.media.stdlib.obj
 0001:00003ca4       ?bin_put@RLibraryLayered@stdlib@media@modules@UModSys@@UEAA_NAEBU?$TString@U?$TSCoreConst@D@su@tl@UModSys@@U?$TComparerBinaryHash@D@234@@tl@5@PEBUSCMemShared@core@5@@Z 0000000140004ca4 f i umodsys_lib_libmedia:umodsys.mod.media.stdlib.obj
 0001:00003d14       ?obj_fget@RLibraryLayered@stdlib@media@modules@UModSys@@UEAA_NAEBUSInfo@IBinObjFilter@libmedia@5@AEAU?$TRefObject@UIRefObject@core@UModSys@@U?$TRefObjectFunc@UIRefObject@core@UModSys@@@tl@3@@tl@5@@Z 0000000140004d14 f i umodsys_lib_libmedia:umodsys.mod.media.stdlib.obj
 0001:00003d84       ?obj_fload@RLibraryLayered@stdlib@media@modules@UModSys@@UEAA_NAEBUSInfo@IBinObjFilter@libmedia@5@PEAUIRefObject@core@5@@Z 0000000140004d84 f i umodsys_lib_libmedia:umodsys.mod.media.stdlib.obj
 0001:00003df4       ?obj_fsave@RLibraryLayered@stdlib@media@modules@UModSys@@UEAA_NAEAUSInfo@IBinObjFilter@libmedia@5@PEBUIRefObject@core@5@@Z 0000000140004df4 f i umodsys_lib_libmedia:umodsys.mod.media.stdlib.obj
 0001:00003e64       ?obj_cget@RLibraryLayered@stdlib@media@modules@UModSys@@UEAA_NAEBU?$TString@U?$TSCoreConst@D@su@tl@UModSys@@U?$TComparerBinaryHash@D@234@@tl@5@AEAU?$TRefObject@UIRefObject@core@UModSys@@U?$TRefObjectFunc@UIRefObject@core@UModSys@@@tl@3@@75@_N@Z 0000000140004e64 f i umodsys_lib_libmedia:umodsys.mod.media.stdlib.obj
 0001:00003ee8       ?obj_cput@RLibraryLayered@stdlib@media@modules@UModSys@@UEAA_NAEBU?$TString@U?$TSCoreConst@D@su@tl@UModSys@@U?$TComparerBinaryHash@D@234@@tl@5@PEAUIRefObject@core@5@@Z 0000000140004ee8 f i umodsys_lib_libmedia:umodsys.mod.media.stdlib.obj
 0001:00003f58       ?obj_get@RLibraryLayered@stdlib@media@modules@UModSys@@UEAA_NAEBU?$TString@U?$TSCoreConst@D@su@tl@UModSys@@U?$TComparerBinaryHash@D@234@@tl@5@AEAU?$TRefObject@UIRefObject@core@UModSys@@U?$TRefObjectFunc@UIRefObject@core@UModSys@@@tl@3@@75@AEBUSObjOptions@ILibrary@libmedia@5@@Z 0000000140004f58 f i umodsys_lib_libmedia:umodsys.mod.media.stdlib.obj
 0001:000043a8       ?obj_load@RLibraryLayered@stdlib@media@modules@UModSys@@UEAA_NAEBU?$TString@U?$TSCoreConst@D@su@tl@UModSys@@U?$TComparerBinaryHash@D@234@@tl@5@PEAUIRefObject@core@5@AEBUSObjOptions@ILibrary@libmedia@5@@Z 00000001400053a8 f i umodsys_lib_libmedia:umodsys.mod.media.stdlib.obj
 0001:0000457c       ?obj_save@RLibraryLayered@stdlib@media@modules@UModSys@@UEAA_NAEBU?$TString@U?$TSCoreConst@D@su@tl@UModSys@@U?$TComparerBinaryHash@D@234@@tl@5@PEBUIRefObject@core@5@AEBUSObjOptions@ILibrary@libmedia@5@@Z 000000014000557c f i umodsys_lib_libmedia:umodsys.mod.media.stdlib.obj
 0001:000047c4       ?layer_count@RLibraryLayered@stdlib@media@modules@UModSys@@UEBA_KAEBUSLayer@ILibraryLayered@libmedia@5@@Z 00000001400057c4 f i umodsys_lib_libmedia:umodsys.mod.media.stdlib.obj
 0001:000047cc       ?layer_get@RLibraryLayered@stdlib@media@modules@UModSys@@UEBA?AUSLayer@ILibraryLayered@libmedia@5@_K@Z 00000001400057cc f i umodsys_lib_libmedia:umodsys.mod.media.stdlib.obj
 0001:00004834       ?layer_find@RLibraryLayered@stdlib@media@modules@UModSys@@UEBA_KAEBU?$TString@U?$TSCoreConst@D@su@tl@UModSys@@U?$TComparerBinaryHash@D@234@@tl@5@_K@Z 0000000140005834 f i umodsys_lib_libmedia:umodsys.mod.media.stdlib.obj
 0001:000048d0       ?layer_insert@RLibraryLayered@stdlib@media@modules@UModSys@@UEAA_NAEBUSLayer@ILibraryLayered@libmedia@5@_K@Z 00000001400058d0 f i umodsys_lib_libmedia:umodsys.mod.media.stdlib.obj
 0001:00004a8c       ?layer_remove@RLibraryLayered@stdlib@media@modules@UModSys@@UEAA_N_K@Z 0000000140005a8c f i umodsys_lib_libmedia:umodsys.mod.media.stdlib.obj
 0001:00004b98       ?layer_clear@RLibraryLayered@stdlib@media@modules@UModSys@@UEAA_NXZ 0000000140005b98 f i umodsys_lib_libmedia:umodsys.mod.media.stdlib.obj
 0001:00004ba4       ??_GRLibraryLayered@stdlib@media@modules@UModSys@@UEAAPEAXI@Z 0000000140005ba4 f i umodsys_lib_libmedia:umodsys.mod.media.stdlib.obj
 0001:00004ba4       ??_ERLibraryLayered@stdlib@media@modules@UModSys@@UEAAPEAXI@Z 0000000140005ba4 f i  CIL library: CIL module
 0001:00004c50       ?root_get_interface_info@RLibraryObjCache@stdlib@media@modules@UModSys@@UEBAAEBUSUniquePointerInfo@core@5@XZ 0000000140005c50 f i umodsys_lib_libmedia:umodsys.mod.media.stdlib.obj
 0001:00004c58       ?root_get_interface_type@RLibraryObjCache@stdlib@media@modules@UModSys@@UEBAPEBUSUniquePointerInfo@core@5@XZ 0000000140005c58 f i umodsys_lib_libmedia:umodsys.mod.media.stdlib.obj
 0001:00004c60       ?root_get_other_interface@RLibraryObjCache@stdlib@media@modules@UModSys@@UEAAPEAUIRoot@core@5@PEBUSUniquePointerInfo@75@@Z 0000000140005c60 f i umodsys_lib_libmedia:umodsys.mod.media.stdlib.obj
 0001:00004c60       ?root_get_other_interface@RLibraryObjCache@stdlib@media@modules@UModSys@@UEBAPEBUIRoot@core@5@PEBUSUniquePointerInfo@75@@Z 0000000140005c60 f i umodsys_lib_libmedia:umodsys.mod.media.stdlib.obj
 0001:00004c98       ?root_is_interface_supported@RLibraryObjCache@stdlib@media@modules@UModSys@@UEBA_NPEBUSUniquePointerInfo@core@5@@Z 0000000140005c98 f i umodsys_lib_libmedia:umodsys.mod.media.stdlib.obj
 0001:00004cd0       ?get_flags_auto@RLibraryObjCache@stdlib@media@modules@UModSys@@UEBA?AU?$TFlags4State@USMediaFlagUid@libmedia@UModSys@@I@tl@5@XZ 0000000140005cd0 f i umodsys_lib_libmedia:umodsys.mod.media.stdlib.obj
 0001:00004cdc       ?obj_cget@RLibraryObjCache@stdlib@media@modules@UModSys@@UEAA_NAEBU?$TString@U?$TSCoreConst@D@su@tl@UModSys@@U?$TComparerBinaryHash@D@234@@tl@5@AEAU?$TRefObject@UIRefObject@core@UModSys@@U?$TRefObjectFunc@UIRefObject@core@UModSys@@@tl@3@@75@_N@Z 0000000140005cdc f i umodsys_lib_libmedia:umodsys.mod.media.stdlib.obj
 0001:00004cdc       ?bin_get@RLibraryBinCache@stdlib@media@modules@UModSys@@UEAA_NAEBU?$TString@U?$TSCoreConst@D@su@tl@UModSys@@U?$TComparerBinaryHash@D@234@@tl@5@AEAUSCMemShared@core@5@_N@Z 0000000140005cdc f i umodsys_lib_libmedia:umodsys.mod.media.stdlib.obj
 0001:00004d10       ?obj_cput@RLibraryObjCache@stdlib@media@modules@UModSys@@UEAA_NAEBU?$TString@U?$TSCoreConst@D@su@tl@UModSys@@U?$TComparerBinaryHash@D@234@@tl@5@PEAUIRefObject@core@5@@Z 0000000140005d10 f i umodsys_lib_libmedia:umodsys.mod.media.stdlib.obj
 0001:00004d1c       ?obj_get@RLibraryObjCache@stdlib@media@modules@UModSys@@UEAA_NAEBU?$TString@U?$TSCoreConst@D@su@tl@UModSys@@U?$TComparerBinaryHash@D@234@@tl@5@AEAU?$TRefObject@UIRefObject@core@UModSys@@U?$TRefObjectFunc@UIRefObject@core@UModSys@@@tl@3@@75@AEBUSObjOptions@ILibrary@libmedia@5@@Z 0000000140005d1c f i umodsys_lib_libmedia:umodsys.mod.media.stdlib.obj
 0001:00004e88       ?objcache_get@RLibraryObjCache@stdlib@media@modules@UModSys@@UEBA_NAEBU?$TString@U?$TSCoreConst@D@su@tl@UModSys@@U?$TComparerBinaryHash@D@234@@tl@5@PEAU?$TRefObject@UIRefObject@core@UModSys@@U?$TRefObjectFunc@UIRefObject@core@UModSys@@@tl@3@@75@PEA_N@Z 0000000140005e88 f i umodsys_lib_libmedia:umodsys.mod.media.stdlib.obj
 0001:00004f28       ?objcache_add@RLibraryObjCache@stdlib@media@modules@UModSys@@UEAA_NAEBU?$TString@U?$TSCoreConst@D@su@tl@UModSys@@U?$TComparerBinaryHash@D@234@@tl@5@PEAUIRefObject@core@5@@Z 0000000140005f28 f i umodsys_lib_libmedia:umodsys.mod.media.stdlib.obj
 0001:000050c0       ?objcache_remove@RLibraryObjCache@stdlib@media@modules@UModSys@@UEAA_NAEBU?$TString@U?$TSCoreConst@D@su@tl@UModSys@@U?$TComparerBinaryHash@D@234@@tl@5@@Z 00000001400060c0 f i umodsys_lib_libmedia:umodsys.mod.media.stdlib.obj
 0001:000050ec       ?objcache_clear@RLibraryObjCache@stdlib@media@modules@UModSys@@UEAA_NXZ 00000001400060ec f i umodsys_lib_libmedia:umodsys.mod.media.stdlib.obj
 0001:0000515c       ??_ERLibraryObjCache@stdlib@media@modules@UModSys@@UEAAPEAXI@Z 000000014000615c f i  CIL library: CIL module
 0001:0000515c       ??_GRLibraryObjCache@stdlib@media@modules@UModSys@@UEAAPEAXI@Z 000000014000615c f i umodsys_lib_libmedia:umodsys.mod.media.stdlib.obj
 0001:00005208       ?root_get_interface_info@RLibraryObjFilter@stdlib@media@modules@UModSys@@UEBAAEBUSUniquePointerInfo@core@5@XZ 0000000140006208 f i umodsys_lib_libmedia:umodsys.mod.media.stdlib.obj
 0001:00005210       ?root_get_interface_type@RLibraryObjFilter@stdlib@media@modules@UModSys@@UEBAPEBUSUniquePointerInfo@core@5@XZ 0000000140006210 f i umodsys_lib_libmedia:umodsys.mod.media.stdlib.obj
 0001:00005218       ?root_get_other_interface@RLibraryObjFilter@stdlib@media@modules@UModSys@@UEAAPEAUIRoot@core@5@PEBUSUniquePointerInfo@75@@Z 0000000140006218 f i umodsys_lib_libmedia:umodsys.mod.media.stdlib.obj
 0001:00005218       ?root_get_other_interface@RLibraryObjFilter@stdlib@media@modules@UModSys@@UEBAPEBUIRoot@core@5@PEBUSUniquePointerInfo@75@@Z 0000000140006218 f i umodsys_lib_libmedia:umodsys.mod.media.stdlib.obj
 0001:00005250       ?root_is_interface_supported@RLibraryObjFilter@stdlib@media@modules@UModSys@@UEBA_NPEBUSUniquePointerInfo@core@5@@Z 0000000140006250 f i umodsys_lib_libmedia:umodsys.mod.media.stdlib.obj
 0001:00005288       ?suicide@RDataArchiver_OsDir@stdio@media@modules@UModSys@@UEAAXXZ 0000000140006288 f i umodsys_lib_libmedia:umodsys.mod.media.stdio.obj
 0001:00005288       ?suicide@RLibraryLayered@stdlib@media@modules@UModSys@@UEAAXXZ 0000000140006288 f i umodsys_lib_libmedia:umodsys.mod.media.stdlib.obj
 0001:00005288       ?suicide@RLibraryObjFilter@stdlib@media@modules@UModSys@@UEAAXXZ 0000000140006288 f i umodsys_lib_libmedia:umodsys.mod.media.stdlib.obj
 0001:00005288       ?suicide@RLibraryBinCache@stdlib@media@modules@UModSys@@UEAAXXZ 0000000140006288 f i umodsys_lib_libmedia:umodsys.mod.media.stdlib.obj
 0001:00005288       ?suicide@RLibraryObjCache@stdlib@media@modules@UModSys@@UEAAXXZ 0000000140006288 f i umodsys_lib_libmedia:umodsys.mod.media.stdlib.obj
 0001:00005288       ?suicide@RLibraryBinTree@stdlib@media@modules@UModSys@@UEAAXXZ 0000000140006288 f i umodsys_lib_libmedia:umodsys.mod.media.stdlib.obj
 0001:000052d4       ?get_flags_auto@RLibraryObjFilter@stdlib@media@modules@UModSys@@UEBA?AU?$TFlags4State@USMediaFlagUid@libmedia@UModSys@@I@tl@5@XZ 00000001400062d4 f i umodsys_lib_libmedia:umodsys.mod.media.stdlib.obj
 0001:000052e0       ?set_flag@RLibraryBinCache@stdlib@media@modules@UModSys@@UEAA?AW4eStates@?$TFlags4State@USMediaFlagUid@libmedia@UModSys@@I@tl@5@HW46785@@Z 00000001400062e0 f i umodsys_lib_libmedia:umodsys.mod.media.stdlib.obj
 0001:000052e0       ?set_flag@RLibraryObjCache@stdlib@media@modules@UModSys@@UEAA?AW4eStates@?$TFlags4State@USMediaFlagUid@libmedia@UModSys@@I@tl@5@HW46785@@Z 00000001400062e0 f i umodsys_lib_libmedia:umodsys.mod.media.stdlib.obj
 0001:000052e0       ?set_flag@RLibraryObjFilter@stdlib@media@modules@UModSys@@UEAA?AW4eStates@?$TFlags4State@USMediaFlagUid@libmedia@UModSys@@I@tl@5@HW46785@@Z 00000001400062e0 f i umodsys_lib_libmedia:umodsys.mod.media.stdlib.obj
 0001:000052e0       ?set_flag@RLibraryBinTree@stdlib@media@modules@UModSys@@UEAA?AW4eStates@?$TFlags4State@USMediaFlagUid@libmedia@UModSys@@I@tl@5@HW46785@@Z 00000001400062e0 f i umodsys_lib_libmedia:umodsys.mod.media.stdlib.obj
 0001:00005308       ?obj_fget@RLibraryObjFilter@stdlib@media@modules@UModSys@@UEAA_NAEBUSInfo@IBinObjFilter@libmedia@5@AEAU?$TRefObject@UIRefObject@core@UModSys@@U?$TRefObjectFunc@UIRefObject@core@UModSys@@@tl@3@@tl@5@@Z 0000000140006308 f i umodsys_lib_libmedia:umodsys.mod.media.stdlib.obj
 0001:00005314       ?obj_fload@RLibraryObjFilter@stdlib@media@modules@UModSys@@UEAA_NAEBUSInfo@IBinObjFilter@libmedia@5@PEAUIRefObject@core@5@@Z 0000000140006314 f i umodsys_lib_libmedia:umodsys.mod.media.stdlib.obj
 0001:00005320       ?obj_fsave@RLibraryObjFilter@stdlib@media@modules@UModSys@@UEAA_NAEAUSInfo@IBinObjFilter@libmedia@5@PEBUIRefObject@core@5@@Z 0000000140006320 f i umodsys_lib_libmedia:umodsys.mod.media.stdlib.obj
 0001:0000532c       ?filters_add@RLibraryObjFilter@stdlib@media@modules@UModSys@@UEAA_NU?$TRefObject@UIBinObjFilter@libmedia@UModSys@@U?$TRefObjectFunc@UIBinObjFilter@libmedia@UModSys@@@tl@3@@tl@5@PEBUSParameters@core@5@H@Z 000000014000632c f i umodsys_lib_libmedia:umodsys.mod.media.stdlib.obj
 0001:00005428       ?filters_remove@RLibraryObjFilter@stdlib@media@modules@UModSys@@UEAA_NPEAUIBinObjFilter@libmedia@5@H@Z 0000000140006428 f i umodsys_lib_libmedia:umodsys.mod.media.stdlib.obj
 0001:0000549c       ?filters_clear@RLibraryObjFilter@stdlib@media@modules@UModSys@@UEAA_NXZ 000000014000649c f i umodsys_lib_libmedia:umodsys.mod.media.stdlib.obj
 0001:0000551c       ?filters_load@RLibraryObjFilter@stdlib@media@modules@UModSys@@UEAA_NAEBUSInfo@IBinObjFilter@libmedia@5@AEAU?$TRefObject@UIRefObject@core@UModSys@@U?$TRefObjectFunc@UIRefObject@core@UModSys@@@tl@3@@tl@5@@Z 000000014000651c f i umodsys_lib_libmedia:umodsys.mod.media.stdlib.obj
 0001:000055b4       ?filters_load@RLibraryObjFilter@stdlib@media@modules@UModSys@@UEAA_NAEBUSInfo@IBinObjFilter@libmedia@5@PEAUIRefObject@core@5@@Z 00000001400065b4 f i umodsys_lib_libmedia:umodsys.mod.media.stdlib.obj
 0001:0000564c       ?filters_save@RLibraryObjFilter@stdlib@media@modules@UModSys@@UEAA_NAEAUSInfo@IBinObjFilter@libmedia@5@PEBUIRefObject@core@5@@Z 000000014000664c f i umodsys_lib_libmedia:umodsys.mod.media.stdlib.obj
 0001:000056e4       ??_GRLibraryObjFilter@stdlib@media@modules@UModSys@@UEAAPEAXI@Z 00000001400066e4 f i umodsys_lib_libmedia:umodsys.mod.media.stdlib.obj
 0001:000056e4       ??_ERLibraryObjFilter@stdlib@media@modules@UModSys@@UEAAPEAXI@Z 00000001400066e4 f i  CIL library: CIL module
 0001:000057a0       ?get_generated_names@RGenerator@stdlib@media@modules@UModSys@@UEBAHAEAUSUniquePtrList@core@5@@Z 00000001400067a0 f i umodsys_lib_libmedia:umodsys.mod.media.stdlib.obj
 0001:00005810       ?get_generated_types@RGenerator@stdlib@media@modules@UModSys@@UEBAHAEAUSUniquePtrList@core@5@PEBUSUniquePointerInfo@75@@Z 0000000140006810 f i umodsys_lib_libmedia:umodsys.mod.media.stdlib.obj
 0001:0000591c       ?generate@RGenerator@stdlib@media@modules@UModSys@@UEAA_NAEAU?$TRefObject@UIRefObject@core@UModSys@@U?$TRefObjectFunc@UIRefObject@core@UModSys@@@tl@3@@tl@5@PEBUSUniquePointerInfo@core@5@AEBUSParameters@95@@Z 000000014000691c f i umodsys_lib_libmedia:umodsys.mod.media.stdlib.obj
 0001:00005ae0       ?root_get_interface_info@RGenerator@stdlib@media@modules@UModSys@@UEBAAEBUSUniquePointerInfo@core@5@XZ 0000000140006ae0 f i umodsys_lib_libmedia:umodsys.mod.media.stdlib.obj
 0001:00005ae8       ?root_get_interface_type@RGenerator@stdlib@media@modules@UModSys@@UEBAPEBUSUniquePointerInfo@core@5@XZ 0000000140006ae8 f i umodsys_lib_libmedia:umodsys.mod.media.stdlib.obj
 0001:00005af0       ?root_get_other_interface@RGenerator@stdlib@media@modules@UModSys@@UEBAPEBUIRoot@core@5@PEBUSUniquePointerInfo@75@@Z 0000000140006af0 f i umodsys_lib_libmedia:umodsys.mod.media.stdlib.obj
 0001:00005af0       ?root_get_other_interface@RGenerator@stdlib@media@modules@UModSys@@UEAAPEAUIRoot@core@5@PEBUSUniquePointerInfo@75@@Z 0000000140006af0 f i umodsys_lib_libmedia:umodsys.mod.media.stdlib.obj
 0001:00005b28       ?root_is_interface_supported@RGenerator@stdlib@media@modules@UModSys@@UEBA_NPEBUSUniquePointerInfo@core@5@@Z 0000000140006b28 f i umodsys_lib_libmedia:umodsys.mod.media.stdlib.obj
 0001:00005b60       ?ref_weak@RGenerator@stdlib@media@modules@UModSys@@UEBA_NAEAUWeakPointer@IRefObject@core@5@@Z 0000000140006b60 f i umodsys_lib_libmedia:umodsys.mod.media.stdlib.obj
 0001:00005b60       ?ref_weak@RStreamWriter_FILE@stdio@media@modules@UModSys@@UEBA_NAEAUWeakPointer@IRefObject@core@5@@Z 0000000140006b60 f i umodsys_lib_libmedia:umodsys.mod.media.stdio.obj
 0001:00005b60       ?ref_weak@RGenerator@stdio@media@modules@UModSys@@UEBA_NAEAUWeakPointer@IRefObject@core@5@@Z 0000000140006b60 f i umodsys_lib_libmedia:umodsys.mod.media.stdio.obj
 0001:00005b60       ?ref_weak@RStreamReader_FILE@stdio@media@modules@UModSys@@UEBA_NAEAUWeakPointer@IRefObject@core@5@@Z 0000000140006b60 f i umodsys_lib_libmedia:umodsys.mod.media.stdio.obj
 0001:00005b80       ?get_uid@RGenerator@stdlib@media@modules@UModSys@@UEBAPEBUSUniquePointerInfo@core@5@XZ 0000000140006b80 f i umodsys_lib_libmedia:umodsys.mod.media.stdlib.obj
 0001:00005b88       ?do_open@RModuleReg@stdlib@media@modules@UModSys@@UEAA_NXZ 0000000140006b88 f i umodsys_lib_libmedia:umodsys.mod.media.stdlib.obj
 0001:00005bfc       ?do_close@RModuleReg@stdlib@media@modules@UModSys@@UEAA_NXZ 0000000140006bfc f i umodsys_lib_libmedia:umodsys.mod.media.stdlib.obj
 0001:00005c4c       ??_GRModuleReg@stdio@media@modules@UModSys@@UEAAPEAXI@Z 0000000140006c4c f i umodsys_lib_libmedia:umodsys.mod.media.stdio.obj
 0001:00005c4c       ??_GRModuleReg@stdlib@media@modules@UModSys@@UEAAPEAXI@Z 0000000140006c4c f i umodsys_lib_libmedia:umodsys.mod.media.stdlib.obj
 0001:00005c4c       ??_EIModuleReg@base@UModSys@@UEAAPEAXI@Z 0000000140006c4c f i  CIL library: CIL module
 0001:00005c4c       ??_GIModuleReg@base@UModSys@@UEAAPEAXI@Z 0000000140006c4c f i umodsys_lib_base:umodsys.base.modulereg.obj
 0001:00005c4c       ??_ERModuleReg@stdio@media@modules@UModSys@@UEAAPEAXI@Z 0000000140006c4c f i  CIL library: CIL module
 0001:00005c4c       ??_ERModuleReg@stdlib@media@modules@UModSys@@UEAAPEAXI@Z 0000000140006c4c f i  CIL library: CIL module
 0001:00005c74       ?get_module@RGenerator@stdlib@media@modules@UModSys@@UEBAPEAUIModule@base@5@XZ 0000000140006c74 f   umodsys_lib_libmedia:umodsys.mod.media.stdlib.obj
 0001:00005c7c       ?mod_inc@RGenerator@stdlib@media@modules@UModSys@@UEBA_NXZ 0000000140006c7c f   umodsys_lib_libmedia:umodsys.mod.media.stdlib.obj
 0001:00005c8c       ?mod_dec@RGenerator@stdlib@media@modules@UModSys@@UEBA_NXZ 0000000140006c8c f   umodsys_lib_libmedia:umodsys.mod.media.stdlib.obj
 0001:00005ca0       ?s_holder@RGenerator@stdlib@media@modules@UModSys@@SAAEAU?$TTypeStaticHolder@URGenerator@stdlib@media@modules@UModSys@@@tl@5@XZ 0000000140006ca0 f   umodsys_lib_libmedia:umodsys.mod.media.stdlib.obj
 0001:00005ce4       ??R?$TScatterArray@USCacheElem@RLibraryBinCache@stdlib@media@modules@UModSys@@U?$TString@U?$TSCoreConst@D@su@tl@UModSys@@U?$TComparerBinaryHash@D@234@@tl@6@U?$TObjectCompare@U?$TString@U?$TSCoreConst@D@su@tl@UModSys@@U?$TComparerBinaryHash@D@234@@tl@UModSys@@@core@6@U?$TNodeDeleter0@U?$TScatterArrayNode@USCacheElem@RLibraryBinCache@stdlib@media@modules@UModSys@@U?$TString@U?$TSCoreConst@D@su@tl@UModSys@@U?$TComparerBinaryHash@D@234@@tl@6@@tl@UModSys@@@86@@tl@UModSys@@QEAAPEAUSCacheElem@RLibraryBinCache@stdlib@media@modules@2@AEBU?$TString@U?$TSCoreConst@D@su@tl@UModSys@@U?$TComparerBinaryHash@D@234@@12@PEAUVoid@core@2@@Z 0000000140006ce4 f i umodsys_lib_libmedia:umodsys.mod.media.stdlib.obj
 0001:00005e68       ??R?$TScatterArray@USMountInfo@RLibraryBinTree@stdlib@media@modules@UModSys@@USId@ILibraryBinTree@libmedia@6@U7896@U?$TNodeDeleter0@U?$TScatterArrayNode@USMountInfo@RLibraryBinTree@stdlib@media@modules@UModSys@@USId@ILibraryBinTree@libmedia@6@@tl@UModSys@@@tl@6@@tl@UModSys@@QEAAPEAUSMountInfo@RLibraryBinTree@stdlib@media@modules@2@AEBUSId@ILibraryBinTree@libmedia@2@PEAUVoid@core@2@@Z 0000000140006e68 f i umodsys_lib_libmedia:umodsys.mod.media.stdlib.obj
 0001:00005f64       ??R?$TScatterArray@USCacheElem@RLibraryObjCache@stdlib@media@modules@UModSys@@U?$TString@U?$TSCoreConst@D@su@tl@UModSys@@U?$TComparerBinaryHash@D@234@@tl@6@U?$TObjectCompare@U?$TString@U?$TSCoreConst@D@su@tl@UModSys@@U?$TComparerBinaryHash@D@234@@tl@UModSys@@@core@6@U?$TNodeDeleter0@U?$TScatterArrayNode@USCacheElem@RLibraryObjCache@stdlib@media@modules@UModSys@@U?$TString@U?$TSCoreConst@D@su@tl@UModSys@@U?$TComparerBinaryHash@D@234@@tl@6@@tl@UModSys@@@86@@tl@UModSys@@QEAAPEAUSCacheElem@RLibraryObjCache@stdlib@media@modules@2@AEBU?$TString@U?$TSCoreConst@D@su@tl@UModSys@@U?$TComparerBinaryHash@D@234@@12@PEAUVoid@core@2@@Z 0000000140006f64 f i umodsys_lib_libmedia:umodsys.mod.media.stdlib.obj
 0001:00006060       ??R?$TScatterArray@USFilter@RLibraryObjFilter@stdlib@media@modules@UModSys@@USId@23456@U723456@U?$TNodeDeleter0@U?$TScatterArrayNode@USFilter@RLibraryObjFilter@stdlib@media@modules@UModSys@@USId@23456@@tl@UModSys@@@tl@6@@tl@UModSys@@QEAAPEAUSFilter@RLibraryObjFilter@stdlib@media@modules@2@AEBUSId@45672@PEAUVoid@core@2@@Z 0000000140007060 f i umodsys_lib_libmedia:umodsys.mod.media.stdlib.obj
 0001:00006150       ?delete_node@?$TTreeHoldRBD@U?$TScatterArrayNode@USCacheElem@RLibraryBinCache@stdlib@media@modules@UModSys@@U?$TString@U?$TSCoreConst@D@su@tl@UModSys@@U?$TComparerBinaryHash@D@234@@tl@6@@tl@UModSys@@U?$TNodeDeleter0@U?$TScatterArrayNode@USCacheElem@RLibraryBinCache@stdlib@media@modules@UModSys@@U?$TString@U?$TSCoreConst@D@su@tl@UModSys@@U?$TComparerBinaryHash@D@234@@tl@6@@tl@UModSys@@@23@@tl@UModSys@@QEAAXPEAU?$TScatterArrayNode@USCacheElem@RLibraryBinCache@stdlib@media@modules@UModSys@@U?$TString@U?$TSCoreConst@D@su@tl@UModSys@@U?$TComparerBinaryHash@D@234@@tl@6@@23@@Z 0000000140007150 f i umodsys_lib_libmedia:umodsys.mod.media.stdlib.obj
 0001:00006270       ?delete_node@?$TTreeHoldRBD@U?$TScatterArrayNode@USMountInfo@RLibraryBinTree@stdlib@media@modules@UModSys@@USId@ILibraryBinTree@libmedia@6@@tl@UModSys@@U?$TNodeDeleter0@U?$TScatterArrayNode@USMountInfo@RLibraryBinTree@stdlib@media@modules@UModSys@@USId@ILibraryBinTree@libmedia@6@@tl@UModSys@@@23@@tl@UModSys@@QEAAXPEAU?$TScatterArrayNode@USMountInfo@RLibraryBinTree@stdlib@media@modules@UModSys@@USId@ILibraryBinTree@libmedia@6@@23@@Z 0000000140007270 f i umodsys_lib_libmedia:umodsys.mod.media.stdlib.obj
 0001:00006394       ?Resize@?$TDynarray@U?$TDynarrayHolderDynamic@USLayerX@RLibraryLayered@stdlib@media@modules@UModSys@@U?$TAllocator@USIMemAlloc@core@UModSys@@USCountCalcPower2@23@@tl@6@@tl@UModSys@@@tl@UModSys@@QEAA_N_K@Z 0000000140007394 f i umodsys_lib_libmedia:umodsys.mod.media.stdlib.obj
 0001:000064b8       ?delete_node@?$TTreeHoldRBD@U?$TScatterArrayNode@USCacheElem@RLibraryObjCache@stdlib@media@modules@UModSys@@U?$TString@U?$TSCoreConst@D@su@tl@UModSys@@U?$TComparerBinaryHash@D@234@@tl@6@@tl@UModSys@@U?$TNodeDeleter0@U?$TScatterArrayNode@USCacheElem@RLibraryObjCache@stdlib@media@modules@UModSys@@U?$TString@U?$TSCoreConst@D@su@tl@UModSys@@U?$TComparerBinaryHash@D@234@@tl@6@@tl@UModSys@@@23@@tl@UModSys@@QEAAXPEAU?$TScatterArrayNode@USCacheElem@RLibraryObjCache@stdlib@media@modules@UModSys@@U?$TString@U?$TSCoreConst@D@su@tl@UModSys@@U?$TComparerBinaryHash@D@234@@tl@6@@23@@Z 00000001400074b8 f i umodsys_lib_libmedia:umodsys.mod.media.stdlib.obj
 0001:000065dc       ?delete_node@?$TTreeHoldRBD@U?$TScatterArrayNode@USFilter@RLibraryObjFilter@stdlib@media@modules@UModSys@@USId@23456@@tl@UModSys@@U?$TNodeDeleter0@U?$TScatterArrayNode@USFilter@RLibraryObjFilter@stdlib@media@modules@UModSys@@USId@23456@@tl@UModSys@@@23@@tl@UModSys@@QEAAXPEAU?$TScatterArrayNode@USFilter@RLibraryObjFilter@stdlib@media@modules@UModSys@@USId@23456@@23@@Z 00000001400075dc f i umodsys_lib_libmedia:umodsys.mod.media.stdlib.obj
 0001:00006708       ??R?$TNodeDeleter0@U?$TScatterArrayNode@USMountInfo@RLibraryBinTree@stdlib@media@modules@UModSys@@USId@ILibraryBinTree@libmedia@6@@tl@UModSys@@@tl@UModSys@@QEBAHPEAU?$TScatterArrayNode@USMountInfo@RLibraryBinTree@stdlib@media@modules@UModSys@@USId@ILibraryBinTree@libmedia@6@@12@@Z 0000000140007708 f i umodsys_lib_libmedia:umodsys.mod.media.stdlib.obj
 0001:0000679c       ??R?$TNodeDeleter0@U?$TScatterArrayNode@USCacheElem@RLibraryObjCache@stdlib@media@modules@UModSys@@U?$TString@U?$TSCoreConst@D@su@tl@UModSys@@U?$TComparerBinaryHash@D@234@@tl@6@@tl@UModSys@@@tl@UModSys@@QEBAHPEAU?$TScatterArrayNode@USCacheElem@RLibraryObjCache@stdlib@media@modules@UModSys@@U?$TString@U?$TSCoreConst@D@su@tl@UModSys@@U?$TComparerBinaryHash@D@234@@tl@6@@12@@Z 000000014000779c f i umodsys_lib_libmedia:umodsys.mod.media.stdlib.obj
 0001:0000682c       ??1?$TPair@U?$TString@U?$TSCoreConst@D@su@tl@UModSys@@U?$TComparerBinaryHash@D@234@@tl@UModSys@@USCacheElem@RLibraryBinCache@stdlib@media@modules@3@@tl@UModSys@@QEAA@XZ 000000014000782c f i umodsys_lib_libmedia:umodsys.mod.media.stdlib.obj
 0001:00006838       ??1?$TPair@USId@ILibraryBinTree@libmedia@UModSys@@USMountInfo@RLibraryBinTree@stdlib@media@modules@4@@tl@UModSys@@QEAA@XZ 0000000140007838 f i umodsys_lib_libmedia:umodsys.mod.media.stdlib.obj
 0001:000068ac       ??1?$TPair@U?$TString@U?$TSCoreConst@D@su@tl@UModSys@@U?$TComparerBinaryHash@D@234@@tl@UModSys@@USCacheElem@RLibraryObjCache@stdlib@media@modules@3@@tl@UModSys@@QEAA@XZ 00000001400078ac f i umodsys_lib_libmedia:umodsys.mod.media.stdlib.obj
 0001:00006920       ??1?$TPair@USId@RLibraryObjFilter@stdlib@media@modules@UModSys@@USFilter@23456@@tl@UModSys@@QEAA@XZ 0000000140007920 f i umodsys_lib_libmedia:umodsys.mod.media.stdlib.obj
 0001:00006944       ??1SCacheElem@RLibraryBinCache@stdlib@media@modules@UModSys@@QEAA@XZ 0000000140007944 f i umodsys_lib_libmedia:umodsys.mod.media.stdlib.obj
 0001:000069c0       ??1SMountInfo@RLibraryBinTree@stdlib@media@modules@UModSys@@QEAA@XZ 00000001400079c0 f i umodsys_lib_libmedia:umodsys.mod.media.stdlib.obj
 0001:00006a30       ??1SCacheElem@RLibraryObjCache@stdlib@media@modules@UModSys@@QEAA@XZ 0000000140007a30 f i umodsys_lib_libmedia:umodsys.mod.media.stdlib.obj
 0001:00006aa0       ??1?$TRefObject@URStreamWriter_FILE@stdio@media@modules@UModSys@@U?$TRefObjectFunc@URStreamWriter_FILE@stdio@media@modules@UModSys@@@tl@5@@tl@UModSys@@QEAA@XZ 0000000140007aa0 f i umodsys_lib_libmedia:umodsys.mod.media.stdio.obj
 0001:00006aa0       ??1?$TRefObject@UIShell@base@UModSys@@U?$TRefObjectFunc@UIShell@base@UModSys@@@tl@3@@tl@UModSys@@QEAA@XZ 0000000140007aa0 f i umodsys_lib_basesys:umodsys.basesys.rsystem_tests.obj
 0001:00006aa0       ??1?$TRefObject@URModuleLibrarySO@rsystem@base@UModSys@@U?$TRefObjectFunc@URModuleLibrarySO@rsystem@base@UModSys@@@tl@4@@tl@UModSys@@QEAA@XZ 0000000140007aa0 f i umodsys_lib_basesys:umodsys.basesys.rmoduleloader.obj
 0001:00006aa0       ??1?$TRefObject@URLibraryLayered@stdlib@media@modules@UModSys@@U?$TRefObjectFunc@URLibraryLayered@stdlib@media@modules@UModSys@@@tl@5@@tl@UModSys@@QEAA@XZ 0000000140007aa0 f i umodsys_lib_libmedia:umodsys.mod.media.stdlib.obj
 0001:00006aa0       ??1?$TRefObject@URLibraryBinTree@stdlib@media@modules@UModSys@@U?$TRefObjectFunc@URLibraryBinTree@stdlib@media@modules@UModSys@@@tl@5@@tl@UModSys@@QEAA@XZ 0000000140007aa0 f i umodsys_lib_libmedia:umodsys.mod.media.stdlib.obj
 0001:00006aa0       ??1?$TRefObject@URParameters@rsystem@base@UModSys@@U?$TRefObjectFunc@URParameters@rsystem@base@UModSys@@@tl@4@@tl@UModSys@@QEAA@XZ 0000000140007aa0 f i umodsys_lib_basesys:umodsys.basesys.rsystem_main.obj
 0001:00006aa0       ??1?$TRefObject@URLibraryObjFilter@stdlib@media@modules@UModSys@@U?$TRefObjectFunc@URLibraryObjFilter@stdlib@media@modules@UModSys@@@tl@5@@tl@UModSys@@QEAA@XZ 0000000140007aa0 f i umodsys_lib_libmedia:umodsys.mod.media.stdlib.obj
 0001:00006aa0       ??1?$TRefObject@UIRefObject@core@UModSys@@U?$TRefObjectFunc@UIRefObject@core@UModSys@@@tl@3@@tl@UModSys@@QEAA@XZ 0000000140007aa0 f i umodsys_lib_libmedia:umodsys.mod.media.stdlib.obj
 0001:00006aa0       ??1?$TRefObject@URLibraryBinCache@stdlib@media@modules@UModSys@@U?$TRefObjectFunc@URLibraryBinCache@stdlib@media@modules@UModSys@@@tl@5@@tl@UModSys@@QEAA@XZ 0000000140007aa0 f i umodsys_lib_libmedia:umodsys.mod.media.stdlib.obj
 0001:00006aa0       ??1?$TRefObject@URBinArchiveFrame@stdlib@media@modules@UModSys@@U?$TRefObjectFunc@URBinArchiveFrame@stdlib@media@modules@UModSys@@@tl@5@@tl@UModSys@@QEAA@XZ 0000000140007aa0 f i umodsys_lib_libmedia:umodsys.mod.media.stdlib.obj
 0001:00006aa0       ??1?$TRefObject@UIStreamReader@libmedia@UModSys@@U?$TRefObjectFunc@UIStreamReader@libmedia@UModSys@@@tl@3@@tl@UModSys@@QEAA@XZ 0000000140007aa0 f i umodsys_lib_libmedia:umodsys.mod.media.stdio.obj
 0001:00006aa0       ??1SFilter@RLibraryObjFilter@stdlib@media@modules@UModSys@@QEAA@XZ 0000000140007aa0 f i umodsys_lib_libmedia:umodsys.mod.media.stdlib.obj
 0001:00006aa0       ??1?$TRefObject@UIClient@IBinArchiveFrame@libmedia@UModSys@@U?$TRefObjectFunc@UIClient@IBinArchiveFrame@libmedia@UModSys@@@tl@4@@tl@UModSys@@QEAA@XZ 0000000140007aa0 f i umodsys_lib_libmedia:umodsys.mod.media.stdlib.obj
 0001:00006aa0       ??1?$TRefObject@UIModuleLibraryUni@rsystem@base@UModSys@@U?$TRefObjectFunc@UIModuleLibraryUni@rsystem@base@UModSys@@@tl@4@@tl@UModSys@@QEAA@XZ 0000000140007aa0 f i umodsys_lib_basesys:umodsys.basesys.rmodule.obj
 0001:00006aa0       ??1?$TRefObject@URDataArchiver_OsDir@stdio@media@modules@UModSys@@U?$TRefObjectFunc@URDataArchiver_OsDir@stdio@media@modules@UModSys@@@tl@5@@tl@UModSys@@QEAA@XZ 0000000140007aa0 f i umodsys_lib_libmedia:umodsys.mod.media.stdio.obj
 0001:00006aa0       ??1?$TRefObject@UIBinObjFilter@libmedia@UModSys@@U?$TRefObjectFunc@UIBinObjFilter@libmedia@UModSys@@@tl@3@@tl@UModSys@@QEAA@XZ 0000000140007aa0 f i umodsys_lib_libmedia:umodsys.mod.media.stdlib.obj
 0001:00006aa0       ??1?$TRefObject@UIStreamWriter@libmedia@UModSys@@U?$TRefObjectFunc@UIStreamWriter@libmedia@UModSys@@@tl@3@@tl@UModSys@@QEAA@XZ 0000000140007aa0 f i umodsys_lib_libmedia:umodsys.mod.media.stdio.obj
 0001:00006aa0       ??1?$TRefObject@URStreamReader_FILE@stdio@media@modules@UModSys@@U?$TRefObjectFunc@URStreamReader_FILE@stdio@media@modules@UModSys@@@tl@5@@tl@UModSys@@QEAA@XZ 0000000140007aa0 f i umodsys_lib_libmedia:umodsys.mod.media.stdio.obj
 0001:00006aa0       ??1?$TRefObject@URLibraryObjCache@stdlib@media@modules@UModSys@@U?$TRefObjectFunc@URLibraryObjCache@stdlib@media@modules@UModSys@@@tl@5@@tl@UModSys@@QEAA@XZ 0000000140007aa0 f i umodsys_lib_libmedia:umodsys.mod.media.stdlib.obj
 0001:00006ac4       ?remove_color@?$TTreeHoldRB@U?$TScatterArrayNode@USFilter@RLibraryObjFilter@stdlib@media@modules@UModSys@@USId@23456@@tl@UModSys@@@tl@UModSys@@IEAAXPEAU?$TScatterArrayNode@USFilter@RLibraryObjFilter@stdlib@media@modules@UModSys@@USId@23456@@23@0@Z 0000000140007ac4 f i umodsys_lib_libmedia:umodsys.mod.media.stdlib.obj
 0001:00006ac4       ?remove_color@?$TTreeHoldRB@U?$TScatterArrayNode@USMountInfo@RLibraryBinTree@stdlib@media@modules@UModSys@@USId@ILibraryBinTree@libmedia@6@@tl@UModSys@@@tl@UModSys@@IEAAXPEAU?$TScatterArrayNode@USMountInfo@RLibraryBinTree@stdlib@media@modules@UModSys@@USId@ILibraryBinTree@libmedia@6@@23@0@Z 0000000140007ac4 f i umodsys_lib_libmedia:umodsys.mod.media.stdlib.obj
 0001:00006ac4       ?remove_color@?$TTreeHoldRB@U?$TScatterArrayNode@USCacheElem@RLibraryObjCache@stdlib@media@modules@UModSys@@U?$TString@U?$TSCoreConst@D@su@tl@UModSys@@U?$TComparerBinaryHash@D@234@@tl@6@@tl@UModSys@@@tl@UModSys@@IEAAXPEAU?$TScatterArrayNode@USCacheElem@RLibraryObjCache@stdlib@media@modules@UModSys@@U?$TString@U?$TSCoreConst@D@su@tl@UModSys@@U?$TComparerBinaryHash@D@234@@tl@6@@23@0@Z 0000000140007ac4 f i umodsys_lib_libmedia:umodsys.mod.media.stdlib.obj
[...]
 0001:0000ef87       ?dtor$3@?0???$t_gen_param@URLibraryBinTree@stdlib@media@modules@UModSys@@URGenerator@2345@@IGenerator@base@UModSys@@IEAA_NPEAURGenerator@stdlib@media@modules@2@AEAU?$TRefObject@UIRefObject@core@UModSys@@U?$TRefObjectFunc@UIRefObject@core@UModSys@@@tl@3@@tl@2@PEBUSUniquePointerInfo@core@2@AEBUSParameters@core@2@@Z@4HA 000000014000ff87 f    CIL library: CIL module
 0001:0000ef87       ?dtor$3@?0???$t_gen_param@URLibraryLayered@stdlib@media@modules@UModSys@@URGenerator@2345@@IGenerator@base@UModSys@@IEAA_NPEAURGenerator@stdlib@media@modules@2@AEAU?$TRefObject@UIRefObject@core@UModSys@@U?$TRefObjectFunc@UIRefObject@core@UModSys@@@tl@3@@tl@2@PEBUSUniquePointerInfo@core@2@AEBUSParameters@core@2@@Z@4HA 000000014000ff87 f    CIL library: CIL module
 0001:0000ef9f       ?dtor$0@?0??generate@RGenerator@stdlib@media@modules@UModSys@@UEAA_NAEAU?$TRefObject@UIRefObject@core@UModSys@@U?$TRefObjectFunc@UIRefObject@core@UModSys@@@tl@3@@tl@5@PEBUSUniquePointerInfo@core@5@AEBUSParameters@95@@Z@4HA 000000014000ff9f f    CIL library: CIL module
 0001:0000efbf       ?dtor$1@?0??generate@RGenerator@stdlib@media@modules@UModSys@@UEAA_NAEAU?$TRefObject@UIRefObject@core@UModSys@@U?$TRefObjectFunc@UIRefObject@core@UModSys@@@tl@3@@tl@5@PEBUSUniquePointerInfo@core@5@AEBUSParameters@95@@Z@4HA 000000014000ffbf f    CIL library: CIL module
 0001:0000efdf       ?dtor$3@?0??generate@RGenerator@stdlib@media@modules@UModSys@@UEAA_NAEAU?$TRefObject@UIRefObject@core@UModSys@@U?$TRefObjectFunc@UIRefObject@core@UModSys@@@tl@3@@tl@5@PEBUSUniquePointerInfo@core@5@AEBUSParameters@95@@Z@4HA 000000014000ffdf f    CIL library: CIL module
 0001:0000eff8       ??__E?s_id@?$TObjectUniqueID@UIRoot@core@UModSys@@@tl@UModSys@@2USUniquePointer@core@3@A@@YAXXZ 000000014000fff8 f    CIL library: CIL module
 0001:0000f02c       ??__E?s_id@?$TObjectUniqueID@UIRefObject@core@UModSys@@@tl@UModSys@@2USUniquePointer@core@3@A@@YAXXZ 000000014001002c f    CIL library: CIL module
 0001:0000f060       ??__E?s_id@?$TObjectUniqueID@UIParameters@core@UModSys@@@tl@UModSys@@2USUniquePointer@core@3@A@@YAXXZ 0000000140010060 f    CIL library: CIL module
 0001:0000f094       ??__E?s_id@?$TObjectUniqueID@UIModule@base@UModSys@@@tl@UModSys@@2USUniquePointer@core@3@A@@YAXXZ 0000000140010094 f    CIL library: CIL module
 0001:0000f0c8       ??__E?s_id@?$TObjectUniqueID@UIModuleLibrary@base@UModSys@@@tl@UModSys@@2USUniquePointer@core@3@A@@YAXXZ 00000001400100c8 f    CIL library: CIL module
 0001:0000f0fc       ??__E?s_id@?$TObjectUniqueID@UIModObject@base@UModSys@@@tl@UModSys@@2USUniquePointer@core@3@A@@YAXXZ 00000001400100fc f    CIL library: CIL module
 0001:0000f130       ??__E?s_id@?$TObjectUniqueID@UIGenerator@base@UModSys@@@tl@UModSys@@2USUniquePointer@core@3@A@@YAXXZ 0000000140010130 f    CIL library: CIL module
 0001:0000f164       ??__E?s_id@?$TObjectUniqueID@UIShell@base@UModSys@@@tl@UModSys@@2USUniquePointer@core@3@A@@YAXXZ 0000000140010164 f    CIL library: CIL module
 0001:0000f198       ??__E?s_id@?$TObjectUniqueID@UIConsole@base@UModSys@@@tl@UModSys@@2USUniquePointer@core@3@A@@YAXXZ 0000000140010198 f    CIL library: CIL module
 0001:0000f1cc       ??__E?s_id@?$TObjectUniqueID@UISystem@base@UModSys@@@tl@UModSys@@2USUniquePointer@core@3@A@@YAXXZ 00000001400101cc f    CIL library: CIL module
 0001:0000f200       ??__E?s_id@?$TObjectUniqueID@URModule@rsystem@base@UModSys@@@tl@UModSys@@2USUniquePointer@core@3@A@@YAXXZ 0000000140010200 f    CIL library: CIL module
 0001:0000f234       ??__E?s_id@?$TObjectUniqueID@UIModuleLibraryUni@rsystem@base@UModSys@@@tl@UModSys@@2USUniquePointer@core@3@A@@YAXXZ 0000000140010234 f    CIL library: CIL module
 0001:0000f268       ??__E?s_id@?$TObjectUniqueID@URModuleLibrarySO@rsystem@base@UModSys@@@tl@UModSys@@2USUniquePointer@core@3@A@@YAXXZ 0000000140010268 f    CIL library: CIL module
 0001:0000f29c       ??__E?s_id@?$TObjectUniqueID@URModuleLibraryThis@rsystem@base@UModSys@@@tl@UModSys@@2USUniquePointer@core@3@A@@YAXXZ 000000014001029c f    CIL library: CIL module
 0001:0000f2d0       ??__E?s_id@?$TObjectUniqueID@URParameters@rsystem@base@UModSys@@@tl@UModSys@@2USUniquePointer@core@3@A@@YAXXZ 00000001400102d0 f    CIL library: CIL module
 0001:0000f304       ??__E?s_id@?$TObjectUniqueID@URSystem@rsystem@base@UModSys@@@tl@UModSys@@2USUniquePointer@core@3@A@@YAXXZ 0000000140010304 f    CIL library: CIL module
 0001:0000f338       ??__E?s_id@?$TObjectUniqueID@URConsole_std@rsystem@base@UModSys@@@tl@UModSys@@2USUniquePointer@core@3@A@@YAXXZ 0000000140010338 f    CIL library: CIL module
 0001:0000f36c       ??__E?s_modreg@RModuleReg@stdio@media@modules@UModSys@@2U12345@A@@YAXXZ 000000014001036c f    CIL library: CIL module
 0001:0000f3dc       ??__E?s_modreg_chain@RModuleReg@stdio@media@modules@UModSys@@2USModuleRegChain@base@5@A@@YAXXZ 00000001400103dc f    CIL library: CIL module
 0001:0000f41c       ??__E?s_uid@RGenerator@stdio@media@modules@UModSys@@2USUniquePointer@core@5@A@@YAXXZ 000000014001041c f    CIL library: CIL module
 0001:0000f450       ??__E?s_id@?$TObjectUniqueID@UIStreamReader@libmedia@UModSys@@@tl@UModSys@@2USUniquePointer@core@3@A@@YAXXZ 0000000140010450 f    CIL library: CIL module
 0001:0000f484       ??__E?s_id@?$TObjectUniqueID@UIStreamWriter@libmedia@UModSys@@@tl@UModSys@@2USUniquePointer@core@3@A@@YAXXZ 0000000140010484 f    CIL library: CIL module
 0001:0000f4b8       ??__E?s_id@?$TObjectUniqueID@UIBinArchive@libmedia@UModSys@@@tl@UModSys@@2USUniquePointer@core@3@A@@YAXXZ 00000001400104b8 f    CIL library: CIL module
 0001:0000f4ec       ??__E?s_id@?$TObjectUniqueID@UIBinObjFilter@libmedia@UModSys@@@tl@UModSys@@2USUniquePointer@core@3@A@@YAXXZ 00000001400104ec f    CIL library: CIL module
 0001:0000f520       ??__E?s_id@?$TObjectUniqueID@UILibrary@libmedia@UModSys@@@tl@UModSys@@2USUniquePointer@core@3@A@@YAXXZ 0000000140010520 f    CIL library: CIL module
 0001:0000f554       ??__E?s_id@?$TObjectUniqueID@URStreamReader_FILE@stdio@media@modules@UModSys@@@tl@UModSys@@2USUniquePointer@core@3@A@@YAXXZ 0000000140010554 f    CIL library: CIL module
 0001:0000f588       ??__E?s_id@?$TObjectUniqueID@URStreamWriter_FILE@stdio@media@modules@UModSys@@@tl@UModSys@@2USUniquePointer@core@3@A@@YAXXZ 0000000140010588 f    CIL library: CIL module
 0001:0000f5bc       ??__E?s_id@?$TObjectUniqueID@URDataArchiver_OsDir@stdio@media@modules@UModSys@@@tl@UModSys@@2USUniquePointer@core@3@A@@YAXXZ 00000001400105bc f    CIL library: CIL module
 0001:0000f5f0       ??__E?s_id@?$TObjectUniqueID@URGenerator@stdio@media@modules@UModSys@@@tl@UModSys@@2USUniquePointer@core@3@A@@YAXXZ 00000001400105f0 f    CIL library: CIL module
 0001:0000f624       ??__E?s_modreg@RModuleReg@stdlib@media@modules@UModSys@@2U12345@A@@YAXXZ 0000000140010624 f    CIL library: CIL module
 0001:0000f694       ??__E?s_modreg_chain@RModuleReg@stdlib@media@modules@UModSys@@2USModuleRegChain@base@5@A@@YAXXZ 0000000140010694 f    CIL library: CIL module
 0001:0000f6d4       ??__E?s_uid@RGenerator@stdlib@media@modules@UModSys@@2USUniquePointer@core@5@A@@YAXXZ 00000001400106d4 f    CIL library: CIL module
 0001:0000f708       ??__E?s_id@?$TObjectUniqueID@UILibraryBinTree@libmedia@UModSys@@@tl@UModSys@@2USUniquePointer@core@3@A@@YAXXZ 0000000140010708 f    CIL library: CIL module
 0001:0000f73c       ??__E?s_id@?$TObjectUniqueID@UILibraryBinCache@libmedia@UModSys@@@tl@UModSys@@2USUniquePointer@core@3@A@@YAXXZ 000000014001073c f    CIL library: CIL module
 0001:0000f770       ??__E?s_id@?$TObjectUniqueID@UILibraryObjFilter@libmedia@UModSys@@@tl@UModSys@@2USUniquePointer@core@3@A@@YAXXZ 0000000140010770 f    CIL library: CIL module
 0001:0000f7a4       ??__E?s_id@?$TObjectUniqueID@UILibraryObjCache@libmedia@UModSys@@@tl@UModSys@@2USUniquePointer@core@3@A@@YAXXZ 00000001400107a4 f    CIL library: CIL module
 0001:0000f7d8       ??__E?s_id@?$TObjectUniqueID@UILibraryLayered@libmedia@UModSys@@@tl@UModSys@@2USUniquePointer@core@3@A@@YAXXZ 00000001400107d8 f    CIL library: CIL module
 0001:0000f80c       ??__E?s_id@?$TObjectUniqueID@UIBinArchiveFrame@libmedia@UModSys@@@tl@UModSys@@2USUniquePointer@core@3@A@@YAXXZ 000000014001080c f    CIL library: CIL module
 0001:0000f840       ??__E?s_id@?$TObjectUniqueID@UIClient@IBinArchiveFrame@libmedia@UModSys@@@tl@UModSys@@2USUniquePointer@core@3@A@@YAXXZ 0000000140010840 f    CIL library: CIL module
 0001:0000f874       ??__E?s_id@?$TObjectUniqueID@URBinArchiveFrame@stdlib@media@modules@UModSys@@@tl@UModSys@@2USUniquePointer@core@3@A@@YAXXZ 0000000140010874 f    CIL library: CIL module
 0001:0000f8a8       ??__E?s_id@?$TObjectUniqueID@URLibraryBinCache@stdlib@media@modules@UModSys@@@tl@UModSys@@2USUniquePointer@core@3@A@@YAXXZ 00000001400108a8 f    CIL library: CIL module
 0001:0000f8dc       ??__E?s_id@?$TObjectUniqueID@URLibraryBinTree@stdlib@media@modules@UModSys@@@tl@UModSys@@2USUniquePointer@core@3@A@@YAXXZ 00000001400108dc f    CIL library: CIL module
 0001:0000f910       ??__E?s_id@?$TObjectUniqueID@URLibraryLayered@stdlib@media@modules@UModSys@@@tl@UModSys@@2USUniquePointer@core@3@A@@YAXXZ 0000000140010910 f    CIL library: CIL module
 0001:0000f944       ??__E?s_id@?$TObjectUniqueID@URLibraryObjCache@stdlib@media@modules@UModSys@@@tl@UModSys@@2USUniquePointer@core@3@A@@YAXXZ 0000000140010944 f    CIL library: CIL module
 0001:0000f978       ??__E?s_id@?$TObjectUniqueID@URLibraryObjFilter@stdlib@media@modules@UModSys@@@tl@UModSys@@2USUniquePointer@core@3@A@@YAXXZ 0000000140010978 f    CIL library: CIL module
 0001:0000f9ac       ??__E?s_id@?$TObjectUniqueID@URGenerator@stdlib@media@modules@UModSys@@@tl@UModSys@@2USUniquePointer@core@3@A@@YAXXZ 00000001400109ac f    CIL library: CIL module
 0001:0000f9e0       ??__E?s_console@RConsole_std@rsystem@base@UModSys@@2U1234@A@@YAXXZ 00000001400109e0 f    CIL library: CIL module
 0001:0000f9ec       ??__E?s_sys@RSystem@rsystem@base@UModSys@@2U1234@A@@YAXXZ 00000001400109ec f    CIL library: CIL module
 0001:0000f9f8       ??__Ersys_dbg@rsystem@base@UModSys@@YAXXZ 00000001400109f8 f    CIL library: CIL module
 0001:0000fa04       ??__EM@UModSys@@YAXXZ      0000000140010a04 f    CIL library: CIL module
 0001:0000fa10       ??__E?root@SModuleRegChain@base@UModSys@@2U123@A@@YAXXZ 0000000140010a10 f    CIL library: CIL module
 0001:0000fa1c       ??__E?s_library@RModuleLibraryReg_Chain@base@UModSys@@2U123@A@@YAXXZ 0000000140010a1c f    CIL library: CIL module
 0001:0000fa28       ??__E?root@SUniquePointer@core@UModSys@@2U123@A@@YAXXZ 0000000140010a28 f    CIL library: CIL module
 0001:0000fa34       ??__F?s_id@?$TObjectUniqueID@URConsole_std@rsystem@base@UModSys@@@tl@UModSys@@2USUniquePointer@core@3@A@@YAXXZ 0000000140010a34 f    CIL library: CIL module
 0001:0000fa40       ??__F?s_id@?$TObjectUniqueID@URSystem@rsystem@base@UModSys@@@tl@UModSys@@2USUniquePointer@core@3@A@@YAXXZ 0000000140010a40 f    CIL library: CIL module
 0001:0000fa4c       ??__F?s_id@?$TObjectUniqueID@URParameters@rsystem@base@UModSys@@@tl@UModSys@@2USUniquePointer@core@3@A@@YAXXZ 0000000140010a4c f    CIL library: CIL module
 0001:0000fa58       ??__F?s_id@?$TObjectUniqueID@URModuleLibraryThis@rsystem@base@UModSys@@@tl@UModSys@@2USUniquePointer@core@3@A@@YAXXZ 0000000140010a58 f    CIL library: CIL module
 0001:0000fa64       ??__F?s_id@?$TObjectUniqueID@URModuleLibrarySO@rsystem@base@UModSys@@@tl@UModSys@@2USUniquePointer@core@3@A@@YAXXZ 0000000140010a64 f    CIL library: CIL module
 0001:0000fa70       ??__F?s_id@?$TObjectUniqueID@UIModuleLibraryUni@rsystem@base@UModSys@@@tl@UModSys@@2USUniquePointer@core@3@A@@YAXXZ 0000000140010a70 f    CIL library: CIL module
 0001:0000fa7c       ??__F?s_id@?$TObjectUniqueID@URModule@rsystem@base@UModSys@@@tl@UModSys@@2USUniquePointer@core@3@A@@YAXXZ 0000000140010a7c f    CIL library: CIL module
 0001:0000fa88       ??__F?s_id@?$TObjectUniqueID@UISystem@base@UModSys@@@tl@UModSys@@2USUniquePointer@core@3@A@@YAXXZ 0000000140010a88 f    CIL library: CIL module
 0001:0000fa94       ??__F?s_id@?$TObjectUniqueID@UIConsole@base@UModSys@@@tl@UModSys@@2USUniquePointer@core@3@A@@YAXXZ 0000000140010a94 f    CIL library: CIL module
 0001:0000faa0       ??__F?s_id@?$TObjectUniqueID@UIShell@base@UModSys@@@tl@UModSys@@2USUniquePointer@core@3@A@@YAXXZ 0000000140010aa0 f    CIL library: CIL module
 0001:0000faac       ??__F?s_id@?$TObjectUniqueID@UIGenerator@base@UModSys@@@tl@UModSys@@2USUniquePointer@core@3@A@@YAXXZ 0000000140010aac f    CIL library: CIL module
 0001:0000fab8       ??__F?s_id@?$TObjectUniqueID@UIModObject@base@UModSys@@@tl@UModSys@@2USUniquePointer@core@3@A@@YAXXZ 0000000140010ab8 f    CIL library: CIL module
 0001:0000fac4       ??__F?s_id@?$TObjectUniqueID@UIModuleLibrary@base@UModSys@@@tl@UModSys@@2USUniquePointer@core@3@A@@YAXXZ 0000000140010ac4 f    CIL library: CIL module
 0001:0000fad0       ??__F?s_id@?$TObjectUniqueID@UIModule@base@UModSys@@@tl@UModSys@@2USUniquePointer@core@3@A@@YAXXZ 0000000140010ad0 f    CIL library: CIL module
 0001:0000fadc       ??__F?s_id@?$TObjectUniqueID@UIParameters@core@UModSys@@@tl@UModSys@@2USUniquePointer@core@3@A@@YAXXZ 0000000140010adc f    CIL library: CIL module
 0001:0000fae8       ??__F?s_id@?$TObjectUniqueID@UIRefObject@core@UModSys@@@tl@UModSys@@2USUniquePointer@core@3@A@@YAXXZ 0000000140010ae8 f    CIL library: CIL module
 0001:0000faf4       ??__F?s_id@?$TObjectUniqueID@UIRoot@core@UModSys@@@tl@UModSys@@2USUniquePointer@core@3@A@@YAXXZ 0000000140010af4 f    CIL library: CIL module
 0001:0000fb00       ??__F?s_modreg@RModuleReg@stdio@media@modules@UModSys@@2U12345@A@@YAXXZ 0000000140010b00 f    CIL library: CIL module
 0001:0000fb10       ??__F?s_modreg_chain@RModuleReg@stdio@media@modules@UModSys@@2USModuleRegChain@base@5@A@@YAXXZ 0000000140010b10 f    CIL library: CIL module
 0001:0000fb50       ??__F?s_uid@RGenerator@stdio@media@modules@UModSys@@2USUniquePointer@core@5@A@@YAXXZ 0000000140010b50 f    CIL library: CIL module
 0001:0000fb5c       ??__Fh@?1??s_holder@RGenerator@stdio@media@modules@UModSys@@SAAEAU?$TTypeStaticHolder@URGenerator@stdio@media@modules@UModSys@@@tl@5@XZ@YAXXZ 0000000140010b5c f    CIL library: CIL module
 0001:0000fb84       ??__F?s_id@?$TObjectUniqueID@URGenerator@stdio@media@modules@UModSys@@@tl@UModSys@@2USUniquePointer@core@3@A@@YAXXZ 0000000140010b84 f    CIL library: CIL module
 0001:0000fb90       ??__F?s_id@?$TObjectUniqueID@URDataArchiver_OsDir@stdio@media@modules@UModSys@@@tl@UModSys@@2USUniquePointer@core@3@A@@YAXXZ 0000000140010b90 f    CIL library: CIL module
 0001:0000fb9c       ??__F?s_id@?$TObjectUniqueID@URStreamWriter_FILE@stdio@media@modules@UModSys@@@tl@UModSys@@2USUniquePointer@core@3@A@@YAXXZ 0000000140010b9c f    CIL library: CIL module
 0001:0000fba8       ??__F?s_id@?$TObjectUniqueID@URStreamReader_FILE@stdio@media@modules@UModSys@@@tl@UModSys@@2USUniquePointer@core@3@A@@YAXXZ 0000000140010ba8 f    CIL library: CIL module
 0001:0000fbb4       ??__F?s_id@?$TObjectUniqueID@UILibrary@libmedia@UModSys@@@tl@UModSys@@2USUniquePointer@core@3@A@@YAXXZ 0000000140010bb4 f    CIL library: CIL module
 0001:0000fbc0       ??__F?s_id@?$TObjectUniqueID@UIBinObjFilter@libmedia@UModSys@@@tl@UModSys@@2USUniquePointer@core@3@A@@YAXXZ 0000000140010bc0 f    CIL library: CIL module
 0001:0000fbcc       ??__F?s_id@?$TObjectUniqueID@UIBinArchive@libmedia@UModSys@@@tl@UModSys@@2USUniquePointer@core@3@A@@YAXXZ 0000000140010bcc f    CIL library: CIL module
 0001:0000fbd8       ??__F?s_id@?$TObjectUniqueID@UIStreamWriter@libmedia@UModSys@@@tl@UModSys@@2USUniquePointer@core@3@A@@YAXXZ 0000000140010bd8 f    CIL library: CIL module
 0001:0000fbe4       ??__F?s_id@?$TObjectUniqueID@UIStreamReader@libmedia@UModSys@@@tl@UModSys@@2USUniquePointer@core@3@A@@YAXXZ 0000000140010be4 f    CIL library: CIL module
 0001:0000fbf0       ??__F?s_modreg@RModuleReg@stdlib@media@modules@UModSys@@2U12345@A@@YAXXZ 0000000140010bf0 f    CIL library: CIL module
 0001:0000fc00       ??__F?s_modreg_chain@RModuleReg@stdlib@media@modules@UModSys@@2USModuleRegChain@base@5@A@@YAXXZ 0000000140010c00 f    CIL library: CIL module
 0001:0000fc40       ??__F?s_uid@RGenerator@stdlib@media@modules@UModSys@@2USUniquePointer@core@5@A@@YAXXZ 0000000140010c40 f    CIL library: CIL module
 0001:0000fc4c       ??__Fh@?1??s_holder@RGenerator@stdlib@media@modules@UModSys@@SAAEAU?$TTypeStaticHolder@URGenerator@stdlib@media@modules@UModSys@@@tl@5@XZ@YAXXZ 0000000140010c4c f    CIL library: CIL module
 0001:0000fc74       ??__F?s_id@?$TObjectUniqueID@URGenerator@stdlib@media@modules@UModSys@@@tl@UModSys@@2USUniquePointer@core@3@A@@YAXXZ 0000000140010c74 f    CIL library: CIL module
 0001:0000fc80       ??__F?s_id@?$TObjectUniqueID@URLibraryObjFilter@stdlib@media@modules@UModSys@@@tl@UModSys@@2USUniquePointer@core@3@A@@YAXXZ 0000000140010c80 f    CIL library: CIL module
 0001:0000fc8c       ??__F?s_id@?$TObjectUniqueID@URLibraryObjCache@stdlib@media@modules@UModSys@@@tl@UModSys@@2USUniquePointer@core@3@A@@YAXXZ 0000000140010c8c f    CIL library: CIL module
 0001:0000fc98       ??__F?s_id@?$TObjectUniqueID@URLibraryLayered@stdlib@media@modules@UModSys@@@tl@UModSys@@2USUniquePointer@core@3@A@@YAXXZ 0000000140010c98 f    CIL library: CIL module
 0001:0000fca4       ??__F?s_id@?$TObjectUniqueID@URLibraryBinTree@stdlib@media@modules@UModSys@@@tl@UModSys@@2USUniquePointer@core@3@A@@YAXXZ 0000000140010ca4 f    CIL library: CIL module
 0001:0000fcb0       ??__F?s_id@?$TObjectUniqueID@URLibraryBinCache@stdlib@media@modules@UModSys@@@tl@UModSys@@2USUniquePointer@core@3@A@@YAXXZ 0000000140010cb0 f    CIL library: CIL module
 0001:0000fcbc       ??__F?s_id@?$TObjectUniqueID@URBinArchiveFrame@stdlib@media@modules@UModSys@@@tl@UModSys@@2USUniquePointer@core@3@A@@YAXXZ 0000000140010cbc f    CIL library: CIL module
 0001:0000fcc8       ??__F?s_id@?$TObjectUniqueID@UIClient@IBinArchiveFrame@libmedia@UModSys@@@tl@UModSys@@2USUniquePointer@core@3@A@@YAXXZ 0000000140010cc8 f    CIL library: CIL module
 0001:0000fcd4       ??__F?s_id@?$TObjectUniqueID@UIBinArchiveFrame@libmedia@UModSys@@@tl@UModSys@@2USUniquePointer@core@3@A@@YAXXZ 0000000140010cd4 f    CIL library: CIL module
 0001:0000fce0       ??__F?s_id@?$TObjectUniqueID@UILibraryLayered@libmedia@UModSys@@@tl@UModSys@@2USUniquePointer@core@3@A@@YAXXZ 0000000140010ce0 f    CIL library: CIL module
 0001:0000fcec       ??__F?s_id@?$TObjectUniqueID@UILibraryObjCache@libmedia@UModSys@@@tl@UModSys@@2USUniquePointer@core@3@A@@YAXXZ 0000000140010cec f    CIL library: CIL module
 0001:0000fcf8       ??__F?s_id@?$TObjectUniqueID@UILibraryObjFilter@libmedia@UModSys@@@tl@UModSys@@2USUniquePointer@core@3@A@@YAXXZ 0000000140010cf8 f    CIL library: CIL module
 0001:0000fd04       ??__F?s_id@?$TObjectUniqueID@UILibraryBinCache@libmedia@UModSys@@@tl@UModSys@@2USUniquePointer@core@3@A@@YAXXZ 0000000140010d04 f    CIL library: CIL module
 0001:0000fd10       ??__F?s_id@?$TObjectUniqueID@UILibraryBinTree@libmedia@UModSys@@@tl@UModSys@@2USUniquePointer@core@3@A@@YAXXZ 0000000140010d10 f    CIL library: CIL module
 0001:0000fd1c       ??__F?s_console@RConsole_std@rsystem@base@UModSys@@2U1234@A@@YAXXZ 0000000140010d1c f    CIL library: CIL module
 0001:0000fd5c       ??__F?s_sys@RSystem@rsystem@base@UModSys@@2U1234@A@@YAXXZ 0000000140010d5c f    CIL library: CIL module
 0001:0000fd68       ??__Frsys_dbg@rsystem@base@UModSys@@YAXXZ 0000000140010d68 f    CIL library: CIL module
 0001:0000fd8c       ??__FM@UModSys@@YAXXZ      0000000140010d8c f    CIL library: CIL module
 0001:0000fd90       ??__F?root@SModuleRegChain@base@UModSys@@2U123@A@@YAXXZ 0000000140010d90 f    CIL library: CIL module
 0001:0000fdd0       ??__F?s_library@RModuleLibraryReg_Chain@base@UModSys@@2U123@A@@YAXXZ 0000000140010dd0 f    CIL library: CIL module
 0001:0000fde0       ??__F?root@SUniquePointer@core@UModSys@@2U123@A@@YAXXZ 0000000140010de0 f    CIL library: CIL module

 Exports

  ordinal    name

        1    UModSys_Plugin_Entry2
